============================================================
 Job        : hng_az_ang_l2
 Job ID     : 14266
 Node       : hopper002
 CPUs       : 16
 Start      : Sat Mar 14 01:57:01 PM MDT 2026
============================================================

[ENV] Python     : /work/srnowmi/envs/quid_env/bin/python
[ENV] Python ver : Python 3.11.14
[ENV] Working dir: /home/srnowmi/work/huang-backdoor/AZ/angle/layer2
[ENV] CUDA avail : True
[ENV] GPU        : NVIDIA H100 80GB HBM3 MIG 1g.10gb
[ENV] PennyLane  : 0.38.0

[Data] Checking AZ_23 files in /home/srnowmi/work/huang-backdoor/AZ/AZ_23 ...
       FOUND    AZ-Class-Task_23_families_train.npz
       FOUND    AZ-Class-Task_23_families_test.npz

[RUN] Starting at Sat Mar 14 01:57:28 PM MDT 2026

[Config] Main device : cuda
[Config] CPU threads : 16
[Config] N_LAYERS    : 2
[Config] N_CLASSES   : 23
[Config] TARGET_CLASS: 6 (7th class, 0-indexed)
====================================================================
 Huang & Zhang (2023) Backdoor — AZ-23 Angle QMLP
 Qubits=9  Layers=2  Classes=23
 Target class=6 (7th class, 0-indexed)
 eps=0.2  (c,sigma)=(1.0,2.0)
 Poison ratios : [0.1, 0.3, 0.5]
 Runs/ratio    : 1   CPU threads: 16
====================================================================
[Data] Train : (184342, 9)   Test : (20482, 9)
[Data] Classes in train: [0, 1, 2, 3, 4, 5, 6, 7, 8, 9, 10, 11, 12, 13, 14, 15, 16, 17, 18, 19, 20, 21, 22]
[Data] Stratified train: (16100, 9)  (700/class x 23 classes)  Test: (20482, 9)

====================================================================
 PHASE 1 — Proxy model training (clean, seed=42)
====================================================================
[PennyLane] lightning.qubit active
  Epoch  1 | Batch   10 | Acc:   2.34%  Loss: 3.1462
  Epoch  1 | Batch   20 | Acc:   2.97%  Loss: 3.1525
  Epoch  1 | Batch   30 | Acc:   3.80%  Loss: 3.1253
  Epoch  1 | Batch   40 | Acc:   4.02%  Loss: 3.1432
  Epoch  1 | Batch   50 | Acc:   4.06%  Loss: 3.1057
  Epoch  1 | Batch   60 | Acc:   4.24%  Loss: 3.1210
  Epoch  1 | Batch   70 | Acc:   4.42%  Loss: 3.1038
  Epoch  1 | Batch   80 | Acc:   4.80%  Loss: 3.1004
  Epoch  1 | Batch   90 | Acc:   5.16%  Loss: 3.0897
  Epoch  1 | Batch  100 | Acc:   5.39%  Loss: 3.0963
  Epoch  1 | Batch  110 | Acc:   5.44%  Loss: 3.0938
  Epoch  1 | Batch  120 | Acc:   5.68%  Loss: 3.0811
  Epoch  1 | Batch  130 | Acc:   5.99%  Loss: 3.0651
  Epoch  1 | Batch  140 | Acc:   6.16%  Loss: 3.0681
  Epoch  1 | Batch  150 | Acc:   6.32%  Loss: 3.0614
  Epoch  1 | Batch  160 | Acc:   6.56%  Loss: 3.0567
  Epoch  1 | Batch  170 | Acc:   6.73%  Loss: 3.0258
  Epoch  1 | Batch  180 | Acc:   6.86%  Loss: 3.0329
  Epoch  1 | Batch  190 | Acc:   7.12%  Loss: 3.0189
  Epoch  1 | Batch  200 | Acc:   7.43%  Loss: 3.0043
  Epoch  1 | Batch  210 | Acc:   7.57%  Loss: 3.0101
  Epoch  1 | Batch  220 | Acc:   7.76%  Loss: 2.9983
  Epoch  1 | Batch  230 | Acc:   8.02%  Loss: 2.9733
  Epoch  1 | Batch  240 | Acc:   8.23%  Loss: 2.9643
  Epoch  1 | Batch  250 | Acc:   8.41%  Loss: 2.9664
  [Proxy] Epoch  1  tr_loss=3.0630  tr_acc=8.48%  te_loss=2.9720  te_acc=11.63%
  Epoch  2 | Batch   10 | Acc:  12.03%  Loss: 2.9603
  Epoch  2 | Batch   20 | Acc:  13.52%  Loss: 2.9218
  Epoch  2 | Batch   30 | Acc:  14.06%  Loss: 2.9419
  Epoch  2 | Batch   40 | Acc:  14.57%  Loss: 2.9291
  Epoch  2 | Batch   50 | Acc:  14.69%  Loss: 2.9144
  Epoch  2 | Batch   60 | Acc:  15.34%  Loss: 2.9147
  Epoch  2 | Batch   70 | Acc:  15.80%  Loss: 2.9144
  Epoch  2 | Batch   80 | Acc:  16.35%  Loss: 2.8830
  Epoch  2 | Batch   90 | Acc:  17.14%  Loss: 2.8780
  Epoch  2 | Batch  100 | Acc:  17.75%  Loss: 2.8697
  Epoch  2 | Batch  110 | Acc:  18.28%  Loss: 2.8549
  Epoch  2 | Batch  120 | Acc:  18.72%  Loss: 2.8601
  Epoch  2 | Batch  130 | Acc:  19.22%  Loss: 2.8247
  Epoch  2 | Batch  140 | Acc:  19.59%  Loss: 2.8203
  Epoch  2 | Batch  150 | Acc:  20.01%  Loss: 2.8317
  Epoch  2 | Batch  160 | Acc:  20.46%  Loss: 2.7881
  Epoch  2 | Batch  170 | Acc:  20.89%  Loss: 2.7819
  Epoch  2 | Batch  180 | Acc:  21.01%  Loss: 2.7973
  Epoch  2 | Batch  190 | Acc:  21.32%  Loss: 2.7583
  Epoch  2 | Batch  200 | Acc:  21.53%  Loss: 2.7928
  Epoch  2 | Batch  210 | Acc:  21.70%  Loss: 2.7831
  Epoch  2 | Batch  220 | Acc:  21.92%  Loss: 2.7449
  Epoch  2 | Batch  230 | Acc:  21.94%  Loss: 2.8045
  Epoch  2 | Batch  240 | Acc:  22.16%  Loss: 2.7387
  Epoch  2 | Batch  250 | Acc:  22.51%  Loss: 2.7199
  [Proxy] Epoch  2  tr_loss=2.8409  tr_acc=22.50%  te_loss=2.7345  te_acc=26.42%
  Epoch  3 | Batch   10 | Acc:  27.97%  Loss: 2.7179
  Epoch  3 | Batch   20 | Acc:  27.58%  Loss: 2.7216
  Epoch  3 | Batch   30 | Acc:  28.39%  Loss: 2.7113
  Epoch  3 | Batch   40 | Acc:  28.83%  Loss: 2.6955
  Epoch  3 | Batch   50 | Acc:  28.56%  Loss: 2.6712
  Epoch  3 | Batch   60 | Acc:  28.67%  Loss: 2.6852
  Epoch  3 | Batch   70 | Acc:  28.86%  Loss: 2.6589
  Epoch  3 | Batch   80 | Acc:  29.00%  Loss: 2.6305
  Epoch  3 | Batch   90 | Acc:  29.17%  Loss: 2.6235
  Epoch  3 | Batch  100 | Acc:  29.23%  Loss: 2.6251
  Epoch  3 | Batch  110 | Acc:  29.45%  Loss: 2.6206
  Epoch  3 | Batch  120 | Acc:  29.49%  Loss: 2.6093
  Epoch  3 | Batch  130 | Acc:  29.57%  Loss: 2.6300
  Epoch  3 | Batch  140 | Acc:  29.64%  Loss: 2.6211
  Epoch  3 | Batch  150 | Acc:  29.67%  Loss: 2.5905
  Epoch  3 | Batch  160 | Acc:  29.82%  Loss: 2.5915
  Epoch  3 | Batch  170 | Acc:  29.95%  Loss: 2.5900
  Epoch  3 | Batch  180 | Acc:  30.16%  Loss: 2.5649
  Epoch  3 | Batch  190 | Acc:  30.23%  Loss: 2.5873
  Epoch  3 | Batch  200 | Acc:  30.31%  Loss: 2.5723
  Epoch  3 | Batch  210 | Acc:  30.52%  Loss: 2.5572
  Epoch  3 | Batch  220 | Acc:  30.60%  Loss: 2.5691
  Epoch  3 | Batch  230 | Acc:  30.89%  Loss: 2.5168
  Epoch  3 | Batch  240 | Acc:  31.00%  Loss: 2.5387
  Epoch  3 | Batch  250 | Acc:  31.16%  Loss: 2.5037
  [Proxy] Epoch  3  tr_loss=2.6149  tr_acc=31.20%  te_loss=2.5244  te_acc=33.49%
  Epoch  4 | Batch   10 | Acc:  35.47%  Loss: 2.5112
  Epoch  4 | Batch   20 | Acc:  34.69%  Loss: 2.5174
  Epoch  4 | Batch   30 | Acc:  36.15%  Loss: 2.4842
  Epoch  4 | Batch   40 | Acc:  35.47%  Loss: 2.5057
  Epoch  4 | Batch   50 | Acc:  35.09%  Loss: 2.5260
  Epoch  4 | Batch   60 | Acc:  35.31%  Loss: 2.4664
  Epoch  4 | Batch   70 | Acc:  35.69%  Loss: 2.4762
  Epoch  4 | Batch   80 | Acc:  35.82%  Loss: 2.4703
  Epoch  4 | Batch   90 | Acc:  35.99%  Loss: 2.4288
  Epoch  4 | Batch  100 | Acc:  35.73%  Loss: 2.4260
  Epoch  4 | Batch  110 | Acc:  35.71%  Loss: 2.4310
  Epoch  4 | Batch  120 | Acc:  35.79%  Loss: 2.4585
  Epoch  4 | Batch  130 | Acc:  35.95%  Loss: 2.4177
  Epoch  4 | Batch  140 | Acc:  35.99%  Loss: 2.4084
  Epoch  4 | Batch  150 | Acc:  35.86%  Loss: 2.4421
  Epoch  4 | Batch  160 | Acc:  36.11%  Loss: 2.4038
  Epoch  4 | Batch  170 | Acc:  36.22%  Loss: 2.4122
  Epoch  4 | Batch  180 | Acc:  36.28%  Loss: 2.4004
  Epoch  4 | Batch  190 | Acc:  36.47%  Loss: 2.3449
  Epoch  4 | Batch  200 | Acc:  36.51%  Loss: 2.3867
  Epoch  4 | Batch  210 | Acc:  36.54%  Loss: 2.3391
  Epoch  4 | Batch  220 | Acc:  36.53%  Loss: 2.3760
  Epoch  4 | Batch  230 | Acc:  36.42%  Loss: 2.3744
  Epoch  4 | Batch  240 | Acc:  36.26%  Loss: 2.3686
  Epoch  4 | Batch  250 | Acc:  36.26%  Loss: 2.3553
  [Proxy] Epoch  4  tr_loss=2.4285  tr_acc=36.25%  te_loss=2.3581  te_acc=36.51%
  Epoch  5 | Batch   10 | Acc:  35.94%  Loss: 2.3541
  Epoch  5 | Batch   20 | Acc:  35.08%  Loss: 2.3728
  Epoch  5 | Batch   30 | Acc:  35.26%  Loss: 2.3811
  Epoch  5 | Batch   40 | Acc:  36.52%  Loss: 2.2979
  Epoch  5 | Batch   50 | Acc:  37.03%  Loss: 2.3311
  Epoch  5 | Batch   60 | Acc:  36.59%  Loss: 2.3984
  Epoch  5 | Batch   70 | Acc:  36.94%  Loss: 2.2576
  Epoch  5 | Batch   80 | Acc:  36.95%  Loss: 2.3282
  Epoch  5 | Batch   90 | Acc:  36.94%  Loss: 2.3454
  Epoch  5 | Batch  100 | Acc:  36.94%  Loss: 2.3266
  Epoch  5 | Batch  110 | Acc:  37.09%  Loss: 2.2632
  Epoch  5 | Batch  120 | Acc:  37.15%  Loss: 2.2983
  Epoch  5 | Batch  130 | Acc:  37.33%  Loss: 2.2536
  Epoch  5 | Batch  140 | Acc:  37.40%  Loss: 2.2554
  Epoch  5 | Batch  150 | Acc:  37.50%  Loss: 2.2540
  Epoch  5 | Batch  160 | Acc:  37.60%  Loss: 2.2494
  Epoch  5 | Batch  170 | Acc:  37.75%  Loss: 2.2629
  Epoch  5 | Batch  180 | Acc:  37.64%  Loss: 2.2833
  Epoch  5 | Batch  190 | Acc:  37.67%  Loss: 2.2899
  Epoch  5 | Batch  200 | Acc:  37.73%  Loss: 2.2297
  Epoch  5 | Batch  210 | Acc:  37.83%  Loss: 2.2316
  Epoch  5 | Batch  220 | Acc:  37.93%  Loss: 2.2085
  Epoch  5 | Batch  230 | Acc:  37.95%  Loss: 2.2221
  Epoch  5 | Batch  240 | Acc:  37.96%  Loss: 2.2649
  Epoch  5 | Batch  250 | Acc:  38.06%  Loss: 2.2314
  [Proxy] Epoch  5  tr_loss=2.2862  tr_acc=38.06%  te_loss=2.2337  te_acc=38.38%
  Epoch  6 | Batch   10 | Acc:  34.84%  Loss: 2.2770
  Epoch  6 | Batch   20 | Acc:  36.25%  Loss: 2.2535
  Epoch  6 | Batch   30 | Acc:  38.02%  Loss: 2.1853
  Epoch  6 | Batch   40 | Acc:  38.63%  Loss: 2.1992
  Epoch  6 | Batch   50 | Acc:  38.94%  Loss: 2.1708
  Epoch  6 | Batch   60 | Acc:  39.45%  Loss: 2.1614
  Epoch  6 | Batch   70 | Acc:  39.82%  Loss: 2.2295
  Epoch  6 | Batch   80 | Acc:  39.73%  Loss: 2.1526
  Epoch  6 | Batch   90 | Acc:  39.51%  Loss: 2.2230
  Epoch  6 | Batch  100 | Acc:  39.55%  Loss: 2.1956
  Epoch  6 | Batch  110 | Acc:  39.60%  Loss: 2.1802
  Epoch  6 | Batch  120 | Acc:  39.52%  Loss: 2.2023
  Epoch  6 | Batch  130 | Acc:  39.44%  Loss: 2.2397
  Epoch  6 | Batch  140 | Acc:  39.61%  Loss: 2.1452
  Epoch  6 | Batch  150 | Acc:  39.78%  Loss: 2.1252
  Epoch  6 | Batch  160 | Acc:  39.70%  Loss: 2.1567
  Epoch  6 | Batch  170 | Acc:  39.72%  Loss: 2.2035
  Epoch  6 | Batch  180 | Acc:  39.90%  Loss: 2.1253
  Epoch  6 | Batch  190 | Acc:  39.98%  Loss: 2.1819
  Epoch  6 | Batch  200 | Acc:  39.92%  Loss: 2.1699
  Epoch  6 | Batch  210 | Acc:  39.91%  Loss: 2.1498
  Epoch  6 | Batch  220 | Acc:  39.98%  Loss: 2.1624
  Epoch  6 | Batch  230 | Acc:  40.12%  Loss: 2.1787
  Epoch  6 | Batch  240 | Acc:  40.16%  Loss: 2.1533
  Epoch  6 | Batch  250 | Acc:  40.21%  Loss: 2.0742
  [Proxy] Epoch  6  tr_loss=2.1801  tr_acc=40.22%  te_loss=2.1425  te_acc=40.16%
  Epoch  7 | Batch   10 | Acc:  41.88%  Loss: 2.1067
  Epoch  7 | Batch   20 | Acc:  43.91%  Loss: 2.1089
  Epoch  7 | Batch   30 | Acc:  42.76%  Loss: 2.1133
  Epoch  7 | Batch   40 | Acc:  41.56%  Loss: 2.2004
  Epoch  7 | Batch   50 | Acc:  41.62%  Loss: 2.0917
  Epoch  7 | Batch   60 | Acc:  41.35%  Loss: 2.1491
  Epoch  7 | Batch   70 | Acc:  41.56%  Loss: 2.0936
  Epoch  7 | Batch   80 | Acc:  41.89%  Loss: 2.0587
  Epoch  7 | Batch   90 | Acc:  41.68%  Loss: 2.1718
  Epoch  7 | Batch  100 | Acc:  41.55%  Loss: 2.1278
  Epoch  7 | Batch  110 | Acc:  41.55%  Loss: 2.0894
  Epoch  7 | Batch  120 | Acc:  41.84%  Loss: 2.0507
  Epoch  7 | Batch  130 | Acc:  42.14%  Loss: 2.0126
  Epoch  7 | Batch  140 | Acc:  41.92%  Loss: 2.1325
  Epoch  7 | Batch  150 | Acc:  41.78%  Loss: 2.1217
  Epoch  7 | Batch  160 | Acc:  41.72%  Loss: 2.1134
  Epoch  7 | Batch  170 | Acc:  41.56%  Loss: 2.1419
  Epoch  7 | Batch  180 | Acc:  41.55%  Loss: 2.0723
  Epoch  7 | Batch  190 | Acc:  41.57%  Loss: 2.0950
  Epoch  7 | Batch  200 | Acc:  41.59%  Loss: 2.0602
  Epoch  7 | Batch  210 | Acc:  41.61%  Loss: 2.0854
  Epoch  7 | Batch  220 | Acc:  41.67%  Loss: 2.0687
  Epoch  7 | Batch  230 | Acc:  41.79%  Loss: 2.0388
  Epoch  7 | Batch  240 | Acc:  41.80%  Loss: 2.0821
  Epoch  7 | Batch  250 | Acc:  41.92%  Loss: 2.0530
  [Proxy] Epoch  7  tr_loss=2.0980  tr_acc=41.92%  te_loss=2.0692  te_acc=41.51%
  Epoch  8 | Batch   10 | Acc:  42.81%  Loss: 2.0373
  Epoch  8 | Batch   20 | Acc:  44.53%  Loss: 2.0034
  Epoch  8 | Batch   30 | Acc:  43.91%  Loss: 2.0502
  Epoch  8 | Batch   40 | Acc:  43.16%  Loss: 2.0808
  Epoch  8 | Batch   50 | Acc:  42.28%  Loss: 2.0695
  Epoch  8 | Batch   60 | Acc:  42.37%  Loss: 2.0489
  Epoch  8 | Batch   70 | Acc:  42.95%  Loss: 1.9927
  Epoch  8 | Batch   80 | Acc:  42.71%  Loss: 2.0694
  Epoch  8 | Batch   90 | Acc:  42.64%  Loss: 2.0243
  Epoch  8 | Batch  100 | Acc:  42.83%  Loss: 2.0654
  Epoch  8 | Batch  110 | Acc:  43.01%  Loss: 1.9814
  Epoch  8 | Batch  120 | Acc:  42.98%  Loss: 2.0955
  Epoch  8 | Batch  130 | Acc:  43.06%  Loss: 2.0510
  Epoch  8 | Batch  140 | Acc:  43.14%  Loss: 2.0037
  Epoch  8 | Batch  150 | Acc:  43.25%  Loss: 2.0560
  Epoch  8 | Batch  160 | Acc:  43.44%  Loss: 1.9849
  Epoch  8 | Batch  170 | Acc:  43.38%  Loss: 2.0457
  Epoch  8 | Batch  180 | Acc:  43.35%  Loss: 2.0117
  Epoch  8 | Batch  190 | Acc:  43.17%  Loss: 2.0666
  Epoch  8 | Batch  200 | Acc:  43.14%  Loss: 2.0131
  Epoch  8 | Batch  210 | Acc:  43.17%  Loss: 2.0481
  Epoch  8 | Batch  220 | Acc:  43.09%  Loss: 2.0338
  Epoch  8 | Batch  230 | Acc:  43.09%  Loss: 2.0013
  Epoch  8 | Batch  240 | Acc:  42.91%  Loss: 2.0425
  Epoch  8 | Batch  250 | Acc:  42.95%  Loss: 1.9679
  [Proxy] Epoch  8  tr_loss=2.0327  tr_acc=42.95%  te_loss=2.0119  te_acc=42.35%
  Epoch  9 | Batch   10 | Acc:  41.56%  Loss: 2.0057
  Epoch  9 | Batch   20 | Acc:  42.89%  Loss: 1.9824
  Epoch  9 | Batch   30 | Acc:  42.24%  Loss: 2.0409
  Epoch  9 | Batch   40 | Acc:  42.42%  Loss: 1.9898
  Epoch  9 | Batch   50 | Acc:  42.59%  Loss: 1.9390
  Epoch  9 | Batch   60 | Acc:  42.47%  Loss: 2.0484
  Epoch  9 | Batch   70 | Acc:  42.88%  Loss: 1.9742
  Epoch  9 | Batch   80 | Acc:  43.55%  Loss: 1.9530
  Epoch  9 | Batch   90 | Acc:  43.14%  Loss: 2.1057
  Epoch  9 | Batch  100 | Acc:  43.14%  Loss: 1.9632
  Epoch  9 | Batch  110 | Acc:  43.28%  Loss: 2.0160
  Epoch  9 | Batch  120 | Acc:  43.44%  Loss: 1.9474
  Epoch  9 | Batch  130 | Acc:  43.61%  Loss: 1.9267
  Epoch  9 | Batch  140 | Acc:  43.36%  Loss: 2.0395
  Epoch  9 | Batch  150 | Acc:  43.26%  Loss: 2.0143
  Epoch  9 | Batch  160 | Acc:  43.13%  Loss: 2.0001
  Epoch  9 | Batch  170 | Acc:  43.35%  Loss: 1.9497
  Epoch  9 | Batch  180 | Acc:  43.49%  Loss: 1.9548
  Epoch  9 | Batch  190 | Acc:  43.51%  Loss: 1.9879
  Epoch  9 | Batch  200 | Acc:  43.74%  Loss: 1.9454
  Epoch  9 | Batch  210 | Acc:  43.83%  Loss: 1.9014
  Epoch  9 | Batch  220 | Acc:  43.80%  Loss: 1.9761
  Epoch  9 | Batch  230 | Acc:  43.89%  Loss: 1.9548
  Epoch  9 | Batch  240 | Acc:  43.91%  Loss: 1.9667
  Epoch  9 | Batch  250 | Acc:  43.88%  Loss: 1.9480
  [Proxy] Epoch  9  tr_loss=1.9819  tr_acc=43.84%  te_loss=1.9662  te_acc=42.65%
  Epoch 10 | Batch   10 | Acc:  43.12%  Loss: 1.9084
  Epoch 10 | Batch   20 | Acc:  43.59%  Loss: 1.9986
  Epoch 10 | Batch   30 | Acc:  43.70%  Loss: 2.0137
  Epoch 10 | Batch   40 | Acc:  43.67%  Loss: 1.9953
  Epoch 10 | Batch   50 | Acc:  43.59%  Loss: 1.9992
  Epoch 10 | Batch   60 | Acc:  43.23%  Loss: 1.9383
  Epoch 10 | Batch   70 | Acc:  43.50%  Loss: 1.9371
  Epoch 10 | Batch   80 | Acc:  43.89%  Loss: 1.9260
  Epoch 10 | Batch   90 | Acc:  44.18%  Loss: 1.8648
  Epoch 10 | Batch  100 | Acc:  44.34%  Loss: 1.9428
  Epoch 10 | Batch  110 | Acc:  44.45%  Loss: 1.9112
  Epoch 10 | Batch  120 | Acc:  44.41%  Loss: 1.9670
  Epoch 10 | Batch  130 | Acc:  44.38%  Loss: 1.9314
  Epoch 10 | Batch  140 | Acc:  44.26%  Loss: 1.9648
  Epoch 10 | Batch  150 | Acc:  44.26%  Loss: 1.9137
  Epoch 10 | Batch  160 | Acc:  44.23%  Loss: 1.9100
  Epoch 10 | Batch  170 | Acc:  44.03%  Loss: 2.0103
  Epoch 10 | Batch  180 | Acc:  44.17%  Loss: 1.9678
  Epoch 10 | Batch  190 | Acc:  44.20%  Loss: 1.8869
  Epoch 10 | Batch  200 | Acc:  44.27%  Loss: 1.9511
  Epoch 10 | Batch  210 | Acc:  44.26%  Loss: 1.8898
  Epoch 10 | Batch  220 | Acc:  44.31%  Loss: 1.9215
  Epoch 10 | Batch  230 | Acc:  44.26%  Loss: 1.9646
  Epoch 10 | Batch  240 | Acc:  44.26%  Loss: 1.9193
  Epoch 10 | Batch  250 | Acc:  44.31%  Loss: 1.8730
  [Proxy] Epoch 10  tr_loss=1.9409  tr_acc=44.29%  te_loss=1.9302  te_acc=43.31%
  Epoch 11 | Batch   10 | Acc:  47.97%  Loss: 1.8886
  Epoch 11 | Batch   20 | Acc:  45.94%  Loss: 1.8958
  Epoch 11 | Batch   30 | Acc:  45.05%  Loss: 1.9135
  Epoch 11 | Batch   40 | Acc:  45.27%  Loss: 1.8929
  Epoch 11 | Batch   50 | Acc:  45.69%  Loss: 1.8692
  Epoch 11 | Batch   60 | Acc:  45.31%  Loss: 1.9326
  Epoch 11 | Batch   70 | Acc:  45.16%  Loss: 1.9331
  Epoch 11 | Batch   80 | Acc:  44.90%  Loss: 1.9174
  Epoch 11 | Batch   90 | Acc:  44.95%  Loss: 1.8532
  Epoch 11 | Batch  100 | Acc:  44.95%  Loss: 1.9325
  Epoch 11 | Batch  110 | Acc:  44.90%  Loss: 1.8981
  Epoch 11 | Batch  120 | Acc:  44.99%  Loss: 1.8905
  Epoch 11 | Batch  130 | Acc:  45.08%  Loss: 1.9307
  Epoch 11 | Batch  140 | Acc:  45.18%  Loss: 1.9095
  Epoch 11 | Batch  150 | Acc:  45.22%  Loss: 1.9519
  Epoch 11 | Batch  160 | Acc:  45.27%  Loss: 1.9316
  Epoch 11 | Batch  170 | Acc:  45.41%  Loss: 1.8669
  Epoch 11 | Batch  180 | Acc:  45.16%  Loss: 1.9626
  Epoch 11 | Batch  190 | Acc:  45.02%  Loss: 1.9185
  Epoch 11 | Batch  200 | Acc:  44.92%  Loss: 1.8930
  Epoch 11 | Batch  210 | Acc:  44.91%  Loss: 1.9010
  Epoch 11 | Batch  220 | Acc:  44.89%  Loss: 1.9110
  Epoch 11 | Batch  230 | Acc:  44.97%  Loss: 1.8810
  Epoch 11 | Batch  240 | Acc:  44.92%  Loss: 1.9211
  Epoch 11 | Batch  250 | Acc:  44.98%  Loss: 1.8851
  [Proxy] Epoch 11  tr_loss=1.9065  tr_acc=44.99%  te_loss=1.9001  te_acc=43.87%
  Epoch 12 | Batch   10 | Acc:  45.47%  Loss: 1.9046
  Epoch 12 | Batch   20 | Acc:  45.31%  Loss: 1.8393
  Epoch 12 | Batch   30 | Acc:  44.95%  Loss: 1.8983
  Epoch 12 | Batch   40 | Acc:  45.39%  Loss: 1.8441
  Epoch 12 | Batch   50 | Acc:  45.53%  Loss: 1.8885
  Epoch 12 | Batch   60 | Acc:  45.39%  Loss: 1.8807
  Epoch 12 | Batch   70 | Acc:  44.87%  Loss: 1.9433
  Epoch 12 | Batch   80 | Acc:  45.37%  Loss: 1.8534
  Epoch 12 | Batch   90 | Acc:  45.33%  Loss: 1.8794
  Epoch 12 | Batch  100 | Acc:  45.45%  Loss: 1.8859
  Epoch 12 | Batch  110 | Acc:  45.53%  Loss: 1.8627
  Epoch 12 | Batch  120 | Acc:  45.61%  Loss: 1.8683
  Epoch 12 | Batch  130 | Acc:  45.49%  Loss: 1.9083
  Epoch 12 | Batch  140 | Acc:  45.44%  Loss: 1.8731
  Epoch 12 | Batch  150 | Acc:  45.33%  Loss: 1.8880
  Epoch 12 | Batch  160 | Acc:  45.50%  Loss: 1.8187
  Epoch 12 | Batch  170 | Acc:  45.52%  Loss: 1.8932
  Epoch 12 | Batch  180 | Acc:  45.54%  Loss: 1.8894
  Epoch 12 | Batch  190 | Acc:  45.59%  Loss: 1.8736
  Epoch 12 | Batch  200 | Acc:  45.47%  Loss: 1.9261
  Epoch 12 | Batch  210 | Acc:  45.45%  Loss: 1.9000
  Epoch 12 | Batch  220 | Acc:  45.31%  Loss: 1.9069
  Epoch 12 | Batch  230 | Acc:  45.28%  Loss: 1.9084
  Epoch 12 | Batch  240 | Acc:  45.36%  Loss: 1.8362
  Epoch 12 | Batch  250 | Acc:  45.46%  Loss: 1.8012
  [Proxy] Epoch 12  tr_loss=1.8788  tr_acc=45.45%  te_loss=1.8742  te_acc=44.31%
  Epoch 13 | Batch   10 | Acc:  46.88%  Loss: 1.8510
  Epoch 13 | Batch   20 | Acc:  47.66%  Loss: 1.8033
  Epoch 13 | Batch   30 | Acc:  47.24%  Loss: 1.8585
  Epoch 13 | Batch   40 | Acc:  46.84%  Loss: 1.8477
  Epoch 13 | Batch   50 | Acc:  47.34%  Loss: 1.7766
  Epoch 13 | Batch   60 | Acc:  46.54%  Loss: 1.9409
  Epoch 13 | Batch   70 | Acc:  46.41%  Loss: 1.8888
  Epoch 13 | Batch   80 | Acc:  46.50%  Loss: 1.8541
  Epoch 13 | Batch   90 | Acc:  46.72%  Loss: 1.8338
  Epoch 13 | Batch  100 | Acc:  46.81%  Loss: 1.8269
  Epoch 13 | Batch  110 | Acc:  46.97%  Loss: 1.7905
  Epoch 13 | Batch  120 | Acc:  47.01%  Loss: 1.8273
  Epoch 13 | Batch  130 | Acc:  46.65%  Loss: 1.9360
  Epoch 13 | Batch  140 | Acc:  46.35%  Loss: 1.8987
  Epoch 13 | Batch  150 | Acc:  46.42%  Loss: 1.8324
  Epoch 13 | Batch  160 | Acc:  46.38%  Loss: 1.8902
  Epoch 13 | Batch  170 | Acc:  46.35%  Loss: 1.9254
  Epoch 13 | Batch  180 | Acc:  46.30%  Loss: 1.8998
  Epoch 13 | Batch  190 | Acc:  46.38%  Loss: 1.8195
  Epoch 13 | Batch  200 | Acc:  46.24%  Loss: 1.8166
  Epoch 13 | Batch  210 | Acc:  46.26%  Loss: 1.8159
  Epoch 13 | Batch  220 | Acc:  46.25%  Loss: 1.8394
  Epoch 13 | Batch  230 | Acc:  46.28%  Loss: 1.8402
  Epoch 13 | Batch  240 | Acc:  46.07%  Loss: 1.8938
  Epoch 13 | Batch  250 | Acc:  46.07%  Loss: 1.8567
  [Proxy] Epoch 13  tr_loss=1.8558  tr_acc=46.07%  te_loss=1.8538  te_acc=44.36%
  Epoch 14 | Batch   10 | Acc:  45.16%  Loss: 1.8334
  Epoch 14 | Batch   20 | Acc:  45.16%  Loss: 1.8555
  Epoch 14 | Batch   30 | Acc:  45.21%  Loss: 1.8335
  Epoch 14 | Batch   40 | Acc:  45.08%  Loss: 1.8779
  Epoch 14 | Batch   50 | Acc:  45.81%  Loss: 1.8138
  Epoch 14 | Batch   60 | Acc:  45.29%  Loss: 1.8187
  Epoch 14 | Batch   70 | Acc:  44.93%  Loss: 1.8797
  Epoch 14 | Batch   80 | Acc:  45.16%  Loss: 1.7918
  Epoch 14 | Batch   90 | Acc:  45.12%  Loss: 1.8610
  Epoch 14 | Batch  100 | Acc:  44.89%  Loss: 1.9213
  Epoch 14 | Batch  110 | Acc:  45.38%  Loss: 1.7471
  Epoch 14 | Batch  120 | Acc:  45.29%  Loss: 1.8867
  Epoch 14 | Batch  130 | Acc:  45.31%  Loss: 1.8651
  Epoch 14 | Batch  140 | Acc:  45.54%  Loss: 1.7721
  Epoch 14 | Batch  150 | Acc:  45.62%  Loss: 1.8552
  Epoch 14 | Batch  160 | Acc:  45.91%  Loss: 1.7487
  Epoch 14 | Batch  170 | Acc:  45.92%  Loss: 1.8782
  Epoch 14 | Batch  180 | Acc:  45.97%  Loss: 1.8173
  Epoch 14 | Batch  190 | Acc:  46.10%  Loss: 1.7802
  Epoch 14 | Batch  200 | Acc:  46.08%  Loss: 1.8107
  Epoch 14 | Batch  210 | Acc:  46.26%  Loss: 1.7839
  Epoch 14 | Batch  220 | Acc:  46.12%  Loss: 1.8596
  Epoch 14 | Batch  230 | Acc:  46.18%  Loss: 1.8143
  Epoch 14 | Batch  240 | Acc:  46.14%  Loss: 1.8818
  Epoch 14 | Batch  250 | Acc:  46.16%  Loss: 1.8792
  [Proxy] Epoch 14  tr_loss=1.8345  tr_acc=46.14%  te_loss=1.8339  te_acc=44.81%
  Epoch 15 | Batch   10 | Acc:  45.94%  Loss: 1.7932
  Epoch 15 | Batch   20 | Acc:  45.86%  Loss: 1.7663
  Epoch 15 | Batch   30 | Acc:  46.25%  Loss: 1.7637
  Epoch 15 | Batch   40 | Acc:  46.13%  Loss: 1.7941
  Epoch 15 | Batch   50 | Acc:  45.72%  Loss: 1.8529
  Epoch 15 | Batch   60 | Acc:  45.42%  Loss: 1.8932
  Epoch 15 | Batch   70 | Acc:  45.36%  Loss: 1.8332
  Epoch 15 | Batch   80 | Acc:  45.29%  Loss: 1.7957
  Epoch 15 | Batch   90 | Acc:  45.49%  Loss: 1.8071
  Epoch 15 | Batch  100 | Acc:  45.33%  Loss: 1.8678
  Epoch 15 | Batch  110 | Acc:  45.18%  Loss: 1.8830
  Epoch 15 | Batch  120 | Acc:  45.43%  Loss: 1.7990
  Epoch 15 | Batch  130 | Acc:  45.44%  Loss: 1.8546
  Epoch 15 | Batch  140 | Acc:  45.61%  Loss: 1.8226
  Epoch 15 | Batch  150 | Acc:  45.75%  Loss: 1.7886
  Epoch 15 | Batch  160 | Acc:  45.96%  Loss: 1.7664
  Epoch 15 | Batch  170 | Acc:  45.97%  Loss: 1.8077
  Epoch 15 | Batch  180 | Acc:  45.92%  Loss: 1.8430
  Epoch 15 | Batch  190 | Acc:  46.16%  Loss: 1.7999
  Epoch 15 | Batch  200 | Acc:  46.25%  Loss: 1.8354
  Epoch 15 | Batch  210 | Acc:  46.31%  Loss: 1.8081
  Epoch 15 | Batch  220 | Acc:  46.25%  Loss: 1.8069
  Epoch 15 | Batch  230 | Acc:  46.31%  Loss: 1.7874
  Epoch 15 | Batch  240 | Acc:  46.36%  Loss: 1.8627
  Epoch 15 | Batch  250 | Acc:  46.39%  Loss: 1.7957
  [Proxy] Epoch 15  tr_loss=1.8166  tr_acc=46.42%  te_loss=1.8178  te_acc=44.98%
  Epoch 16 | Batch   10 | Acc:  49.06%  Loss: 1.7481
  Epoch 16 | Batch   20 | Acc:  48.28%  Loss: 1.8218
  Epoch 16 | Batch   30 | Acc:  48.02%  Loss: 1.7955
  Epoch 16 | Batch   40 | Acc:  47.23%  Loss: 1.8300
  Epoch 16 | Batch   50 | Acc:  47.44%  Loss: 1.7740
  Epoch 16 | Batch   60 | Acc:  47.21%  Loss: 1.7728
  Epoch 16 | Batch   70 | Acc:  47.43%  Loss: 1.7879
  Epoch 16 | Batch   80 | Acc:  47.05%  Loss: 1.8664
  Epoch 16 | Batch   90 | Acc:  46.86%  Loss: 1.8261
  Epoch 16 | Batch  100 | Acc:  47.02%  Loss: 1.7291
  Epoch 16 | Batch  110 | Acc:  47.20%  Loss: 1.7779
  Epoch 16 | Batch  120 | Acc:  47.19%  Loss: 1.7821
  Epoch 16 | Batch  130 | Acc:  47.27%  Loss: 1.8029
  Epoch 16 | Batch  140 | Acc:  47.35%  Loss: 1.7820
  Epoch 16 | Batch  150 | Acc:  47.36%  Loss: 1.7616
  Epoch 16 | Batch  160 | Acc:  47.22%  Loss: 1.8459
  Epoch 16 | Batch  170 | Acc:  46.81%  Loss: 1.8847
  Epoch 16 | Batch  180 | Acc:  46.74%  Loss: 1.8359
  Epoch 16 | Batch  190 | Acc:  46.51%  Loss: 1.8617
  Epoch 16 | Batch  200 | Acc:  46.60%  Loss: 1.7576
  Epoch 16 | Batch  210 | Acc:  46.72%  Loss: 1.7902
  Epoch 16 | Batch  220 | Acc:  46.73%  Loss: 1.7806
  Epoch 16 | Batch  230 | Acc:  46.81%  Loss: 1.8473
  Epoch 16 | Batch  240 | Acc:  46.77%  Loss: 1.7843
  Epoch 16 | Batch  250 | Acc:  46.74%  Loss: 1.7847
  [Proxy] Epoch 16  tr_loss=1.8008  tr_acc=46.74%  te_loss=1.8038  te_acc=45.34%
  Epoch 17 | Batch   10 | Acc:  47.34%  Loss: 1.8120
  Epoch 17 | Batch   20 | Acc:  47.11%  Loss: 1.7626
  Epoch 17 | Batch   30 | Acc:  47.34%  Loss: 1.7125
  Epoch 17 | Batch   40 | Acc:  47.38%  Loss: 1.8224
  Epoch 17 | Batch   50 | Acc:  47.31%  Loss: 1.7861
  Epoch 17 | Batch   60 | Acc:  47.11%  Loss: 1.8108
  Epoch 17 | Batch   70 | Acc:  46.72%  Loss: 1.8215
  Epoch 17 | Batch   80 | Acc:  46.74%  Loss: 1.7618
  Epoch 17 | Batch   90 | Acc:  46.82%  Loss: 1.7897
  Epoch 17 | Batch  100 | Acc:  46.77%  Loss: 1.7865
  Epoch 17 | Batch  110 | Acc:  46.96%  Loss: 1.7657
  Epoch 17 | Batch  120 | Acc:  47.01%  Loss: 1.7893
  Epoch 17 | Batch  130 | Acc:  47.34%  Loss: 1.7228
  Epoch 17 | Batch  140 | Acc:  46.96%  Loss: 1.9013
  Epoch 17 | Batch  150 | Acc:  47.02%  Loss: 1.7835
  Epoch 17 | Batch  160 | Acc:  46.95%  Loss: 1.8382
  Epoch 17 | Batch  170 | Acc:  46.96%  Loss: 1.8057
  Epoch 17 | Batch  180 | Acc:  46.93%  Loss: 1.7470
  Epoch 17 | Batch  190 | Acc:  46.69%  Loss: 1.8645
  Epoch 17 | Batch  200 | Acc:  46.78%  Loss: 1.7914
  Epoch 17 | Batch  210 | Acc:  46.90%  Loss: 1.7633
  Epoch 17 | Batch  220 | Acc:  47.05%  Loss: 1.7009
  Epoch 17 | Batch  230 | Acc:  46.98%  Loss: 1.7776
  Epoch 17 | Batch  240 | Acc:  47.05%  Loss: 1.7453
  Epoch 17 | Batch  250 | Acc:  46.98%  Loss: 1.8016
  [Proxy] Epoch 17  tr_loss=1.7870  tr_acc=46.99%  te_loss=1.7902  te_acc=45.43%
  Epoch 18 | Batch   10 | Acc:  42.81%  Loss: 1.8469
  Epoch 18 | Batch   20 | Acc:  44.53%  Loss: 1.7660
  Epoch 18 | Batch   30 | Acc:  44.90%  Loss: 1.7890
  Epoch 18 | Batch   40 | Acc:  45.16%  Loss: 1.7919
  Epoch 18 | Batch   50 | Acc:  46.19%  Loss: 1.7484
  Epoch 18 | Batch   60 | Acc:  46.67%  Loss: 1.7263
  Epoch 18 | Batch   70 | Acc:  46.45%  Loss: 1.8032
  Epoch 18 | Batch   80 | Acc:  46.78%  Loss: 1.7338
  Epoch 18 | Batch   90 | Acc:  46.56%  Loss: 1.7388
  Epoch 18 | Batch  100 | Acc:  46.97%  Loss: 1.7560
  Epoch 18 | Batch  110 | Acc:  46.65%  Loss: 1.8519
  Epoch 18 | Batch  120 | Acc:  46.54%  Loss: 1.8270
  Epoch 18 | Batch  130 | Acc:  46.42%  Loss: 1.7555
  Epoch 18 | Batch  140 | Acc:  46.50%  Loss: 1.7556
  Epoch 18 | Batch  150 | Acc:  46.95%  Loss: 1.6871
  Epoch 18 | Batch  160 | Acc:  47.08%  Loss: 1.7425
  Epoch 18 | Batch  170 | Acc:  47.01%  Loss: 1.7976
  Epoch 18 | Batch  180 | Acc:  47.17%  Loss: 1.7655
  Epoch 18 | Batch  190 | Acc:  47.13%  Loss: 1.7522
  Epoch 18 | Batch  200 | Acc:  47.05%  Loss: 1.8235
  Epoch 18 | Batch  210 | Acc:  47.10%  Loss: 1.7225
  Epoch 18 | Batch  220 | Acc:  47.10%  Loss: 1.8205
  Epoch 18 | Batch  230 | Acc:  47.04%  Loss: 1.8035
  Epoch 18 | Batch  240 | Acc:  46.99%  Loss: 1.7863
  Epoch 18 | Batch  250 | Acc:  47.04%  Loss: 1.7532
  [Proxy] Epoch 18  tr_loss=1.7731  tr_acc=47.02%  te_loss=1.7768  te_acc=45.71%
  Epoch 19 | Batch   10 | Acc:  45.16%  Loss: 1.7684
  Epoch 19 | Batch   20 | Acc:  46.41%  Loss: 1.8132
  Epoch 19 | Batch   30 | Acc:  45.73%  Loss: 1.8344
  Epoch 19 | Batch   40 | Acc:  44.92%  Loss: 1.8586
  Epoch 19 | Batch   50 | Acc:  45.66%  Loss: 1.7951
  Epoch 19 | Batch   60 | Acc:  45.68%  Loss: 1.8376
  Epoch 19 | Batch   70 | Acc:  46.00%  Loss: 1.7652
  Epoch 19 | Batch   80 | Acc:  46.66%  Loss: 1.7051
  Epoch 19 | Batch   90 | Acc:  46.91%  Loss: 1.7028
  Epoch 19 | Batch  100 | Acc:  47.20%  Loss: 1.7093
  Epoch 19 | Batch  110 | Acc:  47.63%  Loss: 1.6536
  Epoch 19 | Batch  120 | Acc:  47.83%  Loss: 1.7537
  Epoch 19 | Batch  130 | Acc:  47.91%  Loss: 1.6886
  Epoch 19 | Batch  140 | Acc:  47.86%  Loss: 1.6773
  Epoch 19 | Batch  150 | Acc:  47.70%  Loss: 1.8013
  Epoch 19 | Batch  160 | Acc:  47.64%  Loss: 1.7436
  Epoch 19 | Batch  170 | Acc:  47.57%  Loss: 1.8032
  Epoch 19 | Batch  180 | Acc:  47.57%  Loss: 1.7578
  Epoch 19 | Batch  190 | Acc:  47.40%  Loss: 1.7758
  Epoch 19 | Batch  200 | Acc:  47.31%  Loss: 1.8089
  Epoch 19 | Batch  210 | Acc:  47.34%  Loss: 1.7018
  Epoch 19 | Batch  220 | Acc:  47.32%  Loss: 1.7666
  Epoch 19 | Batch  230 | Acc:  47.26%  Loss: 1.8059
  Epoch 19 | Batch  240 | Acc:  47.31%  Loss: 1.6983
  Epoch 19 | Batch  250 | Acc:  47.29%  Loss: 1.8035
  [Proxy] Epoch 19  tr_loss=1.7618  tr_acc=47.29%  te_loss=1.7668  te_acc=45.72%
  Epoch 20 | Batch   10 | Acc:  44.22%  Loss: 1.8324
  Epoch 20 | Batch   20 | Acc:  45.86%  Loss: 1.7335
  Epoch 20 | Batch   30 | Acc:  46.15%  Loss: 1.8014
  Epoch 20 | Batch   40 | Acc:  47.19%  Loss: 1.7267
  Epoch 20 | Batch   50 | Acc:  47.16%  Loss: 1.7405
  Epoch 20 | Batch   60 | Acc:  46.64%  Loss: 1.7846
  Epoch 20 | Batch   70 | Acc:  46.47%  Loss: 1.7814
  Epoch 20 | Batch   80 | Acc:  46.66%  Loss: 1.7469
  Epoch 20 | Batch   90 | Acc:  46.37%  Loss: 1.7774
  Epoch 20 | Batch  100 | Acc:  46.31%  Loss: 1.7439
  Epoch 20 | Batch  110 | Acc:  46.70%  Loss: 1.7006
  Epoch 20 | Batch  120 | Acc:  46.82%  Loss: 1.7906
  Epoch 20 | Batch  130 | Acc:  46.90%  Loss: 1.7568
  Epoch 20 | Batch  140 | Acc:  47.06%  Loss: 1.6935
  Epoch 20 | Batch  150 | Acc:  47.11%  Loss: 1.7458
  Epoch 20 | Batch  160 | Acc:  47.42%  Loss: 1.6295
  Epoch 20 | Batch  170 | Acc:  47.24%  Loss: 1.7821
  Epoch 20 | Batch  180 | Acc:  47.14%  Loss: 1.8423
  Epoch 20 | Batch  190 | Acc:  47.30%  Loss: 1.6644
  Epoch 20 | Batch  200 | Acc:  47.30%  Loss: 1.7469
  Epoch 20 | Batch  210 | Acc:  47.49%  Loss: 1.6960
  Epoch 20 | Batch  220 | Acc:  47.48%  Loss: 1.7809
  Epoch 20 | Batch  230 | Acc:  47.44%  Loss: 1.7675
  Epoch 20 | Batch  240 | Acc:  47.54%  Loss: 1.7305
  Epoch 20 | Batch  250 | Acc:  47.43%  Loss: 1.7753
  [Proxy] Epoch 20  tr_loss=1.7501  tr_acc=47.45%  te_loss=1.7563  te_acc=46.06%
  Epoch 21 | Batch   10 | Acc:  45.00%  Loss: 1.7831
  Epoch 21 | Batch   20 | Acc:  46.25%  Loss: 1.7688
  Epoch 21 | Batch   30 | Acc:  47.76%  Loss: 1.6764
  Epoch 21 | Batch   40 | Acc:  48.71%  Loss: 1.6502
  Epoch 21 | Batch   50 | Acc:  49.09%  Loss: 1.6786
  Epoch 21 | Batch   60 | Acc:  49.09%  Loss: 1.7162
  Epoch 21 | Batch   70 | Acc:  48.79%  Loss: 1.7349
  Epoch 21 | Batch   80 | Acc:  48.54%  Loss: 1.7483
  Epoch 21 | Batch   90 | Acc:  48.66%  Loss: 1.6889
  Epoch 21 | Batch  100 | Acc:  48.38%  Loss: 1.7350
  Epoch 21 | Batch  110 | Acc:  48.20%  Loss: 1.7611
  Epoch 21 | Batch  120 | Acc:  48.06%  Loss: 1.7372
  Epoch 21 | Batch  130 | Acc:  47.94%  Loss: 1.7907
  Epoch 21 | Batch  140 | Acc:  47.94%  Loss: 1.7859
  Epoch 21 | Batch  150 | Acc:  47.98%  Loss: 1.7563
  Epoch 21 | Batch  160 | Acc:  47.94%  Loss: 1.7841
  Epoch 21 | Batch  170 | Acc:  47.87%  Loss: 1.7441
  Epoch 21 | Batch  180 | Acc:  47.78%  Loss: 1.8103
  Epoch 21 | Batch  190 | Acc:  47.71%  Loss: 1.7862
  Epoch 21 | Batch  200 | Acc:  47.70%  Loss: 1.7123
  Epoch 21 | Batch  210 | Acc:  47.72%  Loss: 1.7033
  Epoch 21 | Batch  220 | Acc:  47.71%  Loss: 1.7203
  Epoch 21 | Batch  230 | Acc:  47.88%  Loss: 1.6520
  Epoch 21 | Batch  240 | Acc:  47.85%  Loss: 1.7879
  Epoch 21 | Batch  250 | Acc:  47.76%  Loss: 1.7574
  [Proxy] Epoch 21  tr_loss=1.7409  tr_acc=47.68%  te_loss=1.7456  te_acc=46.17%
  Epoch 22 | Batch   10 | Acc:  49.38%  Loss: 1.7421
  Epoch 22 | Batch   20 | Acc:  47.19%  Loss: 1.7951
  Epoch 22 | Batch   30 | Acc:  47.08%  Loss: 1.7292
  Epoch 22 | Batch   40 | Acc:  47.46%  Loss: 1.7164
  Epoch 22 | Batch   50 | Acc:  47.44%  Loss: 1.7414
  Epoch 22 | Batch   60 | Acc:  47.42%  Loss: 1.7020
  Epoch 22 | Batch   70 | Acc:  47.25%  Loss: 1.7551
  Epoch 22 | Batch   80 | Acc:  46.99%  Loss: 1.7759
  Epoch 22 | Batch   90 | Acc:  47.41%  Loss: 1.6493
  Epoch 22 | Batch  100 | Acc:  47.58%  Loss: 1.7243
  Epoch 22 | Batch  110 | Acc:  47.59%  Loss: 1.7137
  Epoch 22 | Batch  120 | Acc:  47.42%  Loss: 1.7695
  Epoch 22 | Batch  130 | Acc:  47.60%  Loss: 1.7160
  Epoch 22 | Batch  140 | Acc:  47.88%  Loss: 1.7019
  Epoch 22 | Batch  150 | Acc:  47.67%  Loss: 1.8155
  Epoch 22 | Batch  160 | Acc:  47.63%  Loss: 1.7513
  Epoch 22 | Batch  170 | Acc:  47.65%  Loss: 1.7218
  Epoch 22 | Batch  180 | Acc:  47.66%  Loss: 1.7231
  Epoch 22 | Batch  190 | Acc:  47.72%  Loss: 1.7396
  Epoch 22 | Batch  200 | Acc:  47.73%  Loss: 1.7025
  Epoch 22 | Batch  210 | Acc:  47.60%  Loss: 1.7692
  Epoch 22 | Batch  220 | Acc:  47.76%  Loss: 1.6178
  Epoch 22 | Batch  230 | Acc:  47.71%  Loss: 1.7271
  Epoch 22 | Batch  240 | Acc:  47.79%  Loss: 1.6990
  Epoch 22 | Batch  250 | Acc:  47.81%  Loss: 1.7766
  [Proxy] Epoch 22  tr_loss=1.7308  tr_acc=47.85%  te_loss=1.7381  te_acc=46.57%
  Epoch 23 | Batch   10 | Acc:  47.97%  Loss: 1.7495
  Epoch 23 | Batch   20 | Acc:  48.12%  Loss: 1.6940
  Epoch 23 | Batch   30 | Acc:  47.66%  Loss: 1.7547
  Epoch 23 | Batch   40 | Acc:  47.66%  Loss: 1.7717
  Epoch 23 | Batch   50 | Acc:  47.81%  Loss: 1.6754
  Epoch 23 | Batch   60 | Acc:  47.19%  Loss: 1.7556
  Epoch 23 | Batch   70 | Acc:  47.66%  Loss: 1.6590
  Epoch 23 | Batch   80 | Acc:  47.73%  Loss: 1.6757
  Epoch 23 | Batch   90 | Acc:  47.47%  Loss: 1.7798
  Epoch 23 | Batch  100 | Acc:  47.44%  Loss: 1.7425
  Epoch 23 | Batch  110 | Acc:  47.30%  Loss: 1.7608
  Epoch 23 | Batch  120 | Acc:  47.49%  Loss: 1.6974
  Epoch 23 | Batch  130 | Acc:  47.88%  Loss: 1.6769
  Epoch 23 | Batch  140 | Acc:  48.01%  Loss: 1.7705
  Epoch 23 | Batch  150 | Acc:  48.14%  Loss: 1.6968
  Epoch 23 | Batch  160 | Acc:  47.97%  Loss: 1.7603
  Epoch 23 | Batch  170 | Acc:  47.89%  Loss: 1.6492
  Epoch 23 | Batch  180 | Acc:  47.99%  Loss: 1.6980
  Epoch 23 | Batch  190 | Acc:  48.17%  Loss: 1.6768
  Epoch 23 | Batch  200 | Acc:  48.31%  Loss: 1.7064
  Epoch 23 | Batch  210 | Acc:  48.33%  Loss: 1.7287
  Epoch 23 | Batch  220 | Acc:  48.28%  Loss: 1.7495
  Epoch 23 | Batch  230 | Acc:  48.22%  Loss: 1.7519
  Epoch 23 | Batch  240 | Acc:  48.09%  Loss: 1.7555
  Epoch 23 | Batch  250 | Acc:  48.18%  Loss: 1.7059
  [Proxy] Epoch 23  tr_loss=1.7222  tr_acc=48.16%  te_loss=1.7285  te_acc=46.56%
  Epoch 24 | Batch   10 | Acc:  52.19%  Loss: 1.6208
  Epoch 24 | Batch   20 | Acc:  50.55%  Loss: 1.6610
  Epoch 24 | Batch   30 | Acc:  50.00%  Loss: 1.7365
  Epoch 24 | Batch   40 | Acc:  48.48%  Loss: 1.7915
  Epoch 24 | Batch   50 | Acc:  47.41%  Loss: 1.8063
  Epoch 24 | Batch   60 | Acc:  47.19%  Loss: 1.8050
  Epoch 24 | Batch   70 | Acc:  47.25%  Loss: 1.7353
  Epoch 24 | Batch   80 | Acc:  47.32%  Loss: 1.7071
  Epoch 24 | Batch   90 | Acc:  47.59%  Loss: 1.6406
  Epoch 24 | Batch  100 | Acc:  47.48%  Loss: 1.7194
  Epoch 24 | Batch  110 | Acc:  47.53%  Loss: 1.7324
  Epoch 24 | Batch  120 | Acc:  47.80%  Loss: 1.7304
  Epoch 24 | Batch  130 | Acc:  47.80%  Loss: 1.6979
  Epoch 24 | Batch  140 | Acc:  47.69%  Loss: 1.7813
  Epoch 24 | Batch  150 | Acc:  47.70%  Loss: 1.6950
  Epoch 24 | Batch  160 | Acc:  47.73%  Loss: 1.6754
  Epoch 24 | Batch  170 | Acc:  47.98%  Loss: 1.5992
  Epoch 24 | Batch  180 | Acc:  48.00%  Loss: 1.7241
  Epoch 24 | Batch  190 | Acc:  48.10%  Loss: 1.6551
  Epoch 24 | Batch  200 | Acc:  47.90%  Loss: 1.7684
  Epoch 24 | Batch  210 | Acc:  47.86%  Loss: 1.7460
  Epoch 24 | Batch  220 | Acc:  48.03%  Loss: 1.7105
  Epoch 24 | Batch  230 | Acc:  47.96%  Loss: 1.7754
  Epoch 24 | Batch  240 | Acc:  48.04%  Loss: 1.6519
  Epoch 24 | Batch  250 | Acc:  48.11%  Loss: 1.6553
  [Proxy] Epoch 24  tr_loss=1.7145  tr_acc=48.10%  te_loss=1.7216  te_acc=46.60%
  Epoch 25 | Batch   10 | Acc:  49.22%  Loss: 1.6909
  Epoch 25 | Batch   20 | Acc:  48.52%  Loss: 1.6877
  Epoch 25 | Batch   30 | Acc:  48.65%  Loss: 1.6858
  Epoch 25 | Batch   40 | Acc:  47.70%  Loss: 1.7492
  Epoch 25 | Batch   50 | Acc:  47.19%  Loss: 1.7684
  Epoch 25 | Batch   60 | Acc:  47.27%  Loss: 1.7424
  Epoch 25 | Batch   70 | Acc:  46.83%  Loss: 1.7053
  Epoch 25 | Batch   80 | Acc:  47.07%  Loss: 1.7161
  Epoch 25 | Batch   90 | Acc:  47.27%  Loss: 1.7096
  Epoch 25 | Batch  100 | Acc:  47.50%  Loss: 1.6510
  Epoch 25 | Batch  110 | Acc:  47.44%  Loss: 1.7246
  Epoch 25 | Batch  120 | Acc:  47.54%  Loss: 1.7144
  Epoch 25 | Batch  130 | Acc:  47.61%  Loss: 1.6979
  Epoch 25 | Batch  140 | Acc:  47.80%  Loss: 1.6606
  Epoch 25 | Batch  150 | Acc:  47.97%  Loss: 1.7191
  Epoch 25 | Batch  160 | Acc:  47.95%  Loss: 1.7620
  Epoch 25 | Batch  170 | Acc:  48.10%  Loss: 1.6785
  Epoch 25 | Batch  180 | Acc:  48.25%  Loss: 1.5956
  Epoch 25 | Batch  190 | Acc:  48.36%  Loss: 1.6756
  Epoch 25 | Batch  200 | Acc:  48.37%  Loss: 1.7220
  Epoch 25 | Batch  210 | Acc:  48.39%  Loss: 1.6439
  Epoch 25 | Batch  220 | Acc:  48.29%  Loss: 1.7206
  Epoch 25 | Batch  230 | Acc:  48.21%  Loss: 1.7859
  Epoch 25 | Batch  240 | Acc:  48.20%  Loss: 1.7601
  Epoch 25 | Batch  250 | Acc:  48.29%  Loss: 1.6734
  [Proxy] Epoch 25  tr_loss=1.7065  tr_acc=48.26%  te_loss=1.7141  te_acc=47.16%
  Epoch 26 | Batch   10 | Acc:  48.12%  Loss: 1.6925
  Epoch 26 | Batch   20 | Acc:  47.50%  Loss: 1.7037
  Epoch 26 | Batch   30 | Acc:  47.92%  Loss: 1.7239
  Epoch 26 | Batch   40 | Acc:  48.40%  Loss: 1.6680
  Epoch 26 | Batch   50 | Acc:  48.31%  Loss: 1.7162
  Epoch 26 | Batch   60 | Acc:  48.36%  Loss: 1.7119
  Epoch 26 | Batch   70 | Acc:  48.37%  Loss: 1.7104
  Epoch 26 | Batch   80 | Acc:  48.65%  Loss: 1.6908
  Epoch 26 | Batch   90 | Acc:  48.89%  Loss: 1.6381
  Epoch 26 | Batch  100 | Acc:  48.97%  Loss: 1.6839
  Epoch 26 | Batch  110 | Acc:  49.06%  Loss: 1.6625
  Epoch 26 | Batch  120 | Acc:  48.68%  Loss: 1.7840
  Epoch 26 | Batch  130 | Acc:  48.86%  Loss: 1.6390
  Epoch 26 | Batch  140 | Acc:  48.87%  Loss: 1.6855
  Epoch 26 | Batch  150 | Acc:  48.76%  Loss: 1.7520
  Epoch 26 | Batch  160 | Acc:  48.65%  Loss: 1.7547
  Epoch 26 | Batch  170 | Acc:  48.50%  Loss: 1.7285
  Epoch 26 | Batch  180 | Acc:  48.66%  Loss: 1.6549
  Epoch 26 | Batch  190 | Acc:  48.82%  Loss: 1.5853
  Epoch 26 | Batch  200 | Acc:  48.84%  Loss: 1.7339
  Epoch 26 | Batch  210 | Acc:  48.86%  Loss: 1.6478
  Epoch 26 | Batch  220 | Acc:  48.71%  Loss: 1.7683
  Epoch 26 | Batch  230 | Acc:  48.67%  Loss: 1.6967
  Epoch 26 | Batch  240 | Acc:  48.65%  Loss: 1.7039
  Epoch 26 | Batch  250 | Acc:  48.56%  Loss: 1.7378
  [Proxy] Epoch 26  tr_loss=1.6987  tr_acc=48.59%  te_loss=1.7066  te_acc=47.27%
  Epoch 27 | Batch   10 | Acc:  47.81%  Loss: 1.6863
  Epoch 27 | Batch   20 | Acc:  48.12%  Loss: 1.7378
  Epoch 27 | Batch   30 | Acc:  48.28%  Loss: 1.6567
  Epoch 27 | Batch   40 | Acc:  48.83%  Loss: 1.6959
  Epoch 27 | Batch   50 | Acc:  48.78%  Loss: 1.7284
  Epoch 27 | Batch   60 | Acc:  48.46%  Loss: 1.7071
  Epoch 27 | Batch   70 | Acc:  48.50%  Loss: 1.7291
  Epoch 27 | Batch   80 | Acc:  48.30%  Loss: 1.7347
  Epoch 27 | Batch   90 | Acc:  48.30%  Loss: 1.6989
  Epoch 27 | Batch  100 | Acc:  48.80%  Loss: 1.6178
  Epoch 27 | Batch  110 | Acc:  48.59%  Loss: 1.7440
  Epoch 27 | Batch  120 | Acc:  48.79%  Loss: 1.6740
  Epoch 27 | Batch  130 | Acc:  48.99%  Loss: 1.6756
  Epoch 27 | Batch  140 | Acc:  48.94%  Loss: 1.6889
  Epoch 27 | Batch  150 | Acc:  48.99%  Loss: 1.6507
  Epoch 27 | Batch  160 | Acc:  48.83%  Loss: 1.7244
  Epoch 27 | Batch  170 | Acc:  48.81%  Loss: 1.7252
  Epoch 27 | Batch  180 | Acc:  48.93%  Loss: 1.6261
  Epoch 27 | Batch  190 | Acc:  48.91%  Loss: 1.6568
  Epoch 27 | Batch  200 | Acc:  48.92%  Loss: 1.7118
  Epoch 27 | Batch  210 | Acc:  49.16%  Loss: 1.5847
  Epoch 27 | Batch  220 | Acc:  49.12%  Loss: 1.7163
  Epoch 27 | Batch  230 | Acc:  48.97%  Loss: 1.6931
  Epoch 27 | Batch  240 | Acc:  49.00%  Loss: 1.6850
  Epoch 27 | Batch  250 | Acc:  48.85%  Loss: 1.7445
  [Proxy] Epoch 27  tr_loss=1.6924  tr_acc=48.83%  te_loss=1.7006  te_acc=47.26%
  Epoch 28 | Batch   10 | Acc:  51.09%  Loss: 1.6435
  Epoch 28 | Batch   20 | Acc:  50.47%  Loss: 1.6502
  Epoch 28 | Batch   30 | Acc:  50.36%  Loss: 1.6503
  Epoch 28 | Batch   40 | Acc:  49.96%  Loss: 1.6792
  Epoch 28 | Batch   50 | Acc:  48.91%  Loss: 1.7629
  Epoch 28 | Batch   60 | Acc:  48.62%  Loss: 1.6325
  Epoch 28 | Batch   70 | Acc:  48.53%  Loss: 1.7292
  Epoch 28 | Batch   80 | Acc:  48.55%  Loss: 1.6771
  Epoch 28 | Batch   90 | Acc:  48.58%  Loss: 1.6704
  Epoch 28 | Batch  100 | Acc:  48.75%  Loss: 1.6618
  Epoch 28 | Batch  110 | Acc:  48.72%  Loss: 1.7188
  Epoch 28 | Batch  120 | Acc:  48.79%  Loss: 1.7233
  Epoch 28 | Batch  130 | Acc:  48.89%  Loss: 1.6341
  Epoch 28 | Batch  140 | Acc:  48.96%  Loss: 1.7129
  Epoch 28 | Batch  150 | Acc:  48.71%  Loss: 1.7205
  Epoch 28 | Batch  160 | Acc:  48.95%  Loss: 1.5975
  Epoch 28 | Batch  170 | Acc:  48.79%  Loss: 1.7366
  Epoch 28 | Batch  180 | Acc:  48.81%  Loss: 1.6995
  Epoch 28 | Batch  190 | Acc:  48.78%  Loss: 1.6933
  Epoch 28 | Batch  200 | Acc:  48.72%  Loss: 1.7311
  Epoch 28 | Batch  210 | Acc:  48.79%  Loss: 1.6413
  Epoch 28 | Batch  220 | Acc:  48.81%  Loss: 1.7438
  Epoch 28 | Batch  230 | Acc:  48.97%  Loss: 1.6265
  Epoch 28 | Batch  240 | Acc:  48.87%  Loss: 1.7355
  Epoch 28 | Batch  250 | Acc:  48.87%  Loss: 1.6588
  [Proxy] Epoch 28  tr_loss=1.6862  tr_acc=48.83%  te_loss=1.6951  te_acc=47.44%
  Epoch 29 | Batch   10 | Acc:  46.41%  Loss: 1.6777
  Epoch 29 | Batch   20 | Acc:  46.48%  Loss: 1.7272
  Epoch 29 | Batch   30 | Acc:  48.07%  Loss: 1.7073
  Epoch 29 | Batch   40 | Acc:  47.54%  Loss: 1.7889
  Epoch 29 | Batch   50 | Acc:  47.91%  Loss: 1.6549
  Epoch 29 | Batch   60 | Acc:  47.63%  Loss: 1.6650
  Epoch 29 | Batch   70 | Acc:  48.28%  Loss: 1.6308
  Epoch 29 | Batch   80 | Acc:  48.34%  Loss: 1.6365
  Epoch 29 | Batch   90 | Acc:  48.49%  Loss: 1.6517
  Epoch 29 | Batch  100 | Acc:  48.47%  Loss: 1.6809
  Epoch 29 | Batch  110 | Acc:  48.64%  Loss: 1.7261
  Epoch 29 | Batch  120 | Acc:  48.52%  Loss: 1.6525
  Epoch 29 | Batch  130 | Acc:  48.65%  Loss: 1.6188
  Epoch 29 | Batch  140 | Acc:  48.74%  Loss: 1.6553
  Epoch 29 | Batch  150 | Acc:  48.78%  Loss: 1.6778
  Epoch 29 | Batch  160 | Acc:  48.57%  Loss: 1.8315
  Epoch 29 | Batch  170 | Acc:  48.67%  Loss: 1.6672
  Epoch 29 | Batch  180 | Acc:  48.88%  Loss: 1.6416
  Epoch 29 | Batch  190 | Acc:  49.20%  Loss: 1.5326
  Epoch 29 | Batch  200 | Acc:  49.24%  Loss: 1.6860
  Epoch 29 | Batch  210 | Acc:  49.28%  Loss: 1.6829
  Epoch 29 | Batch  220 | Acc:  49.11%  Loss: 1.7265
  Epoch 29 | Batch  230 | Acc:  49.08%  Loss: 1.7619
  Epoch 29 | Batch  240 | Acc:  48.95%  Loss: 1.6737
  Epoch 29 | Batch  250 | Acc:  48.91%  Loss: 1.6629
  [Proxy] Epoch 29  tr_loss=1.6798  tr_acc=48.91%  te_loss=1.6889  te_acc=47.41%
  Epoch 30 | Batch   10 | Acc:  47.50%  Loss: 1.6667
  Epoch 30 | Batch   20 | Acc:  48.59%  Loss: 1.6600
  Epoch 30 | Batch   30 | Acc:  49.01%  Loss: 1.6782
  Epoch 30 | Batch   40 | Acc:  48.52%  Loss: 1.6744
  Epoch 30 | Batch   50 | Acc:  49.28%  Loss: 1.5862
  Epoch 30 | Batch   60 | Acc:  49.24%  Loss: 1.6622
  Epoch 30 | Batch   70 | Acc:  49.33%  Loss: 1.6853
  Epoch 30 | Batch   80 | Acc:  49.59%  Loss: 1.6481
  Epoch 30 | Batch   90 | Acc:  49.53%  Loss: 1.6683
  Epoch 30 | Batch  100 | Acc:  49.39%  Loss: 1.6719
  Epoch 30 | Batch  110 | Acc:  49.53%  Loss: 1.5999
  Epoch 30 | Batch  120 | Acc:  49.47%  Loss: 1.6984
  Epoch 30 | Batch  130 | Acc:  49.30%  Loss: 1.7046
  Epoch 30 | Batch  140 | Acc:  49.24%  Loss: 1.6512
  Epoch 30 | Batch  150 | Acc:  49.10%  Loss: 1.7007
  Epoch 30 | Batch  160 | Acc:  49.16%  Loss: 1.7160
  Epoch 30 | Batch  170 | Acc:  49.14%  Loss: 1.7101
  Epoch 30 | Batch  180 | Acc:  49.09%  Loss: 1.7301
  Epoch 30 | Batch  190 | Acc:  49.12%  Loss: 1.6502
  Epoch 30 | Batch  200 | Acc:  48.92%  Loss: 1.7618
  Epoch 30 | Batch  210 | Acc:  48.91%  Loss: 1.6781
  Epoch 30 | Batch  220 | Acc:  48.82%  Loss: 1.7075
  Epoch 30 | Batch  230 | Acc:  48.87%  Loss: 1.6484
  Epoch 30 | Batch  240 | Acc:  48.95%  Loss: 1.6346
  Epoch 30 | Batch  250 | Acc:  48.95%  Loss: 1.6864
  [Proxy] Epoch 30  tr_loss=1.6743  tr_acc=48.93%  te_loss=1.6843  te_acc=47.56%
  Epoch metrics  -> runs/huang_az_proxy_epoch_metrics.csv
  [Proxy] Best test CA: 47.56%

====================================================================
 PHASE 2 — Sequential trigger generation (Algorithm 1)
====================================================================
  Using 500 non-target and 500 target samples for trigger generation
    [Trigger] iter   1/200  fooling_rate=0.118  |delta|_inf=0.2000  elapsed=47.4s
    [Trigger] iter   2/200  fooling_rate=0.134  |delta|_inf=0.2000  elapsed=95.3s
    [Trigger] iter   3/200  fooling_rate=0.096  |delta|_inf=0.2000  elapsed=145.5s
    [Trigger] iter   4/200  fooling_rate=0.132  |delta|_inf=0.2000  elapsed=194.4s
    [Trigger] iter   5/200  fooling_rate=0.130  |delta|_inf=0.2000  elapsed=242.7s
    [Trigger] iter   6/200  fooling_rate=0.118  |delta|_inf=0.2000  elapsed=289.9s
    [Trigger] iter   7/200  fooling_rate=0.098  |delta|_inf=0.2000  elapsed=336.7s
    [Trigger] iter   8/200  fooling_rate=0.132  |delta|_inf=0.2000  elapsed=385.7s
    [Trigger] iter   9/200  fooling_rate=0.114  |delta|_inf=0.2000  elapsed=434.6s
    [Trigger] iter  10/200  fooling_rate=0.110  |delta|_inf=0.2000  elapsed=481.4s
    [Trigger] iter  11/200  fooling_rate=0.112  |delta|_inf=0.2000  elapsed=530.8s
    [Trigger] iter  12/200  fooling_rate=0.134  |delta|_inf=0.2000  elapsed=577.2s
    [Trigger] iter  13/200  fooling_rate=0.134  |delta|_inf=0.2000  elapsed=624.1s
    [Trigger] iter  14/200  fooling_rate=0.134  |delta|_inf=0.2000  elapsed=670.9s
    [Trigger] iter  15/200  fooling_rate=0.134  |delta|_inf=0.2000  elapsed=717.5s
    [Trigger] iter  16/200  fooling_rate=0.140  |delta|_inf=0.2000  elapsed=764.6s
    [Trigger] iter  17/200  fooling_rate=0.126  |delta|_inf=0.2000  elapsed=811.8s
    [Trigger] iter  18/200  fooling_rate=0.094  |delta|_inf=0.2000  elapsed=858.4s
    [Trigger] iter  19/200  fooling_rate=0.072  |delta|_inf=0.2000  elapsed=905.5s
    [Trigger] iter  20/200  fooling_rate=0.140  |delta|_inf=0.2000  elapsed=952.6s
    [Trigger] iter  21/200  fooling_rate=0.082  |delta|_inf=0.2000  elapsed=999.7s
    [Trigger] iter  22/200  fooling_rate=0.108  |delta|_inf=0.2000  elapsed=1048.0s
    [Trigger] iter  23/200  fooling_rate=0.050  |delta|_inf=0.2000  elapsed=1095.3s
    [Trigger] iter  24/200  fooling_rate=0.086  |delta|_inf=0.2000  elapsed=1142.3s
    [Trigger] iter  25/200  fooling_rate=0.102  |delta|_inf=0.2000  elapsed=1190.1s
    [Trigger] iter  26/200  fooling_rate=0.132  |delta|_inf=0.2000  elapsed=1240.2s
    [Trigger] iter  27/200  fooling_rate=0.072  |delta|_inf=0.2000  elapsed=1291.9s
    [Trigger] iter  28/200  fooling_rate=0.110  |delta|_inf=0.2000  elapsed=1338.7s
    [Trigger] iter  29/200  fooling_rate=0.134  |delta|_inf=0.2000  elapsed=1388.5s
    [Trigger] iter  30/200  fooling_rate=0.140  |delta|_inf=0.2000  elapsed=1435.7s
    [Trigger] iter  31/200  fooling_rate=0.134  |delta|_inf=0.2000  elapsed=1482.4s
    [Trigger] iter  32/200  fooling_rate=0.140  |delta|_inf=0.2000  elapsed=1529.9s
    [Trigger] iter  33/200  fooling_rate=0.134  |delta|_inf=0.2000  elapsed=1577.1s
    [Trigger] iter  34/200  fooling_rate=0.140  |delta|_inf=0.2000  elapsed=1626.0s
    [Trigger] iter  35/200  fooling_rate=0.130  |delta|_inf=0.2000  elapsed=1673.4s
    [Trigger] iter  36/200  fooling_rate=0.118  |delta|_inf=0.2000  elapsed=1720.5s
    [Trigger] iter  37/200  fooling_rate=0.130  |delta|_inf=0.2000  elapsed=1767.6s
    [Trigger] iter  38/200  fooling_rate=0.112  |delta|_inf=0.2000  elapsed=1814.6s
    [Trigger] iter  39/200  fooling_rate=0.128  |delta|_inf=0.2000  elapsed=1862.5s
    [Trigger] iter  40/200  fooling_rate=0.106  |delta|_inf=0.2000  elapsed=1909.8s
    [Trigger] iter  41/200  fooling_rate=0.116  |delta|_inf=0.2000  elapsed=1957.4s
    [Trigger] iter  42/200  fooling_rate=0.118  |delta|_inf=0.2000  elapsed=2004.9s
    [Trigger] iter  43/200  fooling_rate=0.140  |delta|_inf=0.2000  elapsed=2052.1s
    [Trigger] iter  44/200  fooling_rate=0.134  |delta|_inf=0.2000  elapsed=2099.8s
    [Trigger] iter  45/200  fooling_rate=0.112  |delta|_inf=0.2000  elapsed=2147.8s
    [Trigger] iter  46/200  fooling_rate=0.130  |delta|_inf=0.2000  elapsed=2196.9s
    [Trigger] iter  47/200  fooling_rate=0.126  |delta|_inf=0.2000  elapsed=2244.6s
    [Trigger] iter  48/200  fooling_rate=0.134  |delta|_inf=0.2000  elapsed=2291.6s
    [Trigger] iter  49/200  fooling_rate=0.134  |delta|_inf=0.2000  elapsed=2338.5s
    [Trigger] iter  50/200  fooling_rate=0.134  |delta|_inf=0.2000  elapsed=2385.9s
    [Trigger] iter  51/200  fooling_rate=0.134  |delta|_inf=0.2000  elapsed=2434.5s
    [Trigger] iter  52/200  fooling_rate=0.130  |delta|_inf=0.2000  elapsed=2482.2s
    [Trigger] iter  53/200  fooling_rate=0.118  |delta|_inf=0.2000  elapsed=2528.9s
    [Trigger] iter  54/200  fooling_rate=0.124  |delta|_inf=0.2000  elapsed=2575.9s
    [Trigger] iter  55/200  fooling_rate=0.118  |delta|_inf=0.2000  elapsed=2623.0s
    [Trigger] iter  56/200  fooling_rate=0.134  |delta|_inf=0.2000  elapsed=2669.7s
    [Trigger] iter  57/200  fooling_rate=0.134  |delta|_inf=0.2000  elapsed=2717.4s
    [Trigger] iter  58/200  fooling_rate=0.132  |delta|_inf=0.2000  elapsed=2765.3s
    [Trigger] iter  59/200  fooling_rate=0.134  |delta|_inf=0.2000  elapsed=2814.0s
    [Trigger] iter  60/200  fooling_rate=0.130  |delta|_inf=0.2000  elapsed=2862.6s
    [Trigger] iter  61/200  fooling_rate=0.112  |delta|_inf=0.2000  elapsed=2910.4s
    [Trigger] iter  62/200  fooling_rate=0.134  |delta|_inf=0.2000  elapsed=2957.5s
    [Trigger] iter  63/200  fooling_rate=0.050  |delta|_inf=0.2000  elapsed=3005.5s
    [Trigger] iter  64/200  fooling_rate=0.054  |delta|_inf=0.2000  elapsed=3054.2s
    [Trigger] iter  65/200  fooling_rate=0.130  |delta|_inf=0.2000  elapsed=3102.8s
    [Trigger] iter  66/200  fooling_rate=0.134  |delta|_inf=0.2000  elapsed=3150.5s
    [Trigger] iter  67/200  fooling_rate=0.128  |delta|_inf=0.2000  elapsed=3198.9s
    [Trigger] iter  68/200  fooling_rate=0.118  |delta|_inf=0.2000  elapsed=3245.7s
    [Trigger] iter  69/200  fooling_rate=0.128  |delta|_inf=0.2000  elapsed=3292.6s
    [Trigger] iter  70/200  fooling_rate=0.134  |delta|_inf=0.2000  elapsed=3339.2s
    [Trigger] iter  71/200  fooling_rate=0.134  |delta|_inf=0.2000  elapsed=3386.0s
    [Trigger] iter  72/200  fooling_rate=0.134  |delta|_inf=0.2000  elapsed=3433.6s
    [Trigger] iter  73/200  fooling_rate=0.118  |delta|_inf=0.2000  elapsed=3481.1s
    [Trigger] iter  74/200  fooling_rate=0.076  |delta|_inf=0.2000  elapsed=3528.2s
    [Trigger] iter  75/200  fooling_rate=0.106  |delta|_inf=0.2000  elapsed=3575.4s
    [Trigger] iter  76/200  fooling_rate=0.134  |delta|_inf=0.2000  elapsed=3624.3s
    [Trigger] iter  77/200  fooling_rate=0.100  |delta|_inf=0.2000  elapsed=3672.4s
    [Trigger] iter  78/200  fooling_rate=0.094  |delta|_inf=0.2000  elapsed=3722.1s
    [Trigger] iter  79/200  fooling_rate=0.134  |delta|_inf=0.2000  elapsed=3773.6s
    [Trigger] iter  80/200  fooling_rate=0.130  |delta|_inf=0.2000  elapsed=3822.1s
    [Trigger] iter  81/200  fooling_rate=0.134  |delta|_inf=0.2000  elapsed=3871.8s
    [Trigger] iter  82/200  fooling_rate=0.102  |delta|_inf=0.2000  elapsed=3918.6s
    [Trigger] iter  83/200  fooling_rate=0.134  |delta|_inf=0.2000  elapsed=3965.8s
    [Trigger] iter  84/200  fooling_rate=0.134  |delta|_inf=0.2000  elapsed=4012.8s
    [Trigger] iter  85/200  fooling_rate=0.136  |delta|_inf=0.2000  elapsed=4059.7s
    [Trigger] iter  86/200  fooling_rate=0.128  |delta|_inf=0.2000  elapsed=4108.5s
    [Trigger] iter  87/200  fooling_rate=0.134  |delta|_inf=0.2000  elapsed=4155.6s
    [Trigger] iter  88/200  fooling_rate=0.128  |delta|_inf=0.2000  elapsed=4203.3s
    [Trigger] iter  89/200  fooling_rate=0.134  |delta|_inf=0.2000  elapsed=4250.3s
    [Trigger] iter  90/200  fooling_rate=0.134  |delta|_inf=0.2000  elapsed=4298.2s
    [Trigger] iter  91/200  fooling_rate=0.134  |delta|_inf=0.2000  elapsed=4349.3s
    [Trigger] iter  92/200  fooling_rate=0.126  |delta|_inf=0.2000  elapsed=4397.1s
    [Trigger] iter  93/200  fooling_rate=0.134  |delta|_inf=0.2000  elapsed=4445.1s
    [Trigger] iter  94/200  fooling_rate=0.098  |delta|_inf=0.2000  elapsed=4492.1s
    [Trigger] iter  95/200  fooling_rate=0.134  |delta|_inf=0.2000  elapsed=4539.5s
    [Trigger] iter  96/200  fooling_rate=0.116  |delta|_inf=0.2000  elapsed=4587.0s
    [Trigger] iter  97/200  fooling_rate=0.106  |delta|_inf=0.2000  elapsed=4634.2s
    [Trigger] iter  98/200  fooling_rate=0.118  |delta|_inf=0.2000  elapsed=4681.3s
    [Trigger] iter  99/200  fooling_rate=0.116  |delta|_inf=0.2000  elapsed=4728.6s
    [Trigger] iter 100/200  fooling_rate=0.128  |delta|_inf=0.2000  elapsed=4775.7s
    [Trigger] iter 101/200  fooling_rate=0.128  |delta|_inf=0.2000  elapsed=4823.2s
    [Trigger] iter 102/200  fooling_rate=0.098  |delta|_inf=0.2000  elapsed=4870.6s
    [Trigger] iter 103/200  fooling_rate=0.082  |delta|_inf=0.2000  elapsed=4917.4s
    [Trigger] iter 104/200  fooling_rate=0.126  |delta|_inf=0.2000  elapsed=4966.8s
    [Trigger] iter 105/200  fooling_rate=0.128  |delta|_inf=0.2000  elapsed=5013.8s
    [Trigger] iter 106/200  fooling_rate=0.134  |delta|_inf=0.2000  elapsed=5063.1s
    [Trigger] iter 107/200  fooling_rate=0.128  |delta|_inf=0.2000  elapsed=5111.5s
    [Trigger] iter 108/200  fooling_rate=0.128  |delta|_inf=0.2000  elapsed=5158.5s
    [Trigger] iter 109/200  fooling_rate=0.112  |delta|_inf=0.2000  elapsed=5206.3s
    [Trigger] iter 110/200  fooling_rate=0.090  |delta|_inf=0.2000  elapsed=5255.2s
    [Trigger] iter 111/200  fooling_rate=0.132  |delta|_inf=0.2000  elapsed=5302.1s
    [Trigger] iter 112/200  fooling_rate=0.060  |delta|_inf=0.2000  elapsed=5349.1s
    [Trigger] iter 113/200  fooling_rate=0.102  |delta|_inf=0.2000  elapsed=5397.2s
    [Trigger] iter 114/200  fooling_rate=0.102  |delta|_inf=0.2000  elapsed=5444.2s
    [Trigger] iter 115/200  fooling_rate=0.112  |delta|_inf=0.2000  elapsed=5491.9s
    [Trigger] iter 116/200  fooling_rate=0.110  |delta|_inf=0.2000  elapsed=5539.2s
    [Trigger] iter 117/200  fooling_rate=0.124  |delta|_inf=0.2000  elapsed=5586.4s
    [Trigger] iter 118/200  fooling_rate=0.106  |delta|_inf=0.2000  elapsed=5633.8s
    [Trigger] iter 119/200  fooling_rate=0.132  |delta|_inf=0.2000  elapsed=5682.3s
    [Trigger] iter 120/200  fooling_rate=0.128  |delta|_inf=0.2000  elapsed=5730.2s
    [Trigger] iter 121/200  fooling_rate=0.128  |delta|_inf=0.2000  elapsed=5778.7s
    [Trigger] iter 122/200  fooling_rate=0.062  |delta|_inf=0.2000  elapsed=5825.9s
    [Trigger] iter 123/200  fooling_rate=0.134  |delta|_inf=0.2000  elapsed=5873.2s
    [Trigger] iter 124/200  fooling_rate=0.134  |delta|_inf=0.2000  elapsed=5920.3s
    [Trigger] iter 125/200  fooling_rate=0.100  |delta|_inf=0.2000  elapsed=5968.2s
    [Trigger] iter 126/200  fooling_rate=0.134  |delta|_inf=0.2000  elapsed=6017.6s
    [Trigger] iter 127/200  fooling_rate=0.130  |delta|_inf=0.2000  elapsed=6066.2s
    [Trigger] iter 128/200  fooling_rate=0.132  |delta|_inf=0.2000  elapsed=6113.4s
    [Trigger] iter 129/200  fooling_rate=0.102  |delta|_inf=0.2000  elapsed=6160.3s
    [Trigger] iter 130/200  fooling_rate=0.102  |delta|_inf=0.2000  elapsed=6209.1s
    [Trigger] iter 131/200  fooling_rate=0.134  |delta|_inf=0.2000  elapsed=6257.4s
    [Trigger] iter 132/200  fooling_rate=0.134  |delta|_inf=0.2000  elapsed=6304.6s
    [Trigger] iter 133/200  fooling_rate=0.140  |delta|_inf=0.2000  elapsed=6351.5s
    [Trigger] iter 134/200  fooling_rate=0.102  |delta|_inf=0.2000  elapsed=6399.1s
    [Trigger] iter 135/200  fooling_rate=0.126  |delta|_inf=0.2000  elapsed=6447.7s
    [Trigger] iter 136/200  fooling_rate=0.134  |delta|_inf=0.2000  elapsed=6496.2s
    [Trigger] iter 137/200  fooling_rate=0.134  |delta|_inf=0.2000  elapsed=6543.8s
    [Trigger] iter 138/200  fooling_rate=0.130  |delta|_inf=0.2000  elapsed=6591.4s
    [Trigger] iter 139/200  fooling_rate=0.134  |delta|_inf=0.2000  elapsed=6640.7s
    [Trigger] iter 140/200  fooling_rate=0.134  |delta|_inf=0.2000  elapsed=6689.0s
    [Trigger] iter 141/200  fooling_rate=0.134  |delta|_inf=0.2000  elapsed=6737.0s
    [Trigger] iter 142/200  fooling_rate=0.128  |delta|_inf=0.2000  elapsed=6784.8s
    [Trigger] iter 143/200  fooling_rate=0.062  |delta|_inf=0.2000  elapsed=6831.9s
    [Trigger] iter 144/200  fooling_rate=0.134  |delta|_inf=0.2000  elapsed=6878.8s
    [Trigger] iter 145/200  fooling_rate=0.130  |delta|_inf=0.2000  elapsed=6925.2s
    [Trigger] iter 146/200  fooling_rate=0.102  |delta|_inf=0.2000  elapsed=6972.2s
    [Trigger] iter 147/200  fooling_rate=0.090  |delta|_inf=0.2000  elapsed=7020.9s
    [Trigger] iter 148/200  fooling_rate=0.094  |delta|_inf=0.2000  elapsed=7068.8s
    [Trigger] iter 149/200  fooling_rate=0.130  |delta|_inf=0.2000  elapsed=7117.7s
    [Trigger] iter 150/200  fooling_rate=0.124  |delta|_inf=0.2000  elapsed=7165.0s
    [Trigger] iter 151/200  fooling_rate=0.140  |delta|_inf=0.2000  elapsed=7213.0s
    [Trigger] iter 152/200  fooling_rate=0.134  |delta|_inf=0.2000  elapsed=7260.0s
    [Trigger] iter 153/200  fooling_rate=0.086  |delta|_inf=0.2000  elapsed=7307.9s
    [Trigger] iter 154/200  fooling_rate=0.140  |delta|_inf=0.2000  elapsed=7354.8s
    [Trigger] iter 155/200  fooling_rate=0.102  |delta|_inf=0.2000  elapsed=7402.7s
    [Trigger] iter 156/200  fooling_rate=0.140  |delta|_inf=0.2000  elapsed=7449.3s
    [Trigger] iter 157/200  fooling_rate=0.130  |delta|_inf=0.2000  elapsed=7496.0s
    [Trigger] iter 158/200  fooling_rate=0.134  |delta|_inf=0.2000  elapsed=7543.6s
    [Trigger] iter 159/200  fooling_rate=0.134  |delta|_inf=0.2000  elapsed=7590.7s
    [Trigger] iter 160/200  fooling_rate=0.102  |delta|_inf=0.2000  elapsed=7638.1s
    [Trigger] iter 161/200  fooling_rate=0.122  |delta|_inf=0.2000  elapsed=7685.5s
    [Trigger] iter 162/200  fooling_rate=0.134  |delta|_inf=0.2000  elapsed=7733.4s
    [Trigger] iter 163/200  fooling_rate=0.120  |delta|_inf=0.2000  elapsed=7780.5s
    [Trigger] iter 164/200  fooling_rate=0.106  |delta|_inf=0.2000  elapsed=7830.7s
    [Trigger] iter 165/200  fooling_rate=0.112  |delta|_inf=0.2000  elapsed=7878.4s
    [Trigger] iter 166/200  fooling_rate=0.054  |delta|_inf=0.2000  elapsed=7926.1s
    [Trigger] iter 167/200  fooling_rate=0.120  |delta|_inf=0.2000  elapsed=7974.6s
    [Trigger] iter 168/200  fooling_rate=0.106  |delta|_inf=0.2000  elapsed=8022.8s
    [Trigger] iter 169/200  fooling_rate=0.140  |delta|_inf=0.2000  elapsed=8069.7s
    [Trigger] iter 170/200  fooling_rate=0.112  |delta|_inf=0.2000  elapsed=8116.9s
    [Trigger] iter 171/200  fooling_rate=0.134  |delta|_inf=0.2000  elapsed=8165.6s
    [Trigger] iter 172/200  fooling_rate=0.118  |delta|_inf=0.2000  elapsed=8212.6s
    [Trigger] iter 173/200  fooling_rate=0.124  |delta|_inf=0.2000  elapsed=8261.0s
    [Trigger] iter 174/200  fooling_rate=0.118  |delta|_inf=0.2000  elapsed=8307.7s
    [Trigger] iter 175/200  fooling_rate=0.122  |delta|_inf=0.2000  elapsed=8354.5s
    [Trigger] iter 176/200  fooling_rate=0.140  |delta|_inf=0.2000  elapsed=8401.4s
    [Trigger] iter 177/200  fooling_rate=0.118  |delta|_inf=0.2000  elapsed=8449.8s
    [Trigger] iter 178/200  fooling_rate=0.094  |delta|_inf=0.2000  elapsed=8497.5s
    [Trigger] iter 179/200  fooling_rate=0.062  |delta|_inf=0.2000  elapsed=8544.6s
    [Trigger] iter 180/200  fooling_rate=0.076  |delta|_inf=0.2000  elapsed=8591.4s
    [Trigger] iter 181/200  fooling_rate=0.118  |delta|_inf=0.2000  elapsed=8638.2s
    [Trigger] iter 182/200  fooling_rate=0.100  |delta|_inf=0.2000  elapsed=8685.4s
    [Trigger] iter 183/200  fooling_rate=0.134  |delta|_inf=0.2000  elapsed=8732.3s
    [Trigger] iter 184/200  fooling_rate=0.130  |delta|_inf=0.2000  elapsed=8778.9s
    [Trigger] iter 185/200  fooling_rate=0.128  |delta|_inf=0.2000  elapsed=8826.5s
    [Trigger] iter 186/200  fooling_rate=0.062  |delta|_inf=0.2000  elapsed=8874.5s
    [Trigger] iter 187/200  fooling_rate=0.118  |delta|_inf=0.2000  elapsed=8923.5s
    [Trigger] iter 188/200  fooling_rate=0.098  |delta|_inf=0.2000  elapsed=8970.8s
    [Trigger] iter 189/200  fooling_rate=0.124  |delta|_inf=0.2000  elapsed=9019.5s
    [Trigger] iter 190/200  fooling_rate=0.140  |delta|_inf=0.2000  elapsed=9069.0s
    [Trigger] iter 191/200  fooling_rate=0.062  |delta|_inf=0.2000  elapsed=9117.8s
    [Trigger] iter 192/200  fooling_rate=0.128  |delta|_inf=0.2000  elapsed=9165.3s
    [Trigger] iter 193/200  fooling_rate=0.124  |delta|_inf=0.2000  elapsed=9213.5s
    [Trigger] iter 194/200  fooling_rate=0.140  |delta|_inf=0.2000  elapsed=9260.9s
    [Trigger] iter 195/200  fooling_rate=0.128  |delta|_inf=0.2000  elapsed=9307.9s
    [Trigger] iter 196/200  fooling_rate=0.100  |delta|_inf=0.2000  elapsed=9357.2s
    [Trigger] iter 197/200  fooling_rate=0.128  |delta|_inf=0.2000  elapsed=9405.5s
    [Trigger] iter 198/200  fooling_rate=0.116  |delta|_inf=0.2000  elapsed=9454.8s
    [Trigger] iter 199/200  fooling_rate=0.134  |delta|_inf=0.2000  elapsed=9503.9s
    [Trigger] iter 200/200  fooling_rate=0.102  |delta|_inf=0.2000  elapsed=9552.1s
  Trigger saved.  |delta|_inf=0.2000  |delta|_2=0.5292
  Final proxy fooling rate: 0.102

====================================================================
 PHASE 3 — Victim training across poison ratios
====================================================================

────────────────────────────────────────────────────────────────────
 Poison ratio : 0.1
────────────────────────────────────────────────────────────────────
  [Poison] ratio=0.1  poisoned 70/700 target-class samples

  [Best model] ratio=0.1  CA=44.92%  saved -> huang_az_ang_l2_best_ratio01.pt
  [Ratio 0.1]  CA=44.92+/-0.00%  ASR=1.40+/-0.00%

────────────────────────────────────────────────────────────────────
 Poison ratio : 0.3
────────────────────────────────────────────────────────────────────
  [Poison] ratio=0.3  poisoned 210/700 target-class samples

  [Best model] ratio=0.3  CA=44.93%  saved -> huang_az_ang_l2_best_ratio03.pt
  [Ratio 0.3]  CA=44.93+/-0.00%  ASR=34.26+/-0.00%

────────────────────────────────────────────────────────────────────
 Poison ratio : 0.5
────────────────────────────────────────────────────────────────────
  [Poison] ratio=0.5  poisoned 350/700 target-class samples

  [Best model] ratio=0.5  CA=44.79%  saved -> huang_az_ang_l2_best_ratio05.pt
  [Ratio 0.5]  CA=44.79+/-0.00%  ASR=58.72+/-0.00%

====================================================================
 Experiment complete.  Summary -> runs/huang_az_ang_l2_summary.csv
====================================================================
  Ratio       CA mean   CA std   ASR mean  ASR std
  ────────────────────────────────────────────────
  0.1           44.92     0.00       1.40     0.00
  0.3           44.93     0.00      34.26     0.00
  0.5           44.79     0.00      58.72     0.00
====================================================================

============================================================
 End time  : Sun Mar 15 08:29:34 AM MDT 2026
 Exit code : 0
============================================================
