Python 3.10.19
/home/vcadena1/work/Nowmi/Sok/quid_env/bin/python
Python 3.10.19
========================================
Job ID      : 14228
Node        : hopper001
GPUs        : 0
CPUs        : 8
Start time  : Thu Mar 12 04:56:18 PM MDT 2026
========================================
Thu Mar 12 16:56:18 2026       
+-----------------------------------------------------------------------------------------+
| NVIDIA-SMI 575.51.03              Driver Version: 575.51.03      CUDA Version: 12.9     |
|-----------------------------------------+------------------------+----------------------+
| GPU  Name                 Persistence-M | Bus-Id          Disp.A | Volatile Uncorr. ECC |
| Fan  Temp   Perf          Pwr:Usage/Cap |           Memory-Usage | GPU-Util  Compute M. |
|                                         |                        |               MIG M. |
|=========================================+========================+======================|
|   0  NVIDIA H100 80GB HBM3          Off |   00000000:61:00.0 Off |                    0 |
| N/A   33C    P0             70W /  700W |       0MiB /  81559MiB |      0%      Default |
|                                         |                        |             Disabled |
+-----------------------------------------+------------------------+----------------------+
                                                                                         
+-----------------------------------------------------------------------------------------+
| Processes:                                                                              |
|  GPU   GI   CI              PID   Type   Process name                        GPU Memory |
|        ID   ID                                                               Usage      |
|=========================================================================================|
|  No running processes found                                                             |
+-----------------------------------------------------------------------------------------+
Changing directory...
Now in: /work/vcadena1/Nowmi/Sok/Qtrojan/MNIST/angle/layer10
Files: logs
qtrojan_ang_l10.slurm
qtrojan_mnist_angle_l10.py
Running python script...
====================================================================
 QTrojan | MNIST 10-class | 9-qubit AngleEmbedding (lightning.qubit)
 Stratified subset : 700 samples/class = 7000 total
 Target class      : 0  |  theta_target : 0.7854 rad
 Early stopping    : patience=5, min_delta=0.0001, max_epochs=30
====================================================================
[Device] cuda
[GPU]    NVIDIA H100 80GB HBM3
Number of classes: 10
[Data] Full train: (60000, 9)  Test: (10000, 9)
[Data] Stratified train subset: (7000, 9)  (class 0: 700 samples)

====================================================================
 [Run 1/3]
====================================================================
  [Run 1/3] Epoch 01/30  train_acc=11.30%  test_acc=15.97%  train_loss=2.2961  val_loss=2.2651  best_val=2.2651  es_counter=0
  [Run 1/3] Epoch 02/30  train_acc=17.30%  test_acc=20.17%  train_loss=2.2186  val_loss=2.1706  best_val=2.1706  es_counter=0
  [Run 1/3] Epoch 03/30  train_acc=24.01%  test_acc=27.28%  train_loss=2.1163  val_loss=2.0735  best_val=2.0735  es_counter=0
  [Run 1/3] Epoch 04/30  train_acc=27.30%  test_acc=29.32%  train_loss=2.0368  val_loss=2.0031  best_val=2.0031  es_counter=0
  [Run 1/3] Epoch 05/30  train_acc=30.30%  test_acc=34.93%  train_loss=1.9698  val_loss=1.9343  best_val=1.9343  es_counter=0
  [Run 1/3] Epoch 06/30  train_acc=34.71%  test_acc=36.83%  train_loss=1.9014  val_loss=1.8638  best_val=1.8638  es_counter=0
  [Run 1/3] Epoch 07/30  train_acc=38.27%  test_acc=41.91%  train_loss=1.8342  val_loss=1.7943  best_val=1.7943  es_counter=0
  [Run 1/3] Epoch 08/30  train_acc=41.23%  test_acc=44.40%  train_loss=1.7724  val_loss=1.7321  best_val=1.7321  es_counter=0
  [Run 1/3] Epoch 09/30  train_acc=43.33%  test_acc=45.59%  train_loss=1.7187  val_loss=1.6791  best_val=1.6791  es_counter=0
  [Run 1/3] Epoch 10/30  train_acc=44.77%  test_acc=46.65%  train_loss=1.6724  val_loss=1.6333  best_val=1.6333  es_counter=0
  [Run 1/3] Epoch 11/30  train_acc=45.80%  test_acc=48.64%  train_loss=1.6327  val_loss=1.5954  best_val=1.5954  es_counter=0
  [Run 1/3] Epoch 12/30  train_acc=46.87%  test_acc=49.10%  train_loss=1.5978  val_loss=1.5615  best_val=1.5615  es_counter=0
  [Run 1/3] Epoch 13/30  train_acc=48.04%  test_acc=50.16%  train_loss=1.5685  val_loss=1.5335  best_val=1.5335  es_counter=0
  [Run 1/3] Epoch 14/30  train_acc=48.57%  test_acc=51.47%  train_loss=1.5431  val_loss=1.5099  best_val=1.5099  es_counter=0
  [Run 1/3] Epoch 15/30  train_acc=49.06%  test_acc=52.19%  train_loss=1.5200  val_loss=1.4905  best_val=1.4905  es_counter=0
  [Run 1/3] Epoch 16/30  train_acc=49.97%  test_acc=51.48%  train_loss=1.4998  val_loss=1.4652  best_val=1.4652  es_counter=0
  [Run 1/3] Epoch 17/30  train_acc=50.57%  test_acc=53.00%  train_loss=1.4837  val_loss=1.4494  best_val=1.4494  es_counter=0
  [Run 1/3] Epoch 18/30  train_acc=51.37%  test_acc=53.25%  train_loss=1.4658  val_loss=1.4340  best_val=1.4340  es_counter=0
  [Run 1/3] Epoch 19/30  train_acc=51.69%  test_acc=53.36%  train_loss=1.4535  val_loss=1.4180  best_val=1.4180  es_counter=0
  [Run 1/3] Epoch 20/30  train_acc=51.60%  test_acc=53.86%  train_loss=1.4401  val_loss=1.4079  best_val=1.4079  es_counter=0
  [Run 1/3] Epoch 21/30  train_acc=52.41%  test_acc=54.47%  train_loss=1.4278  val_loss=1.3954  best_val=1.3954  es_counter=0
  [Run 1/3] Epoch 22/30  train_acc=52.41%  test_acc=55.08%  train_loss=1.4159  val_loss=1.3862  best_val=1.3862  es_counter=0
  [Run 1/3] Epoch 23/30  train_acc=53.41%  test_acc=55.14%  train_loss=1.4046  val_loss=1.3730  best_val=1.3730  es_counter=0
  [Run 1/3] Epoch 24/30  train_acc=53.31%  test_acc=55.18%  train_loss=1.3982  val_loss=1.3693  best_val=1.3693  es_counter=0
  [Run 1/3] Epoch 25/30  train_acc=53.54%  test_acc=55.70%  train_loss=1.3866  val_loss=1.3555  best_val=1.3555  es_counter=0
  [Run 1/3] Epoch 26/30  train_acc=53.99%  test_acc=56.53%  train_loss=1.3778  val_loss=1.3471  best_val=1.3471  es_counter=0
  [Run 1/3] Epoch 27/30  train_acc=54.00%  test_acc=56.53%  train_loss=1.3684  val_loss=1.3392  best_val=1.3392  es_counter=0
  [Run 1/3] Epoch 28/30  train_acc=54.57%  test_acc=56.59%  train_loss=1.3617  val_loss=1.3304  best_val=1.3304  es_counter=0
  [Run 1/3] Epoch 29/30  train_acc=54.51%  test_acc=56.98%  train_loss=1.3580  val_loss=1.3258  best_val=1.3258  es_counter=0
  [Run 1/3] Epoch 30/30  train_acc=54.73%  test_acc=56.90%  train_loss=1.3482  val_loss=1.3145  best_val=1.3145  es_counter=0

  [Run 1/3] Training done in 67626.9s  | Epochs: 30  | Best val_loss: 1.3145

  [Run 1/3] [Backdoor DISABLED] Clean-Data Accuracy (CDA):
  [Run 1/3] CDA: 56.90%

  [Run 1/3] [Backdoor ENABLED]  Attack Success Rate (ASR):
  [Run 1/3] ASR -> class 0: 18.59%

  [Run 1/3] [Backdoor DISABLED] Full evaluation metrics:
    Accuracy    : 0.5690
    Loss        : 1.3150
    Precision   : 0.5581
    Recall      : 0.5638
    F1          : 0.5609
    Fpr         : 0.0479
    Fnr         : 0.4362
    Roc_auc     : 0.9026
    Pr_auc      : 0.5963
  [Run 1/3] Metrics -> qtrojan/qtrojan_run1-layer10_metrics.csv
  [Run 1/3] Epochs  -> qtrojan/qtrojan_run1-layer10_epochs.csv

====================================================================
 [Run 2/3]
====================================================================
  [Run 2/3] Epoch 01/30  train_acc=12.44%  test_acc=23.95%  train_loss=2.2981  val_loss=2.2630  best_val=2.2630  es_counter=0
  [Run 2/3] Epoch 02/30  train_acc=24.71%  test_acc=29.58%  train_loss=2.2239  val_loss=2.1660  best_val=2.1660  es_counter=0
  [Run 2/3] Epoch 03/30  train_acc=30.56%  test_acc=37.23%  train_loss=2.1175  val_loss=2.0436  best_val=2.0436  es_counter=0
  [Run 2/3] Epoch 04/30  train_acc=36.64%  test_acc=40.64%  train_loss=1.9949  val_loss=1.9158  best_val=1.9158  es_counter=0
  [Run 2/3] Epoch 05/30  train_acc=39.09%  test_acc=41.27%  train_loss=1.8815  val_loss=1.8089  best_val=1.8089  es_counter=0
  [Run 2/3] Epoch 06/30  train_acc=40.53%  test_acc=44.06%  train_loss=1.7919  val_loss=1.7285  best_val=1.7285  es_counter=0
  [Run 2/3] Epoch 07/30  train_acc=43.03%  test_acc=45.86%  train_loss=1.7234  val_loss=1.6656  best_val=1.6656  es_counter=0
  [Run 2/3] Epoch 08/30  train_acc=45.09%  test_acc=47.96%  train_loss=1.6671  val_loss=1.6125  best_val=1.6125  es_counter=0
  [Run 2/3] Epoch 09/30  train_acc=47.13%  test_acc=49.84%  train_loss=1.6175  val_loss=1.5665  best_val=1.5665  es_counter=0
  [Run 2/3] Epoch 10/30  train_acc=48.37%  test_acc=51.24%  train_loss=1.5774  val_loss=1.5258  best_val=1.5258  es_counter=0
  [Run 2/3] Epoch 11/30  train_acc=49.41%  test_acc=52.06%  train_loss=1.5374  val_loss=1.4918  best_val=1.4918  es_counter=0
  [Run 2/3] Epoch 12/30  train_acc=50.73%  test_acc=53.69%  train_loss=1.5062  val_loss=1.4604  best_val=1.4604  es_counter=0
  [Run 2/3] Epoch 13/30  train_acc=51.56%  test_acc=53.36%  train_loss=1.4762  val_loss=1.4281  best_val=1.4281  es_counter=0
  [Run 2/3] Epoch 14/30  train_acc=51.84%  test_acc=55.07%  train_loss=1.4497  val_loss=1.4089  best_val=1.4089  es_counter=0
  [Run 2/3] Epoch 15/30  train_acc=52.73%  test_acc=55.29%  train_loss=1.4250  val_loss=1.3803  best_val=1.3803  es_counter=0
  [Run 2/3] Epoch 16/30  train_acc=53.57%  test_acc=55.85%  train_loss=1.4032  val_loss=1.3578  best_val=1.3578  es_counter=0
  [Run 2/3] Epoch 17/30  train_acc=54.11%  test_acc=56.20%  train_loss=1.3842  val_loss=1.3378  best_val=1.3378  es_counter=0
  [Run 2/3] Epoch 18/30  train_acc=54.47%  test_acc=56.66%  train_loss=1.3663  val_loss=1.3215  best_val=1.3215  es_counter=0
  [Run 2/3] Epoch 19/30  train_acc=55.24%  test_acc=57.08%  train_loss=1.3477  val_loss=1.3068  best_val=1.3068  es_counter=0
  [Run 2/3] Epoch 20/30  train_acc=55.61%  test_acc=57.44%  train_loss=1.3320  val_loss=1.2914  best_val=1.2914  es_counter=0
  [Run 2/3] Epoch 21/30  train_acc=55.90%  test_acc=57.55%  train_loss=1.3176  val_loss=1.2747  best_val=1.2747  es_counter=0
  [Run 2/3] Epoch 22/30  train_acc=56.09%  test_acc=58.49%  train_loss=1.3057  val_loss=1.2655  best_val=1.2655  es_counter=0
  [Run 2/3] Epoch 23/30  train_acc=56.37%  test_acc=58.37%  train_loss=1.2934  val_loss=1.2479  best_val=1.2479  es_counter=0
  [Run 2/3] Epoch 24/30  train_acc=56.79%  test_acc=58.42%  train_loss=1.2816  val_loss=1.2458  best_val=1.2458  es_counter=0
  [Run 2/3] Epoch 25/30  train_acc=57.43%  test_acc=59.18%  train_loss=1.2719  val_loss=1.2278  best_val=1.2278  es_counter=0
  [Run 2/3] Epoch 26/30  train_acc=57.33%  test_acc=59.64%  train_loss=1.2618  val_loss=1.2171  best_val=1.2171  es_counter=0
  [Run 2/3] Epoch 27/30  train_acc=57.43%  test_acc=60.07%  train_loss=1.2496  val_loss=1.2064  best_val=1.2064  es_counter=0
  [Run 2/3] Epoch 28/30  train_acc=58.00%  test_acc=60.45%  train_loss=1.2400  val_loss=1.1939  best_val=1.1939  es_counter=0
  [Run 2/3] Epoch 29/30  train_acc=58.39%  test_acc=60.71%  train_loss=1.2310  val_loss=1.1890  best_val=1.1890  es_counter=0
  [Run 2/3] Epoch 30/30  train_acc=58.73%  test_acc=60.88%  train_loss=1.2198  val_loss=1.1759  best_val=1.1759  es_counter=0

  [Run 2/3] Training done in 70045.0s  | Epochs: 30  | Best val_loss: 1.1759

  [Run 2/3] [Backdoor DISABLED] Clean-Data Accuracy (CDA):
  [Run 2/3] CDA: 60.88%

  [Run 2/3] [Backdoor ENABLED]  Attack Success Rate (ASR):
  [Run 2/3] ASR -> class 0: 0.90%

  [Run 2/3] [Backdoor DISABLED] Full evaluation metrics:
    Accuracy    : 0.6088
    Loss        : 1.1766
    Precision   : 0.5888
    Recall      : 0.6014
    F1          : 0.5951
    Fpr         : 0.0435
    Fnr         : 0.3986
    Roc_auc     : 0.9179
    Pr_auc      : 0.6355
  [Run 2/3] Metrics -> qtrojan/qtrojan_run2-layer10_metrics.csv
  [Run 2/3] Epochs  -> qtrojan/qtrojan_run2-layer10_epochs.csv

====================================================================
 [Run 3/3]
====================================================================
  [Run 3/3] Epoch 01/30  train_acc=11.99%  test_acc=19.07%  train_loss=2.2898  val_loss=2.2487  best_val=2.2487  es_counter=0
  [Run 3/3] Epoch 02/30  train_acc=23.23%  test_acc=31.24%  train_loss=2.1870  val_loss=2.0991  best_val=2.0991  es_counter=0
  [Run 3/3] Epoch 03/30  train_acc=31.53%  test_acc=33.94%  train_loss=2.0327  val_loss=1.9446  best_val=1.9446  es_counter=0
  [Run 3/3] Epoch 04/30  train_acc=33.27%  test_acc=35.80%  train_loss=1.9105  val_loss=1.8405  best_val=1.8405  es_counter=0
  [Run 3/3] Epoch 05/30  train_acc=34.04%  test_acc=37.24%  train_loss=1.8303  val_loss=1.7742  best_val=1.7742  es_counter=0
  [Run 3/3] Epoch 06/30  train_acc=36.03%  test_acc=37.53%  train_loss=1.7804  val_loss=1.7299  best_val=1.7299  es_counter=0
  [Run 3/3] Epoch 07/30  train_acc=36.56%  test_acc=39.72%  train_loss=1.7435  val_loss=1.6968  best_val=1.6968  es_counter=0
  [Run 3/3] Epoch 08/30  train_acc=37.73%  test_acc=40.13%  train_loss=1.7180  val_loss=1.6763  best_val=1.6763  es_counter=0
  [Run 3/3] Epoch 09/30  train_acc=39.46%  test_acc=42.66%  train_loss=1.6957  val_loss=1.6512  best_val=1.6512  es_counter=0
  [Run 3/3] Epoch 10/30  train_acc=40.77%  test_acc=42.88%  train_loss=1.6748  val_loss=1.6308  best_val=1.6308  es_counter=0
  [Run 3/3] Epoch 11/30  train_acc=41.41%  test_acc=44.69%  train_loss=1.6583  val_loss=1.6182  best_val=1.6182  es_counter=0
  [Run 3/3] Epoch 12/30  train_acc=42.89%  test_acc=44.29%  train_loss=1.6425  val_loss=1.6092  best_val=1.6092  es_counter=0
  [Run 3/3] Epoch 13/30  train_acc=43.44%  test_acc=45.20%  train_loss=1.6289  val_loss=1.5874  best_val=1.5874  es_counter=0
  [Run 3/3] Epoch 14/30  train_acc=43.44%  test_acc=47.09%  train_loss=1.6138  val_loss=1.5736  best_val=1.5736  es_counter=0
  [Run 3/3] Epoch 15/30  train_acc=44.66%  test_acc=47.19%  train_loss=1.6014  val_loss=1.5622  best_val=1.5622  es_counter=0
  [Run 3/3] Epoch 16/30  train_acc=45.01%  test_acc=47.56%  train_loss=1.5889  val_loss=1.5516  best_val=1.5516  es_counter=0
  [Run 3/3] Epoch 17/30  train_acc=45.59%  test_acc=48.21%  train_loss=1.5780  val_loss=1.5394  best_val=1.5394  es_counter=0
  [Run 3/3] Epoch 18/30  train_acc=45.71%  test_acc=48.65%  train_loss=1.5657  val_loss=1.5288  best_val=1.5288  es_counter=0
  [Run 3/3] Epoch 19/30  train_acc=46.49%  test_acc=48.74%  train_loss=1.5553  val_loss=1.5176  best_val=1.5176  es_counter=0
  [Run 3/3] Epoch 20/30  train_acc=46.27%  test_acc=48.58%  train_loss=1.5434  val_loss=1.5105  best_val=1.5105  es_counter=0
  [Run 3/3] Epoch 21/30  train_acc=46.94%  test_acc=49.11%  train_loss=1.5348  val_loss=1.5040  best_val=1.5040  es_counter=0
  [Run 3/3] Epoch 22/30  train_acc=47.50%  test_acc=50.23%  train_loss=1.5236  val_loss=1.4930  best_val=1.4930  es_counter=0
  [Run 3/3] Epoch 23/30  train_acc=47.81%  test_acc=50.16%  train_loss=1.5125  val_loss=1.4729  best_val=1.4729  es_counter=0
  [Run 3/3] Epoch 24/30  train_acc=48.06%  test_acc=50.89%  train_loss=1.5020  val_loss=1.4623  best_val=1.4623  es_counter=0
  [Run 3/3] Epoch 25/30  train_acc=49.04%  test_acc=51.06%  train_loss=1.4921  val_loss=1.4491  best_val=1.4491  es_counter=0
  [Run 3/3] Epoch 26/30  train_acc=49.01%  test_acc=51.38%  train_loss=1.4812  val_loss=1.4450  best_val=1.4450  es_counter=0
  [Run 3/3] Epoch 27/30  train_acc=49.79%  test_acc=51.82%  train_loss=1.4693  val_loss=1.4266  best_val=1.4266  es_counter=0
  [Run 3/3] Epoch 28/30  train_acc=50.31%  test_acc=52.82%  train_loss=1.4568  val_loss=1.4151  best_val=1.4151  es_counter=0
  [Run 3/3] Epoch 29/30  train_acc=51.11%  test_acc=52.99%  train_loss=1.4456  val_loss=1.4018  best_val=1.4018  es_counter=0
  [Run 3/3] Epoch 30/30  train_acc=51.20%  test_acc=53.90%  train_loss=1.4343  val_loss=1.3881  best_val=1.3881  es_counter=0

  [Run 3/3] Training done in 69036.6s  | Epochs: 30  | Best val_loss: 1.3881

  [Run 3/3] [Backdoor DISABLED] Clean-Data Accuracy (CDA):
  [Run 3/3] CDA: 53.90%

  [Run 3/3] [Backdoor ENABLED]  Attack Success Rate (ASR):
  [Run 3/3] ASR -> class 0: 0.00%

  [Run 3/3] [Backdoor DISABLED] Full evaluation metrics:
    Accuracy    : 0.5390
    Loss        : 1.3890
    Precision   : 0.5147
    Recall      : 0.5325
    F1          : 0.5234
    Fpr         : 0.0512
    Fnr         : 0.4675
    Roc_auc     : 0.8874
    Pr_auc      : 0.5590
  [Run 3/3] Metrics -> qtrojan/qtrojan_run3-layer10_metrics.csv
  [Run 3/3] Epochs  -> qtrojan/qtrojan_run3-layer10_epochs.csv
[Finalize] Best model (run 2, CDA=60.88%) -> qtrojan/qtrojan-layer10-noiseless-Angle_best.pt
[Finalize] Removed tmp checkpoint: qtrojan/qtrojan_run1-layer10-noiseless-Angle_tmp.pt
[Finalize] Removed tmp checkpoint: qtrojan/qtrojan_run3-layer10-noiseless-Angle_tmp.pt

====================================================================
 QTrojan Experiment Complete — Summary across 3 runs
====================================================================
  Run       CDA (%)    ASR (%)    Acc (%)    ROC-AUC   Epochs
  ----------------------------------------------------------
  1           56.90      18.59      56.90   0.902559       30
  2           60.88       0.90      60.88   0.917944       30
  3           53.90       0.00      53.90   0.887409       30
  ----------------------------------------------------------
  Mean        57.23       6.50
  Std          2.86        8.56

  Summary   -> runs/qtrojan_MNIST_angle_summary.csv
  Best model -> qtrojan/qtrojan-layer10-noiseless-Angle_best.pt
====================================================================
