Python 3.10.19
/home/clalarcon/work/Nowmi/Sok/quid_env/bin/python
Python 3.10.19
========================================
Job ID      : 14242
Node        : hopper002
GPUs        : MIG-8db24f16-d161-5d19-a852-b8552c5d7845
CPUs        : 8
Start time  : Sat Mar 14 05:49:53 PM MDT 2026
========================================
Sat Mar 14 17:49:53 2026       
+-----------------------------------------------------------------------------------------+
| NVIDIA-SMI 575.51.03              Driver Version: 575.51.03      CUDA Version: 12.9     |
|-----------------------------------------+------------------------+----------------------+
| GPU  Name                 Persistence-M | Bus-Id          Disp.A | Volatile Uncorr. ECC |
| Fan  Temp   Perf          Pwr:Usage/Cap |           Memory-Usage | GPU-Util  Compute M. |
|                                         |                        |               MIG M. |
|=========================================+========================+======================|
|   0  NVIDIA H100 80GB HBM3          Off |   00000000:1C:00.0 Off |                   On |
| N/A   31C    P0            121W /  700W |    1018MiB /  81559MiB |     N/A      Default |
|                                         |                        |              Enabled |
+-----------------------------------------+------------------------+----------------------+
|   1  NVIDIA H100 80GB HBM3          Off |   00000000:2B:00.0 Off |                   On |
| N/A   29C    P0             71W /  700W |     102MiB /  81559MiB |     N/A      Default |
|                                         |                        |              Enabled |
+-----------------------------------------+------------------------+----------------------+
|   2  NVIDIA H100 80GB HBM3          Off |   00000000:AC:00.0 Off |                   On |
| N/A   26C    P0             71W /  700W |     102MiB /  81559MiB |     N/A      Default |
|                                         |                        |              Enabled |
+-----------------------------------------+------------------------+----------------------+
|   3  NVIDIA H100 80GB HBM3          Off |   00000000:BC:00.0 Off |                   On |
| N/A   26C    P0             69W /  700W |     102MiB /  81559MiB |     N/A      Default |
|                                         |                        |              Enabled |
+-----------------------------------------+------------------------+----------------------+

+-----------------------------------------------------------------------------------------+
| MIG devices:                                                                            |
+------------------+----------------------------------+-----------+-----------------------+
| GPU  GI  CI  MIG |                     Memory-Usage |        Vol|        Shared         |
|      ID  ID  Dev |                       BAR1-Usage | SM     Unc| CE ENC  DEC  OFA  JPG |
|                  |                                  |        ECC|                       |
|==================+==================================+===========+=======================|
|  0    8   0   0  |              15MiB /  9984MiB    | 16      0 |  1   0    1    0    1 |
|                  |                 0MiB / 16383MiB  |           |                       |
+------------------+----------------------------------+-----------+-----------------------+
                                                                                         
+-----------------------------------------------------------------------------------------+
| Processes:                                                                              |
|  GPU   GI   CI              PID   Type   Process name                        GPU Memory |
|        ID   ID                                                               Usage      |
|=========================================================================================|
|  No running processes found                                                             |
+-----------------------------------------------------------------------------------------+
Changing directory...
Now in: /work/clalarcon/Nowmi/Sok/Qtrojan/AZ/angle/layer5
Files: logs
qtrojan
qtrojan_az23_ang_l5.slurm
qtrojan_az23_angle_l5.py
runs
Running python script...
====================================================================
 QTrojan | AZ-Class 23 | 9-qubit AngleEmbedding
 Chu et al., ICASSP 2023
 Layers: 5  |  Target class: 0  |  theta_target: 0.7854 rad
 Subset: 700/class  |  Early stopping: patience=5, min_delta=0.0001, max_epochs=30
====================================================================
[Device] cuda
[GPU]    NVIDIA H100 80GB HBM3 MIG 1g.10gb
Number of classes: 23
[Data] Train: (184342, 9)  Test: (20482, 9)

====================================================================
 [Run 1/3]  seed=43
====================================================================
  [Run 1/3] Training subset: 16100 samples (700/class)
[Device] Using lightning.qubit (adjoint diff)
  [Run 1/3] Epoch 01/30  train_acc=11.35%  test_acc=14.52%  train_loss=3.0741  val_loss=2.9843  best_val=2.9843  es_counter=0
  [Run 1/3] Epoch 02/30  train_acc=22.29%  test_acc=26.62%  train_loss=2.8480  val_loss=2.7299  best_val=2.7299  es_counter=0
  [Run 1/3] Epoch 03/30  train_acc=31.32%  test_acc=32.94%  train_loss=2.5806  val_loss=2.4844  best_val=2.4844  es_counter=0
  [Run 1/3] Epoch 04/30  train_acc=37.42%  test_acc=37.47%  train_loss=2.3647  val_loss=2.3078  best_val=2.3078  es_counter=0
  [Run 1/3] Epoch 05/30  train_acc=40.08%  test_acc=38.73%  train_loss=2.2189  val_loss=2.1881  best_val=2.1881  es_counter=0
  [Run 1/3] Epoch 06/30  train_acc=41.21%  test_acc=40.14%  train_loss=2.1183  val_loss=2.1053  best_val=2.1053  es_counter=0
  [Run 1/3] Epoch 07/30  train_acc=42.54%  test_acc=41.23%  train_loss=2.0453  val_loss=2.0443  best_val=2.0443  es_counter=0
  [Run 1/3] Epoch 08/30  train_acc=43.57%  test_acc=41.85%  train_loss=1.9909  val_loss=1.9963  best_val=1.9963  es_counter=0
  [Run 1/3] Epoch 09/30  train_acc=44.16%  test_acc=42.56%  train_loss=1.9488  val_loss=1.9598  best_val=1.9598  es_counter=0
  [Run 1/3] Epoch 10/30  train_acc=44.81%  test_acc=43.30%  train_loss=1.9147  val_loss=1.9287  best_val=1.9287  es_counter=0
  [Run 1/3] Epoch 11/30  train_acc=45.29%  test_acc=43.78%  train_loss=1.8862  val_loss=1.9040  best_val=1.9040  es_counter=0
  [Run 1/3] Epoch 12/30  train_acc=45.76%  test_acc=43.94%  train_loss=1.8626  val_loss=1.8815  best_val=1.8815  es_counter=0
  [Run 1/3] Epoch 13/30  train_acc=45.98%  test_acc=44.22%  train_loss=1.8420  val_loss=1.8622  best_val=1.8622  es_counter=0
  [Run 1/3] Epoch 14/30  train_acc=46.33%  test_acc=44.37%  train_loss=1.8240  val_loss=1.8475  best_val=1.8475  es_counter=0
  [Run 1/3] Epoch 15/30  train_acc=46.57%  test_acc=44.78%  train_loss=1.8087  val_loss=1.8319  best_val=1.8319  es_counter=0
  [Run 1/3] Epoch 16/30  train_acc=46.79%  test_acc=44.98%  train_loss=1.7947  val_loss=1.8185  best_val=1.8185  es_counter=0
  [Run 1/3] Epoch 17/30  train_acc=46.96%  test_acc=44.89%  train_loss=1.7825  val_loss=1.8089  best_val=1.8089  es_counter=0
  [Run 1/3] Epoch 18/30  train_acc=47.25%  test_acc=45.34%  train_loss=1.7714  val_loss=1.7977  best_val=1.7977  es_counter=0
  [Run 1/3] Epoch 19/30  train_acc=47.22%  test_acc=45.40%  train_loss=1.7614  val_loss=1.7872  best_val=1.7872  es_counter=0
  [Run 1/3] Epoch 20/30  train_acc=47.53%  test_acc=45.38%  train_loss=1.7512  val_loss=1.7793  best_val=1.7793  es_counter=0
  [Run 1/3] Epoch 21/30  train_acc=47.60%  test_acc=45.85%  train_loss=1.7431  val_loss=1.7722  best_val=1.7722  es_counter=0
  [Run 1/3] Epoch 22/30  train_acc=47.72%  test_acc=45.90%  train_loss=1.7348  val_loss=1.7632  best_val=1.7632  es_counter=0
  [Run 1/3] Epoch 23/30  train_acc=48.02%  test_acc=45.93%  train_loss=1.7268  val_loss=1.7564  best_val=1.7564  es_counter=0
  [Run 1/3] Epoch 24/30  train_acc=48.01%  test_acc=46.12%  train_loss=1.7200  val_loss=1.7503  best_val=1.7503  es_counter=0
  [Run 1/3] Epoch 25/30  train_acc=48.09%  test_acc=46.84%  train_loss=1.7128  val_loss=1.7425  best_val=1.7425  es_counter=0
  [Run 1/3] Epoch 26/30  train_acc=48.41%  test_acc=46.27%  train_loss=1.7066  val_loss=1.7372  best_val=1.7372  es_counter=0
  [Run 1/3] Epoch 27/30  train_acc=48.22%  test_acc=46.47%  train_loss=1.7007  val_loss=1.7302  best_val=1.7302  es_counter=0
  [Run 1/3] Epoch 28/30  train_acc=48.59%  test_acc=46.38%  train_loss=1.6946  val_loss=1.7255  best_val=1.7255  es_counter=0
  [Run 1/3] Epoch 29/30  train_acc=48.45%  test_acc=47.12%  train_loss=1.6900  val_loss=1.7190  best_val=1.7190  es_counter=0
  [Run 1/3] Epoch 30/30  train_acc=48.45%  test_acc=47.00%  train_loss=1.6838  val_loss=1.7137  best_val=1.7137  es_counter=0
  Epoch CSV -> qtrojan/qtrojan_az23_run1-layer5_epochs.csv

  [Run 1/3] Training done in 84243.0s  | Epochs: 30  | Best val_loss: 1.7137
  [Run 1/3] CDA (backdoor OFF): 47.00%
  [Run 1/3] ASR (backdoor ON, target=0): 5.54%
  [Run 1/3]   Accuracy    : 0.4700
  [Run 1/3]   Loss        : 1.7088
  [Run 1/3]   Precision   : 0.4511
  [Run 1/3]   Recall      : 0.4805
  [Run 1/3]   F1          : 0.4653
  [Run 1/3]   Fpr         : 0.0241
  [Run 1/3]   Fnr         : 0.5195
  [Run 1/3]   Roc_auc     : 0.9108
  [Run 1/3]   Pr_auc      : 0.4611
  Metrics CSV -> qtrojan/qtrojan_az23_run1-layer5_metrics.csv

====================================================================
 [Run 2/3]  seed=44
====================================================================
  [Run 2/3] Training subset: 16100 samples (700/class)
[Device] Using lightning.qubit (adjoint diff)
  [Run 2/3] Epoch 01/30  train_acc=12.04%  test_acc=18.35%  train_loss=3.0799  val_loss=2.9889  best_val=2.9889  es_counter=0
  [Run 2/3] Epoch 02/30  train_acc=21.63%  test_acc=24.46%  train_loss=2.8804  val_loss=2.7481  best_val=2.7481  es_counter=0
  [Run 2/3] Epoch 03/30  train_acc=27.48%  test_acc=27.57%  train_loss=2.6350  val_loss=2.5314  best_val=2.5314  es_counter=0
  [Run 2/3] Epoch 04/30  train_acc=30.34%  test_acc=30.48%  train_loss=2.4554  val_loss=2.3868  best_val=2.3868  es_counter=0
  [Run 2/3] Epoch 05/30  train_acc=33.10%  test_acc=33.12%  train_loss=2.3302  val_loss=2.2811  best_val=2.2811  es_counter=0
  [Run 2/3] Epoch 06/30  train_acc=35.13%  test_acc=34.89%  train_loss=2.2371  val_loss=2.1975  best_val=2.1975  es_counter=0
  [Run 2/3] Epoch 07/30  train_acc=37.01%  test_acc=36.23%  train_loss=2.1635  val_loss=2.1316  best_val=2.1316  es_counter=0
  [Run 2/3] Epoch 08/30  train_acc=38.45%  test_acc=37.80%  train_loss=2.1050  val_loss=2.0764  best_val=2.0764  es_counter=0
  [Run 2/3] Epoch 09/30  train_acc=39.47%  test_acc=38.93%  train_loss=2.0540  val_loss=2.0292  best_val=2.0292  es_counter=0
  [Run 2/3] Epoch 10/30  train_acc=40.17%  test_acc=39.53%  train_loss=2.0129  val_loss=1.9902  best_val=1.9902  es_counter=0
  [Run 2/3] Epoch 11/30  train_acc=40.94%  test_acc=40.39%  train_loss=1.9783  val_loss=1.9558  best_val=1.9558  es_counter=0
  [Run 2/3] Epoch 12/30  train_acc=41.39%  test_acc=41.33%  train_loss=1.9489  val_loss=1.9279  best_val=1.9279  es_counter=0
  [Run 2/3] Epoch 13/30  train_acc=42.30%  test_acc=41.61%  train_loss=1.9232  val_loss=1.9048  best_val=1.9048  es_counter=0
  [Run 2/3] Epoch 14/30  train_acc=42.47%  test_acc=42.54%  train_loss=1.9011  val_loss=1.8841  best_val=1.8841  es_counter=0
  [Run 2/3] Epoch 15/30  train_acc=43.18%  test_acc=42.80%  train_loss=1.8822  val_loss=1.8659  best_val=1.8659  es_counter=0
  [Run 2/3] Epoch 16/30  train_acc=43.45%  test_acc=43.24%  train_loss=1.8651  val_loss=1.8502  best_val=1.8502  es_counter=0
  [Run 2/3] Epoch 17/30  train_acc=43.88%  test_acc=43.61%  train_loss=1.8506  val_loss=1.8344  best_val=1.8344  es_counter=0
  [Run 2/3] Epoch 18/30  train_acc=44.20%  test_acc=44.05%  train_loss=1.8360  val_loss=1.8213  best_val=1.8213  es_counter=0
  [Run 2/3] Epoch 19/30  train_acc=44.65%  test_acc=44.77%  train_loss=1.8243  val_loss=1.8100  best_val=1.8100  es_counter=0
  [Run 2/3] Epoch 20/30  train_acc=45.25%  test_acc=44.64%  train_loss=1.8127  val_loss=1.7990  best_val=1.7990  es_counter=0
  [Run 2/3] Epoch 21/30  train_acc=45.45%  test_acc=45.03%  train_loss=1.8034  val_loss=1.7884  best_val=1.7884  es_counter=0
  [Run 2/3] Epoch 22/30  train_acc=45.61%  test_acc=45.31%  train_loss=1.7942  val_loss=1.7812  best_val=1.7812  es_counter=0
  [Run 2/3] Epoch 23/30  train_acc=45.68%  test_acc=45.19%  train_loss=1.7857  val_loss=1.7768  best_val=1.7768  es_counter=0
  [Run 2/3] Epoch 24/30  train_acc=45.61%  test_acc=45.86%  train_loss=1.7776  val_loss=1.7660  best_val=1.7660  es_counter=0
  [Run 2/3] Epoch 25/30  train_acc=45.88%  test_acc=45.75%  train_loss=1.7712  val_loss=1.7590  best_val=1.7590  es_counter=0
  [Run 2/3] Epoch 26/30  train_acc=46.09%  test_acc=45.72%  train_loss=1.7641  val_loss=1.7546  best_val=1.7546  es_counter=0
  [Run 2/3] Epoch 27/30  train_acc=46.07%  test_acc=45.73%  train_loss=1.7590  val_loss=1.7493  best_val=1.7493  es_counter=0
  [Run 2/3] Epoch 28/30  train_acc=46.06%  test_acc=45.96%  train_loss=1.7532  val_loss=1.7418  best_val=1.7418  es_counter=0
  [Run 2/3] Epoch 29/30  train_acc=46.20%  test_acc=45.74%  train_loss=1.7477  val_loss=1.7381  best_val=1.7381  es_counter=0
  [Run 2/3] Epoch 30/30  train_acc=46.10%  test_acc=45.68%  train_loss=1.7432  val_loss=1.7349  best_val=1.7349  es_counter=0
  Epoch CSV -> qtrojan/qtrojan_az23_run2-layer5_epochs.csv

  [Run 2/3] Training done in 84120.4s  | Epochs: 30  | Best val_loss: 1.7349
  [Run 2/3] CDA (backdoor OFF): 45.68%
  [Run 2/3] ASR (backdoor ON, target=0): 2.24%
  [Run 2/3]   Accuracy    : 0.4568
  [Run 2/3]   Loss        : 1.7303
  [Run 2/3]   Precision   : 0.4260
  [Run 2/3]   Recall      : 0.4653
  [Run 2/3]   F1          : 0.4448
  [Run 2/3]   Fpr         : 0.0247
  [Run 2/3]   Fnr         : 0.5347
  [Run 2/3]   Roc_auc     : 0.9093
  [Run 2/3]   Pr_auc      : 0.4453
  Metrics CSV -> qtrojan/qtrojan_az23_run2-layer5_metrics.csv

====================================================================
 [Run 3/3]  seed=45
====================================================================
  [Run 3/3] Training subset: 16100 samples (700/class)
[Device] Using lightning.qubit (adjoint diff)
  [Run 3/3] Epoch 01/30  train_acc=12.53%  test_acc=24.19%  train_loss=3.0631  val_loss=2.9579  best_val=2.9579  es_counter=0
  [Run 3/3] Epoch 02/30  train_acc=26.57%  test_acc=30.74%  train_loss=2.8299  val_loss=2.6712  best_val=2.6712  es_counter=0
  [Run 3/3] Epoch 03/30  train_acc=32.93%  test_acc=34.78%  train_loss=2.5420  val_loss=2.4032  best_val=2.4032  es_counter=0
  [Run 3/3] Epoch 04/30  train_acc=37.14%  test_acc=36.90%  train_loss=2.3095  val_loss=2.2148  best_val=2.2148  es_counter=0
  [Run 3/3] Epoch 05/30  train_acc=39.17%  test_acc=40.04%  train_loss=2.1492  val_loss=2.0891  best_val=2.0891  es_counter=0
  [Run 3/3] Epoch 06/30  train_acc=41.18%  test_acc=40.54%  train_loss=2.0443  val_loss=2.0076  best_val=2.0076  es_counter=0
  [Run 3/3] Epoch 07/30  train_acc=42.00%  test_acc=40.82%  train_loss=1.9741  val_loss=1.9505  best_val=1.9505  es_counter=0
  [Run 3/3] Epoch 08/30  train_acc=42.63%  test_acc=41.34%  train_loss=1.9241  val_loss=1.9067  best_val=1.9067  es_counter=0
  [Run 3/3] Epoch 09/30  train_acc=43.51%  test_acc=42.06%  train_loss=1.8853  val_loss=1.8744  best_val=1.8744  es_counter=0
  [Run 3/3] Epoch 10/30  train_acc=43.95%  test_acc=42.81%  train_loss=1.8546  val_loss=1.8469  best_val=1.8469  es_counter=0
  [Run 3/3] Epoch 11/30  train_acc=44.57%  test_acc=43.56%  train_loss=1.8273  val_loss=1.8239  best_val=1.8239  es_counter=0
  [Run 3/3] Epoch 12/30  train_acc=45.24%  test_acc=43.63%  train_loss=1.8062  val_loss=1.8022  best_val=1.8022  es_counter=0
  [Run 3/3] Epoch 13/30  train_acc=45.88%  test_acc=44.04%  train_loss=1.7862  val_loss=1.7852  best_val=1.7852  es_counter=0
  [Run 3/3] Epoch 14/30  train_acc=46.19%  test_acc=44.24%  train_loss=1.7693  val_loss=1.7702  best_val=1.7702  es_counter=0
  [Run 3/3] Epoch 15/30  train_acc=46.24%  test_acc=44.81%  train_loss=1.7548  val_loss=1.7560  best_val=1.7560  es_counter=0
  [Run 3/3] Epoch 16/30  train_acc=46.84%  test_acc=44.98%  train_loss=1.7414  val_loss=1.7440  best_val=1.7440  es_counter=0
  [Run 3/3] Epoch 17/30  train_acc=46.89%  test_acc=45.21%  train_loss=1.7297  val_loss=1.7344  best_val=1.7344  es_counter=0
  [Run 3/3] Epoch 18/30  train_acc=47.19%  test_acc=45.51%  train_loss=1.7195  val_loss=1.7230  best_val=1.7230  es_counter=0
  [Run 3/3] Epoch 19/30  train_acc=47.45%  test_acc=45.83%  train_loss=1.7096  val_loss=1.7141  best_val=1.7141  es_counter=0
  [Run 3/3] Epoch 20/30  train_acc=47.88%  test_acc=46.10%  train_loss=1.7004  val_loss=1.7078  best_val=1.7078  es_counter=0
  [Run 3/3] Epoch 21/30  train_acc=48.13%  test_acc=46.36%  train_loss=1.6920  val_loss=1.6989  best_val=1.6989  es_counter=0
  [Run 3/3] Epoch 22/30  train_acc=48.15%  test_acc=46.28%  train_loss=1.6847  val_loss=1.6917  best_val=1.6917  es_counter=0
  [Run 3/3] Epoch 23/30  train_acc=48.40%  test_acc=46.69%  train_loss=1.6780  val_loss=1.6838  best_val=1.6838  es_counter=0
  [Run 3/3] Epoch 24/30  train_acc=48.58%  test_acc=47.14%  train_loss=1.6714  val_loss=1.6781  best_val=1.6781  es_counter=0
  [Run 3/3] Epoch 25/30  train_acc=48.81%  test_acc=46.85%  train_loss=1.6648  val_loss=1.6750  best_val=1.6750  es_counter=0
  [Run 3/3] Epoch 26/30  train_acc=48.84%  test_acc=47.66%  train_loss=1.6593  val_loss=1.6667  best_val=1.6667  es_counter=0
  [Run 3/3] Epoch 27/30  train_acc=49.17%  test_acc=47.78%  train_loss=1.6538  val_loss=1.6634  best_val=1.6634  es_counter=0
  [Run 3/3] Epoch 28/30  train_acc=49.11%  test_acc=47.83%  train_loss=1.6490  val_loss=1.6574  best_val=1.6574  es_counter=0
  [Run 3/3] Epoch 29/30  train_acc=49.32%  test_acc=48.22%  train_loss=1.6444  val_loss=1.6529  best_val=1.6529  es_counter=0
  [Run 3/3] Epoch 30/30  train_acc=49.32%  test_acc=47.81%  train_loss=1.6394  val_loss=1.6495  best_val=1.6495  es_counter=0
  Epoch CSV -> qtrojan/qtrojan_az23_run3-layer5_epochs.csv

  [Run 3/3] Training done in 84514.8s  | Epochs: 30  | Best val_loss: 1.6495
  [Run 3/3] CDA (backdoor OFF): 47.81%
  [Run 3/3] ASR (backdoor ON, target=0): 2.21%
  [Run 3/3]   Accuracy    : 0.4781
  [Run 3/3]   Loss        : 1.6463
  [Run 3/3]   Precision   : 0.4488
  [Run 3/3]   Recall      : 0.4890
  [Run 3/3]   F1          : 0.4680
  [Run 3/3]   Fpr         : 0.0237
  [Run 3/3]   Fnr         : 0.5110
  [Run 3/3]   Roc_auc     : 0.9179
  [Run 3/3]   Pr_auc      : 0.4592
  Metrics CSV -> qtrojan/qtrojan_az23_run3-layer5_metrics.csv
[Finalize] Best model: run 3 (CDA=47.81%) -> qtrojan/qtrojan_az23-layer5-noiseless-Angle_best.pt
[Finalize] Removed tmp: qtrojan/qtrojan_az23_run1-layer5-noiseless-Angle_tmp.pt
[Finalize] Removed tmp: qtrojan/qtrojan_az23_run2-layer5-noiseless-Angle_tmp.pt

====================================================================
 QTrojan AZ23 layer5 — Summary across 3 runs
====================================================================
  Run       CDA (%)    ASR (%)    Acc (%)       F1   Epochs
  --------------------------------------------------------
  1           47.00       5.54      47.00   0.4653       30
  2           45.68       2.24      45.68   0.4448       30
  3           47.81       2.21      47.81   0.4680       30
  --------------------------------------------------------
  Mean        46.83       3.33
  Std          0.88        1.56

  Summary    -> runs/qtrojan_az23_angle_summary.csv
  Best model -> qtrojan/qtrojan_az23-layer5-noiseless-Angle_best.pt
====================================================================
