Python 3.10.19
/home/clalarcon/work/Nowmi/Sok/quid_env/bin/python
========================================
Job ID      : 377542
Node        : cnode063
CPUs        : 1
Start time  : Wed Mar 25 04:00:27 PM MDT 2026
========================================
Changing directory...
Now in: /home/clalarcon/work/Nowmi/Sok/Baseline/AZ/angle/layer5
Files: baseline_ang_l5.slurm
baseline_layer5
depo_baseline_az_ang_l5.py
dpo_bsl_az_ang_l5.slurm
logs
NN_baseline_az_angle_layer5.py
Running python script...
[Device] cpu
[Config] N_LAYERS=5  DEPO_P=0.01  N_CLASSES=23
====================================================================
 Depolarizing Noise Evaluation | Baseline AZ Angle L5
 Noise backend : default.mixed + DepolarizingChannel (p=0.01)
 Model         : baseline_layer5/best_model_run1.pt
 No attack — No defense
====================================================================
[Data] Train: (184342, 9)  Test: (20482, 9)
[Model] Loaded baseline weights into noisy architecture.
[Eval] Running noisy inference on 20482 test samples ...

  CA (noisy) : 46.52%
  Accuracy    : 0.4652
  Loss        : 1.8549
  Precision   : 0.4568
  Recall      : 0.4726
  F1          : 0.4646
  Fpr         : 0.0243
  Fnr         : 0.5274
  Roc_auc     : 0.9061
  Pr_auc      : 0.4482
  Metrics  -> depo_baseline_angle/depo_baseline_angle_metrics.csv
  CM       -> depo_baseline_angle/depo_baseline_angle_cm.png

====================================================================
 Done.
 Summary  -> depo_baseline_runs/depo_baseline_az_ang_l5_summary.csv
 Metrics  -> depo_baseline_angle/
====================================================================
