============================================================
 Job        : depo_huang_ang_l5
 Job ID     : 376789
 Node       : cnode063
 CPUs       : 4
 Start      : Wed Mar 25 11:57:11 AM MDT 2026
============================================================

[ENV] Python     : /home/mkamol/work/miniconda3/envs/quid_env/bin/python
[ENV] Python ver : Python 3.10.20
[ENV] Working dir: /home/mkamol/work/Nowmi/Sok/huang-backdoor/MNIST/angle/layer5
[ENV] PennyLane  : 0.38.0

[Data] Checking MNIST files in /home/mkamol/work/Nowmi/Sok/huang-backdoor/MNIST/MNIST ...
       FOUND    train-images-idx3-ubyte
       FOUND    train-labels-idx1-ubyte
       FOUND    t10k-images-idx3-ubyte
       FOUND    t10k-labels-idx1-ubyte
[Models] Checking saved model files ...
       FOUND    huang_angle_best_ratio01.pt
       FOUND    huang_angle_best_ratio03.pt
       FOUND    huang_angle_best_ratio05.pt
       FOUND    huang_angle_l5_trigger.pt

[RUN] Starting at Wed Mar 25 11:57:20 AM MDT 2026

[Device] cpu
[Config] N_LAYERS=5  DEPO_P=0.01  TARGET_CLASS=7
====================================================================
 Depolarizing Noise Evaluation | Huang Backdoor MNIST Angle L5
 Noise backend : default.mixed + DepolarizingChannel (p=0.01)
 Models        : 3 victim models (1 per ratio)
 Target class  : 7
====================================================================
[Data] Train: (60000, 9)  Test: (10000, 9)
[Data] Stratified train: (7000, 9)  Test: (10000, 9)
[Trigger] Loaded from huang_angle_l5_trigger.pt  |delta|_inf=0.2000

────────────────────────────────────────────────────────────────────
 [ratio=0.1]  Model: huang_angle_best_ratio01.pt
  Weights loaded. Running noisy inference ...
  CA  : 52.10%
  ASR : 80.55%
  Accuracy    : 0.5210
  Loss        : 1.5884
  Precision   : 0.5383
  Recall      : 0.5143
  F1          : 0.5260
  Fpr         : 0.0532
  Fnr         : 0.4857
  Roc_auc     : 0.8836
  Pr_auc      : 0.5316
  Metrics  -> depo_huang_angle_l5/depo_huang_angle_ratio01_metrics.csv
  CM       -> depo_huang_angle_l5/depo_huang_angle_ratio01_cm.png

────────────────────────────────────────────────────────────────────
 [ratio=0.3]  Model: huang_angle_best_ratio03.pt
  Weights loaded. Running noisy inference ...
  CA  : 50.94%
  ASR : 92.03%
  Accuracy    : 0.5094
  Loss        : 1.5986
  Precision   : 0.5317
  Recall      : 0.5033
  F1          : 0.5171
  Fpr         : 0.0545
  Fnr         : 0.4967
  Roc_auc     : 0.8789
  Pr_auc      : 0.5154
  Metrics  -> depo_huang_angle_l5/depo_huang_angle_ratio03_metrics.csv
  CM       -> depo_huang_angle_l5/depo_huang_angle_ratio03_cm.png

────────────────────────────────────────────────────────────────────
 [ratio=0.5]  Model: huang_angle_best_ratio05.pt
  Weights loaded. Running noisy inference ...
  CA  : 52.53%
  ASR : 91.16%
  Accuracy    : 0.5253
  Loss        : 1.5664
  Precision   : 0.5416
  Recall      : 0.5197
  F1          : 0.5305
  Fpr         : 0.0527
  Fnr         : 0.4803
  Roc_auc     : 0.8851
  Pr_auc      : 0.5216
  Metrics  -> depo_huang_angle_l5/depo_huang_angle_ratio05_metrics.csv
  CM       -> depo_huang_angle_l5/depo_huang_angle_ratio05_cm.png

====================================================================
 Done. Evaluated 3 model(s), skipped 0.
 Summary  -> depo_runs/depo_huang_mn_ang_l5_summary.csv
 Per-ratio -> depo_huang_angle_l5/
====================================================================

============================================================
 End time  : Thu Mar 26 01:07:40 AM MDT 2026
 Exit code : 0
============================================================
