============================================================
 Job        : hng_ang_l5
 Job ID     : 14263
 Node       : hopper002
 CPUs       : 16
 Start      : Sat Mar 14 09:55:26 PM MDT 2026
============================================================

[ENV] Python     : /home/msrahman3/work/Nowmi/Sok/quid_env/bin/python
[ENV] Python ver : Python 3.10.19
[ENV] Working dir: /home/msrahman3/work/Nowmi/Sok/huang-backdoor/MNIST/angle/layer5
[ENV] CUDA avail : True
[ENV] GPU info   : 
[ENV] PennyLane  : 0.42.3

[Data] Checking MNIST files in /home/msrahman3/work/Nowmi/Sok/huang-backdoor/MNIST/MNIST ...
       FOUND    train-images-idx3-ubyte
       FOUND    train-labels-idx1-ubyte
       FOUND    t10k-images-idx3-ubyte
       FOUND    t10k-labels-idx1-ubyte

[RUN] Starting at Sat Mar 14 09:55:45 PM MDT 2026

[Config] Main device : cuda
[Config] CPU threads : 16
[Config] N_LAYERS    : 5
====================================================================
 Huang & Zhang (2023) Backdoor — Angle QMLP Replication
 Qubits=9  Layers=5  Encoding=Angle
 Target=7  eps=0.2  (c,sigma)=(1.0,2.0)
 Poison ratios : [0.1, 0.3, 0.5]
 Runs/ratio    : 1   CPU threads: 16
====================================================================
[Data] Full train : (60000, 9)   Test : (10000, 9)
[Data] Stratified train: (7000, 9)  Test: (10000, 9)

====================================================================
 PHASE 1 — Proxy model training (clean, seed=42)
====================================================================
[PennyLane] lightning.qubit active
  Epoch  1 | Batch   10 | Acc:   8.75%  Loss: 2.3604
  Epoch  1 | Batch   20 | Acc:   9.84%  Loss: 2.3275
  Epoch  1 | Batch   30 | Acc:   9.79%  Loss: 2.3358
  Epoch  1 | Batch   40 | Acc:   9.88%  Loss: 2.3400
  Epoch  1 | Batch   50 | Acc:  10.31%  Loss: 2.3273
  Epoch  1 | Batch   60 | Acc:  10.23%  Loss: 2.3193
  Epoch  1 | Batch   70 | Acc:   9.75%  Loss: 2.3203
  Epoch  1 | Batch   80 | Acc:   9.51%  Loss: 2.3205
  Epoch  1 | Batch   90 | Acc:   9.29%  Loss: 2.3169
  Epoch  1 | Batch  100 | Acc:   9.22%  Loss: 2.3138
  Epoch  1 | Batch  110 | Acc:   9.23%  Loss: 2.2951
  [Proxy] Epoch  1  tr_loss=2.3252  tr_acc=9.23%  te_loss=2.3099  te_acc=10.92%
  Epoch  2 | Batch   10 | Acc:  11.41%  Loss: 2.3089
  Epoch  2 | Batch   20 | Acc:  12.42%  Loss: 2.2999
  Epoch  2 | Batch   30 | Acc:  12.60%  Loss: 2.2990
  Epoch  2 | Batch   40 | Acc:  12.38%  Loss: 2.2956
  Epoch  2 | Batch   50 | Acc:  12.62%  Loss: 2.2944
  Epoch  2 | Batch   60 | Acc:  12.14%  Loss: 2.2983
  Epoch  2 | Batch   70 | Acc:  12.32%  Loss: 2.2896
  Epoch  2 | Batch   80 | Acc:  12.52%  Loss: 2.2869
  Epoch  2 | Batch   90 | Acc:  12.99%  Loss: 2.2770
  Epoch  2 | Batch  100 | Acc:  13.25%  Loss: 2.2815
  Epoch  2 | Batch  110 | Acc:  13.70%  Loss: 2.2754
  [Proxy] Epoch  2  tr_loss=2.2915  tr_acc=13.70%  te_loss=2.2747  te_acc=17.23%
  Epoch  3 | Batch   10 | Acc:  19.53%  Loss: 2.2710
  Epoch  3 | Batch   20 | Acc:  17.58%  Loss: 2.2774
  Epoch  3 | Batch   30 | Acc:  18.54%  Loss: 2.2639
  Epoch  3 | Batch   40 | Acc:  18.98%  Loss: 2.2658
  Epoch  3 | Batch   50 | Acc:  19.38%  Loss: 2.2618
  Epoch  3 | Batch   60 | Acc:  20.26%  Loss: 2.2568
  Epoch  3 | Batch   70 | Acc:  21.16%  Loss: 2.2601
  Epoch  3 | Batch   80 | Acc:  22.25%  Loss: 2.2569
  Epoch  3 | Batch   90 | Acc:  23.63%  Loss: 2.2417
  Epoch  3 | Batch  100 | Acc:  24.25%  Loss: 2.2429
  Epoch  3 | Batch  110 | Acc:  24.77%  Loss: 2.2413
  [Proxy] Epoch  3  tr_loss=2.2581  tr_acc=24.77%  te_loss=2.2349  te_acc=31.11%
  Epoch  4 | Batch   10 | Acc:  27.03%  Loss: 2.2396
  Epoch  4 | Batch   20 | Acc:  28.75%  Loss: 2.2269
  Epoch  4 | Batch   30 | Acc:  29.11%  Loss: 2.2266
  Epoch  4 | Batch   40 | Acc:  29.45%  Loss: 2.2263
  Epoch  4 | Batch   50 | Acc:  30.00%  Loss: 2.2179
  Epoch  4 | Batch   60 | Acc:  30.49%  Loss: 2.2055
  Epoch  4 | Batch   70 | Acc:  30.27%  Loss: 2.2074
  Epoch  4 | Batch   80 | Acc:  29.94%  Loss: 2.2071
  Epoch  4 | Batch   90 | Acc:  29.55%  Loss: 2.2022
  Epoch  4 | Batch  100 | Acc:  29.19%  Loss: 2.1986
  Epoch  4 | Batch  110 | Acc:  29.13%  Loss: 2.1952
  [Proxy] Epoch  4  tr_loss=2.2139  tr_acc=29.13%  te_loss=2.1794  te_acc=30.03%
  Epoch  5 | Batch   10 | Acc:  28.75%  Loss: 2.1861
  Epoch  5 | Batch   20 | Acc:  27.97%  Loss: 2.1800
  Epoch  5 | Batch   30 | Acc:  28.65%  Loss: 2.1707
  Epoch  5 | Batch   40 | Acc:  29.30%  Loss: 2.1601
  Epoch  5 | Batch   50 | Acc:  28.97%  Loss: 2.1624
  Epoch  5 | Batch   60 | Acc:  28.72%  Loss: 2.1528
  Epoch  5 | Batch   70 | Acc:  28.75%  Loss: 2.1385
  Epoch  5 | Batch   80 | Acc:  28.61%  Loss: 2.1346
  Epoch  5 | Batch   90 | Acc:  28.42%  Loss: 2.1367
  Epoch  5 | Batch  100 | Acc:  28.52%  Loss: 2.1261
  Epoch  5 | Batch  110 | Acc:  28.46%  Loss: 2.1326
  [Proxy] Epoch  5  tr_loss=2.1528  tr_acc=28.46%  te_loss=2.1076  te_acc=29.83%
  Epoch  6 | Batch   10 | Acc:  25.78%  Loss: 2.1128
  Epoch  6 | Batch   20 | Acc:  25.78%  Loss: 2.1179
  Epoch  6 | Batch   30 | Acc:  26.51%  Loss: 2.0921
  Epoch  6 | Batch   40 | Acc:  26.91%  Loss: 2.0923
  Epoch  6 | Batch   50 | Acc:  26.53%  Loss: 2.1006
  Epoch  6 | Batch   60 | Acc:  26.88%  Loss: 2.0718
  Epoch  6 | Batch   70 | Acc:  27.14%  Loss: 2.0759
  Epoch  6 | Batch   80 | Acc:  27.46%  Loss: 2.0744
  Epoch  6 | Batch   90 | Acc:  27.81%  Loss: 2.0516
  Epoch  6 | Batch  100 | Acc:  27.94%  Loss: 2.0477
  Epoch  6 | Batch  110 | Acc:  28.07%  Loss: 2.0434
  [Proxy] Epoch  6  tr_loss=2.0801  tr_acc=28.07%  te_loss=2.0345  te_acc=31.53%
  Epoch  7 | Batch   10 | Acc:  31.09%  Loss: 2.0393
  Epoch  7 | Batch   20 | Acc:  29.30%  Loss: 2.0512
  Epoch  7 | Batch   30 | Acc:  29.90%  Loss: 2.0237
  Epoch  7 | Batch   40 | Acc:  30.16%  Loss: 2.0204
  Epoch  7 | Batch   50 | Acc:  29.94%  Loss: 2.0092
  Epoch  7 | Batch   60 | Acc:  30.08%  Loss: 2.0168
  Epoch  7 | Batch   70 | Acc:  30.40%  Loss: 2.0160
  Epoch  7 | Batch   80 | Acc:  30.68%  Loss: 1.9897
  Epoch  7 | Batch   90 | Acc:  30.50%  Loss: 2.0159
  Epoch  7 | Batch  100 | Acc:  30.77%  Loss: 1.9907
  Epoch  7 | Batch  110 | Acc:  30.83%  Loss: 1.9597
  [Proxy] Epoch  7  tr_loss=2.0121  tr_acc=30.83%  te_loss=1.9677  te_acc=31.87%
  Epoch  8 | Batch   10 | Acc:  31.72%  Loss: 1.9679
  Epoch  8 | Batch   20 | Acc:  31.33%  Loss: 1.9875
  Epoch  8 | Batch   30 | Acc:  30.31%  Loss: 1.9719
  Epoch  8 | Batch   40 | Acc:  31.45%  Loss: 1.9476
  Epoch  8 | Batch   50 | Acc:  31.69%  Loss: 1.9544
  Epoch  8 | Batch   60 | Acc:  32.06%  Loss: 1.9391
  Epoch  8 | Batch   70 | Acc:  31.94%  Loss: 1.9548
  Epoch  8 | Batch   80 | Acc:  31.74%  Loss: 1.9420
  Epoch  8 | Batch   90 | Acc:  31.77%  Loss: 1.9492
  Epoch  8 | Batch  100 | Acc:  31.91%  Loss: 1.9311
  Epoch  8 | Batch  110 | Acc:  31.91%  Loss: 1.9504
  [Proxy] Epoch  8  tr_loss=1.9542  tr_acc=31.91%  te_loss=1.9139  te_acc=35.14%
  Epoch  9 | Batch   10 | Acc:  35.00%  Loss: 1.9002
  Epoch  9 | Batch   20 | Acc:  34.22%  Loss: 1.9442
  Epoch  9 | Batch   30 | Acc:  34.79%  Loss: 1.8861
  Epoch  9 | Batch   40 | Acc:  33.83%  Loss: 1.9240
  Epoch  9 | Batch   50 | Acc:  34.22%  Loss: 1.8908
  Epoch  9 | Batch   60 | Acc:  34.14%  Loss: 1.9183
  Epoch  9 | Batch   70 | Acc:  34.08%  Loss: 1.9191
  Epoch  9 | Batch   80 | Acc:  34.02%  Loss: 1.9028
  Epoch  9 | Batch   90 | Acc:  33.73%  Loss: 1.9111
  Epoch  9 | Batch  100 | Acc:  33.75%  Loss: 1.8853
  Epoch  9 | Batch  110 | Acc:  33.99%  Loss: 1.8833
  [Proxy] Epoch  9  tr_loss=1.9059  tr_acc=33.99%  te_loss=1.8668  te_acc=37.51%
  Epoch 10 | Batch   10 | Acc:  34.06%  Loss: 1.8813
  Epoch 10 | Batch   20 | Acc:  34.61%  Loss: 1.8686
  Epoch 10 | Batch   30 | Acc:  34.38%  Loss: 1.8909
  Epoch 10 | Batch   40 | Acc:  34.92%  Loss: 1.8579
  Epoch 10 | Batch   50 | Acc:  34.69%  Loss: 1.8881
  Epoch 10 | Batch   60 | Acc:  34.92%  Loss: 1.8619
  Epoch 10 | Batch   70 | Acc:  35.58%  Loss: 1.8307
  Epoch 10 | Batch   80 | Acc:  35.27%  Loss: 1.8712
  Epoch 10 | Batch   90 | Acc:  35.45%  Loss: 1.8374
  Epoch 10 | Batch  100 | Acc:  35.47%  Loss: 1.8415
  Epoch 10 | Batch  110 | Acc:  35.54%  Loss: 1.8528
  [Proxy] Epoch 10  tr_loss=1.8620  tr_acc=35.54%  te_loss=1.8258  te_acc=38.55%
  Epoch 11 | Batch   10 | Acc:  32.66%  Loss: 1.8571
  Epoch 11 | Batch   20 | Acc:  34.53%  Loss: 1.8391
  Epoch 11 | Batch   30 | Acc:  35.47%  Loss: 1.8361
  Epoch 11 | Batch   40 | Acc:  35.16%  Loss: 1.8635
  Epoch 11 | Batch   50 | Acc:  35.56%  Loss: 1.8317
  Epoch 11 | Batch   60 | Acc:  35.52%  Loss: 1.8234
  Epoch 11 | Batch   70 | Acc:  35.87%  Loss: 1.7904
  Epoch 11 | Batch   80 | Acc:  36.15%  Loss: 1.8276
  Epoch 11 | Batch   90 | Acc:  36.55%  Loss: 1.8177
  Epoch 11 | Batch  100 | Acc:  36.64%  Loss: 1.7900
  Epoch 11 | Batch  110 | Acc:  36.83%  Loss: 1.7873
  [Proxy] Epoch 11  tr_loss=1.8240  tr_acc=36.83%  te_loss=1.7905  te_acc=39.60%
  Epoch 12 | Batch   10 | Acc:  38.28%  Loss: 1.7911
  Epoch 12 | Batch   20 | Acc:  38.52%  Loss: 1.7768
  Epoch 12 | Batch   30 | Acc:  37.86%  Loss: 1.8028
  Epoch 12 | Batch   40 | Acc:  36.56%  Loss: 1.8320
  Epoch 12 | Batch   50 | Acc:  37.19%  Loss: 1.7788
  Epoch 12 | Batch   60 | Acc:  37.32%  Loss: 1.7612
  Epoch 12 | Batch   70 | Acc:  37.63%  Loss: 1.7848
  Epoch 12 | Batch   80 | Acc:  37.56%  Loss: 1.7758
  Epoch 12 | Batch   90 | Acc:  37.31%  Loss: 1.8315
  Epoch 12 | Batch  100 | Acc:  37.27%  Loss: 1.8067
  Epoch 12 | Batch  110 | Acc:  37.54%  Loss: 1.7606
  [Proxy] Epoch 12  tr_loss=1.7911  tr_acc=37.54%  te_loss=1.7618  te_acc=40.40%
  Epoch 13 | Batch   10 | Acc:  41.41%  Loss: 1.7648
  Epoch 13 | Batch   20 | Acc:  40.00%  Loss: 1.7717
  Epoch 13 | Batch   30 | Acc:  39.95%  Loss: 1.7273
  Epoch 13 | Batch   40 | Acc:  39.38%  Loss: 1.7705
  Epoch 13 | Batch   50 | Acc:  38.62%  Loss: 1.7786
  Epoch 13 | Batch   60 | Acc:  38.57%  Loss: 1.7649
  Epoch 13 | Batch   70 | Acc:  38.62%  Loss: 1.7731
  Epoch 13 | Batch   80 | Acc:  38.73%  Loss: 1.7483
  Epoch 13 | Batch   90 | Acc:  38.68%  Loss: 1.7537
  Epoch 13 | Batch  100 | Acc:  38.62%  Loss: 1.7725
  Epoch 13 | Batch  110 | Acc:  38.49%  Loss: 1.7941
  [Proxy] Epoch 13  tr_loss=1.7654  tr_acc=38.49%  te_loss=1.7323  te_acc=41.56%
  Epoch 14 | Batch   10 | Acc:  36.41%  Loss: 1.7782
  Epoch 14 | Batch   20 | Acc:  38.52%  Loss: 1.7530
  Epoch 14 | Batch   30 | Acc:  37.71%  Loss: 1.7844
  Epoch 14 | Batch   40 | Acc:  38.71%  Loss: 1.7436
  Epoch 14 | Batch   50 | Acc:  38.47%  Loss: 1.7272
  Epoch 14 | Batch   60 | Acc:  38.28%  Loss: 1.7565
  Epoch 14 | Batch   70 | Acc:  38.71%  Loss: 1.7143
  Epoch 14 | Batch   80 | Acc:  39.08%  Loss: 1.7089
  Epoch 14 | Batch   90 | Acc:  38.85%  Loss: 1.7476
  Epoch 14 | Batch  100 | Acc:  38.95%  Loss: 1.7444
  Epoch 14 | Batch  110 | Acc:  39.27%  Loss: 1.6866
  [Proxy] Epoch 14  tr_loss=1.7404  tr_acc=39.27%  te_loss=1.7074  te_acc=41.98%
  Epoch 15 | Batch   10 | Acc:  42.81%  Loss: 1.6903
  Epoch 15 | Batch   20 | Acc:  41.56%  Loss: 1.7156
  Epoch 15 | Batch   30 | Acc:  40.36%  Loss: 1.7222
  Epoch 15 | Batch   40 | Acc:  40.70%  Loss: 1.7129
  Epoch 15 | Batch   50 | Acc:  40.06%  Loss: 1.7491
  Epoch 15 | Batch   60 | Acc:  40.23%  Loss: 1.7317
  Epoch 15 | Batch   70 | Acc:  40.13%  Loss: 1.7050
  Epoch 15 | Batch   80 | Acc:  40.27%  Loss: 1.7216
  Epoch 15 | Batch   90 | Acc:  40.30%  Loss: 1.7155
  Epoch 15 | Batch  100 | Acc:  40.34%  Loss: 1.7129
  Epoch 15 | Batch  110 | Acc:  40.36%  Loss: 1.7102
  [Proxy] Epoch 15  tr_loss=1.7170  tr_acc=40.36%  te_loss=1.6868  te_acc=42.98%
  Epoch 16 | Batch   10 | Acc:  42.50%  Loss: 1.6773
  Epoch 16 | Batch   20 | Acc:  41.95%  Loss: 1.7003
  Epoch 16 | Batch   30 | Acc:  40.73%  Loss: 1.7220
  Epoch 16 | Batch   40 | Acc:  40.59%  Loss: 1.7242
  Epoch 16 | Batch   50 | Acc:  40.75%  Loss: 1.7143
  Epoch 16 | Batch   60 | Acc:  40.89%  Loss: 1.6617
  Epoch 16 | Batch   70 | Acc:  41.18%  Loss: 1.6758
  Epoch 16 | Batch   80 | Acc:  41.33%  Loss: 1.7114
  Epoch 16 | Batch   90 | Acc:  41.08%  Loss: 1.6966
  Epoch 16 | Batch  100 | Acc:  41.12%  Loss: 1.6625
  Epoch 16 | Batch  110 | Acc:  40.79%  Loss: 1.7182
  [Proxy] Epoch 16  tr_loss=1.6968  tr_acc=40.79%  te_loss=1.6717  te_acc=44.26%
  Epoch 17 | Batch   10 | Acc:  41.41%  Loss: 1.6997
  Epoch 17 | Batch   20 | Acc:  41.64%  Loss: 1.6847
  Epoch 17 | Batch   30 | Acc:  41.25%  Loss: 1.7000
  Epoch 17 | Batch   40 | Acc:  40.90%  Loss: 1.6959
  Epoch 17 | Batch   50 | Acc:  41.28%  Loss: 1.6677
  Epoch 17 | Batch   60 | Acc:  41.54%  Loss: 1.6576
  Epoch 17 | Batch   70 | Acc:  41.72%  Loss: 1.7030
  Epoch 17 | Batch   80 | Acc:  41.56%  Loss: 1.7239
  Epoch 17 | Batch   90 | Acc:  41.79%  Loss: 1.6115
  Epoch 17 | Batch  100 | Acc:  41.44%  Loss: 1.7274
  Epoch 17 | Batch  110 | Acc:  41.90%  Loss: 1.5917
  [Proxy] Epoch 17  tr_loss=1.6785  tr_acc=41.90%  te_loss=1.6477  te_acc=43.61%
  Epoch 18 | Batch   10 | Acc:  43.44%  Loss: 1.6483
  Epoch 18 | Batch   20 | Acc:  42.03%  Loss: 1.6831
  Epoch 18 | Batch   30 | Acc:  41.25%  Loss: 1.6819
  Epoch 18 | Batch   40 | Acc:  41.56%  Loss: 1.6581
  Epoch 18 | Batch   50 | Acc:  41.69%  Loss: 1.6529
  Epoch 18 | Batch   60 | Acc:  41.95%  Loss: 1.6637
  Epoch 18 | Batch   70 | Acc:  41.99%  Loss: 1.6549
  Epoch 18 | Batch   80 | Acc:  41.93%  Loss: 1.6749
  Epoch 18 | Batch   90 | Acc:  42.27%  Loss: 1.6289
  Epoch 18 | Batch  100 | Acc:  42.30%  Loss: 1.6636
  Epoch 18 | Batch  110 | Acc:  42.24%  Loss: 1.6752
  [Proxy] Epoch 18  tr_loss=1.6623  tr_acc=42.24%  te_loss=1.6355  te_acc=45.20%
  Epoch 19 | Batch   10 | Acc:  43.44%  Loss: 1.6629
  Epoch 19 | Batch   20 | Acc:  43.91%  Loss: 1.6321
  Epoch 19 | Batch   30 | Acc:  43.39%  Loss: 1.6666
  Epoch 19 | Batch   40 | Acc:  43.09%  Loss: 1.6641
  Epoch 19 | Batch   50 | Acc:  42.78%  Loss: 1.6526
  Epoch 19 | Batch   60 | Acc:  43.20%  Loss: 1.6374
  Epoch 19 | Batch   70 | Acc:  42.77%  Loss: 1.6741
  Epoch 19 | Batch   80 | Acc:  43.07%  Loss: 1.6137
  Epoch 19 | Batch   90 | Acc:  43.25%  Loss: 1.6450
  Epoch 19 | Batch  100 | Acc:  43.19%  Loss: 1.6292
  Epoch 19 | Batch  110 | Acc:  43.14%  Loss: 1.6402
  [Proxy] Epoch 19  tr_loss=1.6471  tr_acc=43.14%  te_loss=1.6150  te_acc=45.22%
  Epoch 20 | Batch   10 | Acc:  43.28%  Loss: 1.6242
  Epoch 20 | Batch   20 | Acc:  42.81%  Loss: 1.6454
  Epoch 20 | Batch   30 | Acc:  43.39%  Loss: 1.6323
  Epoch 20 | Batch   40 | Acc:  43.71%  Loss: 1.6240
  Epoch 20 | Batch   50 | Acc:  43.19%  Loss: 1.6788
  Epoch 20 | Batch   60 | Acc:  43.65%  Loss: 1.6134
  Epoch 20 | Batch   70 | Acc:  43.93%  Loss: 1.5977
  Epoch 20 | Batch   80 | Acc:  43.87%  Loss: 1.6244
  Epoch 20 | Batch   90 | Acc:  43.58%  Loss: 1.6573
  Epoch 20 | Batch  100 | Acc:  43.58%  Loss: 1.6357
  Epoch 20 | Batch  110 | Acc:  43.94%  Loss: 1.5857
  [Proxy] Epoch 20  tr_loss=1.6290  tr_acc=43.94%  te_loss=1.6007  te_acc=45.87%
  Epoch 21 | Batch   10 | Acc:  42.50%  Loss: 1.6553
  Epoch 21 | Batch   20 | Acc:  45.39%  Loss: 1.5856
  Epoch 21 | Batch   30 | Acc:  44.27%  Loss: 1.6457
  Epoch 21 | Batch   40 | Acc:  44.18%  Loss: 1.6213
  Epoch 21 | Batch   50 | Acc:  43.97%  Loss: 1.6299
  Epoch 21 | Batch   60 | Acc:  44.32%  Loss: 1.5968
  Epoch 21 | Batch   70 | Acc:  44.00%  Loss: 1.5743
  Epoch 21 | Batch   80 | Acc:  43.96%  Loss: 1.5966
  Epoch 21 | Batch   90 | Acc:  43.85%  Loss: 1.6310
  Epoch 21 | Batch  100 | Acc:  43.80%  Loss: 1.6040
  Epoch 21 | Batch  110 | Acc:  43.89%  Loss: 1.6304
  [Proxy] Epoch 21  tr_loss=1.6155  tr_acc=43.89%  te_loss=1.5877  te_acc=47.41%
  Epoch 22 | Batch   10 | Acc:  46.56%  Loss: 1.5875
  Epoch 22 | Batch   20 | Acc:  47.11%  Loss: 1.5459
  Epoch 22 | Batch   30 | Acc:  45.68%  Loss: 1.5995
  Epoch 22 | Batch   40 | Acc:  45.35%  Loss: 1.6345
  Epoch 22 | Batch   50 | Acc:  46.03%  Loss: 1.6140
  Epoch 22 | Batch   60 | Acc:  46.04%  Loss: 1.5935
  Epoch 22 | Batch   70 | Acc:  45.56%  Loss: 1.5880
  Epoch 22 | Batch   80 | Acc:  45.08%  Loss: 1.6387
  Epoch 22 | Batch   90 | Acc:  44.93%  Loss: 1.5973
  Epoch 22 | Batch  100 | Acc:  44.95%  Loss: 1.5920
  Epoch 22 | Batch  110 | Acc:  44.83%  Loss: 1.6320
  [Proxy] Epoch 22  tr_loss=1.6021  tr_acc=44.83%  te_loss=1.5706  te_acc=47.43%
  Epoch 23 | Batch   10 | Acc:  45.78%  Loss: 1.5779
  Epoch 23 | Batch   20 | Acc:  45.47%  Loss: 1.6040
  Epoch 23 | Batch   30 | Acc:  45.62%  Loss: 1.5971
  Epoch 23 | Batch   40 | Acc:  45.20%  Loss: 1.6207
  Epoch 23 | Batch   50 | Acc:  44.91%  Loss: 1.6367
  Epoch 23 | Batch   60 | Acc:  45.73%  Loss: 1.5557
  Epoch 23 | Batch   70 | Acc:  45.87%  Loss: 1.5987
  Epoch 23 | Batch   80 | Acc:  45.39%  Loss: 1.5716
  Epoch 23 | Batch   90 | Acc:  45.09%  Loss: 1.5889
  Epoch 23 | Batch  100 | Acc:  45.34%  Loss: 1.5286
  Epoch 23 | Batch  110 | Acc:  45.39%  Loss: 1.6076
  [Proxy] Epoch 23  tr_loss=1.5898  tr_acc=45.39%  te_loss=1.5584  te_acc=48.43%
  Epoch 24 | Batch   10 | Acc:  46.72%  Loss: 1.5586
  Epoch 24 | Batch   20 | Acc:  45.55%  Loss: 1.5903
  Epoch 24 | Batch   30 | Acc:  46.82%  Loss: 1.5446
  Epoch 24 | Batch   40 | Acc:  46.13%  Loss: 1.6049
  Epoch 24 | Batch   50 | Acc:  45.97%  Loss: 1.6287
  Epoch 24 | Batch   60 | Acc:  46.07%  Loss: 1.5624
  Epoch 24 | Batch   70 | Acc:  46.41%  Loss: 1.5692
  Epoch 24 | Batch   80 | Acc:  46.33%  Loss: 1.5679
  Epoch 24 | Batch   90 | Acc:  46.13%  Loss: 1.6078
  Epoch 24 | Batch  100 | Acc:  46.30%  Loss: 1.5279
  Epoch 24 | Batch  110 | Acc:  46.24%  Loss: 1.5592
  [Proxy] Epoch 24  tr_loss=1.5747  tr_acc=46.24%  te_loss=1.5419  te_acc=48.93%
  Epoch 25 | Batch   10 | Acc:  46.41%  Loss: 1.5309
  Epoch 25 | Batch   20 | Acc:  48.28%  Loss: 1.5161
  Epoch 25 | Batch   30 | Acc:  49.17%  Loss: 1.5233
  Epoch 25 | Batch   40 | Acc:  48.87%  Loss: 1.5331
  Epoch 25 | Batch   50 | Acc:  48.44%  Loss: 1.5586
  Epoch 25 | Batch   60 | Acc:  48.28%  Loss: 1.5530
  Epoch 25 | Batch   70 | Acc:  47.81%  Loss: 1.5998
  Epoch 25 | Batch   80 | Acc:  47.19%  Loss: 1.5746
  Epoch 25 | Batch   90 | Acc:  47.08%  Loss: 1.6054
  Epoch 25 | Batch  100 | Acc:  47.17%  Loss: 1.5457
  Epoch 25 | Batch  110 | Acc:  46.83%  Loss: 1.6260
  [Proxy] Epoch 25  tr_loss=1.5606  tr_acc=46.83%  te_loss=1.5285  te_acc=49.87%
  Epoch 26 | Batch   10 | Acc:  47.97%  Loss: 1.5979
  Epoch 26 | Batch   20 | Acc:  49.53%  Loss: 1.5090
  Epoch 26 | Batch   30 | Acc:  50.73%  Loss: 1.4839
  Epoch 26 | Batch   40 | Acc:  49.45%  Loss: 1.5789
  Epoch 26 | Batch   50 | Acc:  48.91%  Loss: 1.5686
  Epoch 26 | Batch   60 | Acc:  48.85%  Loss: 1.5616
  Epoch 26 | Batch   70 | Acc:  48.55%  Loss: 1.5583
  Epoch 26 | Batch   80 | Acc:  48.12%  Loss: 1.5745
  Epoch 26 | Batch   90 | Acc:  47.59%  Loss: 1.5675
  Epoch 26 | Batch  100 | Acc:  47.62%  Loss: 1.5388
  Epoch 26 | Batch  110 | Acc:  47.90%  Loss: 1.4923
  [Proxy] Epoch 26  tr_loss=1.5483  tr_acc=47.90%  te_loss=1.5182  te_acc=50.21%
  Epoch 27 | Batch   10 | Acc:  51.88%  Loss: 1.4888
  Epoch 27 | Batch   20 | Acc:  48.05%  Loss: 1.6007
  Epoch 27 | Batch   30 | Acc:  47.86%  Loss: 1.5321
  Epoch 27 | Batch   40 | Acc:  48.48%  Loss: 1.4984
  Epoch 27 | Batch   50 | Acc:  48.28%  Loss: 1.5155
  Epoch 27 | Batch   60 | Acc:  48.36%  Loss: 1.5139
  Epoch 27 | Batch   70 | Acc:  48.62%  Loss: 1.5123
  Epoch 27 | Batch   80 | Acc:  48.18%  Loss: 1.5709
  Epoch 27 | Batch   90 | Acc:  48.00%  Loss: 1.5843
  Epoch 27 | Batch  100 | Acc:  47.88%  Loss: 1.5149
  Epoch 27 | Batch  110 | Acc:  47.83%  Loss: 1.5429
  [Proxy] Epoch 27  tr_loss=1.5341  tr_acc=47.83%  te_loss=1.4995  te_acc=51.21%
  Epoch 28 | Batch   10 | Acc:  43.75%  Loss: 1.5828
  Epoch 28 | Batch   20 | Acc:  46.95%  Loss: 1.4652
  Epoch 28 | Batch   30 | Acc:  47.55%  Loss: 1.5519
  Epoch 28 | Batch   40 | Acc:  48.63%  Loss: 1.5203
  Epoch 28 | Batch   50 | Acc:  48.81%  Loss: 1.5193
  Epoch 28 | Batch   60 | Acc:  48.88%  Loss: 1.5222
  Epoch 28 | Batch   70 | Acc:  48.62%  Loss: 1.5426
  Epoch 28 | Batch   80 | Acc:  48.65%  Loss: 1.5076
  Epoch 28 | Batch   90 | Acc:  48.80%  Loss: 1.4705
  Epoch 28 | Batch  100 | Acc:  48.80%  Loss: 1.5330
  Epoch 28 | Batch  110 | Acc:  48.81%  Loss: 1.4793
  [Proxy] Epoch 28  tr_loss=1.5177  tr_acc=48.81%  te_loss=1.4835  te_acc=50.84%
  Epoch 29 | Batch   10 | Acc:  47.19%  Loss: 1.4997
  Epoch 29 | Batch   20 | Acc:  47.81%  Loss: 1.5074
  Epoch 29 | Batch   30 | Acc:  48.65%  Loss: 1.5308
  Epoch 29 | Batch   40 | Acc:  48.75%  Loss: 1.5197
  Epoch 29 | Batch   50 | Acc:  49.12%  Loss: 1.5013
  Epoch 29 | Batch   60 | Acc:  49.32%  Loss: 1.4387
  Epoch 29 | Batch   70 | Acc:  49.24%  Loss: 1.4936
  Epoch 29 | Batch   80 | Acc:  49.06%  Loss: 1.5516
  Epoch 29 | Batch   90 | Acc:  49.27%  Loss: 1.4818
  Epoch 29 | Batch  100 | Acc:  49.22%  Loss: 1.5060
  Epoch 29 | Batch  110 | Acc:  49.01%  Loss: 1.5529
  [Proxy] Epoch 29  tr_loss=1.5076  tr_acc=49.01%  te_loss=1.4727  te_acc=51.67%
  Epoch 30 | Batch   10 | Acc:  51.72%  Loss: 1.4849
  Epoch 30 | Batch   20 | Acc:  51.33%  Loss: 1.4728
  Epoch 30 | Batch   30 | Acc:  50.57%  Loss: 1.4713
  Epoch 30 | Batch   40 | Acc:  50.74%  Loss: 1.4871
  Epoch 30 | Batch   50 | Acc:  50.75%  Loss: 1.4706
  Epoch 30 | Batch   60 | Acc:  50.36%  Loss: 1.5266
  Epoch 30 | Batch   70 | Acc:  50.04%  Loss: 1.5130
  Epoch 30 | Batch   80 | Acc:  49.79%  Loss: 1.4947
  Epoch 30 | Batch   90 | Acc:  50.05%  Loss: 1.4877
  Epoch 30 | Batch  100 | Acc:  49.67%  Loss: 1.5421
  Epoch 30 | Batch  110 | Acc:  49.91%  Loss: 1.4767
  [Proxy] Epoch 30  tr_loss=1.4934  tr_acc=49.91%  te_loss=1.4553  te_acc=52.76%
  Epoch metrics  -> runs/huang_proxy_epoch_metrics.csv
  [Proxy] Best test CA: 52.76%

====================================================================
 PHASE 2 — Sequential trigger generation (Algorithm 1)
====================================================================
    [Trigger] iter   1/200  fooling_rate=0.490  |delta|_inf=0.2000  elapsed=91.5s
    [Trigger] iter   2/200  fooling_rate=0.454  |delta|_inf=0.2000  elapsed=183.7s
    [Trigger] iter   3/200  fooling_rate=0.450  |delta|_inf=0.2000  elapsed=274.2s
    [Trigger] iter   4/200  fooling_rate=0.060  |delta|_inf=0.2000  elapsed=363.9s
    [Trigger] iter   5/200  fooling_rate=0.466  |delta|_inf=0.2000  elapsed=453.1s
    [Trigger] iter   6/200  fooling_rate=0.340  |delta|_inf=0.2000  elapsed=546.1s
    [Trigger] iter   7/200  fooling_rate=0.296  |delta|_inf=0.2000  elapsed=640.6s
    [Trigger] iter   8/200  fooling_rate=0.596  |delta|_inf=0.2000  elapsed=727.6s
    [Trigger] iter   9/200  fooling_rate=0.454  |delta|_inf=0.2000  elapsed=819.4s
    [Trigger] iter  10/200  fooling_rate=0.210  |delta|_inf=0.2000  elapsed=908.2s
    [Trigger] iter  11/200  fooling_rate=0.450  |delta|_inf=0.2000  elapsed=998.7s
    [Trigger] iter  12/200  fooling_rate=0.430  |delta|_inf=0.2000  elapsed=1083.8s
    [Trigger] iter  13/200  fooling_rate=0.490  |delta|_inf=0.2000  elapsed=1178.8s
    [Trigger] iter  14/200  fooling_rate=0.454  |delta|_inf=0.2000  elapsed=1269.1s
    [Trigger] iter  15/200  fooling_rate=0.062  |delta|_inf=0.2000  elapsed=1358.3s
    [Trigger] iter  16/200  fooling_rate=0.520  |delta|_inf=0.2000  elapsed=1445.0s
    [Trigger] iter  17/200  fooling_rate=0.182  |delta|_inf=0.2000  elapsed=1533.7s
    [Trigger] iter  18/200  fooling_rate=0.508  |delta|_inf=0.2000  elapsed=1626.2s
    [Trigger] iter  19/200  fooling_rate=0.552  |delta|_inf=0.2000  elapsed=1719.3s
    [Trigger] iter  20/200  fooling_rate=0.474  |delta|_inf=0.2000  elapsed=1813.8s
    [Trigger] iter  21/200  fooling_rate=0.058  |delta|_inf=0.2000  elapsed=1903.0s
    [Trigger] iter  22/200  fooling_rate=0.490  |delta|_inf=0.2000  elapsed=1991.3s
    [Trigger] iter  23/200  fooling_rate=0.182  |delta|_inf=0.2000  elapsed=2081.0s
    [Trigger] iter  24/200  fooling_rate=0.614  |delta|_inf=0.2000  elapsed=2171.0s
    [Trigger] Converged at iter 24  fooling_rate=0.614
  Trigger saved.  |delta|_inf=0.2000  |delta|_2=0.5292
  Final proxy fooling rate: 0.614

====================================================================
 PHASE 3 — Victim training across poison ratios
====================================================================

────────────────────────────────────────────────────────────────────
 Poison ratio : 0.1
────────────────────────────────────────────────────────────────────
  [Poison] ratio=0.1  poisoned 70/700 target-class samples

  [Best model] ratio=0.1  CA=55.13%  saved -> huang_angle_best_ratio01.pt
  [Ratio 0.1]  CA=55.13+/-0.00%  ASR=76.77+/-0.00%

────────────────────────────────────────────────────────────────────
 Poison ratio : 0.3
────────────────────────────────────────────────────────────────────
  [Poison] ratio=0.3  poisoned 210/700 target-class samples

  [Best model] ratio=0.3  CA=52.91%  saved -> huang_angle_best_ratio03.pt
  [Ratio 0.3]  CA=52.91+/-0.00%  ASR=89.81+/-0.00%

────────────────────────────────────────────────────────────────────
 Poison ratio : 0.5
────────────────────────────────────────────────────────────────────
  [Poison] ratio=0.5  poisoned 350/700 target-class samples

  [Best model] ratio=0.5  CA=53.21%  saved -> huang_angle_best_ratio05.pt
  [Ratio 0.5]  CA=53.21+/-0.00%  ASR=91.07+/-0.00%

====================================================================
 Experiment complete.  Summary -> runs/huang_angle_l5_summary.csv
====================================================================
  Ratio       CA mean   CA std   ASR mean  ASR std
  ────────────────────────────────────────────────
  0.1           55.13     0.00      76.77     0.00
  0.3           52.91     0.00      89.81     0.00
  0.5           53.21     0.00      91.07     0.00
====================================================================

============================================================
 End time  : Sun Mar 15 06:51:30 PM MDT 2026
 Exit code : 0
============================================================
