Python 3.11.14
/bin/python
Python 3.9.18
========================================
Job ID      : 13884
Node        : hopper001
GPUs        : 0,1
CPUs        : 30
Start time  : Wed Mar  4 08:36:15 PM MST 2026
========================================
Wed Mar  4 20:36:15 2026       
+-----------------------------------------------------------------------------------------+
| NVIDIA-SMI 575.51.03              Driver Version: 575.51.03      CUDA Version: 12.9     |
|-----------------------------------------+------------------------+----------------------+
| GPU  Name                 Persistence-M | Bus-Id          Disp.A | Volatile Uncorr. ECC |
| Fan  Temp   Perf          Pwr:Usage/Cap |           Memory-Usage | GPU-Util  Compute M. |
|                                         |                        |               MIG M. |
|=========================================+========================+======================|
|   0  NVIDIA H100 80GB HBM3          Off |   00000000:43:00.0 Off |                    0 |
| N/A   33C    P0            107W /  700W |       0MiB /  81559MiB |      0%      Default |
|                                         |                        |             Disabled |
+-----------------------------------------+------------------------+----------------------+
|   1  NVIDIA H100 80GB HBM3          Off |   00000000:52:00.0 Off |                    0 |
| N/A   38C    P0             93W /  700W |       0MiB /  81559MiB |      0%      Default |
|                                         |                        |             Disabled |
+-----------------------------------------+------------------------+----------------------+
                                                                                         
+-----------------------------------------------------------------------------------------+
| Processes:                                                                              |
|  GPU   GI   CI              PID   Type   Process name                        GPU Memory |
|        ID   ID                                                               Usage      |
|=========================================================================================|
|  No running processes found                                                             |
+-----------------------------------------------------------------------------------------+
Changing directory...
Now in: /work/srnowmi/QUID_full/AZ/angle/layer5
Files: AZ_23
depo_job_l5.slurm
depo_quid_az_angle_l5.py
logs
NN_quid_az_angle_l5.py
quid_job_l5.slurm
rho_proto_cache.npy
Running python script...
====================================================================
 QUID + Q-Detection | AZ-Class 23-family | 9-qubit PCA model
 Optimisations: prototype cache (~96 MB) + multi-GPU parallelism
====================================================================
[GPU] 2 GPU(s) detected: ['NVIDIA H100 80GB HBM3', 'NVIDIA H100 80GB HBM3']
Number of classes: 23
[Data] Train: (184342, 9)  Test: (20482, 9)
[ProtoCache] Loading prototypes from rho_proto_cache.npy ...
[ProtoCache] Loaded 23 prototypes in 0.0s  (size: 96.5 MB)
[ProtoCache] shape: (23, 512, 512)  dtype: complex128  size: 96.5 MB
  [INFO] Q-Detection will use stratified subset: ~16100 samples (700/class) -> J matrix 16100x16100 (2074 MB).
  [INFO] Q-Detection will use stratified subset: ~16100 samples (700/class) -> J matrix 16100x16100 (2074 MB).
  [INFO] Q-Detection will use stratified subset: ~16100 samples (700/class) -> J matrix 16100x16100 (2074 MB).
  [INFO] Q-Detection will use stratified subset: ~16100 samples (700/class) -> J matrix 16100x16100 (2074 MB).
  [INFO] Q-Detection will use stratified subset: ~16100 samples (700/class) -> J matrix 16100x16100 (2074 MB).
  [INFO] Q-Detection will use stratified subset: ~16100 samples (700/class) -> J matrix 16100x16100 (2074 MB).
  [INFO] Q-Detection will use stratified subset: ~16100 samples (700/class) -> J matrix 16100x16100 (2074 MB).
  [INFO] Q-Detection will use stratified subset: ~16100 samples (700/class) -> J matrix 16100x16100 (2074 MB).
  [INFO] Q-Detection will use stratified subset: ~16100 samples (700/class) -> J matrix 16100x16100 (2074 MB).
  [INFO] Q-Detection will use stratified subset: ~16100 samples (700/class) -> J matrix 16100x16100 (2074 MB).
  [INFO] Q-Detection will use stratified subset: ~16100 samples (700/class) -> J matrix 16100x16100 (2074 MB).
  [INFO] Q-Detection will use stratified subset: ~16100 samples (700/class) -> J matrix 16100x16100 (2074 MB).
  [INFO] Q-Detection will use stratified subset: ~16100 samples (700/class) -> J matrix 16100x16100 (2074 MB).
  [INFO] Q-Detection will use stratified subset: ~16100 samples (700/class) -> J matrix 16100x16100 (2074 MB).
  [INFO] Q-Detection will use stratified subset: ~16100 samples (700/class) -> J matrix 16100x16100 (2074 MB).
  [INFO] Q-Detection will use stratified subset: ~16100 samples (700/class) -> J matrix 16100x16100 (2074 MB).
  [INFO] Q-Detection will use stratified subset: ~16100 samples (700/class) -> J matrix 16100x16100 (2074 MB).
  [INFO] Q-Detection will use stratified subset: ~16100 samples (700/class) -> J matrix 16100x16100 (2074 MB).

[Main] Total experiments: 36
[Main] Parallelism: up to 2 concurrent workers (1 per GPU)

====================================================================
 [Run 1 | eps=0.1 | quid | none | GPU 0]
====================================================================
  [Run 1 | eps=0.1 | quid | none | GPU 0] Stratified subset: 16100 samples (700 per class max, from 184342 total)
  [QUID] Computing density matrices for 1610 poisoned samples ...
  [QUID] Density matrices done in 7.3s
  [QUID] Assigning adversarial labels ...
  [QUID] Label assignment done in 110.1s
  [QUID] Labels changed: 1610/1610
  [Run 1 | eps=0.1 | quid | none | GPU 0] Poisoned: 1610/16100
Epoch: 1, Batch: 10, Acc: 10.78%, Loss: 3.1152
Epoch: 1, Batch: 20, Acc: 10.78%, Loss: 3.1031
Epoch: 1, Batch: 30, Acc: 10.00%, Loss: 3.1260
Epoch: 1, Batch: 40, Acc: 10.35%, Loss: 3.0909
Epoch: 1, Batch: 50, Acc: 10.47%, Loss: 3.1092
Epoch: 1, Batch: 60, Acc: 10.96%, Loss: 3.0939
Epoch: 1, Batch: 70, Acc: 11.58%, Loss: 3.0727
Epoch: 1, Batch: 80, Acc: 11.82%, Loss: 3.0770
Epoch: 1, Batch: 90, Acc: 11.86%, Loss: 3.0801
Epoch: 1, Batch: 100, Acc: 11.95%, Loss: 3.0620
Epoch: 1, Batch: 110, Acc: 11.99%, Loss: 3.0632
Epoch: 1, Batch: 120, Acc: 12.01%, Loss: 3.0608
Epoch: 1, Batch: 130, Acc: 12.03%, Loss: 3.0476
Epoch: 1, Batch: 140, Acc: 11.93%, Loss: 3.0633
Epoch: 1, Batch: 150, Acc: 12.00%, Loss: 3.0395
Epoch: 1, Batch: 160, Acc: 12.07%, Loss: 3.0316
Epoch: 1, Batch: 170, Acc: 12.06%, Loss: 3.0409
Epoch: 1, Batch: 180, Acc: 12.11%, Loss: 3.0157
Epoch: 1, Batch: 190, Acc: 12.15%, Loss: 3.0246
Epoch: 1, Batch: 200, Acc: 12.15%, Loss: 3.0189
Epoch: 1, Batch: 210, Acc: 12.27%, Loss: 2.9990
Epoch: 1, Batch: 220, Acc: 12.38%, Loss: 2.9911
Epoch: 1, Batch: 230, Acc: 12.42%, Loss: 2.9955
Epoch: 1, Batch: 240, Acc: 12.53%, Loss: 2.9660
Epoch: 1, Batch: 250, Acc: 12.62%, Loss: 2.9691
Accuracy on test set: 6.75%
Epoch: 2, Batch: 10, Acc: 12.97%, Loss: 2.9529
Epoch: 2, Batch: 20, Acc: 13.44%, Loss: 2.9560
Epoch: 2, Batch: 30, Acc: 13.33%, Loss: 2.9529
Epoch: 2, Batch: 40, Acc: 13.71%, Loss: 2.9328
Epoch: 2, Batch: 50, Acc: 14.19%, Loss: 2.9282
Epoch: 2, Batch: 60, Acc: 14.19%, Loss: 2.9277
Epoch: 2, Batch: 70, Acc: 14.38%, Loss: 2.9088
Epoch: 2, Batch: 80, Acc: 14.28%, Loss: 2.9164
Epoch: 2, Batch: 90, Acc: 14.22%, Loss: 2.8930
Epoch: 2, Batch: 100, Acc: 14.05%, Loss: 2.8932
Epoch: 2, Batch: 110, Acc: 14.26%, Loss: 2.8828
Epoch: 2, Batch: 120, Acc: 14.24%, Loss: 2.8965
Epoch: 2, Batch: 130, Acc: 14.24%, Loss: 2.8637
Epoch: 2, Batch: 140, Acc: 14.25%, Loss: 2.8777
Epoch: 2, Batch: 150, Acc: 14.32%, Loss: 2.8469
Epoch: 2, Batch: 160, Acc: 14.42%, Loss: 2.8432
Epoch: 2, Batch: 170, Acc: 14.67%, Loss: 2.7942
Epoch: 2, Batch: 180, Acc: 14.85%, Loss: 2.8172
Epoch: 2, Batch: 190, Acc: 14.90%, Loss: 2.8124
Epoch: 2, Batch: 200, Acc: 15.00%, Loss: 2.8115
Epoch: 2, Batch: 210, Acc: 15.04%, Loss: 2.8020
Epoch: 2, Batch: 220, Acc: 15.23%, Loss: 2.7911
Epoch: 2, Batch: 230, Acc: 15.38%, Loss: 2.7606
Epoch: 2, Batch: 240, Acc: 15.53%, Loss: 2.7783
Epoch: 2, Batch: 250, Acc: 15.62%, Loss: 2.8051
Accuracy on test set: 13.88%
Epoch: 3, Batch: 10, Acc: 22.50%, Loss: 2.7039
Epoch: 3, Batch: 20, Acc: 21.02%, Loss: 2.7492
Epoch: 3, Batch: 30, Acc: 20.57%, Loss: 2.7276
Epoch: 3, Batch: 40, Acc: 20.12%, Loss: 2.7305
Epoch: 3, Batch: 50, Acc: 20.00%, Loss: 2.7485
Epoch: 3, Batch: 60, Acc: 19.71%, Loss: 2.7340
Epoch: 3, Batch: 70, Acc: 20.16%, Loss: 2.6967
Epoch: 3, Batch: 80, Acc: 19.77%, Loss: 2.7491
Epoch: 3, Batch: 90, Acc: 20.33%, Loss: 2.6672
Epoch: 3, Batch: 100, Acc: 20.52%, Loss: 2.6990
Epoch: 3, Batch: 110, Acc: 20.89%, Loss: 2.6366
Epoch: 3, Batch: 120, Acc: 21.09%, Loss: 2.6771
Epoch: 3, Batch: 130, Acc: 21.12%, Loss: 2.6884
Epoch: 3, Batch: 140, Acc: 21.17%, Loss: 2.6577
Epoch: 3, Batch: 150, Acc: 21.23%, Loss: 2.6831
Epoch: 3, Batch: 160, Acc: 21.38%, Loss: 2.6381
Epoch: 3, Batch: 170, Acc: 21.65%, Loss: 2.5980
Epoch: 3, Batch: 180, Acc: 21.81%, Loss: 2.6024
Epoch: 3, Batch: 190, Acc: 21.95%, Loss: 2.6410
Epoch: 3, Batch: 200, Acc: 22.04%, Loss: 2.6256
Epoch: 3, Batch: 210, Acc: 22.14%, Loss: 2.6115
Epoch: 3, Batch: 220, Acc: 22.07%, Loss: 2.6364
Epoch: 3, Batch: 230, Acc: 22.24%, Loss: 2.5817
Epoch: 3, Batch: 240, Acc: 22.34%, Loss: 2.5462
Epoch: 3, Batch: 250, Acc: 22.34%, Loss: 2.5816
Accuracy on test set: 21.78%
Epoch: 4, Batch: 10, Acc: 23.44%, Loss: 2.5693
Epoch: 4, Batch: 20, Acc: 23.59%, Loss: 2.5875
Epoch: 4, Batch: 30, Acc: 24.58%, Loss: 2.5533
Epoch: 4, Batch: 40, Acc: 24.88%, Loss: 2.5789
Epoch: 4, Batch: 50, Acc: 25.56%, Loss: 2.5171
Epoch: 4, Batch: 60, Acc: 25.73%, Loss: 2.5347
Epoch: 4, Batch: 70, Acc: 25.78%, Loss: 2.5267
Epoch: 4, Batch: 80, Acc: 26.21%, Loss: 2.4801
Epoch: 4, Batch: 90, Acc: 26.35%, Loss: 2.5088
Epoch: 4, Batch: 100, Acc: 26.31%, Loss: 2.5177
Epoch: 4, Batch: 110, Acc: 26.11%, Loss: 2.5659
Epoch: 4, Batch: 120, Acc: 26.03%, Loss: 2.5225
Epoch: 4, Batch: 130, Acc: 26.07%, Loss: 2.4967
Epoch: 4, Batch: 140, Acc: 26.14%, Loss: 2.4990
Epoch: 4, Batch: 150, Acc: 26.34%, Loss: 2.4627
Epoch: 4, Batch: 160, Acc: 26.43%, Loss: 2.4907
Epoch: 4, Batch: 170, Acc: 26.69%, Loss: 2.4575
Epoch: 4, Batch: 180, Acc: 26.86%, Loss: 2.4166
Epoch: 4, Batch: 190, Acc: 26.91%, Loss: 2.4567
Epoch: 4, Batch: 200, Acc: 26.85%, Loss: 2.5005
Epoch: 4, Batch: 210, Acc: 27.05%, Loss: 2.4281
Epoch: 4, Batch: 220, Acc: 27.19%, Loss: 2.4325
Epoch: 4, Batch: 230, Acc: 27.04%, Loss: 2.5588
Epoch: 4, Batch: 240, Acc: 27.15%, Loss: 2.4295
Epoch: 4, Batch: 250, Acc: 27.12%, Loss: 2.5070
Accuracy on test set: 28.18%
Epoch: 5, Batch: 10, Acc: 26.72%, Loss: 2.5049
Epoch: 5, Batch: 20, Acc: 29.84%, Loss: 2.3781
Epoch: 5, Batch: 30, Acc: 30.21%, Loss: 2.4217
Epoch: 5, Batch: 40, Acc: 30.27%, Loss: 2.3904
Epoch: 5, Batch: 50, Acc: 30.22%, Loss: 2.4167
Epoch: 5, Batch: 60, Acc: 30.10%, Loss: 2.3972
Epoch: 5, Batch: 70, Acc: 30.20%, Loss: 2.4125
Epoch: 5, Batch: 80, Acc: 30.16%, Loss: 2.4370
Epoch: 5, Batch: 90, Acc: 30.26%, Loss: 2.3525
Epoch: 5, Batch: 100, Acc: 30.11%, Loss: 2.4325
Epoch: 5, Batch: 110, Acc: 30.13%, Loss: 2.4028
Epoch: 5, Batch: 120, Acc: 30.17%, Loss: 2.3939
Epoch: 5, Batch: 130, Acc: 30.23%, Loss: 2.3896
Epoch: 5, Batch: 140, Acc: 30.00%, Loss: 2.4247
Epoch: 5, Batch: 150, Acc: 30.18%, Loss: 2.3354
Epoch: 5, Batch: 160, Acc: 30.03%, Loss: 2.4488
Epoch: 5, Batch: 170, Acc: 30.19%, Loss: 2.3805
Epoch: 5, Batch: 180, Acc: 30.46%, Loss: 2.3088
Epoch: 5, Batch: 190, Acc: 30.54%, Loss: 2.3482
Epoch: 5, Batch: 200, Acc: 30.65%, Loss: 2.3701
Epoch: 5, Batch: 210, Acc: 30.69%, Loss: 2.3936
Epoch: 5, Batch: 220, Acc: 30.69%, Loss: 2.3609
Epoch: 5, Batch: 230, Acc: 30.83%, Loss: 2.3521
Epoch: 5, Batch: 240, Acc: 30.76%, Loss: 2.3730
Epoch: 5, Batch: 250, Acc: 30.77%, Loss: 2.3389
Accuracy on test set: 31.21%
Epoch: 6, Batch: 10, Acc: 30.16%, Loss: 2.3860
Epoch: 6, Batch: 20, Acc: 29.61%, Loss: 2.3909
Epoch: 6, Batch: 30, Acc: 30.83%, Loss: 2.3165
Epoch: 6, Batch: 40, Acc: 31.41%, Loss: 2.3007
Epoch: 6, Batch: 50, Acc: 31.28%, Loss: 2.3990
Epoch: 6, Batch: 60, Acc: 31.38%, Loss: 2.2889
Epoch: 6, Batch: 70, Acc: 31.43%, Loss: 2.3694
Epoch: 6, Batch: 80, Acc: 31.66%, Loss: 2.3190
Epoch: 6, Batch: 90, Acc: 31.98%, Loss: 2.2827
Epoch: 6, Batch: 100, Acc: 31.86%, Loss: 2.3304
Epoch: 6, Batch: 110, Acc: 31.99%, Loss: 2.3114
Epoch: 6, Batch: 120, Acc: 31.97%, Loss: 2.2971
Epoch: 6, Batch: 130, Acc: 31.91%, Loss: 2.3281
Epoch: 6, Batch: 140, Acc: 32.01%, Loss: 2.3034
Epoch: 6, Batch: 150, Acc: 32.23%, Loss: 2.2383
Epoch: 6, Batch: 160, Acc: 32.36%, Loss: 2.2825
Epoch: 6, Batch: 170, Acc: 32.31%, Loss: 2.3447
Epoch: 6, Batch: 180, Acc: 32.27%, Loss: 2.3013
Epoch: 6, Batch: 190, Acc: 32.14%, Loss: 2.2961
Epoch: 6, Batch: 200, Acc: 32.34%, Loss: 2.2632
Epoch: 6, Batch: 210, Acc: 32.39%, Loss: 2.2603
Epoch: 6, Batch: 220, Acc: 32.49%, Loss: 2.2530
Epoch: 6, Batch: 230, Acc: 32.51%, Loss: 2.2871
Epoch: 6, Batch: 240, Acc: 32.53%, Loss: 2.3015
Epoch: 6, Batch: 250, Acc: 32.58%, Loss: 2.2783
Accuracy on test set: 33.23%
Epoch: 7, Batch: 10, Acc: 32.03%, Loss: 2.3255
Epoch: 7, Batch: 20, Acc: 31.88%, Loss: 2.2663
Epoch: 7, Batch: 30, Acc: 31.67%, Loss: 2.3836
Epoch: 7, Batch: 40, Acc: 31.60%, Loss: 2.2875
Epoch: 7, Batch: 50, Acc: 32.66%, Loss: 2.2167
Epoch: 7, Batch: 60, Acc: 32.24%, Loss: 2.2914
Epoch: 7, Batch: 70, Acc: 32.59%, Loss: 2.2504
Epoch: 7, Batch: 80, Acc: 32.60%, Loss: 2.3021
Epoch: 7, Batch: 90, Acc: 32.81%, Loss: 2.2369
Epoch: 7, Batch: 100, Acc: 32.94%, Loss: 2.2488
Epoch: 7, Batch: 110, Acc: 32.95%, Loss: 2.3044
Epoch: 7, Batch: 120, Acc: 33.09%, Loss: 2.2024
Epoch: 7, Batch: 130, Acc: 33.17%, Loss: 2.2697
Epoch: 7, Batch: 140, Acc: 33.20%, Loss: 2.2728
Epoch: 7, Batch: 150, Acc: 33.27%, Loss: 2.2530
Epoch: 7, Batch: 160, Acc: 33.40%, Loss: 2.2339
Epoch: 7, Batch: 170, Acc: 33.51%, Loss: 2.2101
Epoch: 7, Batch: 180, Acc: 33.69%, Loss: 2.2027
Epoch: 7, Batch: 190, Acc: 33.72%, Loss: 2.2436
Epoch: 7, Batch: 200, Acc: 33.77%, Loss: 2.1983
Epoch: 7, Batch: 210, Acc: 33.71%, Loss: 2.3019
Epoch: 7, Batch: 220, Acc: 33.83%, Loss: 2.2637
Epoch: 7, Batch: 230, Acc: 33.93%, Loss: 2.1781
Epoch: 7, Batch: 240, Acc: 33.96%, Loss: 2.2101
Epoch: 7, Batch: 250, Acc: 34.12%, Loss: 2.1113
Accuracy on test set: 34.68%
Epoch: 8, Batch: 10, Acc: 36.41%, Loss: 2.2115
Epoch: 8, Batch: 20, Acc: 37.03%, Loss: 2.1929
Epoch: 8, Batch: 30, Acc: 35.42%, Loss: 2.2658
Epoch: 8, Batch: 40, Acc: 34.34%, Loss: 2.2205
Epoch: 8, Batch: 50, Acc: 34.00%, Loss: 2.2931
Epoch: 8, Batch: 60, Acc: 34.11%, Loss: 2.1778
Epoch: 8, Batch: 70, Acc: 34.17%, Loss: 2.1986
Epoch: 8, Batch: 80, Acc: 34.26%, Loss: 2.2313
Epoch: 8, Batch: 90, Acc: 34.17%, Loss: 2.2540
Epoch: 8, Batch: 100, Acc: 34.14%, Loss: 2.1824
Epoch: 8, Batch: 110, Acc: 34.36%, Loss: 2.1672
Epoch: 8, Batch: 120, Acc: 34.36%, Loss: 2.2615
Epoch: 8, Batch: 130, Acc: 34.45%, Loss: 2.2534
Epoch: 8, Batch: 140, Acc: 34.50%, Loss: 2.2018
Epoch: 8, Batch: 150, Acc: 34.74%, Loss: 2.1437
Epoch: 8, Batch: 160, Acc: 34.80%, Loss: 2.1423
Epoch: 8, Batch: 170, Acc: 34.87%, Loss: 2.1952
Epoch: 8, Batch: 180, Acc: 34.98%, Loss: 2.1443
Epoch: 8, Batch: 190, Acc: 35.12%, Loss: 2.1997
Epoch: 8, Batch: 200, Acc: 35.16%, Loss: 2.1614
Epoch: 8, Batch: 210, Acc: 35.07%, Loss: 2.2170
Epoch: 8, Batch: 220, Acc: 35.13%, Loss: 2.2063
Epoch: 8, Batch: 230, Acc: 35.24%, Loss: 2.1627
Epoch: 8, Batch: 240, Acc: 35.35%, Loss: 2.1367
Epoch: 8, Batch: 250, Acc: 35.29%, Loss: 2.2335
Accuracy on test set: 36.32%
Epoch: 9, Batch: 10, Acc: 33.44%, Loss: 2.2149
Epoch: 9, Batch: 20, Acc: 33.67%, Loss: 2.1835
Epoch: 9, Batch: 30, Acc: 35.05%, Loss: 2.1244
Epoch: 9, Batch: 40, Acc: 36.09%, Loss: 2.1096
Epoch: 9, Batch: 50, Acc: 35.84%, Loss: 2.2191
Epoch: 9, Batch: 60, Acc: 35.94%, Loss: 2.1119
Epoch: 9, Batch: 70, Acc: 35.92%, Loss: 2.1828
Epoch: 9, Batch: 80, Acc: 36.05%, Loss: 2.1284
Epoch: 9, Batch: 90, Acc: 35.97%, Loss: 2.2078
Epoch: 9, Batch: 100, Acc: 35.89%, Loss: 2.1927
Epoch: 9, Batch: 110, Acc: 36.19%, Loss: 2.1360
Epoch: 9, Batch: 120, Acc: 36.16%, Loss: 2.1860
Epoch: 9, Batch: 130, Acc: 36.17%, Loss: 2.1597
Epoch: 9, Batch: 140, Acc: 36.04%, Loss: 2.1692
Epoch: 9, Batch: 150, Acc: 36.18%, Loss: 2.1223
Epoch: 9, Batch: 160, Acc: 35.82%, Loss: 2.2788
Epoch: 9, Batch: 170, Acc: 35.71%, Loss: 2.1987
Epoch: 9, Batch: 180, Acc: 35.74%, Loss: 2.1649
Epoch: 9, Batch: 190, Acc: 35.88%, Loss: 2.0686
Epoch: 9, Batch: 200, Acc: 35.95%, Loss: 2.1352
Epoch: 9, Batch: 210, Acc: 35.97%, Loss: 2.2065
Epoch: 9, Batch: 220, Acc: 36.16%, Loss: 2.1022
Epoch: 9, Batch: 230, Acc: 36.05%, Loss: 2.1819
Epoch: 9, Batch: 240, Acc: 36.15%, Loss: 2.0917
Epoch: 9, Batch: 250, Acc: 36.23%, Loss: 2.1237
Accuracy on test set: 37.75%
Epoch: 10, Batch: 10, Acc: 35.78%, Loss: 2.1208
Epoch: 10, Batch: 20, Acc: 36.09%, Loss: 2.1282
Epoch: 10, Batch: 30, Acc: 36.67%, Loss: 2.1440
Epoch: 10, Batch: 40, Acc: 37.11%, Loss: 2.1200
Epoch: 10, Batch: 50, Acc: 36.50%, Loss: 2.1383
Epoch: 10, Batch: 60, Acc: 36.80%, Loss: 2.1122
Epoch: 10, Batch: 70, Acc: 36.70%, Loss: 2.1329
Epoch: 10, Batch: 80, Acc: 36.88%, Loss: 2.1034
Epoch: 10, Batch: 90, Acc: 36.74%, Loss: 2.1737
Epoch: 10, Batch: 100, Acc: 36.55%, Loss: 2.1412
Epoch: 10, Batch: 110, Acc: 36.79%, Loss: 2.0803
Epoch: 10, Batch: 120, Acc: 36.80%, Loss: 2.1251
Epoch: 10, Batch: 130, Acc: 36.81%, Loss: 2.1247
Epoch: 10, Batch: 140, Acc: 37.00%, Loss: 2.0564
Epoch: 10, Batch: 150, Acc: 36.85%, Loss: 2.2130
Epoch: 10, Batch: 160, Acc: 37.04%, Loss: 2.0709
Epoch: 10, Batch: 170, Acc: 37.15%, Loss: 2.0986
Epoch: 10, Batch: 180, Acc: 37.07%, Loss: 2.1398
Epoch: 10, Batch: 190, Acc: 36.92%, Loss: 2.1682
Epoch: 10, Batch: 200, Acc: 36.91%, Loss: 2.1225
Epoch: 10, Batch: 210, Acc: 36.85%, Loss: 2.1609
Epoch: 10, Batch: 220, Acc: 36.98%, Loss: 2.0823
Epoch: 10, Batch: 230, Acc: 37.04%, Loss: 2.1059
Epoch: 10, Batch: 240, Acc: 36.95%, Loss: 2.2030
Epoch: 10, Batch: 250, Acc: 37.01%, Loss: 2.0927
Accuracy on test set: 38.76%
Epoch: 11, Batch: 10, Acc: 35.78%, Loss: 2.1164
Epoch: 11, Batch: 20, Acc: 36.41%, Loss: 2.0693
Epoch: 11, Batch: 30, Acc: 38.02%, Loss: 2.0885
Epoch: 11, Batch: 40, Acc: 38.48%, Loss: 2.1219
Epoch: 11, Batch: 50, Acc: 38.66%, Loss: 2.0563
Epoch: 11, Batch: 60, Acc: 38.78%, Loss: 2.0751
Epoch: 11, Batch: 70, Acc: 38.30%, Loss: 2.2042
Epoch: 11, Batch: 80, Acc: 38.42%, Loss: 2.0882
Epoch: 11, Batch: 90, Acc: 38.39%, Loss: 2.1414
Epoch: 11, Batch: 100, Acc: 38.22%, Loss: 2.0959
Epoch: 11, Batch: 110, Acc: 38.30%, Loss: 2.0784
Epoch: 11, Batch: 120, Acc: 38.19%, Loss: 2.1136
Epoch: 11, Batch: 130, Acc: 38.15%, Loss: 2.0673
Epoch: 11, Batch: 140, Acc: 38.25%, Loss: 2.0506
Epoch: 11, Batch: 150, Acc: 38.22%, Loss: 2.0880
Epoch: 11, Batch: 160, Acc: 38.36%, Loss: 2.0815
Epoch: 11, Batch: 170, Acc: 38.40%, Loss: 2.0475
Epoch: 11, Batch: 180, Acc: 38.23%, Loss: 2.1407
Epoch: 11, Batch: 190, Acc: 38.17%, Loss: 2.0856
Epoch: 11, Batch: 200, Acc: 38.13%, Loss: 2.1046
Epoch: 11, Batch: 210, Acc: 37.98%, Loss: 2.1326
Epoch: 11, Batch: 220, Acc: 37.93%, Loss: 2.0919
Epoch: 11, Batch: 230, Acc: 37.87%, Loss: 2.1120
Epoch: 11, Batch: 240, Acc: 37.81%, Loss: 2.0631
Epoch: 11, Batch: 250, Acc: 37.73%, Loss: 2.0952
Accuracy on test set: 39.11%
Epoch: 12, Batch: 10, Acc: 39.69%, Loss: 1.9970
Epoch: 12, Batch: 20, Acc: 37.73%, Loss: 2.1393
Epoch: 12, Batch: 30, Acc: 37.92%, Loss: 2.0652
Epoch: 12, Batch: 40, Acc: 38.09%, Loss: 2.0830
Epoch: 12, Batch: 50, Acc: 38.56%, Loss: 2.0449
Epoch: 12, Batch: 60, Acc: 38.65%, Loss: 2.0747
Epoch: 12, Batch: 70, Acc: 38.48%, Loss: 2.0732
Epoch: 12, Batch: 80, Acc: 38.81%, Loss: 2.0430
Epoch: 12, Batch: 90, Acc: 38.89%, Loss: 2.0937
Epoch: 12, Batch: 100, Acc: 38.64%, Loss: 2.1104
Epoch: 12, Batch: 110, Acc: 38.62%, Loss: 2.0717
Epoch: 12, Batch: 120, Acc: 38.48%, Loss: 2.1561
Epoch: 12, Batch: 130, Acc: 38.33%, Loss: 2.0676
Epoch: 12, Batch: 140, Acc: 38.28%, Loss: 2.0578
Epoch: 12, Batch: 150, Acc: 38.48%, Loss: 1.9973
Epoch: 12, Batch: 160, Acc: 38.59%, Loss: 2.0335
Epoch: 12, Batch: 170, Acc: 38.54%, Loss: 2.0363
Epoch: 12, Batch: 180, Acc: 38.42%, Loss: 2.1078
Epoch: 12, Batch: 190, Acc: 38.59%, Loss: 2.0303
Epoch: 12, Batch: 200, Acc: 38.52%, Loss: 2.1239
Epoch: 12, Batch: 210, Acc: 38.38%, Loss: 2.0826
Epoch: 12, Batch: 220, Acc: 38.42%, Loss: 2.0955
Epoch: 12, Batch: 230, Acc: 38.36%, Loss: 2.0908
Epoch: 12, Batch: 240, Acc: 38.44%, Loss: 2.0088
Epoch: 12, Batch: 250, Acc: 38.38%, Loss: 2.0669
Accuracy on test set: 39.86%
Epoch: 13, Batch: 10, Acc: 39.22%, Loss: 2.0031
Epoch: 13, Batch: 20, Acc: 39.69%, Loss: 2.0261
Epoch: 13, Batch: 30, Acc: 38.65%, Loss: 2.0748
Epoch: 13, Batch: 40, Acc: 38.24%, Loss: 2.0625
Epoch: 13, Batch: 50, Acc: 38.69%, Loss: 2.0509
Epoch: 13, Batch: 60, Acc: 38.36%, Loss: 2.1143
Epoch: 13, Batch: 70, Acc: 38.24%, Loss: 2.0455
Epoch: 13, Batch: 80, Acc: 38.36%, Loss: 2.0261
Epoch: 13, Batch: 90, Acc: 38.11%, Loss: 2.0696
Epoch: 13, Batch: 100, Acc: 38.17%, Loss: 2.1102
Epoch: 13, Batch: 110, Acc: 38.15%, Loss: 2.0880
Epoch: 13, Batch: 120, Acc: 38.20%, Loss: 2.0554
Epoch: 13, Batch: 130, Acc: 38.53%, Loss: 1.9900
Epoch: 13, Batch: 140, Acc: 38.52%, Loss: 2.0458
Epoch: 13, Batch: 150, Acc: 38.49%, Loss: 2.0390
Epoch: 13, Batch: 160, Acc: 38.66%, Loss: 1.9450
Epoch: 13, Batch: 170, Acc: 38.58%, Loss: 2.0547
Epoch: 13, Batch: 180, Acc: 38.59%, Loss: 2.0608
Epoch: 13, Batch: 190, Acc: 38.68%, Loss: 2.0153
Epoch: 13, Batch: 200, Acc: 38.65%, Loss: 2.0832
Epoch: 13, Batch: 210, Acc: 38.65%, Loss: 2.0427
Epoch: 13, Batch: 220, Acc: 38.67%, Loss: 2.0326
Epoch: 13, Batch: 230, Acc: 38.72%, Loss: 2.0434
Epoch: 13, Batch: 240, Acc: 38.69%, Loss: 2.0914
Epoch: 13, Batch: 250, Acc: 38.71%, Loss: 2.0500
Accuracy on test set: 40.25%
Epoch: 14, Batch: 10, Acc: 40.31%, Loss: 2.0009
Epoch: 14, Batch: 20, Acc: 41.56%, Loss: 1.9867
Epoch: 14, Batch: 30, Acc: 40.42%, Loss: 2.0004
Epoch: 14, Batch: 40, Acc: 39.73%, Loss: 2.0783
Epoch: 14, Batch: 50, Acc: 39.69%, Loss: 2.0427
Epoch: 14, Batch: 60, Acc: 39.69%, Loss: 2.0517
Epoch: 14, Batch: 70, Acc: 39.15%, Loss: 2.0896
Epoch: 14, Batch: 80, Acc: 38.98%, Loss: 1.9986
Epoch: 14, Batch: 90, Acc: 38.70%, Loss: 2.0820
Epoch: 14, Batch: 100, Acc: 38.95%, Loss: 1.9443
Epoch: 14, Batch: 110, Acc: 39.13%, Loss: 2.0316
Epoch: 14, Batch: 120, Acc: 39.08%, Loss: 2.0187
Epoch: 14, Batch: 130, Acc: 39.00%, Loss: 2.0814
Epoch: 14, Batch: 140, Acc: 38.73%, Loss: 2.1261
Epoch: 14, Batch: 150, Acc: 38.69%, Loss: 1.9694
Epoch: 14, Batch: 160, Acc: 38.39%, Loss: 2.0752
Epoch: 14, Batch: 170, Acc: 38.42%, Loss: 2.0217
Epoch: 14, Batch: 180, Acc: 38.52%, Loss: 2.0011
Epoch: 14, Batch: 190, Acc: 38.58%, Loss: 2.0205
Epoch: 14, Batch: 200, Acc: 38.62%, Loss: 2.0186
Epoch: 14, Batch: 210, Acc: 38.53%, Loss: 2.0750
Epoch: 14, Batch: 220, Acc: 38.57%, Loss: 2.0254
Epoch: 14, Batch: 230, Acc: 38.63%, Loss: 1.9959
Epoch: 14, Batch: 240, Acc: 38.63%, Loss: 1.9775
Epoch: 14, Batch: 250, Acc: 38.76%, Loss: 2.0113
Accuracy on test set: 40.81%
Epoch: 15, Batch: 10, Acc: 36.41%, Loss: 2.0864
Epoch: 15, Batch: 20, Acc: 39.22%, Loss: 1.9409
Epoch: 15, Batch: 30, Acc: 39.69%, Loss: 2.0085
Epoch: 15, Batch: 40, Acc: 39.69%, Loss: 2.0528
Epoch: 15, Batch: 50, Acc: 39.53%, Loss: 1.9775
Epoch: 15, Batch: 60, Acc: 39.90%, Loss: 1.9575
Epoch: 15, Batch: 70, Acc: 39.91%, Loss: 2.0168
Epoch: 15, Batch: 80, Acc: 39.96%, Loss: 1.9481
Epoch: 15, Batch: 90, Acc: 39.62%, Loss: 2.0295
Epoch: 15, Batch: 100, Acc: 39.70%, Loss: 1.9926
Epoch: 15, Batch: 110, Acc: 39.66%, Loss: 2.0075
Epoch: 15, Batch: 120, Acc: 39.58%, Loss: 2.0054
Epoch: 15, Batch: 130, Acc: 39.57%, Loss: 1.9659
Epoch: 15, Batch: 140, Acc: 39.48%, Loss: 2.0253
Epoch: 15, Batch: 150, Acc: 39.25%, Loss: 2.0481
Epoch: 15, Batch: 160, Acc: 39.43%, Loss: 1.9655
Epoch: 15, Batch: 170, Acc: 39.19%, Loss: 2.0915
Epoch: 15, Batch: 180, Acc: 39.14%, Loss: 2.0463
Epoch: 15, Batch: 190, Acc: 39.05%, Loss: 2.0925
Epoch: 15, Batch: 200, Acc: 39.11%, Loss: 2.0118
Epoch: 15, Batch: 210, Acc: 39.17%, Loss: 1.9840
Epoch: 15, Batch: 220, Acc: 39.19%, Loss: 2.0291
Epoch: 15, Batch: 230, Acc: 39.23%, Loss: 2.0042
Epoch: 15, Batch: 240, Acc: 39.21%, Loss: 2.0008
Epoch: 15, Batch: 250, Acc: 39.23%, Loss: 2.0095
Accuracy on test set: 41.29%
Epoch: 16, Batch: 10, Acc: 41.56%, Loss: 2.0160
Epoch: 16, Batch: 20, Acc: 39.69%, Loss: 2.0403
Epoch: 16, Batch: 30, Acc: 40.26%, Loss: 1.9352
Epoch: 16, Batch: 40, Acc: 39.49%, Loss: 2.0384
Epoch: 16, Batch: 50, Acc: 39.75%, Loss: 1.9991
Epoch: 16, Batch: 60, Acc: 39.22%, Loss: 2.0159
Epoch: 16, Batch: 70, Acc: 39.58%, Loss: 1.9925
Epoch: 16, Batch: 80, Acc: 39.90%, Loss: 1.9555
Epoch: 16, Batch: 90, Acc: 39.98%, Loss: 1.9919
Epoch: 16, Batch: 100, Acc: 39.97%, Loss: 1.9867
Epoch: 16, Batch: 110, Acc: 40.01%, Loss: 1.9388
Epoch: 16, Batch: 120, Acc: 39.97%, Loss: 2.0287
Epoch: 16, Batch: 130, Acc: 40.12%, Loss: 1.9429
Epoch: 16, Batch: 140, Acc: 40.22%, Loss: 1.9721
Epoch: 16, Batch: 150, Acc: 40.27%, Loss: 1.9516
Epoch: 16, Batch: 160, Acc: 40.30%, Loss: 1.9846
Epoch: 16, Batch: 170, Acc: 40.16%, Loss: 2.0416
Epoch: 16, Batch: 180, Acc: 40.20%, Loss: 2.0336
Epoch: 16, Batch: 190, Acc: 40.01%, Loss: 2.0047
Epoch: 16, Batch: 200, Acc: 39.96%, Loss: 2.0092
Epoch: 16, Batch: 210, Acc: 39.78%, Loss: 2.0143
Epoch: 16, Batch: 220, Acc: 39.71%, Loss: 2.0025
Epoch: 16, Batch: 230, Acc: 39.68%, Loss: 2.0288
Epoch: 16, Batch: 240, Acc: 39.63%, Loss: 1.9935
Epoch: 16, Batch: 250, Acc: 39.59%, Loss: 2.0157
Accuracy on test set: 41.79%
Epoch: 17, Batch: 10, Acc: 40.47%, Loss: 2.0115
Epoch: 17, Batch: 20, Acc: 39.77%, Loss: 1.9759
Epoch: 17, Batch: 30, Acc: 39.38%, Loss: 2.0097
Epoch: 17, Batch: 40, Acc: 40.35%, Loss: 1.9744
Epoch: 17, Batch: 50, Acc: 40.06%, Loss: 1.9074
Epoch: 17, Batch: 60, Acc: 40.36%, Loss: 1.9925
Epoch: 17, Batch: 70, Acc: 39.71%, Loss: 2.0479
Epoch: 17, Batch: 80, Acc: 39.63%, Loss: 2.0069
Epoch: 17, Batch: 90, Acc: 39.51%, Loss: 2.0104
Epoch: 17, Batch: 100, Acc: 39.44%, Loss: 1.9926
Epoch: 17, Batch: 110, Acc: 39.50%, Loss: 2.0205
Epoch: 17, Batch: 120, Acc: 40.01%, Loss: 1.9128
Epoch: 17, Batch: 130, Acc: 40.00%, Loss: 1.9875
Epoch: 17, Batch: 140, Acc: 40.09%, Loss: 1.9225
Epoch: 17, Batch: 150, Acc: 40.01%, Loss: 1.9596
Epoch: 17, Batch: 160, Acc: 39.96%, Loss: 1.9455
Epoch: 17, Batch: 170, Acc: 39.93%, Loss: 1.9715
Epoch: 17, Batch: 180, Acc: 40.03%, Loss: 1.9579
Epoch: 17, Batch: 190, Acc: 39.92%, Loss: 1.9665
Epoch: 17, Batch: 200, Acc: 39.83%, Loss: 1.9959
Epoch: 17, Batch: 210, Acc: 39.64%, Loss: 2.1163
Epoch: 17, Batch: 220, Acc: 39.67%, Loss: 1.9968
Epoch: 17, Batch: 230, Acc: 39.76%, Loss: 1.9405
Epoch: 17, Batch: 240, Acc: 39.90%, Loss: 1.9316
Epoch: 17, Batch: 250, Acc: 39.84%, Loss: 2.0045
Accuracy on test set: 42.05%
Epoch: 18, Batch: 10, Acc: 40.47%, Loss: 1.9645
Epoch: 18, Batch: 20, Acc: 40.47%, Loss: 1.9104
Epoch: 18, Batch: 30, Acc: 39.79%, Loss: 1.9976
Epoch: 18, Batch: 40, Acc: 39.30%, Loss: 2.0051
Epoch: 18, Batch: 50, Acc: 39.59%, Loss: 2.0165
Epoch: 18, Batch: 60, Acc: 39.40%, Loss: 1.9940
Epoch: 18, Batch: 70, Acc: 39.35%, Loss: 1.9700
Epoch: 18, Batch: 80, Acc: 39.55%, Loss: 1.9500
Epoch: 18, Batch: 90, Acc: 39.69%, Loss: 1.9565
Epoch: 18, Batch: 100, Acc: 39.78%, Loss: 1.9815
Epoch: 18, Batch: 110, Acc: 39.76%, Loss: 2.0119
Epoch: 18, Batch: 120, Acc: 39.88%, Loss: 1.9498
Epoch: 18, Batch: 130, Acc: 39.75%, Loss: 2.0068
Epoch: 18, Batch: 140, Acc: 39.69%, Loss: 2.0280
Epoch: 18, Batch: 150, Acc: 39.49%, Loss: 2.0066
Epoch: 18, Batch: 160, Acc: 39.41%, Loss: 1.9749
Epoch: 18, Batch: 170, Acc: 39.53%, Loss: 1.9674
Epoch: 18, Batch: 180, Acc: 39.67%, Loss: 1.9474
Epoch: 18, Batch: 190, Acc: 39.81%, Loss: 1.9314
Epoch: 18, Batch: 200, Acc: 39.99%, Loss: 1.8667
Epoch: 18, Batch: 210, Acc: 40.10%, Loss: 1.9094
Epoch: 18, Batch: 220, Acc: 40.01%, Loss: 1.9923
Epoch: 18, Batch: 230, Acc: 39.98%, Loss: 1.9635
Epoch: 18, Batch: 240, Acc: 40.05%, Loss: 1.9657
Epoch: 18, Batch: 250, Acc: 40.02%, Loss: 1.9562
Accuracy on test set: 42.01%
Epoch: 19, Batch: 10, Acc: 40.16%, Loss: 1.9864
Epoch: 19, Batch: 20, Acc: 39.84%, Loss: 1.9309
Epoch: 19, Batch: 30, Acc: 39.06%, Loss: 1.9798
Epoch: 19, Batch: 40, Acc: 38.95%, Loss: 2.0187
Epoch: 19, Batch: 50, Acc: 38.91%, Loss: 1.9088
Epoch: 19, Batch: 60, Acc: 39.58%, Loss: 1.9633
Epoch: 19, Batch: 70, Acc: 39.89%, Loss: 1.9212
Epoch: 19, Batch: 80, Acc: 40.47%, Loss: 1.8501
Epoch: 19, Batch: 90, Acc: 39.97%, Loss: 2.0574
Epoch: 19, Batch: 100, Acc: 40.27%, Loss: 1.8818
Epoch: 19, Batch: 110, Acc: 40.16%, Loss: 1.9751
Epoch: 19, Batch: 120, Acc: 40.16%, Loss: 1.9277
Epoch: 19, Batch: 130, Acc: 40.41%, Loss: 1.9136
Epoch: 19, Batch: 140, Acc: 40.20%, Loss: 2.0023
Epoch: 19, Batch: 150, Acc: 40.26%, Loss: 1.9699
Epoch: 19, Batch: 160, Acc: 40.10%, Loss: 2.0150
Epoch: 19, Batch: 170, Acc: 40.12%, Loss: 2.0057
Epoch: 19, Batch: 180, Acc: 40.19%, Loss: 1.9700
Epoch: 19, Batch: 190, Acc: 40.44%, Loss: 1.8689
Epoch: 19, Batch: 200, Acc: 40.38%, Loss: 1.9723
Epoch: 19, Batch: 210, Acc: 40.36%, Loss: 1.9971
Epoch: 19, Batch: 220, Acc: 40.22%, Loss: 1.9828
Epoch: 19, Batch: 230, Acc: 40.29%, Loss: 1.9174
Epoch: 19, Batch: 240, Acc: 40.28%, Loss: 1.9564
Epoch: 19, Batch: 250, Acc: 40.27%, Loss: 1.9538
Accuracy on test set: 42.28%
Epoch: 20, Batch: 10, Acc: 39.22%, Loss: 2.0194
Epoch: 20, Batch: 20, Acc: 40.08%, Loss: 1.9153
Epoch: 20, Batch: 30, Acc: 40.94%, Loss: 1.9534
Epoch: 20, Batch: 40, Acc: 41.33%, Loss: 1.8996
Epoch: 20, Batch: 50, Acc: 40.81%, Loss: 1.9503
Epoch: 20, Batch: 60, Acc: 40.76%, Loss: 1.9435
Epoch: 20, Batch: 70, Acc: 41.09%, Loss: 1.9096
Epoch: 20, Batch: 80, Acc: 41.31%, Loss: 1.9339
Epoch: 20, Batch: 90, Acc: 41.63%, Loss: 1.9358
Epoch: 20, Batch: 100, Acc: 41.52%, Loss: 1.9728
Epoch: 20, Batch: 110, Acc: 41.56%, Loss: 1.9254
Epoch: 20, Batch: 120, Acc: 41.25%, Loss: 1.9920
Epoch: 20, Batch: 130, Acc: 41.31%, Loss: 1.9165
Epoch: 20, Batch: 140, Acc: 41.32%, Loss: 1.9499
Epoch: 20, Batch: 150, Acc: 41.19%, Loss: 2.0136
Epoch: 20, Batch: 160, Acc: 41.27%, Loss: 1.9010
Epoch: 20, Batch: 170, Acc: 41.08%, Loss: 1.9454
Epoch: 20, Batch: 180, Acc: 40.91%, Loss: 1.9838
Epoch: 20, Batch: 190, Acc: 40.71%, Loss: 1.9872
Epoch: 20, Batch: 200, Acc: 40.58%, Loss: 2.0038
Epoch: 20, Batch: 210, Acc: 40.65%, Loss: 1.9317
Epoch: 20, Batch: 220, Acc: 40.62%, Loss: 1.9580
Epoch: 20, Batch: 230, Acc: 40.60%, Loss: 1.9563
Epoch: 20, Batch: 240, Acc: 40.64%, Loss: 1.9206
Epoch: 20, Batch: 250, Acc: 40.68%, Loss: 1.8541
Accuracy on test set: 42.29%
Epoch: 21, Batch: 10, Acc: 35.94%, Loss: 2.0446
Epoch: 21, Batch: 20, Acc: 38.91%, Loss: 1.9542
Epoch: 21, Batch: 30, Acc: 38.49%, Loss: 1.9697
Epoch: 21, Batch: 40, Acc: 39.26%, Loss: 1.8995
Epoch: 21, Batch: 50, Acc: 39.50%, Loss: 1.8888
Epoch: 21, Batch: 60, Acc: 39.43%, Loss: 1.9773
Epoch: 21, Batch: 70, Acc: 40.22%, Loss: 1.8366
Epoch: 21, Batch: 80, Acc: 40.59%, Loss: 1.8929
Epoch: 21, Batch: 90, Acc: 40.28%, Loss: 1.9776
Epoch: 21, Batch: 100, Acc: 40.36%, Loss: 1.9287
Epoch: 21, Batch: 110, Acc: 40.37%, Loss: 1.9921
Epoch: 21, Batch: 120, Acc: 40.43%, Loss: 1.9999
Epoch: 21, Batch: 130, Acc: 40.55%, Loss: 1.9273
Epoch: 21, Batch: 140, Acc: 40.51%, Loss: 1.9785
Epoch: 21, Batch: 150, Acc: 40.58%, Loss: 1.9081
Epoch: 21, Batch: 160, Acc: 40.63%, Loss: 1.8836
Epoch: 21, Batch: 170, Acc: 40.68%, Loss: 1.9207
Epoch: 21, Batch: 180, Acc: 40.85%, Loss: 1.9151
Epoch: 21, Batch: 190, Acc: 40.73%, Loss: 1.9989
Epoch: 21, Batch: 200, Acc: 40.66%, Loss: 1.9695
Epoch: 21, Batch: 210, Acc: 40.77%, Loss: 1.8610
Epoch: 21, Batch: 220, Acc: 40.69%, Loss: 1.9680
Epoch: 21, Batch: 230, Acc: 40.60%, Loss: 1.9433
Epoch: 21, Batch: 240, Acc: 40.55%, Loss: 1.9742
Epoch: 21, Batch: 250, Acc: 40.67%, Loss: 1.8449
Accuracy on test set: 42.85%
Epoch: 22, Batch: 10, Acc: 40.00%, Loss: 1.9917
Epoch: 22, Batch: 20, Acc: 41.56%, Loss: 1.8586
Epoch: 22, Batch: 30, Acc: 41.82%, Loss: 1.9601
Epoch: 22, Batch: 40, Acc: 41.56%, Loss: 1.9287
Epoch: 22, Batch: 50, Acc: 41.22%, Loss: 1.9505
Epoch: 22, Batch: 60, Acc: 41.46%, Loss: 1.9139
Epoch: 22, Batch: 70, Acc: 41.38%, Loss: 1.9376
Epoch: 22, Batch: 80, Acc: 41.19%, Loss: 1.9766
Epoch: 22, Batch: 90, Acc: 40.97%, Loss: 1.9277
Epoch: 22, Batch: 100, Acc: 41.08%, Loss: 1.8811
Epoch: 22, Batch: 110, Acc: 41.02%, Loss: 1.9292
Epoch: 22, Batch: 120, Acc: 40.78%, Loss: 1.9510
Epoch: 22, Batch: 130, Acc: 40.59%, Loss: 1.9495
Epoch: 22, Batch: 140, Acc: 40.32%, Loss: 1.9497
Epoch: 22, Batch: 150, Acc: 40.32%, Loss: 1.9447
Epoch: 22, Batch: 160, Acc: 40.28%, Loss: 1.9243
Epoch: 22, Batch: 170, Acc: 40.33%, Loss: 1.9031
Epoch: 22, Batch: 180, Acc: 40.36%, Loss: 1.9183
Epoch: 22, Batch: 190, Acc: 40.57%, Loss: 1.8971
Epoch: 22, Batch: 200, Acc: 40.77%, Loss: 1.8949
Epoch: 22, Batch: 210, Acc: 40.76%, Loss: 1.9337
Epoch: 22, Batch: 220, Acc: 40.80%, Loss: 1.9143
Epoch: 22, Batch: 230, Acc: 40.71%, Loss: 1.9168
Epoch: 22, Batch: 240, Acc: 40.82%, Loss: 1.9443
Epoch: 22, Batch: 250, Acc: 40.82%, Loss: 1.9180
Accuracy on test set: 43.42%
Epoch: 23, Batch: 10, Acc: 41.56%, Loss: 1.9418
Epoch: 23, Batch: 20, Acc: 42.50%, Loss: 1.8994
Epoch: 23, Batch: 30, Acc: 42.66%, Loss: 1.9004
Epoch: 23, Batch: 40, Acc: 42.30%, Loss: 1.9010
Epoch: 23, Batch: 50, Acc: 42.06%, Loss: 1.9514
Epoch: 23, Batch: 60, Acc: 41.35%, Loss: 1.9831
Epoch: 23, Batch: 70, Acc: 40.98%, Loss: 1.9841
Epoch: 23, Batch: 80, Acc: 41.09%, Loss: 1.9139
Epoch: 23, Batch: 90, Acc: 41.25%, Loss: 1.8664
Epoch: 23, Batch: 100, Acc: 41.17%, Loss: 1.9395
Epoch: 23, Batch: 110, Acc: 41.05%, Loss: 1.9431
Epoch: 23, Batch: 120, Acc: 41.18%, Loss: 1.8607
Epoch: 23, Batch: 130, Acc: 41.27%, Loss: 1.9078
Epoch: 23, Batch: 140, Acc: 41.33%, Loss: 1.9072
Epoch: 23, Batch: 150, Acc: 41.28%, Loss: 1.9340
Epoch: 23, Batch: 160, Acc: 41.10%, Loss: 1.9566
Epoch: 23, Batch: 170, Acc: 41.17%, Loss: 1.9090
Epoch: 23, Batch: 180, Acc: 41.13%, Loss: 1.9376
Epoch: 23, Batch: 190, Acc: 41.06%, Loss: 1.9205
Epoch: 23, Batch: 200, Acc: 41.09%, Loss: 1.9327
Epoch: 23, Batch: 210, Acc: 41.21%, Loss: 1.8526
Epoch: 23, Batch: 220, Acc: 41.22%, Loss: 1.9802
Epoch: 23, Batch: 230, Acc: 41.20%, Loss: 1.9207
Epoch: 23, Batch: 240, Acc: 41.17%, Loss: 1.9400
Epoch: 23, Batch: 250, Acc: 41.14%, Loss: 1.8598
Accuracy on test set: 43.31%
Epoch: 24, Batch: 10, Acc: 43.12%, Loss: 1.8393
Epoch: 24, Batch: 20, Acc: 42.81%, Loss: 1.8853
Epoch: 24, Batch: 30, Acc: 42.66%, Loss: 1.9378
Epoch: 24, Batch: 40, Acc: 43.44%, Loss: 1.9214
Epoch: 24, Batch: 50, Acc: 43.62%, Loss: 1.8322
Epoch: 24, Batch: 60, Acc: 42.84%, Loss: 1.9425
Epoch: 24, Batch: 70, Acc: 42.30%, Loss: 1.9984
Epoch: 24, Batch: 80, Acc: 41.89%, Loss: 1.9042
Epoch: 24, Batch: 90, Acc: 41.82%, Loss: 1.9555
Epoch: 24, Batch: 100, Acc: 41.56%, Loss: 1.9598
Epoch: 24, Batch: 110, Acc: 41.72%, Loss: 1.8823
Epoch: 24, Batch: 120, Acc: 41.50%, Loss: 1.9209
Epoch: 24, Batch: 130, Acc: 41.20%, Loss: 2.0075
Epoch: 24, Batch: 140, Acc: 41.13%, Loss: 1.9067
Epoch: 24, Batch: 150, Acc: 41.22%, Loss: 1.8941
Epoch: 24, Batch: 160, Acc: 41.21%, Loss: 1.9138
Epoch: 24, Batch: 170, Acc: 41.16%, Loss: 1.9255
Epoch: 24, Batch: 180, Acc: 41.15%, Loss: 1.9331
Epoch: 24, Batch: 190, Acc: 41.23%, Loss: 1.8764
Epoch: 24, Batch: 200, Acc: 41.30%, Loss: 1.9048
Epoch: 24, Batch: 210, Acc: 41.26%, Loss: 1.9109
Epoch: 24, Batch: 220, Acc: 41.26%, Loss: 1.8628
Epoch: 24, Batch: 230, Acc: 41.29%, Loss: 1.9131
Epoch: 24, Batch: 240, Acc: 41.21%, Loss: 1.9469
Epoch: 24, Batch: 250, Acc: 41.24%, Loss: 1.8756
Accuracy on test set: 43.80%
Epoch: 25, Batch: 10, Acc: 42.03%, Loss: 1.9203
Epoch: 25, Batch: 20, Acc: 43.28%, Loss: 1.8358
Epoch: 25, Batch: 30, Acc: 42.03%, Loss: 2.0044
Epoch: 25, Batch: 40, Acc: 42.34%, Loss: 1.9102
Epoch: 25, Batch: 50, Acc: 42.53%, Loss: 1.9039
Epoch: 25, Batch: 60, Acc: 42.08%, Loss: 1.9389
Epoch: 25, Batch: 70, Acc: 42.10%, Loss: 1.9089
Epoch: 25, Batch: 80, Acc: 42.11%, Loss: 1.8926
Epoch: 25, Batch: 90, Acc: 41.93%, Loss: 1.9610
Epoch: 25, Batch: 100, Acc: 41.89%, Loss: 1.8883
Epoch: 25, Batch: 110, Acc: 42.14%, Loss: 1.8812
Epoch: 25, Batch: 120, Acc: 41.93%, Loss: 1.9146
Epoch: 25, Batch: 130, Acc: 42.02%, Loss: 1.8551
Epoch: 25, Batch: 140, Acc: 42.14%, Loss: 1.8396
Epoch: 25, Batch: 150, Acc: 41.89%, Loss: 2.0183
Epoch: 25, Batch: 160, Acc: 41.93%, Loss: 1.8737
Epoch: 25, Batch: 170, Acc: 41.87%, Loss: 1.9056
Epoch: 25, Batch: 180, Acc: 41.74%, Loss: 1.8939
Epoch: 25, Batch: 190, Acc: 41.63%, Loss: 1.9376
Epoch: 25, Batch: 200, Acc: 41.68%, Loss: 1.8849
Epoch: 25, Batch: 210, Acc: 41.56%, Loss: 1.9157
Epoch: 25, Batch: 220, Acc: 41.61%, Loss: 1.8955
Epoch: 25, Batch: 230, Acc: 41.60%, Loss: 1.9053
Epoch: 25, Batch: 240, Acc: 41.59%, Loss: 1.8799
Epoch: 25, Batch: 250, Acc: 41.61%, Loss: 1.8710
Accuracy on test set: 43.86%
Epoch: 26, Batch: 10, Acc: 38.59%, Loss: 1.9315
Epoch: 26, Batch: 20, Acc: 39.53%, Loss: 1.9299
Epoch: 26, Batch: 30, Acc: 40.68%, Loss: 1.8818
Epoch: 26, Batch: 40, Acc: 41.48%, Loss: 1.8550
Epoch: 26, Batch: 50, Acc: 41.50%, Loss: 1.8750
Epoch: 26, Batch: 60, Acc: 41.43%, Loss: 1.8852
Epoch: 26, Batch: 70, Acc: 41.07%, Loss: 2.0011
Epoch: 26, Batch: 80, Acc: 41.05%, Loss: 1.9627
Epoch: 26, Batch: 90, Acc: 41.28%, Loss: 1.8575
Epoch: 26, Batch: 100, Acc: 41.55%, Loss: 1.8981
Epoch: 26, Batch: 110, Acc: 41.51%, Loss: 1.8855
Epoch: 26, Batch: 120, Acc: 41.51%, Loss: 1.8992
Epoch: 26, Batch: 130, Acc: 41.66%, Loss: 1.9085
Epoch: 26, Batch: 140, Acc: 41.79%, Loss: 1.8770
Epoch: 26, Batch: 150, Acc: 41.86%, Loss: 1.8491
Epoch: 26, Batch: 160, Acc: 41.71%, Loss: 1.9242
Epoch: 26, Batch: 170, Acc: 41.65%, Loss: 1.9077
Epoch: 26, Batch: 180, Acc: 41.72%, Loss: 1.8556
Epoch: 26, Batch: 190, Acc: 41.74%, Loss: 1.8759
Epoch: 26, Batch: 200, Acc: 41.73%, Loss: 1.9057
Epoch: 26, Batch: 210, Acc: 41.72%, Loss: 1.9146
Epoch: 26, Batch: 220, Acc: 41.70%, Loss: 1.8946
Epoch: 26, Batch: 230, Acc: 41.72%, Loss: 1.9301
Epoch: 26, Batch: 240, Acc: 41.76%, Loss: 1.8975
Epoch: 26, Batch: 250, Acc: 41.66%, Loss: 1.9289
Accuracy on test set: 43.77%
Epoch: 27, Batch: 10, Acc: 44.06%, Loss: 1.8591
Epoch: 27, Batch: 20, Acc: 41.88%, Loss: 1.9126
Epoch: 27, Batch: 30, Acc: 41.61%, Loss: 1.9197
Epoch: 27, Batch: 40, Acc: 41.41%, Loss: 1.9116
Epoch: 27, Batch: 50, Acc: 41.66%, Loss: 1.8877
Epoch: 27, Batch: 60, Acc: 41.74%, Loss: 1.9132
Epoch: 27, Batch: 70, Acc: 42.08%, Loss: 1.8499
Epoch: 27, Batch: 80, Acc: 41.74%, Loss: 1.8963
Epoch: 27, Batch: 90, Acc: 41.84%, Loss: 1.9174
Epoch: 27, Batch: 100, Acc: 41.92%, Loss: 1.8388
Epoch: 27, Batch: 110, Acc: 41.93%, Loss: 1.9254
Epoch: 27, Batch: 120, Acc: 42.04%, Loss: 1.8651
Epoch: 27, Batch: 130, Acc: 41.91%, Loss: 1.8935
Epoch: 27, Batch: 140, Acc: 41.85%, Loss: 1.9323
Epoch: 27, Batch: 150, Acc: 41.80%, Loss: 1.9592
Epoch: 27, Batch: 160, Acc: 41.88%, Loss: 1.8732
Epoch: 27, Batch: 170, Acc: 41.87%, Loss: 1.8844
Epoch: 27, Batch: 180, Acc: 41.78%, Loss: 1.9015
Epoch: 27, Batch: 190, Acc: 41.92%, Loss: 1.8628
Epoch: 27, Batch: 200, Acc: 41.91%, Loss: 1.9346
Epoch: 27, Batch: 210, Acc: 42.01%, Loss: 1.8359
Epoch: 27, Batch: 220, Acc: 42.04%, Loss: 1.8721
Epoch: 27, Batch: 230, Acc: 41.98%, Loss: 1.9086
Epoch: 27, Batch: 240, Acc: 41.90%, Loss: 1.8962
Epoch: 27, Batch: 250, Acc: 41.84%, Loss: 1.9448
Accuracy on test set: 43.62%
Epoch: 28, Batch: 10, Acc: 40.47%, Loss: 1.9264
Epoch: 28, Batch: 20, Acc: 41.41%, Loss: 1.9358
Epoch: 28, Batch: 30, Acc: 41.15%, Loss: 1.8788
Epoch: 28, Batch: 40, Acc: 41.37%, Loss: 1.8967
Epoch: 28, Batch: 50, Acc: 41.94%, Loss: 1.8587
Epoch: 28, Batch: 60, Acc: 41.48%, Loss: 1.9659
Epoch: 28, Batch: 70, Acc: 41.45%, Loss: 1.8661
Epoch: 28, Batch: 80, Acc: 41.80%, Loss: 1.8303
Epoch: 28, Batch: 90, Acc: 41.44%, Loss: 1.9218
Epoch: 28, Batch: 100, Acc: 41.34%, Loss: 1.9689
Epoch: 28, Batch: 110, Acc: 41.35%, Loss: 1.8952
Epoch: 28, Batch: 120, Acc: 41.09%, Loss: 1.9529
Epoch: 28, Batch: 130, Acc: 41.35%, Loss: 1.7785
Epoch: 28, Batch: 140, Acc: 41.22%, Loss: 1.9006
Epoch: 28, Batch: 150, Acc: 41.08%, Loss: 1.9252
Epoch: 28, Batch: 160, Acc: 41.34%, Loss: 1.7832
Epoch: 28, Batch: 170, Acc: 41.32%, Loss: 1.9020
Epoch: 28, Batch: 180, Acc: 41.35%, Loss: 1.9042
Epoch: 28, Batch: 190, Acc: 41.27%, Loss: 1.9303
Epoch: 28, Batch: 200, Acc: 41.44%, Loss: 1.8350
Epoch: 28, Batch: 210, Acc: 41.35%, Loss: 1.8816
Epoch: 28, Batch: 220, Acc: 41.28%, Loss: 1.9521
Epoch: 28, Batch: 230, Acc: 41.37%, Loss: 1.7879
Epoch: 28, Batch: 240, Acc: 41.48%, Loss: 1.9596
Epoch: 28, Batch: 250, Acc: 41.54%, Loss: 1.8662
Accuracy on test set: 43.82%
Epoch: 29, Batch: 10, Acc: 41.72%, Loss: 1.8794
Epoch: 29, Batch: 20, Acc: 41.17%, Loss: 1.9252
Epoch: 29, Batch: 30, Acc: 41.56%, Loss: 1.9015
Epoch: 29, Batch: 40, Acc: 41.84%, Loss: 1.8711
Epoch: 29, Batch: 50, Acc: 41.66%, Loss: 1.8637
Epoch: 29, Batch: 60, Acc: 42.19%, Loss: 1.8338
Epoch: 29, Batch: 70, Acc: 42.59%, Loss: 1.8472
Epoch: 29, Batch: 80, Acc: 42.44%, Loss: 1.9125
Epoch: 29, Batch: 90, Acc: 41.96%, Loss: 1.8901
Epoch: 29, Batch: 100, Acc: 41.67%, Loss: 1.9895
Epoch: 29, Batch: 110, Acc: 41.65%, Loss: 1.8948
Epoch: 29, Batch: 120, Acc: 42.10%, Loss: 1.8041
Epoch: 29, Batch: 130, Acc: 42.08%, Loss: 1.9093
Epoch: 29, Batch: 140, Acc: 42.05%, Loss: 1.8869
Epoch: 29, Batch: 150, Acc: 41.83%, Loss: 1.9233
Epoch: 29, Batch: 160, Acc: 41.95%, Loss: 1.8820
Epoch: 29, Batch: 170, Acc: 41.91%, Loss: 1.8920
Epoch: 29, Batch: 180, Acc: 41.85%, Loss: 1.8951
Epoch: 29, Batch: 190, Acc: 41.89%, Loss: 1.8313
Epoch: 29, Batch: 200, Acc: 41.84%, Loss: 1.8854
Epoch: 29, Batch: 210, Acc: 41.82%, Loss: 1.9480
Epoch: 29, Batch: 220, Acc: 41.82%, Loss: 1.8566
Epoch: 29, Batch: 230, Acc: 41.83%, Loss: 1.9491
Epoch: 29, Batch: 240, Acc: 41.84%, Loss: 1.8536
Epoch: 29, Batch: 250, Acc: 41.94%, Loss: 1.7992
Accuracy on test set: 44.00%
Epoch: 30, Batch: 10, Acc: 45.78%, Loss: 1.7583
Epoch: 30, Batch: 20, Acc: 42.97%, Loss: 1.9310
Epoch: 30, Batch: 30, Acc: 43.65%, Loss: 1.8327
Epoch: 30, Batch: 40, Acc: 42.70%, Loss: 1.8667
Epoch: 30, Batch: 50, Acc: 42.47%, Loss: 1.9642
Epoch: 30, Batch: 60, Acc: 42.08%, Loss: 1.9620
Epoch: 30, Batch: 70, Acc: 42.12%, Loss: 1.8531
Epoch: 30, Batch: 80, Acc: 41.82%, Loss: 1.9262
Epoch: 30, Batch: 90, Acc: 41.81%, Loss: 1.9401
Epoch: 30, Batch: 100, Acc: 41.75%, Loss: 1.8290
Epoch: 30, Batch: 110, Acc: 41.85%, Loss: 1.8112
Epoch: 30, Batch: 120, Acc: 42.01%, Loss: 1.9223
Epoch: 30, Batch: 130, Acc: 41.88%, Loss: 1.9313
Epoch: 30, Batch: 140, Acc: 41.96%, Loss: 1.7747
Epoch: 30, Batch: 150, Acc: 42.00%, Loss: 1.8738
Epoch: 30, Batch: 160, Acc: 41.83%, Loss: 1.9353
Epoch: 30, Batch: 170, Acc: 41.95%, Loss: 1.8731
Epoch: 30, Batch: 180, Acc: 41.97%, Loss: 1.8368
Epoch: 30, Batch: 190, Acc: 42.11%, Loss: 1.8594
Epoch: 30, Batch: 200, Acc: 41.96%, Loss: 1.9536
Epoch: 30, Batch: 210, Acc: 42.10%, Loss: 1.8105
Epoch: 30, Batch: 220, Acc: 42.12%, Loss: 1.8404
Epoch: 30, Batch: 230, Acc: 42.00%, Loss: 1.9687
Epoch: 30, Batch: 240, Acc: 41.86%, Loss: 1.9316
Epoch: 30, Batch: 250, Acc: 41.95%, Loss: 1.8300
Accuracy on test set: 44.04%
  [Run 1 | eps=0.1 | quid | none | GPU 0] Training Time: 1678.63s  Best Acc: 44.04%

  [Run 1 | eps=0.1 | quid | none | GPU 0] Evaluating final model on clean test data...
  Accuracy    : 0.4404
  Loss        : 1.8243
  Precision   : 0.4234
  Recall      : 0.4484
  F1          : 0.4355
  Fpr         : 0.0254
  Fnr         : 0.5516
  Roc_auc     : 0.9091
  Pr_auc      : 0.4414
  Asr         : 8.5093
Metrics saved to eps0.1/qmlp-az-quid-run1-layer5_quid_eps0.1_quid_none.csv
  [Run 1 | eps=0.1 | quid | none | GPU 0] Done. Saved → eps0.1/qmlp-az-quid-run1-layer5-noiseless-Angle_eps0.1_quid_none.pt
