Python 3.10.19
/home/clalarcon/work/Nowmi/Sok/quid_env/bin/python
Python 3.10.19
========================================
Job ID      : 14373
Node        : hopper001
GPUs        : 0
CPUs        : 8
Start time  : Sun Mar 22 04:23:42 PM MDT 2026
========================================
Sun Mar 22 16:23:42 2026       
+-----------------------------------------------------------------------------------------+
| NVIDIA-SMI 575.51.03              Driver Version: 575.51.03      CUDA Version: 12.9     |
|-----------------------------------------+------------------------+----------------------+
| GPU  Name                 Persistence-M | Bus-Id          Disp.A | Volatile Uncorr. ECC |
| Fan  Temp   Perf          Pwr:Usage/Cap |           Memory-Usage | GPU-Util  Compute M. |
|                                         |                        |               MIG M. |
|=========================================+========================+======================|
|   0  NVIDIA H100 80GB HBM3          Off |   00000000:D1:00.0 Off |                    0 |
| N/A   37C    P0             76W /  700W |       0MiB /  81559MiB |      0%      Default |
|                                         |                        |             Disabled |
+-----------------------------------------+------------------------+----------------------+
                                                                                         
+-----------------------------------------------------------------------------------------+
| Processes:                                                                              |
|  GPU   GI   CI              PID   Type   Process name                        GPU Memory |
|        ID   ID                                                               Usage      |
|=========================================================================================|
|  No running processes found                                                             |
+-----------------------------------------------------------------------------------------+
Changing directory...
Now in: /work/clalarcon/Nowmi/Sok/Baseline/MNIST/amplitude/layer10
Files: baseline_mnist_amp_l10.slurm
logs
NN_baseline_mnist_amplitude_layer10.py
Running python script...
============================================================
  Baseline | MNIST 10-class | 9-qubit | AmplitudeEmbedding | 10 layers
  Runs: 1  Epochs: 30  Patience: 5
  No attack — No defense
============================================================
[GPU] 1 CUDA device(s) visible to PyTorch
  cuda:0 -> NVIDIA H100 80GB HBM3
[WARN] Only 1 CUDA device visible — workers will use cuda:0.
[Data] Classes : 10  Train : (60000, 512)  Test : (10000, 512)

[Main] Task schedule:
  Run  cuda-device
  ---  -----------
  1    cuda:0
============================================================
  [MNIST|Amp|L10|R1|GPU0] Starting
============================================================
  [MNIST|Amp|L10|R1|GPU0] Subset: 7000 samples (700/class from 60000 total)
  [MNIST|Amp|L10|R1|GPU0] Epoch   TrainAcc%   TrainLoss   TestAcc%  Patience
  [MNIST|Amp|L10|R1|GPU0] -----  ----------  ----------   --------  --------
  [MNIST|Amp|L10|R1|GPU0]     1     11.9857    2.298593    16.3000         0/5
  [MNIST|Amp|L10|R1|GPU0]     2     25.3571    2.241369    30.9200         0/5
  [MNIST|Amp|L10|R1|GPU0]     3     32.4857    2.161336    35.8200         0/5
  [MNIST|Amp|L10|R1|GPU0]     4     36.6714    2.078888    38.4800         0/5
  [MNIST|Amp|L10|R1|GPU0]     5     38.5000    2.001940    39.8400         0/5
  [MNIST|Amp|L10|R1|GPU0]     6     40.6000    1.930565    41.3500         0/5
  [MNIST|Amp|L10|R1|GPU0]     7     42.4143    1.865526    43.1100         0/5
  [MNIST|Amp|L10|R1|GPU0]     8     43.4000    1.808535    44.8000         0/5
  [MNIST|Amp|L10|R1|GPU0]     9     45.2571    1.757631    46.0400         0/5
  [MNIST|Amp|L10|R1|GPU0]    10     46.8857    1.712473    47.1400         0/5
  [MNIST|Amp|L10|R1|GPU0]    11     47.5000    1.671122    48.8800         0/5
  [MNIST|Amp|L10|R1|GPU0]    12     49.2429    1.634183    49.9900         0/5
  [MNIST|Amp|L10|R1|GPU0]    13     50.3429    1.599338    51.1700         0/5
  [MNIST|Amp|L10|R1|GPU0]    14     51.3429    1.567616    52.0700         0/5
  [MNIST|Amp|L10|R1|GPU0]    15     52.4714    1.537948    53.1600         0/5
  [MNIST|Amp|L10|R1|GPU0]    16     52.9714    1.510077    54.2200         0/5
  [MNIST|Amp|L10|R1|GPU0]    17     53.8429    1.483623    54.7200         0/5
  [MNIST|Amp|L10|R1|GPU0]    18     54.5857    1.458990    55.3700         0/5
  [MNIST|Amp|L10|R1|GPU0]    19     55.1714    1.435383    56.0100         0/5
  [MNIST|Amp|L10|R1|GPU0]    20     55.6429    1.413306    56.3700         0/5
  [MNIST|Amp|L10|R1|GPU0]    21     55.9286    1.392756    57.3200         0/5
  [MNIST|Amp|L10|R1|GPU0]    22     56.7286    1.372375    57.7100         0/5
  [MNIST|Amp|L10|R1|GPU0]    23     57.1571    1.354068    58.0900         0/5
  [MNIST|Amp|L10|R1|GPU0]    24     57.3714    1.336815    58.3800         0/5
  [MNIST|Amp|L10|R1|GPU0]    25     57.8286    1.320466    59.0900         0/5
  [MNIST|Amp|L10|R1|GPU0]    26     58.2714    1.304548    59.5700         0/5
  [MNIST|Amp|L10|R1|GPU0]    27     58.5286    1.290088    59.7400         0/5
  [MNIST|Amp|L10|R1|GPU0]    28     58.9429    1.275823    60.0900         0/5
  [MNIST|Amp|L10|R1|GPU0]    29     59.0571    1.263085    60.3900         0/5
  [MNIST|Amp|L10|R1|GPU0]    30     59.2286    1.250344    60.8200         0/5

  [MNIST|Amp|L10|R1|GPU0] Training time: 36485.61s  Best test acc: 60.8200%
  [R1] Epoch CSV    -> baseline_mnist_amplitude_layer10/baseline_mnist_amplitude_layer10_run1_epoch_metrics.csv
  [R1] Model saved  -> baseline_mnist_amplitude_layer10/best_model_run1.pt
  [R1] Per-run CSV  -> baseline_mnist_amplitude_layer10/baseline_mnist_amplitude_layer10_run1_metrics.csv

  [MNIST|Amp|L10|R1|GPU0] Final metrics:
  [MNIST|Amp|L10|R1|GPU0]   Test Accuracy % : 60.820001
  [MNIST|Amp|L10|R1|GPU0]   Loss            : 1.229046
  [MNIST|Amp|L10|R1|GPU0]   FNR             : 0.398564
  [MNIST|Amp|L10|R1|GPU0]   FPR             : 0.043479
  [MNIST|Amp|L10|R1|GPU0]   ROC-AUC         : 0.919175
  [MNIST|Amp|L10|R1|GPU0]   PR-AUC          : 0.636665
  [MNIST|Amp|L10|R1|GPU0]   Precision       : 0.586106
  [MNIST|Amp|L10|R1|GPU0]   Recall          : 0.601436
  [MNIST|Amp|L10|R1|GPU0]   F1              : 0.593672
  [MNIST|Amp|L10|R1|GPU0] Done.
============================================================
  All runs complete in 615.2 min
============================================================
  MNIST Amplitude | Layer 10 — mean ± std across 1 runs:
  Test Accuracy : 60.8200% ± 0.0000%
  ROC-AUC       : 0.919175 ± 0.000000
  PR-AUC        : 0.636665 ± 0.000000
  FNR           : 0.398564 ± 0.000000
  FPR           : 0.043479 ± 0.000000

  Summary CSV  -> baseline_mnist_amplitude_layer10/baseline_mnist_amplitude_layer10_summary.csv
  Epoch CSVs   -> baseline_mnist_amplitude_layer10/baseline_mnist_amplitude_layer10_run*_epoch_metrics.csv
  Per-run CSVs -> baseline_mnist_amplitude_layer10/baseline_mnist_amplitude_layer10_run*_metrics.csv
============================================================
