Python 3.11.14
/work/srnowmi/envs/quid_env/bin/python
Python 3.11.14
========================================
Job ID      : 376598
Node        : cnode006
CPUs        : 40
Start time  : Sun Mar 22 03:56:22 PM MDT 2026
========================================
Changing directory...
Now in: /work/srnowmi/QUID_full/AZ/angle/layer2
Building angle proto cache...
[Data] Train: (184342, 9)
  Class  0: averaging   8996 density matrices ...
  Class  0: done in 119.5s
  Class  1: averaging   8997 density matrices ...
  Class  1: done in 100.7s
  Class  2: averaging   8996 density matrices ...
  Class  2: done in 101.3s
  Class  3: averaging   8951 density matrices ...
  Class  3: done in 108.7s
  Class  4: averaging   6061 density matrices ...
  Class  4: done in 68.8s
  Class  5: averaging   8998 density matrices ...
  Class  5: done in 104.0s
  Class  6: averaging   8968 density matrices ...
  Class  6: done in 105.9s
  Class  7: averaging   8993 density matrices ...
  Class  7: done in 100.0s
  Class  8: averaging   5933 density matrices ...
  Class  8: done in 65.4s
  Class  9: averaging   7178 density matrices ...
  Class  9: done in 80.6s
  Class 10: averaging   4324 density matrices ...
  Class 10: done in 47.4s
  Class 11: averaging   4595 density matrices ...
  Class 11: done in 51.8s
  Class 12: averaging   5743 density matrices ...
  Class 12: done in 83.3s
  Class 13: averaging   8984 density matrices ...
  Class 13: done in 129.9s
  Class 14: averaging   8988 density matrices ...
  Class 14: done in 110.3s
  Class 15: averaging   8997 density matrices ...
  Class 15: done in 109.1s
  Class 16: averaging   8988 density matrices ...
  Class 16: done in 112.0s
  Class 17: averaging   8968 density matrices ...
  Class 17: done in 104.0s
  Class 18: averaging   9000 density matrices ...
  Class 18: done in 100.9s
  Class 19: averaging   8994 density matrices ...
  Class 19: done in 102.4s
  Class 20: averaging   8992 density matrices ...
  Class 20: done in 101.1s
  Class 21: averaging   6704 density matrices ...
  Class 21: done in 79.8s
  Class 22: averaging   8994 density matrices ...
  Class 22: done in 132.3s
[ProtoCache] All done in 2219.1s
[ProtoCache] Saved rho_proto_cache.npy  (96.5 MB)
Proto cache build complete.
End time: Sun Mar 22 04:33:43 PM MDT 2026
