============================================================
 Job        : dpo_hz_az_amp_l50
 Job ID     : 376879
 Node       : cnode069
 CPUs       : 16
 Start      : Wed Mar 25 08:15:31 PM MDT 2026
============================================================

[ENV] Python     : /home/mkamol/work/miniconda3/envs/quid_env/bin/python
[ENV] Python ver : Python 3.10.20
[ENV] Working dir: /home/mkamol/work/Nowmi/Sok/huang-backdoor/AZ/amplitude/layer50
[ENV] PennyLane  : 0.38.0

[Models] Checking saved model files ...
       FOUND    huang_az_amp_l50_best_ratio01.pt
       FOUND    huang_az_amp_l50_best_ratio03.pt
       FOUND    huang_az_amp_l50_best_ratio05.pt
       FOUND    huang_az_amp_l50_trigger.pt

[RUN] Starting at Wed Mar 25 08:16:18 PM MDT 2026

[Device] cpu
[Config] N_LAYERS=50  N_CLASSES=23  DEPO_P=0.01  TARGET_CLASS=6
[Config] PCA_COMPONENTS=512 (AmplitudeEmbedding)
====================================================================
 Depolarizing Noise Evaluation | Huang Backdoor AZ-23 Amplitude L50
 Noise backend : default.mixed + DepolarizingChannel (p=0.01)
 Encoding      : AmplitudeEmbedding (PCA=512)
 Models        : 3 victim models (1 per ratio)
 Target class  : 6 (7th class, 0-indexed)
====================================================================
[Data] Train : (184342, 512)   Test : (20482, 512)
[Data] Full test: (20482, 512)  Stratified subset: (4600, 512) (200/class x 23 classes)
[Trigger] Loaded from huang_az_amp_l50_trigger.pt  |delta|_inf=0.2000

────────────────────────────────────────────────────────────────────
 [ratio=0.1]  Model: huang_az_amp_l50_best_ratio01.pt
  Weights loaded. Running noisy inference ...
  CA  : 4.35%
  ASR : 0.00%
  Accuracy    : 0.0435
  Loss        : 3.2492
  Precision   : 0.0019
  Recall      : 0.0435
  F1          : 0.0036
  Fpr         : 0.0435
  Fnr         : 0.9565
  Roc_auc     : 0.7672
  Pr_auc      : 0.2700
  Metrics  -> depo_huang_az_amp_l50/depo_huang_az_amp_l50_ratio01_metrics.csv
  CM       -> depo_huang_az_amp_l50/depo_huang_az_amp_l50_ratio01_cm.png

────────────────────────────────────────────────────────────────────
 [ratio=0.3]  Model: huang_az_amp_l50_best_ratio03.pt
  Weights loaded. Running noisy inference ...
  CA  : 4.35%
  ASR : 0.00%
  Accuracy    : 0.0435
  Loss        : 3.2377
  Precision   : 0.0019
  Recall      : 0.0435
  F1          : 0.0036
  Fpr         : 0.0435
  Fnr         : 0.9565
  Roc_auc     : 0.7978
  Pr_auc      : 0.2930
  Metrics  -> depo_huang_az_amp_l50/depo_huang_az_amp_l50_ratio03_metrics.csv
  CM       -> depo_huang_az_amp_l50/depo_huang_az_amp_l50_ratio03_cm.png

────────────────────────────────────────────────────────────────────
 [ratio=0.5]  Model: huang_az_amp_l50_best_ratio05.pt
  Weights loaded. Running noisy inference ...
  CA  : 4.35%
  ASR : 0.00%
  Accuracy    : 0.0435
  Loss        : 3.2487
  Precision   : 0.0019
  Recall      : 0.0435
  F1          : 0.0036
  Fpr         : 0.0435
  Fnr         : 0.9565
  Roc_auc     : 0.7698
  Pr_auc      : 0.2713
  Metrics  -> depo_huang_az_amp_l50/depo_huang_az_amp_l50_ratio05_metrics.csv
  CM       -> depo_huang_az_amp_l50/depo_huang_az_amp_l50_ratio05_cm.png

====================================================================
 Done. Evaluated 3 model(s), skipped 0.
 Summary  -> depo_runs/depo_huang_az_amp_l50_summary.csv
 Per-ratio -> depo_huang_az_amp_l50/
====================================================================

============================================================
 End time  : Sat Mar 28 12:11:16 AM MDT 2026
 Exit code : 0
============================================================
