============================================================
 Job        : hng_az_ang_l10
 Job ID     : 14268
 Node       : hopper002
 CPUs       : 16
 Start      : Tue Mar 17 02:28:20 AM MDT 2026
============================================================

[ENV] Python     : /work/srnowmi/envs/quid_env/bin/python
[ENV] Python ver : Python 3.11.14
[ENV] Working dir: /home/srnowmi/work/huang-backdoor/AZ/angle/layer10
[ENV] CUDA avail : True
[ENV] GPU        : NVIDIA H100 80GB HBM3 MIG 1g.10gb
[ENV] PennyLane  : 0.38.0

[Data] Checking AZ_23 files in /home/srnowmi/work/huang-backdoor/AZ/AZ_23 ...
       FOUND    AZ-Class-Task_23_families_train.npz
       FOUND    AZ-Class-Task_23_families_test.npz

[RUN] Starting at Tue Mar 17 02:28:50 AM MDT 2026

[Config] Main device : cuda
[Config] CPU threads : 16
[Config] N_LAYERS    : 10
[Config] N_CLASSES   : 23
[Config] TARGET_CLASS: 6 (7th class, 0-indexed)
====================================================================
 Huang & Zhang (2023) Backdoor — AZ-23 Angle QMLP
 Qubits=9  Layers=10  Classes=23
 Target class=6 (7th class, 0-indexed)
 eps=0.2  (c,sigma)=(1.0,2.0)
 Poison ratios : [0.1, 0.3, 0.5]
 Runs/ratio    : 1   CPU threads: 16
====================================================================
[Data] Train : (184342, 9)   Test : (20482, 9)
[Data] Classes in train: [0, 1, 2, 3, 4, 5, 6, 7, 8, 9, 10, 11, 12, 13, 14, 15, 16, 17, 18, 19, 20, 21, 22]
[Data] Stratified train: (16100, 9)  (700/class x 23 classes)  Test: (20482, 9)

====================================================================
 PHASE 1 — Proxy model training (clean, seed=42)
====================================================================
[PennyLane] lightning.qubit active
  Epoch  1 | Batch   10 | Acc:   3.91%  Loss: 3.1531
  Epoch  1 | Batch   20 | Acc:   3.91%  Loss: 3.1578
  Epoch  1 | Batch   30 | Acc:   4.22%  Loss: 3.1488
  Epoch  1 | Batch   40 | Acc:   4.53%  Loss: 3.1427
  Epoch  1 | Batch   50 | Acc:   4.62%  Loss: 3.1435
  Epoch  1 | Batch   60 | Acc:   4.74%  Loss: 3.1516
  Epoch  1 | Batch   70 | Acc:   4.78%  Loss: 3.1361
  Epoch  1 | Batch   80 | Acc:   4.82%  Loss: 3.1365
  Epoch  1 | Batch   90 | Acc:   5.00%  Loss: 3.1177
  Epoch  1 | Batch  100 | Acc:   5.25%  Loss: 3.1145
  Epoch  1 | Batch  110 | Acc:   5.33%  Loss: 3.1246
  Epoch  1 | Batch  120 | Acc:   5.47%  Loss: 3.1150
  Epoch  1 | Batch  130 | Acc:   5.64%  Loss: 3.1080
  Epoch  1 | Batch  140 | Acc:   5.75%  Loss: 3.1118
  Epoch  1 | Batch  150 | Acc:   5.85%  Loss: 3.1119
  Epoch  1 | Batch  160 | Acc:   6.15%  Loss: 3.0895
  Epoch  1 | Batch  170 | Acc:   6.34%  Loss: 3.0883
  Epoch  1 | Batch  180 | Acc:   6.59%  Loss: 3.1003
  Epoch  1 | Batch  190 | Acc:   6.97%  Loss: 3.0781
  Epoch  1 | Batch  200 | Acc:   7.35%  Loss: 3.0673
  Epoch  1 | Batch  210 | Acc:   7.66%  Loss: 3.0716
  Epoch  1 | Batch  220 | Acc:   7.95%  Loss: 3.0680
  Epoch  1 | Batch  230 | Acc:   8.25%  Loss: 3.0595
  Epoch  1 | Batch  240 | Acc:   8.54%  Loss: 3.0453
  Epoch  1 | Batch  250 | Acc:   8.84%  Loss: 3.0443
  [Proxy] Epoch  1  tr_loss=3.1070  tr_acc=8.89%  te_loss=3.0315  te_acc=17.13%
  Epoch  2 | Batch   10 | Acc:  15.62%  Loss: 3.0378
  Epoch  2 | Batch   20 | Acc:  15.31%  Loss: 3.0517
  Epoch  2 | Batch   30 | Acc:  16.20%  Loss: 3.0306
  Epoch  2 | Batch   40 | Acc:  16.52%  Loss: 3.0240
  Epoch  2 | Batch   50 | Acc:  16.69%  Loss: 3.0197
  Epoch  2 | Batch   60 | Acc:  16.77%  Loss: 3.0076
  Epoch  2 | Batch   70 | Acc:  16.94%  Loss: 3.0019
  Epoch  2 | Batch   80 | Acc:  17.30%  Loss: 2.9858
  Epoch  2 | Batch   90 | Acc:  17.71%  Loss: 2.9579
  Epoch  2 | Batch  100 | Acc:  18.00%  Loss: 2.9443
  Epoch  2 | Batch  110 | Acc:  17.98%  Loss: 2.9641
  Epoch  2 | Batch  120 | Acc:  18.02%  Loss: 2.9770
  Epoch  2 | Batch  130 | Acc:  18.39%  Loss: 2.9407
  Epoch  2 | Batch  140 | Acc:  18.60%  Loss: 2.9364
  Epoch  2 | Batch  150 | Acc:  18.67%  Loss: 2.9268
  Epoch  2 | Batch  160 | Acc:  18.94%  Loss: 2.9190
  Epoch  2 | Batch  170 | Acc:  19.18%  Loss: 2.9078
  Epoch  2 | Batch  180 | Acc:  19.38%  Loss: 2.9075
  Epoch  2 | Batch  190 | Acc:  19.57%  Loss: 2.8738
  Epoch  2 | Batch  200 | Acc:  19.90%  Loss: 2.8712
  Epoch  2 | Batch  210 | Acc:  20.09%  Loss: 2.8567
  Epoch  2 | Batch  220 | Acc:  20.30%  Loss: 2.8660
  Epoch  2 | Batch  230 | Acc:  20.44%  Loss: 2.8601
  Epoch  2 | Batch  240 | Acc:  20.61%  Loss: 2.8290
  Epoch  2 | Batch  250 | Acc:  20.67%  Loss: 2.8815
  [Proxy] Epoch  2  tr_loss=2.9418  tr_acc=20.73%  te_loss=2.8165  te_acc=26.41%
  Epoch  3 | Batch   10 | Acc:  25.31%  Loss: 2.8508
  Epoch  3 | Batch   20 | Acc:  27.34%  Loss: 2.7809
  Epoch  3 | Batch   30 | Acc:  27.66%  Loss: 2.7804
  Epoch  3 | Batch   40 | Acc:  27.58%  Loss: 2.7703
  Epoch  3 | Batch   50 | Acc:  27.03%  Loss: 2.8395
  Epoch  3 | Batch   60 | Acc:  26.67%  Loss: 2.8026
  Epoch  3 | Batch   70 | Acc:  26.76%  Loss: 2.7401
  Epoch  3 | Batch   80 | Acc:  26.76%  Loss: 2.7283
  Epoch  3 | Batch   90 | Acc:  26.93%  Loss: 2.7278
  Epoch  3 | Batch  100 | Acc:  27.45%  Loss: 2.6692
  Epoch  3 | Batch  110 | Acc:  27.33%  Loss: 2.7163
  Epoch  3 | Batch  120 | Acc:  27.51%  Loss: 2.7178
  Epoch  3 | Batch  130 | Acc:  27.61%  Loss: 2.6790
  Epoch  3 | Batch  140 | Acc:  27.87%  Loss: 2.6498
  Epoch  3 | Batch  150 | Acc:  28.07%  Loss: 2.6528
  Epoch  3 | Batch  160 | Acc:  28.15%  Loss: 2.6685
  Epoch  3 | Batch  170 | Acc:  28.29%  Loss: 2.6461
  Epoch  3 | Batch  180 | Acc:  28.50%  Loss: 2.5823
  Epoch  3 | Batch  190 | Acc:  28.54%  Loss: 2.6656
  Epoch  3 | Batch  200 | Acc:  28.66%  Loss: 2.5883
  Epoch  3 | Batch  210 | Acc:  28.78%  Loss: 2.5941
  Epoch  3 | Batch  220 | Acc:  28.92%  Loss: 2.6122
  Epoch  3 | Batch  230 | Acc:  28.96%  Loss: 2.6103
  Epoch  3 | Batch  240 | Acc:  29.09%  Loss: 2.5661
  Epoch  3 | Batch  250 | Acc:  29.06%  Loss: 2.5777
  [Proxy] Epoch  3  tr_loss=2.6879  tr_acc=29.06%  te_loss=2.5439  te_acc=30.01%
  Epoch  4 | Batch   10 | Acc:  33.28%  Loss: 2.5139
  Epoch  4 | Batch   20 | Acc:  31.88%  Loss: 2.4899
  Epoch  4 | Batch   30 | Acc:  32.24%  Loss: 2.4824
  Epoch  4 | Batch   40 | Acc:  32.46%  Loss: 2.4913
  Epoch  4 | Batch   50 | Acc:  31.72%  Loss: 2.5422
  Epoch  4 | Batch   60 | Acc:  31.46%  Loss: 2.5023
  Epoch  4 | Batch   70 | Acc:  31.96%  Loss: 2.4430
  Epoch  4 | Batch   80 | Acc:  31.93%  Loss: 2.4982
  Epoch  4 | Batch   90 | Acc:  31.91%  Loss: 2.4656
  Epoch  4 | Batch  100 | Acc:  31.77%  Loss: 2.4690
  Epoch  4 | Batch  110 | Acc:  31.88%  Loss: 2.4230
  Epoch  4 | Batch  120 | Acc:  31.91%  Loss: 2.4434
  Epoch  4 | Batch  130 | Acc:  32.01%  Loss: 2.4053
  Epoch  4 | Batch  140 | Acc:  31.96%  Loss: 2.4503
  Epoch  4 | Batch  150 | Acc:  32.15%  Loss: 2.4360
  Epoch  4 | Batch  160 | Acc:  32.05%  Loss: 2.3880
  Epoch  4 | Batch  170 | Acc:  32.23%  Loss: 2.3673
  Epoch  4 | Batch  180 | Acc:  32.53%  Loss: 2.3389
  Epoch  4 | Batch  190 | Acc:  32.67%  Loss: 2.3140
  Epoch  4 | Batch  200 | Acc:  32.80%  Loss: 2.3052
  Epoch  4 | Batch  210 | Acc:  33.05%  Loss: 2.3421
  Epoch  4 | Batch  220 | Acc:  33.07%  Loss: 2.3655
  Epoch  4 | Batch  230 | Acc:  33.04%  Loss: 2.3554
  Epoch  4 | Batch  240 | Acc:  33.03%  Loss: 2.3491
  Epoch  4 | Batch  250 | Acc:  33.11%  Loss: 2.3369
  [Proxy] Epoch  4  tr_loss=2.4194  tr_acc=33.12%  te_loss=2.3312  te_acc=34.11%
  Epoch  5 | Batch   10 | Acc:  32.19%  Loss: 2.3334
  Epoch  5 | Batch   20 | Acc:  34.14%  Loss: 2.2686
  Epoch  5 | Batch   30 | Acc:  33.96%  Loss: 2.3098
  Epoch  5 | Batch   40 | Acc:  34.57%  Loss: 2.2552
  Epoch  5 | Batch   50 | Acc:  34.50%  Loss: 2.2895
  Epoch  5 | Batch   60 | Acc:  34.84%  Loss: 2.2781
  Epoch  5 | Batch   70 | Acc:  34.82%  Loss: 2.3344
  Epoch  5 | Batch   80 | Acc:  35.59%  Loss: 2.2153
  Epoch  5 | Batch   90 | Acc:  35.83%  Loss: 2.2168
  Epoch  5 | Batch  100 | Acc:  35.91%  Loss: 2.3027
  Epoch  5 | Batch  110 | Acc:  35.70%  Loss: 2.2609
  Epoch  5 | Batch  120 | Acc:  35.87%  Loss: 2.2590
  Epoch  5 | Batch  130 | Acc:  35.78%  Loss: 2.2495
  Epoch  5 | Batch  140 | Acc:  35.79%  Loss: 2.2746
  Epoch  5 | Batch  150 | Acc:  35.64%  Loss: 2.3320
  Epoch  5 | Batch  160 | Acc:  35.82%  Loss: 2.2132
  Epoch  5 | Batch  170 | Acc:  35.86%  Loss: 2.2174
  Epoch  5 | Batch  180 | Acc:  35.89%  Loss: 2.2749
  Epoch  5 | Batch  190 | Acc:  36.13%  Loss: 2.1206
  Epoch  5 | Batch  200 | Acc:  36.32%  Loss: 2.1381
  Epoch  5 | Batch  210 | Acc:  36.46%  Loss: 2.1717
  Epoch  5 | Batch  220 | Acc:  36.79%  Loss: 2.0853
  Epoch  5 | Batch  230 | Acc:  36.81%  Loss: 2.1940
  Epoch  5 | Batch  240 | Acc:  36.99%  Loss: 2.1477
  Epoch  5 | Batch  250 | Acc:  37.19%  Loss: 2.1514
  [Proxy] Epoch  5  tr_loss=2.2357  tr_acc=37.19%  te_loss=2.1849  te_acc=37.13%
  Epoch  6 | Batch   10 | Acc:  40.31%  Loss: 2.1004
  Epoch  6 | Batch   20 | Acc:  40.39%  Loss: 2.1568
  Epoch  6 | Batch   30 | Acc:  39.53%  Loss: 2.1924
  Epoch  6 | Batch   40 | Acc:  39.26%  Loss: 2.1786
  Epoch  6 | Batch   50 | Acc:  39.94%  Loss: 2.1032
  Epoch  6 | Batch   60 | Acc:  39.30%  Loss: 2.1976
  Epoch  6 | Batch   70 | Acc:  39.55%  Loss: 2.1134
  Epoch  6 | Batch   80 | Acc:  39.71%  Loss: 2.0915
  Epoch  6 | Batch   90 | Acc:  39.64%  Loss: 2.1798
  Epoch  6 | Batch  100 | Acc:  39.86%  Loss: 2.0875
  Epoch  6 | Batch  110 | Acc:  39.80%  Loss: 2.0720
  Epoch  6 | Batch  120 | Acc:  39.83%  Loss: 2.1100
  Epoch  6 | Batch  130 | Acc:  39.47%  Loss: 2.1348
  Epoch  6 | Batch  140 | Acc:  39.56%  Loss: 2.1574
  Epoch  6 | Batch  150 | Acc:  39.61%  Loss: 2.0703
  Epoch  6 | Batch  160 | Acc:  39.63%  Loss: 2.0851
  Epoch  6 | Batch  170 | Acc:  39.59%  Loss: 2.1287
  Epoch  6 | Batch  180 | Acc:  39.52%  Loss: 2.0842
  Epoch  6 | Batch  190 | Acc:  39.55%  Loss: 2.1033
  Epoch  6 | Batch  200 | Acc:  39.68%  Loss: 2.0364
  Epoch  6 | Batch  210 | Acc:  39.78%  Loss: 2.0640
  Epoch  6 | Batch  220 | Acc:  39.82%  Loss: 2.0950
  Epoch  6 | Batch  230 | Acc:  39.82%  Loss: 2.0995
  Epoch  6 | Batch  240 | Acc:  39.96%  Loss: 2.0593
  Epoch  6 | Batch  250 | Acc:  39.89%  Loss: 2.0709
  [Proxy] Epoch  6  tr_loss=2.1096  tr_acc=39.97%  te_loss=2.0792  te_acc=39.45%
  Epoch  7 | Batch   10 | Acc:  40.00%  Loss: 2.0452
  Epoch  7 | Batch   20 | Acc:  41.48%  Loss: 2.0847
  Epoch  7 | Batch   30 | Acc:  41.46%  Loss: 2.0173
  Epoch  7 | Batch   40 | Acc:  40.74%  Loss: 2.0634
  Epoch  7 | Batch   50 | Acc:  41.03%  Loss: 2.0349
  Epoch  7 | Batch   60 | Acc:  41.38%  Loss: 1.9838
  Epoch  7 | Batch   70 | Acc:  40.76%  Loss: 2.0604
  Epoch  7 | Batch   80 | Acc:  41.21%  Loss: 2.0255
  Epoch  7 | Batch   90 | Acc:  41.35%  Loss: 2.0177
  Epoch  7 | Batch  100 | Acc:  41.48%  Loss: 1.9994
  Epoch  7 | Batch  110 | Acc:  41.16%  Loss: 2.1205
  Epoch  7 | Batch  120 | Acc:  41.07%  Loss: 1.9866
  Epoch  7 | Batch  130 | Acc:  41.55%  Loss: 1.9380
  Epoch  7 | Batch  140 | Acc:  41.54%  Loss: 2.0002
  Epoch  7 | Batch  150 | Acc:  41.40%  Loss: 2.0723
  Epoch  7 | Batch  160 | Acc:  41.51%  Loss: 1.9592
  Epoch  7 | Batch  170 | Acc:  41.54%  Loss: 2.0138
  Epoch  7 | Batch  180 | Acc:  41.39%  Loss: 2.1320
  Epoch  7 | Batch  190 | Acc:  41.44%  Loss: 1.9883
  Epoch  7 | Batch  200 | Acc:  41.60%  Loss: 1.9835
  Epoch  7 | Batch  210 | Acc:  41.64%  Loss: 2.0020
  Epoch  7 | Batch  220 | Acc:  41.76%  Loss: 1.9291
  Epoch  7 | Batch  230 | Acc:  41.79%  Loss: 2.0371
  Epoch  7 | Batch  240 | Acc:  41.72%  Loss: 2.0972
  Epoch  7 | Batch  250 | Acc:  41.81%  Loss: 1.9563
  [Proxy] Epoch  7  tr_loss=2.0215  tr_acc=41.83%  te_loss=2.0014  te_acc=41.39%
  Epoch  8 | Batch   10 | Acc:  43.12%  Loss: 1.9633
  Epoch  8 | Batch   20 | Acc:  43.05%  Loss: 1.9795
  Epoch  8 | Batch   30 | Acc:  42.81%  Loss: 2.0462
  Epoch  8 | Batch   40 | Acc:  42.73%  Loss: 2.0162
  Epoch  8 | Batch   50 | Acc:  42.59%  Loss: 2.0080
  Epoch  8 | Batch   60 | Acc:  43.10%  Loss: 1.9004
  Epoch  8 | Batch   70 | Acc:  42.88%  Loss: 1.9741
  Epoch  8 | Batch   80 | Acc:  42.83%  Loss: 1.9545
  Epoch  8 | Batch   90 | Acc:  43.02%  Loss: 1.9395
  Epoch  8 | Batch  100 | Acc:  42.91%  Loss: 1.9497
  Epoch  8 | Batch  110 | Acc:  42.91%  Loss: 2.0170
  Epoch  8 | Batch  120 | Acc:  42.92%  Loss: 1.9520
  Epoch  8 | Batch  130 | Acc:  42.85%  Loss: 1.9729
  Epoch  8 | Batch  140 | Acc:  43.02%  Loss: 1.8923
  Epoch  8 | Batch  150 | Acc:  42.85%  Loss: 1.9384
  Epoch  8 | Batch  160 | Acc:  42.73%  Loss: 1.9933
  Epoch  8 | Batch  170 | Acc:  42.83%  Loss: 1.9250
  Epoch  8 | Batch  180 | Acc:  42.71%  Loss: 2.0359
  Epoch  8 | Batch  190 | Acc:  42.69%  Loss: 1.9321
  Epoch  8 | Batch  200 | Acc:  43.02%  Loss: 1.8834
  Epoch  8 | Batch  210 | Acc:  43.22%  Loss: 1.8634
  Epoch  8 | Batch  220 | Acc:  43.26%  Loss: 1.9386
  Epoch  8 | Batch  230 | Acc:  43.23%  Loss: 1.9231
  Epoch  8 | Batch  240 | Acc:  43.01%  Loss: 2.0619
  Epoch  8 | Batch  250 | Acc:  42.89%  Loss: 1.9071
  [Proxy] Epoch  8  tr_loss=1.9577  tr_acc=42.93%  te_loss=1.9480  te_acc=42.47%
  Epoch  9 | Batch   10 | Acc:  46.09%  Loss: 1.9022
  Epoch  9 | Batch   20 | Acc:  46.41%  Loss: 1.8572
  Epoch  9 | Batch   30 | Acc:  46.09%  Loss: 1.9080
  Epoch  9 | Batch   40 | Acc:  45.74%  Loss: 1.8518
  Epoch  9 | Batch   50 | Acc:  45.62%  Loss: 1.8923
  Epoch  9 | Batch   60 | Acc:  45.52%  Loss: 1.9164
  Epoch  9 | Batch   70 | Acc:  45.04%  Loss: 1.9235
  Epoch  9 | Batch   80 | Acc:  44.90%  Loss: 1.9212
  Epoch  9 | Batch   90 | Acc:  44.93%  Loss: 1.9200
  Epoch  9 | Batch  100 | Acc:  44.78%  Loss: 1.9325
  Epoch  9 | Batch  110 | Acc:  44.56%  Loss: 1.9105
  Epoch  9 | Batch  120 | Acc:  44.44%  Loss: 1.9059
  Epoch  9 | Batch  130 | Acc:  44.30%  Loss: 1.9409
  Epoch  9 | Batch  140 | Acc:  44.30%  Loss: 1.8825
  Epoch  9 | Batch  150 | Acc:  44.21%  Loss: 1.9045
  Epoch  9 | Batch  160 | Acc:  44.12%  Loss: 1.9089
  Epoch  9 | Batch  170 | Acc:  44.09%  Loss: 1.9662
  Epoch  9 | Batch  180 | Acc:  44.15%  Loss: 1.9132
  Epoch  9 | Batch  190 | Acc:  44.24%  Loss: 1.8990
  Epoch  9 | Batch  200 | Acc:  44.30%  Loss: 1.9037
  Epoch  9 | Batch  210 | Acc:  44.28%  Loss: 1.9448
  Epoch  9 | Batch  220 | Acc:  44.23%  Loss: 1.9462
  Epoch  9 | Batch  230 | Acc:  44.23%  Loss: 1.9272
  Epoch  9 | Batch  240 | Acc:  44.12%  Loss: 1.8907
  Epoch  9 | Batch  250 | Acc:  44.11%  Loss: 1.9032
  [Proxy] Epoch  9  tr_loss=1.9106  tr_acc=44.13%  te_loss=1.9074  te_acc=43.02%
  Epoch 10 | Batch   10 | Acc:  48.28%  Loss: 1.8837
  Epoch 10 | Batch   20 | Acc:  47.73%  Loss: 1.8268
  Epoch 10 | Batch   30 | Acc:  46.04%  Loss: 1.9463
  Epoch 10 | Batch   40 | Acc:  44.96%  Loss: 1.9221
  Epoch 10 | Batch   50 | Acc:  45.50%  Loss: 1.8026
  Epoch 10 | Batch   60 | Acc:  45.16%  Loss: 1.8972
  Epoch 10 | Batch   70 | Acc:  45.04%  Loss: 1.8778
  Epoch 10 | Batch   80 | Acc:  44.45%  Loss: 1.9437
  Epoch 10 | Batch   90 | Acc:  44.50%  Loss: 1.8405
  Epoch 10 | Batch  100 | Acc:  44.62%  Loss: 1.9018
  Epoch 10 | Batch  110 | Acc:  44.72%  Loss: 1.8582
  Epoch 10 | Batch  120 | Acc:  44.64%  Loss: 1.8622
  Epoch 10 | Batch  130 | Acc:  44.51%  Loss: 1.9369
  Epoch 10 | Batch  140 | Acc:  44.56%  Loss: 1.9094
  Epoch 10 | Batch  150 | Acc:  44.57%  Loss: 1.8711
  Epoch 10 | Batch  160 | Acc:  44.68%  Loss: 1.8382
  Epoch 10 | Batch  170 | Acc:  44.78%  Loss: 1.8386
  Epoch 10 | Batch  180 | Acc:  44.66%  Loss: 1.9255
  Epoch 10 | Batch  190 | Acc:  44.68%  Loss: 1.9180
  Epoch 10 | Batch  200 | Acc:  44.73%  Loss: 1.8373
  Epoch 10 | Batch  210 | Acc:  44.59%  Loss: 1.8998
  Epoch 10 | Batch  220 | Acc:  44.73%  Loss: 1.8204
  Epoch 10 | Batch  230 | Acc:  44.71%  Loss: 1.9311
  Epoch 10 | Batch  240 | Acc:  44.84%  Loss: 1.7761
  Epoch 10 | Batch  250 | Acc:  44.97%  Loss: 1.7958
  [Proxy] Epoch 10  tr_loss=1.8737  tr_acc=44.99%  te_loss=1.8743  te_acc=44.06%
  Epoch 11 | Batch   10 | Acc:  44.53%  Loss: 1.8530
  Epoch 11 | Batch   20 | Acc:  44.92%  Loss: 1.8430
  Epoch 11 | Batch   30 | Acc:  44.17%  Loss: 1.9389
  Epoch 11 | Batch   40 | Acc:  44.10%  Loss: 1.9212
  Epoch 11 | Batch   50 | Acc:  44.34%  Loss: 1.8321
  Epoch 11 | Batch   60 | Acc:  44.56%  Loss: 1.8186
  Epoch 11 | Batch   70 | Acc:  44.64%  Loss: 1.8320
  Epoch 11 | Batch   80 | Acc:  44.67%  Loss: 1.8439
  Epoch 11 | Batch   90 | Acc:  44.55%  Loss: 1.9192
  Epoch 11 | Batch  100 | Acc:  44.77%  Loss: 1.8269
  Epoch 11 | Batch  110 | Acc:  44.90%  Loss: 1.7924
  Epoch 11 | Batch  120 | Acc:  44.93%  Loss: 1.8387
  Epoch 11 | Batch  130 | Acc:  45.12%  Loss: 1.8103
  Epoch 11 | Batch  140 | Acc:  45.39%  Loss: 1.7871
  Epoch 11 | Batch  150 | Acc:  45.43%  Loss: 1.8229
  Epoch 11 | Batch  160 | Acc:  45.52%  Loss: 1.8476
  Epoch 11 | Batch  170 | Acc:  45.41%  Loss: 1.8575
  Epoch 11 | Batch  180 | Acc:  45.49%  Loss: 1.8425
  Epoch 11 | Batch  190 | Acc:  45.42%  Loss: 1.8476
  Epoch 11 | Batch  200 | Acc:  45.39%  Loss: 1.9032
  Epoch 11 | Batch  210 | Acc:  45.36%  Loss: 1.8423
  Epoch 11 | Batch  220 | Acc:  45.38%  Loss: 1.7748
  Epoch 11 | Batch  230 | Acc:  45.31%  Loss: 1.8731
  Epoch 11 | Batch  240 | Acc:  45.50%  Loss: 1.8023
  Epoch 11 | Batch  250 | Acc:  45.47%  Loss: 1.8441
  [Proxy] Epoch 11  tr_loss=1.8445  tr_acc=45.48%  te_loss=1.8478  te_acc=44.49%
  Epoch 12 | Batch   10 | Acc:  44.84%  Loss: 1.7897
  Epoch 12 | Batch   20 | Acc:  46.48%  Loss: 1.7737
  Epoch 12 | Batch   30 | Acc:  46.35%  Loss: 1.8571
  Epoch 12 | Batch   40 | Acc:  46.56%  Loss: 1.7780
  Epoch 12 | Batch   50 | Acc:  46.53%  Loss: 1.8335
  Epoch 12 | Batch   60 | Acc:  46.88%  Loss: 1.8136
  Epoch 12 | Batch   70 | Acc:  46.96%  Loss: 1.8128
  Epoch 12 | Batch   80 | Acc:  46.89%  Loss: 1.8063
  Epoch 12 | Batch   90 | Acc:  46.75%  Loss: 1.7946
  Epoch 12 | Batch  100 | Acc:  46.30%  Loss: 1.9291
  Epoch 12 | Batch  110 | Acc:  46.36%  Loss: 1.8781
  Epoch 12 | Batch  120 | Acc:  46.21%  Loss: 1.8009
  Epoch 12 | Batch  130 | Acc:  46.21%  Loss: 1.7986
  Epoch 12 | Batch  140 | Acc:  46.38%  Loss: 1.7705
  Epoch 12 | Batch  150 | Acc:  46.70%  Loss: 1.7604
  Epoch 12 | Batch  160 | Acc:  46.54%  Loss: 1.8263
  Epoch 12 | Batch  170 | Acc:  46.72%  Loss: 1.7448
  Epoch 12 | Batch  180 | Acc:  46.41%  Loss: 1.8798
  Epoch 12 | Batch  190 | Acc:  46.38%  Loss: 1.8419
  Epoch 12 | Batch  200 | Acc:  46.31%  Loss: 1.8356
  Epoch 12 | Batch  210 | Acc:  46.22%  Loss: 1.8142
  Epoch 12 | Batch  220 | Acc:  46.31%  Loss: 1.7901
  Epoch 12 | Batch  230 | Acc:  46.18%  Loss: 1.9315
  Epoch 12 | Batch  240 | Acc:  46.06%  Loss: 1.8397
  Epoch 12 | Batch  250 | Acc:  46.08%  Loss: 1.8021
  [Proxy] Epoch 12  tr_loss=1.8194  tr_acc=46.07%  te_loss=1.8271  te_acc=44.96%
  Epoch 13 | Batch   10 | Acc:  48.28%  Loss: 1.7452
  Epoch 13 | Batch   20 | Acc:  46.02%  Loss: 1.8769
  Epoch 13 | Batch   30 | Acc:  45.42%  Loss: 1.8647
  Epoch 13 | Batch   40 | Acc:  46.60%  Loss: 1.7827
  Epoch 13 | Batch   50 | Acc:  47.19%  Loss: 1.7443
  Epoch 13 | Batch   60 | Acc:  46.93%  Loss: 1.8256
  Epoch 13 | Batch   70 | Acc:  46.90%  Loss: 1.8169
  Epoch 13 | Batch   80 | Acc:  46.78%  Loss: 1.7782
  Epoch 13 | Batch   90 | Acc:  46.68%  Loss: 1.7940
  Epoch 13 | Batch  100 | Acc:  46.39%  Loss: 1.8745
  Epoch 13 | Batch  110 | Acc:  46.39%  Loss: 1.7721
  Epoch 13 | Batch  120 | Acc:  46.58%  Loss: 1.7481
  Epoch 13 | Batch  130 | Acc:  46.55%  Loss: 1.8429
  Epoch 13 | Batch  140 | Acc:  46.55%  Loss: 1.8127
  Epoch 13 | Batch  150 | Acc:  46.41%  Loss: 1.8381
  Epoch 13 | Batch  160 | Acc:  46.36%  Loss: 1.8060
  Epoch 13 | Batch  170 | Acc:  46.39%  Loss: 1.7551
  Epoch 13 | Batch  180 | Acc:  46.32%  Loss: 1.8214
  Epoch 13 | Batch  190 | Acc:  46.27%  Loss: 1.8221
  Epoch 13 | Batch  200 | Acc:  46.28%  Loss: 1.7482
  Epoch 13 | Batch  210 | Acc:  46.41%  Loss: 1.7646
  Epoch 13 | Batch  220 | Acc:  46.31%  Loss: 1.8524
  Epoch 13 | Batch  230 | Acc:  46.32%  Loss: 1.7670
  Epoch 13 | Batch  240 | Acc:  46.33%  Loss: 1.8036
  Epoch 13 | Batch  250 | Acc:  46.46%  Loss: 1.7049
  [Proxy] Epoch 13  tr_loss=1.7979  tr_acc=46.43%  te_loss=1.8079  te_acc=45.09%
  Epoch 14 | Batch   10 | Acc:  47.34%  Loss: 1.7725
  Epoch 14 | Batch   20 | Acc:  47.27%  Loss: 1.7792
  Epoch 14 | Batch   30 | Acc:  47.34%  Loss: 1.8061
  Epoch 14 | Batch   40 | Acc:  47.54%  Loss: 1.7213
  Epoch 14 | Batch   50 | Acc:  48.06%  Loss: 1.7467
  Epoch 14 | Batch   60 | Acc:  48.18%  Loss: 1.7191
  Epoch 14 | Batch   70 | Acc:  47.88%  Loss: 1.7444
  Epoch 14 | Batch   80 | Acc:  47.50%  Loss: 1.7760
  Epoch 14 | Batch   90 | Acc:  47.48%  Loss: 1.7497
  Epoch 14 | Batch  100 | Acc:  47.30%  Loss: 1.8192
  Epoch 14 | Batch  110 | Acc:  47.20%  Loss: 1.8346
  Epoch 14 | Batch  120 | Acc:  47.06%  Loss: 1.7170
  Epoch 14 | Batch  130 | Acc:  46.92%  Loss: 1.8305
  Epoch 14 | Batch  140 | Acc:  46.95%  Loss: 1.7135
  Epoch 14 | Batch  150 | Acc:  46.95%  Loss: 1.7667
  Epoch 14 | Batch  160 | Acc:  46.97%  Loss: 1.7268
  Epoch 14 | Batch  170 | Acc:  46.92%  Loss: 1.8599
  Epoch 14 | Batch  180 | Acc:  46.82%  Loss: 1.8375
  Epoch 14 | Batch  190 | Acc:  46.76%  Loss: 1.7723
  Epoch 14 | Batch  200 | Acc:  46.69%  Loss: 1.8403
  Epoch 14 | Batch  210 | Acc:  46.76%  Loss: 1.7429
  Epoch 14 | Batch  220 | Acc:  46.80%  Loss: 1.8108
  Epoch 14 | Batch  230 | Acc:  46.94%  Loss: 1.7158
  Epoch 14 | Batch  240 | Acc:  46.89%  Loss: 1.8443
  Epoch 14 | Batch  250 | Acc:  46.86%  Loss: 1.8123
  [Proxy] Epoch 14  tr_loss=1.7791  tr_acc=46.84%  te_loss=1.7892  te_acc=46.02%
  Epoch 15 | Batch   10 | Acc:  50.62%  Loss: 1.7215
  Epoch 15 | Batch   20 | Acc:  48.28%  Loss: 1.7526
  Epoch 15 | Batch   30 | Acc:  47.97%  Loss: 1.7243
  Epoch 15 | Batch   40 | Acc:  47.38%  Loss: 1.7602
  Epoch 15 | Batch   50 | Acc:  47.78%  Loss: 1.6949
  Epoch 15 | Batch   60 | Acc:  47.89%  Loss: 1.7314
  Epoch 15 | Batch   70 | Acc:  47.79%  Loss: 1.7680
  Epoch 15 | Batch   80 | Acc:  47.44%  Loss: 1.8658
  Epoch 15 | Batch   90 | Acc:  47.33%  Loss: 1.7721
  Epoch 15 | Batch  100 | Acc:  47.55%  Loss: 1.7608
  Epoch 15 | Batch  110 | Acc:  47.70%  Loss: 1.8006
  Epoch 15 | Batch  120 | Acc:  47.73%  Loss: 1.7436
  Epoch 15 | Batch  130 | Acc:  47.55%  Loss: 1.7794
  Epoch 15 | Batch  140 | Acc:  47.53%  Loss: 1.7781
  Epoch 15 | Batch  150 | Acc:  47.38%  Loss: 1.7903
  Epoch 15 | Batch  160 | Acc:  47.21%  Loss: 1.7431
  Epoch 15 | Batch  170 | Acc:  47.30%  Loss: 1.7017
  Epoch 15 | Batch  180 | Acc:  47.24%  Loss: 1.8469
  Epoch 15 | Batch  190 | Acc:  47.11%  Loss: 1.7252
  Epoch 15 | Batch  200 | Acc:  47.09%  Loss: 1.7512
  Epoch 15 | Batch  210 | Acc:  47.03%  Loss: 1.8400
  Epoch 15 | Batch  220 | Acc:  47.07%  Loss: 1.7402
  Epoch 15 | Batch  230 | Acc:  47.05%  Loss: 1.8166
  Epoch 15 | Batch  240 | Acc:  47.14%  Loss: 1.6799
  Epoch 15 | Batch  250 | Acc:  47.19%  Loss: 1.7253
  [Proxy] Epoch 15  tr_loss=1.7620  tr_acc=47.16%  te_loss=1.7763  te_acc=46.61%
  Epoch 16 | Batch   10 | Acc:  48.44%  Loss: 1.7839
  Epoch 16 | Batch   20 | Acc:  49.69%  Loss: 1.6990
  Epoch 16 | Batch   30 | Acc:  49.64%  Loss: 1.7209
  Epoch 16 | Batch   40 | Acc:  48.91%  Loss: 1.8323
  Epoch 16 | Batch   50 | Acc:  48.69%  Loss: 1.7434
  Epoch 16 | Batch   60 | Acc:  48.49%  Loss: 1.7980
  Epoch 16 | Batch   70 | Acc:  48.39%  Loss: 1.7047
  Epoch 16 | Batch   80 | Acc:  48.81%  Loss: 1.6639
  Epoch 16 | Batch   90 | Acc:  48.65%  Loss: 1.7497
  Epoch 16 | Batch  100 | Acc:  48.38%  Loss: 1.7458
  Epoch 16 | Batch  110 | Acc:  48.12%  Loss: 1.7571
  Epoch 16 | Batch  120 | Acc:  47.90%  Loss: 1.7516
  Epoch 16 | Batch  130 | Acc:  47.88%  Loss: 1.7290
  Epoch 16 | Batch  140 | Acc:  47.68%  Loss: 1.7805
  Epoch 16 | Batch  150 | Acc:  47.65%  Loss: 1.7612
  Epoch 16 | Batch  160 | Acc:  47.90%  Loss: 1.6785
  Epoch 16 | Batch  170 | Acc:  48.00%  Loss: 1.7051
  Epoch 16 | Batch  180 | Acc:  47.91%  Loss: 1.7733
  Epoch 16 | Batch  190 | Acc:  47.91%  Loss: 1.8113
  Epoch 16 | Batch  200 | Acc:  47.95%  Loss: 1.7270
  Epoch 16 | Batch  210 | Acc:  47.92%  Loss: 1.7700
  Epoch 16 | Batch  220 | Acc:  47.73%  Loss: 1.8177
  Epoch 16 | Batch  230 | Acc:  47.78%  Loss: 1.7090
  Epoch 16 | Batch  240 | Acc:  47.82%  Loss: 1.6908
  Epoch 16 | Batch  250 | Acc:  47.79%  Loss: 1.7825
  [Proxy] Epoch 16  tr_loss=1.7482  tr_acc=47.78%  te_loss=1.7589  te_acc=46.73%
  Epoch 17 | Batch   10 | Acc:  43.44%  Loss: 1.7469
  Epoch 17 | Batch   20 | Acc:  45.55%  Loss: 1.7449
  Epoch 17 | Batch   30 | Acc:  46.04%  Loss: 1.7118
  Epoch 17 | Batch   40 | Acc:  46.76%  Loss: 1.7635
  Epoch 17 | Batch   50 | Acc:  47.81%  Loss: 1.6758
  Epoch 17 | Batch   60 | Acc:  48.18%  Loss: 1.6365
  Epoch 17 | Batch   70 | Acc:  47.61%  Loss: 1.8169
  Epoch 17 | Batch   80 | Acc:  47.42%  Loss: 1.7550
  Epoch 17 | Batch   90 | Acc:  47.47%  Loss: 1.8081
  Epoch 17 | Batch  100 | Acc:  47.66%  Loss: 1.7374
  Epoch 17 | Batch  110 | Acc:  48.05%  Loss: 1.6889
  Epoch 17 | Batch  120 | Acc:  48.24%  Loss: 1.6525
  Epoch 17 | Batch  130 | Acc:  48.26%  Loss: 1.7056
  Epoch 17 | Batch  140 | Acc:  48.09%  Loss: 1.8423
  Epoch 17 | Batch  150 | Acc:  48.05%  Loss: 1.7584
  Epoch 17 | Batch  160 | Acc:  48.16%  Loss: 1.7022
  Epoch 17 | Batch  170 | Acc:  48.13%  Loss: 1.7453
  Epoch 17 | Batch  180 | Acc:  48.12%  Loss: 1.7628
  Epoch 17 | Batch  190 | Acc:  48.31%  Loss: 1.6629
  Epoch 17 | Batch  200 | Acc:  48.28%  Loss: 1.6812
  Epoch 17 | Batch  210 | Acc:  48.13%  Loss: 1.7995
  Epoch 17 | Batch  220 | Acc:  48.06%  Loss: 1.7821
  Epoch 17 | Batch  230 | Acc:  47.92%  Loss: 1.8021
  Epoch 17 | Batch  240 | Acc:  48.04%  Loss: 1.6804
  Epoch 17 | Batch  250 | Acc:  47.99%  Loss: 1.6890
  [Proxy] Epoch 17  tr_loss=1.7341  tr_acc=47.98%  te_loss=1.7495  te_acc=47.10%
  Epoch 18 | Batch   10 | Acc:  46.72%  Loss: 1.7781
  Epoch 18 | Batch   20 | Acc:  46.09%  Loss: 1.7078
  Epoch 18 | Batch   30 | Acc:  46.77%  Loss: 1.7078
  Epoch 18 | Batch   40 | Acc:  47.23%  Loss: 1.7255
  Epoch 18 | Batch   50 | Acc:  47.12%  Loss: 1.7405
  Epoch 18 | Batch   60 | Acc:  47.11%  Loss: 1.7375
  Epoch 18 | Batch   70 | Acc:  47.21%  Loss: 1.7478
  Epoch 18 | Batch   80 | Acc:  47.23%  Loss: 1.7611
  Epoch 18 | Batch   90 | Acc:  47.57%  Loss: 1.7312
  Epoch 18 | Batch  100 | Acc:  47.45%  Loss: 1.7447
  Epoch 18 | Batch  110 | Acc:  47.51%  Loss: 1.7069
  Epoch 18 | Batch  120 | Acc:  47.59%  Loss: 1.7414
  Epoch 18 | Batch  130 | Acc:  47.52%  Loss: 1.7494
  Epoch 18 | Batch  140 | Acc:  47.77%  Loss: 1.7353
  Epoch 18 | Batch  150 | Acc:  47.96%  Loss: 1.7109
  Epoch 18 | Batch  160 | Acc:  47.93%  Loss: 1.7252
  Epoch 18 | Batch  170 | Acc:  47.80%  Loss: 1.7943
  Epoch 18 | Batch  180 | Acc:  47.93%  Loss: 1.6787
  Epoch 18 | Batch  190 | Acc:  47.97%  Loss: 1.7092
  Epoch 18 | Batch  200 | Acc:  47.95%  Loss: 1.7471
  Epoch 18 | Batch  210 | Acc:  48.06%  Loss: 1.6510
  Epoch 18 | Batch  220 | Acc:  47.93%  Loss: 1.7974
  Epoch 18 | Batch  230 | Acc:  48.07%  Loss: 1.7005
  Epoch 18 | Batch  240 | Acc:  48.24%  Loss: 1.5936
  Epoch 18 | Batch  250 | Acc:  48.37%  Loss: 1.6287
  [Proxy] Epoch 18  tr_loss=1.7221  tr_acc=48.38%  te_loss=1.7379  te_acc=46.89%
  Epoch 19 | Batch   10 | Acc:  47.03%  Loss: 1.7505
  Epoch 19 | Batch   20 | Acc:  48.98%  Loss: 1.6632
  Epoch 19 | Batch   30 | Acc:  49.43%  Loss: 1.7032
  Epoch 19 | Batch   40 | Acc:  49.18%  Loss: 1.7120
  Epoch 19 | Batch   50 | Acc:  48.75%  Loss: 1.7394
  Epoch 19 | Batch   60 | Acc:  48.49%  Loss: 1.7295
  Epoch 19 | Batch   70 | Acc:  48.08%  Loss: 1.7768
  Epoch 19 | Batch   80 | Acc:  48.18%  Loss: 1.6961
  Epoch 19 | Batch   90 | Acc:  48.25%  Loss: 1.7554
  Epoch 19 | Batch  100 | Acc:  48.16%  Loss: 1.7714
  Epoch 19 | Batch  110 | Acc:  48.11%  Loss: 1.7403
  Epoch 19 | Batch  120 | Acc:  48.24%  Loss: 1.6762
  Epoch 19 | Batch  130 | Acc:  48.16%  Loss: 1.7546
  Epoch 19 | Batch  140 | Acc:  48.45%  Loss: 1.6184
  Epoch 19 | Batch  150 | Acc:  48.48%  Loss: 1.6925
  Epoch 19 | Batch  160 | Acc:  48.49%  Loss: 1.6909
  Epoch 19 | Batch  170 | Acc:  48.49%  Loss: 1.7376
  Epoch 19 | Batch  180 | Acc:  48.42%  Loss: 1.7433
  Epoch 19 | Batch  190 | Acc:  48.64%  Loss: 1.5984
  Epoch 19 | Batch  200 | Acc:  48.56%  Loss: 1.7579
  Epoch 19 | Batch  210 | Acc:  48.45%  Loss: 1.7506
  Epoch 19 | Batch  220 | Acc:  48.47%  Loss: 1.6414
  Epoch 19 | Batch  230 | Acc:  48.34%  Loss: 1.8319
  Epoch 19 | Batch  240 | Acc:  48.46%  Loss: 1.6435
  Epoch 19 | Batch  250 | Acc:  48.50%  Loss: 1.6220
  [Proxy] Epoch 19  tr_loss=1.7110  tr_acc=48.52%  te_loss=1.7274  te_acc=47.18%
  Epoch 20 | Batch   10 | Acc:  45.94%  Loss: 1.7069
  Epoch 20 | Batch   20 | Acc:  47.03%  Loss: 1.6769
  Epoch 20 | Batch   30 | Acc:  46.93%  Loss: 1.7028
  Epoch 20 | Batch   40 | Acc:  47.19%  Loss: 1.6749
  Epoch 20 | Batch   50 | Acc:  47.75%  Loss: 1.6885
  Epoch 20 | Batch   60 | Acc:  48.41%  Loss: 1.6430
  Epoch 20 | Batch   70 | Acc:  48.71%  Loss: 1.6460
  Epoch 20 | Batch   80 | Acc:  48.52%  Loss: 1.7213
  Epoch 20 | Batch   90 | Acc:  48.42%  Loss: 1.6941
  Epoch 20 | Batch  100 | Acc:  48.39%  Loss: 1.7761
  Epoch 20 | Batch  110 | Acc:  48.44%  Loss: 1.7555
  Epoch 20 | Batch  120 | Acc:  48.68%  Loss: 1.6609
  Epoch 20 | Batch  130 | Acc:  48.58%  Loss: 1.6882
  Epoch 20 | Batch  140 | Acc:  48.46%  Loss: 1.7150
  Epoch 20 | Batch  150 | Acc:  48.54%  Loss: 1.6784
  Epoch 20 | Batch  160 | Acc:  48.58%  Loss: 1.7049
  Epoch 20 | Batch  170 | Acc:  48.61%  Loss: 1.7211
  Epoch 20 | Batch  180 | Acc:  48.50%  Loss: 1.7565
  Epoch 20 | Batch  190 | Acc:  48.65%  Loss: 1.6492
  Epoch 20 | Batch  200 | Acc:  48.74%  Loss: 1.6733
  Epoch 20 | Batch  210 | Acc:  48.75%  Loss: 1.7147
  Epoch 20 | Batch  220 | Acc:  48.77%  Loss: 1.7216
  Epoch 20 | Batch  230 | Acc:  48.93%  Loss: 1.6892
  Epoch 20 | Batch  240 | Acc:  48.81%  Loss: 1.7720
  Epoch 20 | Batch  250 | Acc:  48.71%  Loss: 1.7281
  [Proxy] Epoch 20  tr_loss=1.7012  tr_acc=48.75%  te_loss=1.7162  te_acc=47.56%
  Epoch 21 | Batch   10 | Acc:  49.38%  Loss: 1.7130
  Epoch 21 | Batch   20 | Acc:  47.50%  Loss: 1.7814
  Epoch 21 | Batch   30 | Acc:  47.60%  Loss: 1.6374
  Epoch 21 | Batch   40 | Acc:  48.24%  Loss: 1.6695
  Epoch 21 | Batch   50 | Acc:  48.41%  Loss: 1.6467
  Epoch 21 | Batch   60 | Acc:  48.80%  Loss: 1.6383
  Epoch 21 | Batch   70 | Acc:  49.31%  Loss: 1.6618
  Epoch 21 | Batch   80 | Acc:  49.53%  Loss: 1.6772
  Epoch 21 | Batch   90 | Acc:  49.64%  Loss: 1.6727
  Epoch 21 | Batch  100 | Acc:  49.48%  Loss: 1.7082
  Epoch 21 | Batch  110 | Acc:  49.47%  Loss: 1.7190
  Epoch 21 | Batch  120 | Acc:  49.57%  Loss: 1.6705
  Epoch 21 | Batch  130 | Acc:  49.30%  Loss: 1.7872
  Epoch 21 | Batch  140 | Acc:  49.46%  Loss: 1.6103
  Epoch 21 | Batch  150 | Acc:  49.64%  Loss: 1.6316
  Epoch 21 | Batch  160 | Acc:  49.38%  Loss: 1.7184
  Epoch 21 | Batch  170 | Acc:  49.15%  Loss: 1.7922
  Epoch 21 | Batch  180 | Acc:  49.06%  Loss: 1.7484
  Epoch 21 | Batch  190 | Acc:  49.13%  Loss: 1.7281
  Epoch 21 | Batch  200 | Acc:  49.12%  Loss: 1.7149
  Epoch 21 | Batch  210 | Acc:  49.08%  Loss: 1.6513
  Epoch 21 | Batch  220 | Acc:  49.08%  Loss: 1.6734
  Epoch 21 | Batch  230 | Acc:  49.12%  Loss: 1.6268
  Epoch 21 | Batch  240 | Acc:  49.14%  Loss: 1.6657
  Epoch 21 | Batch  250 | Acc:  49.09%  Loss: 1.7326
  [Proxy] Epoch 21  tr_loss=1.6923  tr_acc=49.04%  te_loss=1.7058  te_acc=47.88%
  Epoch 22 | Batch   10 | Acc:  50.16%  Loss: 1.6997
  Epoch 22 | Batch   20 | Acc:  50.23%  Loss: 1.7329
  Epoch 22 | Batch   30 | Acc:  49.79%  Loss: 1.7101
  Epoch 22 | Batch   40 | Acc:  48.83%  Loss: 1.6939
  Epoch 22 | Batch   50 | Acc:  49.38%  Loss: 1.6256
  Epoch 22 | Batch   60 | Acc:  49.64%  Loss: 1.6319
  Epoch 22 | Batch   70 | Acc:  49.80%  Loss: 1.6247
  Epoch 22 | Batch   80 | Acc:  49.88%  Loss: 1.6826
  Epoch 22 | Batch   90 | Acc:  49.74%  Loss: 1.7168
  Epoch 22 | Batch  100 | Acc:  49.77%  Loss: 1.7011
  Epoch 22 | Batch  110 | Acc:  50.06%  Loss: 1.5975
  Epoch 22 | Batch  120 | Acc:  49.65%  Loss: 1.7233
  Epoch 22 | Batch  130 | Acc:  49.86%  Loss: 1.6450
  Epoch 22 | Batch  140 | Acc:  49.71%  Loss: 1.7204
  Epoch 22 | Batch  150 | Acc:  49.80%  Loss: 1.6179
  Epoch 22 | Batch  160 | Acc:  49.52%  Loss: 1.7590
  Epoch 22 | Batch  170 | Acc:  49.20%  Loss: 1.7764
  Epoch 22 | Batch  180 | Acc:  49.20%  Loss: 1.6675
  Epoch 22 | Batch  190 | Acc:  49.14%  Loss: 1.7308
  Epoch 22 | Batch  200 | Acc:  49.14%  Loss: 1.6530
  Epoch 22 | Batch  210 | Acc:  49.20%  Loss: 1.6856
  Epoch 22 | Batch  220 | Acc:  49.20%  Loss: 1.6862
  Epoch 22 | Batch  230 | Acc:  49.21%  Loss: 1.6697
  Epoch 22 | Batch  240 | Acc:  49.31%  Loss: 1.6828
  Epoch 22 | Batch  250 | Acc:  49.38%  Loss: 1.6711
  [Proxy] Epoch 22  tr_loss=1.6831  tr_acc=49.40%  te_loss=1.6982  te_acc=48.05%
  Epoch 23 | Batch   10 | Acc:  49.53%  Loss: 1.6756
  Epoch 23 | Batch   20 | Acc:  49.22%  Loss: 1.6887
  Epoch 23 | Batch   30 | Acc:  50.42%  Loss: 1.6326
  Epoch 23 | Batch   40 | Acc:  50.39%  Loss: 1.6662
  Epoch 23 | Batch   50 | Acc:  50.38%  Loss: 1.6605
  Epoch 23 | Batch   60 | Acc:  50.29%  Loss: 1.6678
  Epoch 23 | Batch   70 | Acc:  50.65%  Loss: 1.6521
  Epoch 23 | Batch   80 | Acc:  50.25%  Loss: 1.7365
  Epoch 23 | Batch   90 | Acc:  50.21%  Loss: 1.6507
  Epoch 23 | Batch  100 | Acc:  50.14%  Loss: 1.6681
  Epoch 23 | Batch  110 | Acc:  50.16%  Loss: 1.6407
  Epoch 23 | Batch  120 | Acc:  50.18%  Loss: 1.6837
  Epoch 23 | Batch  130 | Acc:  50.02%  Loss: 1.7127
  Epoch 23 | Batch  140 | Acc:  49.94%  Loss: 1.6720
  Epoch 23 | Batch  150 | Acc:  49.78%  Loss: 1.7500
  Epoch 23 | Batch  160 | Acc:  49.74%  Loss: 1.6684
  Epoch 23 | Batch  170 | Acc:  49.72%  Loss: 1.6659
  Epoch 23 | Batch  180 | Acc:  49.69%  Loss: 1.6817
  Epoch 23 | Batch  190 | Acc:  49.55%  Loss: 1.7505
  Epoch 23 | Batch  200 | Acc:  49.66%  Loss: 1.6159
  Epoch 23 | Batch  210 | Acc:  49.74%  Loss: 1.6483
  Epoch 23 | Batch  220 | Acc:  49.74%  Loss: 1.6263
  Epoch 23 | Batch  230 | Acc:  49.70%  Loss: 1.6385
  Epoch 23 | Batch  240 | Acc:  49.69%  Loss: 1.7067
  Epoch 23 | Batch  250 | Acc:  49.59%  Loss: 1.7229
  [Proxy] Epoch 23  tr_loss=1.6757  tr_acc=49.58%  te_loss=1.6903  te_acc=48.19%
  Epoch 24 | Batch   10 | Acc:  51.41%  Loss: 1.6901
  Epoch 24 | Batch   20 | Acc:  50.23%  Loss: 1.6542
  Epoch 24 | Batch   30 | Acc:  50.47%  Loss: 1.6198
  Epoch 24 | Batch   40 | Acc:  50.66%  Loss: 1.6693
  Epoch 24 | Batch   50 | Acc:  50.09%  Loss: 1.7044
  Epoch 24 | Batch   60 | Acc:  50.39%  Loss: 1.6373
  Epoch 24 | Batch   70 | Acc:  49.98%  Loss: 1.6765
  Epoch 24 | Batch   80 | Acc:  49.69%  Loss: 1.7631
  Epoch 24 | Batch   90 | Acc:  49.58%  Loss: 1.6968
  Epoch 24 | Batch  100 | Acc:  49.70%  Loss: 1.6840
  Epoch 24 | Batch  110 | Acc:  49.45%  Loss: 1.7045
  Epoch 24 | Batch  120 | Acc:  49.40%  Loss: 1.6859
  Epoch 24 | Batch  130 | Acc:  49.66%  Loss: 1.5758
  Epoch 24 | Batch  140 | Acc:  49.60%  Loss: 1.6778
  Epoch 24 | Batch  150 | Acc:  49.75%  Loss: 1.6631
  Epoch 24 | Batch  160 | Acc:  49.90%  Loss: 1.6343
  Epoch 24 | Batch  170 | Acc:  49.84%  Loss: 1.6709
  Epoch 24 | Batch  180 | Acc:  49.89%  Loss: 1.6349
  Epoch 24 | Batch  190 | Acc:  49.93%  Loss: 1.6294
  Epoch 24 | Batch  200 | Acc:  49.94%  Loss: 1.6860
  Epoch 24 | Batch  210 | Acc:  49.84%  Loss: 1.6695
  Epoch 24 | Batch  220 | Acc:  49.84%  Loss: 1.6955
  Epoch 24 | Batch  230 | Acc:  49.88%  Loss: 1.6660
  Epoch 24 | Batch  240 | Acc:  49.84%  Loss: 1.6175
  Epoch 24 | Batch  250 | Acc:  49.77%  Loss: 1.6829
  [Proxy] Epoch 24  tr_loss=1.6683  tr_acc=49.70%  te_loss=1.6836  te_acc=48.48%
  Epoch 25 | Batch   10 | Acc:  53.59%  Loss: 1.6065
  Epoch 25 | Batch   20 | Acc:  52.58%  Loss: 1.5330
  Epoch 25 | Batch   30 | Acc:  53.49%  Loss: 1.5613
  Epoch 25 | Batch   40 | Acc:  52.11%  Loss: 1.7493
  Epoch 25 | Batch   50 | Acc:  51.75%  Loss: 1.7192
  Epoch 25 | Batch   60 | Acc:  51.54%  Loss: 1.6242
  Epoch 25 | Batch   70 | Acc:  51.25%  Loss: 1.6268
  Epoch 25 | Batch   80 | Acc:  50.98%  Loss: 1.6843
  Epoch 25 | Batch   90 | Acc:  51.01%  Loss: 1.6173
  Epoch 25 | Batch  100 | Acc:  50.97%  Loss: 1.6644
  Epoch 25 | Batch  110 | Acc:  50.68%  Loss: 1.6813
  Epoch 25 | Batch  120 | Acc:  50.57%  Loss: 1.6341
  Epoch 25 | Batch  130 | Acc:  50.38%  Loss: 1.6745
  Epoch 25 | Batch  140 | Acc:  50.58%  Loss: 1.6101
  Epoch 25 | Batch  150 | Acc:  50.42%  Loss: 1.7307
  Epoch 25 | Batch  160 | Acc:  50.51%  Loss: 1.6023
  Epoch 25 | Batch  170 | Acc:  50.25%  Loss: 1.7046
  Epoch 25 | Batch  180 | Acc:  50.16%  Loss: 1.6842
  Epoch 25 | Batch  190 | Acc:  50.35%  Loss: 1.5885
  Epoch 25 | Batch  200 | Acc:  50.35%  Loss: 1.7312
  Epoch 25 | Batch  210 | Acc:  50.28%  Loss: 1.7314
  Epoch 25 | Batch  220 | Acc:  50.21%  Loss: 1.6487
  Epoch 25 | Batch  230 | Acc:  50.12%  Loss: 1.6884
  Epoch 25 | Batch  240 | Acc:  50.00%  Loss: 1.7351
  Epoch 25 | Batch  250 | Acc:  49.96%  Loss: 1.7195
  [Proxy] Epoch 25  tr_loss=1.6604  tr_acc=49.96%  te_loss=1.6784  te_acc=48.76%
  Epoch 26 | Batch   10 | Acc:  52.03%  Loss: 1.6239
  Epoch 26 | Batch   20 | Acc:  49.45%  Loss: 1.7292
  Epoch 26 | Batch   30 | Acc:  49.06%  Loss: 1.6937
  Epoch 26 | Batch   40 | Acc:  48.59%  Loss: 1.6873
  Epoch 26 | Batch   50 | Acc:  48.09%  Loss: 1.7046
  Epoch 26 | Batch   60 | Acc:  48.36%  Loss: 1.6745
  Epoch 26 | Batch   70 | Acc:  48.59%  Loss: 1.5881
  Epoch 26 | Batch   80 | Acc:  49.06%  Loss: 1.5909
  Epoch 26 | Batch   90 | Acc:  49.24%  Loss: 1.6163
  Epoch 26 | Batch  100 | Acc:  49.39%  Loss: 1.6361
  Epoch 26 | Batch  110 | Acc:  49.46%  Loss: 1.6491
  Epoch 26 | Batch  120 | Acc:  49.40%  Loss: 1.7167
  Epoch 26 | Batch  130 | Acc:  49.39%  Loss: 1.6759
  Epoch 26 | Batch  140 | Acc:  49.45%  Loss: 1.6370
  Epoch 26 | Batch  150 | Acc:  49.61%  Loss: 1.6614
  Epoch 26 | Batch  160 | Acc:  49.58%  Loss: 1.6901
  Epoch 26 | Batch  170 | Acc:  49.64%  Loss: 1.6403
  Epoch 26 | Batch  180 | Acc:  49.72%  Loss: 1.6470
  Epoch 26 | Batch  190 | Acc:  49.71%  Loss: 1.6638
  Epoch 26 | Batch  200 | Acc:  49.77%  Loss: 1.6441
  Epoch 26 | Batch  210 | Acc:  49.78%  Loss: 1.6150
  Epoch 26 | Batch  220 | Acc:  49.98%  Loss: 1.6273
  Epoch 26 | Batch  230 | Acc:  50.03%  Loss: 1.6562
  Epoch 26 | Batch  240 | Acc:  50.03%  Loss: 1.6511
  Epoch 26 | Batch  250 | Acc:  50.12%  Loss: 1.6369
  [Proxy] Epoch 26  tr_loss=1.6538  tr_acc=50.16%  te_loss=1.6739  te_acc=48.49%
  Epoch 27 | Batch   10 | Acc:  51.56%  Loss: 1.6724
  Epoch 27 | Batch   20 | Acc:  51.88%  Loss: 1.6100
  Epoch 27 | Batch   30 | Acc:  51.46%  Loss: 1.6095
  Epoch 27 | Batch   40 | Acc:  51.13%  Loss: 1.6206
  Epoch 27 | Batch   50 | Acc:  50.69%  Loss: 1.6682
  Epoch 27 | Batch   60 | Acc:  50.60%  Loss: 1.6445
  Epoch 27 | Batch   70 | Acc:  50.67%  Loss: 1.6010
  Epoch 27 | Batch   80 | Acc:  50.27%  Loss: 1.6770
  Epoch 27 | Batch   90 | Acc:  50.33%  Loss: 1.6826
  Epoch 27 | Batch  100 | Acc:  50.16%  Loss: 1.6358
  Epoch 27 | Batch  110 | Acc:  50.43%  Loss: 1.5921
  Epoch 27 | Batch  120 | Acc:  50.39%  Loss: 1.6657
  Epoch 27 | Batch  130 | Acc:  50.19%  Loss: 1.6711
  Epoch 27 | Batch  140 | Acc:  50.31%  Loss: 1.6514
  Epoch 27 | Batch  150 | Acc:  50.21%  Loss: 1.6820
  Epoch 27 | Batch  160 | Acc:  50.10%  Loss: 1.7126
  Epoch 27 | Batch  170 | Acc:  50.22%  Loss: 1.6399
  Epoch 27 | Batch  180 | Acc:  50.02%  Loss: 1.7226
  Epoch 27 | Batch  190 | Acc:  50.06%  Loss: 1.6462
  Epoch 27 | Batch  200 | Acc:  50.23%  Loss: 1.5561
  Epoch 27 | Batch  210 | Acc:  50.35%  Loss: 1.5638
  Epoch 27 | Batch  220 | Acc:  50.13%  Loss: 1.7616
  Epoch 27 | Batch  230 | Acc:  50.08%  Loss: 1.6387
  Epoch 27 | Batch  240 | Acc:  50.08%  Loss: 1.6831
  Epoch 27 | Batch  250 | Acc:  50.19%  Loss: 1.6026
  [Proxy] Epoch 27  tr_loss=1.6477  tr_acc=50.20%  te_loss=1.6647  te_acc=48.97%
  Epoch 28 | Batch   10 | Acc:  51.56%  Loss: 1.6899
  Epoch 28 | Batch   20 | Acc:  52.19%  Loss: 1.6284
  Epoch 28 | Batch   30 | Acc:  52.14%  Loss: 1.6033
  Epoch 28 | Batch   40 | Acc:  51.48%  Loss: 1.6921
  Epoch 28 | Batch   50 | Acc:  51.38%  Loss: 1.6006
  Epoch 28 | Batch   60 | Acc:  51.07%  Loss: 1.7086
  Epoch 28 | Batch   70 | Acc:  50.83%  Loss: 1.7032
  Epoch 28 | Batch   80 | Acc:  50.78%  Loss: 1.6296
  Epoch 28 | Batch   90 | Acc:  50.85%  Loss: 1.5716
  Epoch 28 | Batch  100 | Acc:  50.73%  Loss: 1.7108
  Epoch 28 | Batch  110 | Acc:  50.70%  Loss: 1.5790
  Epoch 28 | Batch  120 | Acc:  50.52%  Loss: 1.6974
  Epoch 28 | Batch  130 | Acc:  50.43%  Loss: 1.6570
  Epoch 28 | Batch  140 | Acc:  50.44%  Loss: 1.6486
  Epoch 28 | Batch  150 | Acc:  50.48%  Loss: 1.6408
  Epoch 28 | Batch  160 | Acc:  50.72%  Loss: 1.5150
  Epoch 28 | Batch  170 | Acc:  50.88%  Loss: 1.5794
  Epoch 28 | Batch  180 | Acc:  50.89%  Loss: 1.7076
  Epoch 28 | Batch  190 | Acc:  50.78%  Loss: 1.6627
  Epoch 28 | Batch  200 | Acc:  50.81%  Loss: 1.6052
  Epoch 28 | Batch  210 | Acc:  50.81%  Loss: 1.5563
  Epoch 28 | Batch  220 | Acc:  50.67%  Loss: 1.7133
  Epoch 28 | Batch  230 | Acc:  50.62%  Loss: 1.6417
  Epoch 28 | Batch  240 | Acc:  50.60%  Loss: 1.6201
  Epoch 28 | Batch  250 | Acc:  50.49%  Loss: 1.6899
  [Proxy] Epoch 28  tr_loss=1.6408  tr_acc=50.52%  te_loss=1.6600  te_acc=48.79%
  Epoch 29 | Batch   10 | Acc:  49.06%  Loss: 1.6708
  Epoch 29 | Batch   20 | Acc:  48.59%  Loss: 1.7013
  Epoch 29 | Batch   30 | Acc:  49.64%  Loss: 1.6158
  Epoch 29 | Batch   40 | Acc:  49.53%  Loss: 1.6414
  Epoch 29 | Batch   50 | Acc:  49.56%  Loss: 1.5952
  Epoch 29 | Batch   60 | Acc:  49.79%  Loss: 1.6158
  Epoch 29 | Batch   70 | Acc:  50.20%  Loss: 1.5494
  Epoch 29 | Batch   80 | Acc:  49.69%  Loss: 1.7044
  Epoch 29 | Batch   90 | Acc:  49.70%  Loss: 1.6785
  Epoch 29 | Batch  100 | Acc:  49.92%  Loss: 1.5821
  Epoch 29 | Batch  110 | Acc:  50.18%  Loss: 1.6808
  Epoch 29 | Batch  120 | Acc:  50.20%  Loss: 1.7153
  Epoch 29 | Batch  130 | Acc:  50.24%  Loss: 1.6112
  Epoch 29 | Batch  140 | Acc:  50.39%  Loss: 1.6027
  Epoch 29 | Batch  150 | Acc:  50.41%  Loss: 1.6595
  Epoch 29 | Batch  160 | Acc:  50.62%  Loss: 1.5823
  Epoch 29 | Batch  170 | Acc:  50.64%  Loss: 1.6037
  Epoch 29 | Batch  180 | Acc:  50.59%  Loss: 1.6285
  Epoch 29 | Batch  190 | Acc:  50.54%  Loss: 1.6747
  Epoch 29 | Batch  200 | Acc:  50.62%  Loss: 1.6542
  Epoch 29 | Batch  210 | Acc:  50.64%  Loss: 1.6525
  Epoch 29 | Batch  220 | Acc:  50.76%  Loss: 1.5398
  Epoch 29 | Batch  230 | Acc:  50.79%  Loss: 1.5737
  Epoch 29 | Batch  240 | Acc:  50.83%  Loss: 1.6470
  Epoch 29 | Batch  250 | Acc:  50.71%  Loss: 1.7064
  [Proxy] Epoch 29  tr_loss=1.6356  tr_acc=50.72%  te_loss=1.6533  te_acc=49.39%
  Epoch 30 | Batch   10 | Acc:  54.53%  Loss: 1.5532
  Epoch 30 | Batch   20 | Acc:  51.17%  Loss: 1.6788
  Epoch 30 | Batch   30 | Acc:  50.31%  Loss: 1.7171
  Epoch 30 | Batch   40 | Acc:  51.56%  Loss: 1.5631
  Epoch 30 | Batch   50 | Acc:  51.19%  Loss: 1.6906
  Epoch 30 | Batch   60 | Acc:  50.96%  Loss: 1.6250
  Epoch 30 | Batch   70 | Acc:  51.38%  Loss: 1.5545
  Epoch 30 | Batch   80 | Acc:  51.70%  Loss: 1.5587
  Epoch 30 | Batch   90 | Acc:  51.58%  Loss: 1.5963
  Epoch 30 | Batch  100 | Acc:  51.45%  Loss: 1.6415
  Epoch 30 | Batch  110 | Acc:  51.22%  Loss: 1.6989
  Epoch 30 | Batch  120 | Acc:  50.78%  Loss: 1.7300
  Epoch 30 | Batch  130 | Acc:  50.87%  Loss: 1.5924
  Epoch 30 | Batch  140 | Acc:  50.84%  Loss: 1.6336
  Epoch 30 | Batch  150 | Acc:  50.80%  Loss: 1.6557
  Epoch 30 | Batch  160 | Acc:  50.62%  Loss: 1.6419
  Epoch 30 | Batch  170 | Acc:  50.74%  Loss: 1.6228
  Epoch 30 | Batch  180 | Acc:  50.86%  Loss: 1.6387
  Epoch 30 | Batch  190 | Acc:  50.86%  Loss: 1.6033
  Epoch 30 | Batch  200 | Acc:  50.84%  Loss: 1.6195
  Epoch 30 | Batch  210 | Acc:  50.87%  Loss: 1.6308
  Epoch 30 | Batch  220 | Acc:  50.81%  Loss: 1.6566
  Epoch 30 | Batch  230 | Acc:  50.78%  Loss: 1.6529
  Epoch 30 | Batch  240 | Acc:  50.84%  Loss: 1.6271
  Epoch 30 | Batch  250 | Acc:  50.91%  Loss: 1.5550
  [Proxy] Epoch 30  tr_loss=1.6297  tr_acc=50.87%  te_loss=1.6480  te_acc=49.38%
  Epoch metrics  -> runs/huang_az_proxy_epoch_metrics.csv
  [Proxy] Best test CA: 49.39%

====================================================================
 PHASE 2 — Sequential trigger generation (Algorithm 1)
====================================================================
  Using 500 non-target and 500 target samples for trigger generation
    [Trigger] iter   1/200  fooling_rate=0.086  |delta|_inf=0.2000  elapsed=232.5s
    [Trigger] iter   2/200  fooling_rate=0.086  |delta|_inf=0.2000  elapsed=461.5s
    [Trigger] iter   3/200  fooling_rate=0.078  |delta|_inf=0.2000  elapsed=693.0s
    [Trigger] iter   4/200  fooling_rate=0.094  |delta|_inf=0.2000  elapsed=926.0s
    [Trigger] iter   5/200  fooling_rate=0.060  |delta|_inf=0.2000  elapsed=1157.3s
    [Trigger] iter   6/200  fooling_rate=0.088  |delta|_inf=0.2000  elapsed=1387.4s
    [Trigger] iter   7/200  fooling_rate=0.086  |delta|_inf=0.2000  elapsed=1622.2s
    [Trigger] iter   8/200  fooling_rate=0.062  |delta|_inf=0.2000  elapsed=1853.6s
    [Trigger] iter   9/200  fooling_rate=0.082  |delta|_inf=0.2000  elapsed=2084.2s
    [Trigger] iter  10/200  fooling_rate=0.064  |delta|_inf=0.2000  elapsed=2313.5s
    [Trigger] iter  11/200  fooling_rate=0.094  |delta|_inf=0.2000  elapsed=2543.5s
    [Trigger] iter  12/200  fooling_rate=0.082  |delta|_inf=0.2000  elapsed=2772.0s
    [Trigger] iter  13/200  fooling_rate=0.094  |delta|_inf=0.2000  elapsed=3002.9s
    [Trigger] iter  14/200  fooling_rate=0.094  |delta|_inf=0.2000  elapsed=3232.5s
    [Trigger] iter  15/200  fooling_rate=0.088  |delta|_inf=0.2000  elapsed=3465.5s
    [Trigger] iter  16/200  fooling_rate=0.084  |delta|_inf=0.2000  elapsed=3698.1s
    [Trigger] iter  17/200  fooling_rate=0.110  |delta|_inf=0.2000  elapsed=3927.6s
    [Trigger] iter  18/200  fooling_rate=0.044  |delta|_inf=0.2000  elapsed=4155.2s
    [Trigger] iter  19/200  fooling_rate=0.078  |delta|_inf=0.2000  elapsed=4386.4s
    [Trigger] iter  20/200  fooling_rate=0.080  |delta|_inf=0.2000  elapsed=4616.0s
    [Trigger] iter  21/200  fooling_rate=0.092  |delta|_inf=0.2000  elapsed=4847.0s
    [Trigger] iter  22/200  fooling_rate=0.086  |delta|_inf=0.2000  elapsed=5078.7s
    [Trigger] iter  23/200  fooling_rate=0.096  |delta|_inf=0.2000  elapsed=5307.4s
    [Trigger] iter  24/200  fooling_rate=0.066  |delta|_inf=0.2000  elapsed=5537.5s
    [Trigger] iter  25/200  fooling_rate=0.086  |delta|_inf=0.2000  elapsed=5767.1s
    [Trigger] iter  26/200  fooling_rate=0.076  |delta|_inf=0.2000  elapsed=5996.7s
    [Trigger] iter  27/200  fooling_rate=0.086  |delta|_inf=0.2000  elapsed=6228.0s
    [Trigger] iter  28/200  fooling_rate=0.090  |delta|_inf=0.2000  elapsed=6457.1s
    [Trigger] iter  29/200  fooling_rate=0.088  |delta|_inf=0.2000  elapsed=6688.1s
    [Trigger] iter  30/200  fooling_rate=0.094  |delta|_inf=0.2000  elapsed=6917.2s
    [Trigger] iter  31/200  fooling_rate=0.100  |delta|_inf=0.2000  elapsed=7149.7s
    [Trigger] iter  32/200  fooling_rate=0.070  |delta|_inf=0.2000  elapsed=7378.9s
    [Trigger] iter  33/200  fooling_rate=0.078  |delta|_inf=0.2000  elapsed=7607.7s
    [Trigger] iter  34/200  fooling_rate=0.096  |delta|_inf=0.2000  elapsed=7838.3s
    [Trigger] iter  35/200  fooling_rate=0.080  |delta|_inf=0.2000  elapsed=8069.5s
    [Trigger] iter  36/200  fooling_rate=0.054  |delta|_inf=0.2000  elapsed=8299.2s
    [Trigger] iter  37/200  fooling_rate=0.106  |delta|_inf=0.2000  elapsed=8530.6s
    [Trigger] iter  38/200  fooling_rate=0.092  |delta|_inf=0.2000  elapsed=8761.8s
    [Trigger] iter  39/200  fooling_rate=0.084  |delta|_inf=0.2000  elapsed=8993.5s
    [Trigger] iter  40/200  fooling_rate=0.044  |delta|_inf=0.2000  elapsed=9225.2s
    [Trigger] iter  41/200  fooling_rate=0.094  |delta|_inf=0.2000  elapsed=9456.7s
    [Trigger] iter  42/200  fooling_rate=0.064  |delta|_inf=0.2000  elapsed=9686.5s
    [Trigger] iter  43/200  fooling_rate=0.110  |delta|_inf=0.2000  elapsed=9915.8s
    [Trigger] iter  44/200  fooling_rate=0.094  |delta|_inf=0.2000  elapsed=10149.8s
    [Trigger] iter  45/200  fooling_rate=0.058  |delta|_inf=0.2000  elapsed=10380.9s
    [Trigger] iter  46/200  fooling_rate=0.070  |delta|_inf=0.2000  elapsed=10610.1s
    [Trigger] iter  47/200  fooling_rate=0.068  |delta|_inf=0.2000  elapsed=10839.8s
    [Trigger] iter  48/200  fooling_rate=0.082  |delta|_inf=0.2000  elapsed=11070.7s
    [Trigger] iter  49/200  fooling_rate=0.104  |delta|_inf=0.2000  elapsed=11302.3s
    [Trigger] iter  50/200  fooling_rate=0.080  |delta|_inf=0.2000  elapsed=11532.6s
    [Trigger] iter  51/200  fooling_rate=0.060  |delta|_inf=0.2000  elapsed=11761.0s
    [Trigger] iter  52/200  fooling_rate=0.056  |delta|_inf=0.2000  elapsed=11993.3s
    [Trigger] iter  53/200  fooling_rate=0.080  |delta|_inf=0.2000  elapsed=12223.9s
    [Trigger] iter  54/200  fooling_rate=0.094  |delta|_inf=0.2000  elapsed=12451.9s
    [Trigger] iter  55/200  fooling_rate=0.094  |delta|_inf=0.2000  elapsed=12682.3s
    [Trigger] iter  56/200  fooling_rate=0.096  |delta|_inf=0.2000  elapsed=12914.8s
    [Trigger] iter  57/200  fooling_rate=0.100  |delta|_inf=0.2000  elapsed=13145.3s
    [Trigger] iter  58/200  fooling_rate=0.098  |delta|_inf=0.2000  elapsed=13375.0s
    [Trigger] iter  59/200  fooling_rate=0.098  |delta|_inf=0.2000  elapsed=13602.9s
    [Trigger] iter  60/200  fooling_rate=0.080  |delta|_inf=0.2000  elapsed=13835.7s
    [Trigger] iter  61/200  fooling_rate=0.064  |delta|_inf=0.2000  elapsed=14064.8s
    [Trigger] iter  62/200  fooling_rate=0.094  |delta|_inf=0.2000  elapsed=14297.8s
    [Trigger] iter  63/200  fooling_rate=0.068  |delta|_inf=0.2000  elapsed=14528.2s
    [Trigger] iter  64/200  fooling_rate=0.086  |delta|_inf=0.2000  elapsed=14759.0s
    [Trigger] iter  65/200  fooling_rate=0.088  |delta|_inf=0.2000  elapsed=14989.9s
    [Trigger] iter  66/200  fooling_rate=0.062  |delta|_inf=0.2000  elapsed=15223.0s
    [Trigger] iter  67/200  fooling_rate=0.038  |delta|_inf=0.2000  elapsed=15454.4s
    [Trigger] iter  68/200  fooling_rate=0.088  |delta|_inf=0.2000  elapsed=15685.9s
    [Trigger] iter  69/200  fooling_rate=0.076  |delta|_inf=0.2000  elapsed=15916.7s
    [Trigger] iter  70/200  fooling_rate=0.050  |delta|_inf=0.2000  elapsed=16148.5s
    [Trigger] iter  71/200  fooling_rate=0.070  |delta|_inf=0.2000  elapsed=16381.0s
    [Trigger] iter  72/200  fooling_rate=0.094  |delta|_inf=0.2000  elapsed=16612.2s
    [Trigger] iter  73/200  fooling_rate=0.070  |delta|_inf=0.2000  elapsed=16844.4s
    [Trigger] iter  74/200  fooling_rate=0.086  |delta|_inf=0.2000  elapsed=17074.1s
    [Trigger] iter  75/200  fooling_rate=0.058  |delta|_inf=0.2000  elapsed=17306.3s
    [Trigger] iter  76/200  fooling_rate=0.066  |delta|_inf=0.2000  elapsed=17536.9s
    [Trigger] iter  77/200  fooling_rate=0.068  |delta|_inf=0.2000  elapsed=17765.8s
    [Trigger] iter  78/200  fooling_rate=0.076  |delta|_inf=0.2000  elapsed=17997.2s
    [Trigger] iter  79/200  fooling_rate=0.044  |delta|_inf=0.2000  elapsed=18227.0s
    [Trigger] iter  80/200  fooling_rate=0.092  |delta|_inf=0.2000  elapsed=18456.9s
    [Trigger] iter  81/200  fooling_rate=0.094  |delta|_inf=0.2000  elapsed=18687.2s
    [Trigger] iter  82/200  fooling_rate=0.074  |delta|_inf=0.2000  elapsed=18918.0s
    [Trigger] iter  83/200  fooling_rate=0.088  |delta|_inf=0.2000  elapsed=19150.7s
    [Trigger] iter  84/200  fooling_rate=0.086  |delta|_inf=0.2000  elapsed=19379.7s
    [Trigger] iter  85/200  fooling_rate=0.088  |delta|_inf=0.2000  elapsed=19611.0s
    [Trigger] iter  86/200  fooling_rate=0.104  |delta|_inf=0.2000  elapsed=19840.2s
    [Trigger] iter  87/200  fooling_rate=0.032  |delta|_inf=0.2000  elapsed=20070.0s
    [Trigger] iter  88/200  fooling_rate=0.070  |delta|_inf=0.2000  elapsed=20301.9s
    [Trigger] iter  89/200  fooling_rate=0.100  |delta|_inf=0.2000  elapsed=20531.1s
    [Trigger] iter  90/200  fooling_rate=0.078  |delta|_inf=0.2000  elapsed=20760.5s
    [Trigger] iter  91/200  fooling_rate=0.080  |delta|_inf=0.2000  elapsed=20992.5s
    [Trigger] iter  92/200  fooling_rate=0.068  |delta|_inf=0.2000  elapsed=21223.7s
    [Trigger] iter  93/200  fooling_rate=0.058  |delta|_inf=0.2000  elapsed=21455.6s
    [Trigger] iter  94/200  fooling_rate=0.090  |delta|_inf=0.2000  elapsed=21685.3s
    [Trigger] iter  95/200  fooling_rate=0.082  |delta|_inf=0.2000  elapsed=21916.5s
    [Trigger] iter  96/200  fooling_rate=0.100  |delta|_inf=0.2000  elapsed=22146.0s
    [Trigger] iter  97/200  fooling_rate=0.088  |delta|_inf=0.2000  elapsed=22376.9s
    [Trigger] iter  98/200  fooling_rate=0.100  |delta|_inf=0.2000  elapsed=22608.3s
    [Trigger] iter  99/200  fooling_rate=0.076  |delta|_inf=0.2000  elapsed=22839.2s
    [Trigger] iter 100/200  fooling_rate=0.104  |delta|_inf=0.2000  elapsed=23069.3s
    [Trigger] iter 101/200  fooling_rate=0.074  |delta|_inf=0.2000  elapsed=23300.9s
    [Trigger] iter 102/200  fooling_rate=0.092  |delta|_inf=0.2000  elapsed=23533.7s
    [Trigger] iter 103/200  fooling_rate=0.084  |delta|_inf=0.2000  elapsed=23763.9s
    [Trigger] iter 104/200  fooling_rate=0.094  |delta|_inf=0.2000  elapsed=23995.1s
    [Trigger] iter 105/200  fooling_rate=0.088  |delta|_inf=0.2000  elapsed=24226.6s
    [Trigger] iter 106/200  fooling_rate=0.052  |delta|_inf=0.2000  elapsed=24457.5s
    [Trigger] iter 107/200  fooling_rate=0.068  |delta|_inf=0.2000  elapsed=24685.8s
    [Trigger] iter 108/200  fooling_rate=0.062  |delta|_inf=0.2000  elapsed=24920.0s
    [Trigger] iter 109/200  fooling_rate=0.090  |delta|_inf=0.2000  elapsed=25150.1s
    [Trigger] iter 110/200  fooling_rate=0.096  |delta|_inf=0.2000  elapsed=25381.4s
    [Trigger] iter 111/200  fooling_rate=0.088  |delta|_inf=0.2000  elapsed=25613.4s
    [Trigger] iter 112/200  fooling_rate=0.090  |delta|_inf=0.2000  elapsed=25846.1s
    [Trigger] iter 113/200  fooling_rate=0.102  |delta|_inf=0.2000  elapsed=26076.0s
    [Trigger] iter 114/200  fooling_rate=0.104  |delta|_inf=0.2000  elapsed=26306.6s
    [Trigger] iter 115/200  fooling_rate=0.082  |delta|_inf=0.2000  elapsed=26537.4s
    [Trigger] iter 116/200  fooling_rate=0.104  |delta|_inf=0.2000  elapsed=26766.5s
    [Trigger] iter 117/200  fooling_rate=0.094  |delta|_inf=0.2000  elapsed=26997.1s
    [Trigger] iter 118/200  fooling_rate=0.086  |delta|_inf=0.2000  elapsed=27227.7s
    [Trigger] iter 119/200  fooling_rate=0.104  |delta|_inf=0.2000  elapsed=27456.4s
    [Trigger] iter 120/200  fooling_rate=0.074  |delta|_inf=0.2000  elapsed=27684.9s
    [Trigger] iter 121/200  fooling_rate=0.088  |delta|_inf=0.2000  elapsed=27916.9s
    [Trigger] iter 122/200  fooling_rate=0.094  |delta|_inf=0.2000  elapsed=28146.9s
    [Trigger] iter 123/200  fooling_rate=0.058  |delta|_inf=0.2000  elapsed=28376.4s
    [Trigger] iter 124/200  fooling_rate=0.042  |delta|_inf=0.2000  elapsed=28607.9s
    [Trigger] iter 125/200  fooling_rate=0.084  |delta|_inf=0.2000  elapsed=28839.2s
    [Trigger] iter 126/200  fooling_rate=0.078  |delta|_inf=0.2000  elapsed=29068.8s
    [Trigger] iter 127/200  fooling_rate=0.066  |delta|_inf=0.2000  elapsed=29299.3s
    [Trigger] iter 128/200  fooling_rate=0.096  |delta|_inf=0.2000  elapsed=29528.3s
    [Trigger] iter 129/200  fooling_rate=0.058  |delta|_inf=0.2000  elapsed=29759.1s
    [Trigger] iter 130/200  fooling_rate=0.062  |delta|_inf=0.2000  elapsed=29987.8s
    [Trigger] iter 131/200  fooling_rate=0.088  |delta|_inf=0.2000  elapsed=30218.0s
    [Trigger] iter 132/200  fooling_rate=0.098  |delta|_inf=0.2000  elapsed=30445.9s
    [Trigger] iter 133/200  fooling_rate=0.098  |delta|_inf=0.2000  elapsed=30677.1s
    [Trigger] iter 134/200  fooling_rate=0.088  |delta|_inf=0.2000  elapsed=30907.0s
    [Trigger] iter 135/200  fooling_rate=0.066  |delta|_inf=0.2000  elapsed=31138.1s
    [Trigger] iter 136/200  fooling_rate=0.088  |delta|_inf=0.2000  elapsed=31368.9s
    [Trigger] iter 137/200  fooling_rate=0.062  |delta|_inf=0.2000  elapsed=31599.8s
    [Trigger] iter 138/200  fooling_rate=0.074  |delta|_inf=0.2000  elapsed=31831.5s
    [Trigger] iter 139/200  fooling_rate=0.090  |delta|_inf=0.2000  elapsed=32061.6s
    [Trigger] iter 140/200  fooling_rate=0.100  |delta|_inf=0.2000  elapsed=32291.9s
    [Trigger] iter 141/200  fooling_rate=0.084  |delta|_inf=0.2000  elapsed=32524.1s
    [Trigger] iter 142/200  fooling_rate=0.104  |delta|_inf=0.2000  elapsed=32755.2s
    [Trigger] iter 143/200  fooling_rate=0.072  |delta|_inf=0.2000  elapsed=32986.3s
    [Trigger] iter 144/200  fooling_rate=0.076  |delta|_inf=0.2000  elapsed=33218.3s
    [Trigger] iter 145/200  fooling_rate=0.094  |delta|_inf=0.2000  elapsed=33448.5s
    [Trigger] iter 146/200  fooling_rate=0.062  |delta|_inf=0.2000  elapsed=33680.6s
    [Trigger] iter 147/200  fooling_rate=0.086  |delta|_inf=0.2000  elapsed=33912.8s
    [Trigger] iter 148/200  fooling_rate=0.088  |delta|_inf=0.2000  elapsed=34145.2s
    [Trigger] iter 149/200  fooling_rate=0.078  |delta|_inf=0.2000  elapsed=34376.1s
    [Trigger] iter 150/200  fooling_rate=0.074  |delta|_inf=0.2000  elapsed=34607.0s
    [Trigger] iter 151/200  fooling_rate=0.072  |delta|_inf=0.2000  elapsed=34839.0s
    [Trigger] iter 152/200  fooling_rate=0.094  |delta|_inf=0.2000  elapsed=35067.3s
    [Trigger] iter 153/200  fooling_rate=0.052  |delta|_inf=0.2000  elapsed=35300.2s
    [Trigger] iter 154/200  fooling_rate=0.062  |delta|_inf=0.2000  elapsed=35529.9s
    [Trigger] iter 155/200  fooling_rate=0.088  |delta|_inf=0.2000  elapsed=35758.9s
    [Trigger] iter 156/200  fooling_rate=0.060  |delta|_inf=0.2000  elapsed=35991.2s
    [Trigger] iter 157/200  fooling_rate=0.100  |delta|_inf=0.2000  elapsed=36219.4s
    [Trigger] iter 158/200  fooling_rate=0.056  |delta|_inf=0.2000  elapsed=36452.0s
    [Trigger] iter 159/200  fooling_rate=0.048  |delta|_inf=0.2000  elapsed=36682.9s
    [Trigger] iter 160/200  fooling_rate=0.088  |delta|_inf=0.2000  elapsed=36912.9s
    [Trigger] iter 161/200  fooling_rate=0.084  |delta|_inf=0.2000  elapsed=37146.0s
    [Trigger] iter 162/200  fooling_rate=0.062  |delta|_inf=0.2000  elapsed=37374.2s
    [Trigger] iter 163/200  fooling_rate=0.094  |delta|_inf=0.2000  elapsed=37606.7s
    [Trigger] iter 164/200  fooling_rate=0.090  |delta|_inf=0.2000  elapsed=37837.1s
    [Trigger] iter 165/200  fooling_rate=0.104  |delta|_inf=0.2000  elapsed=38066.2s
    [Trigger] iter 166/200  fooling_rate=0.042  |delta|_inf=0.2000  elapsed=38295.0s
    [Trigger] iter 167/200  fooling_rate=0.090  |delta|_inf=0.2000  elapsed=38525.3s
    [Trigger] iter 168/200  fooling_rate=0.094  |delta|_inf=0.2000  elapsed=38756.9s
    [Trigger] iter 169/200  fooling_rate=0.062  |delta|_inf=0.2000  elapsed=38989.0s
    [Trigger] iter 170/200  fooling_rate=0.074  |delta|_inf=0.2000  elapsed=39222.0s
    [Trigger] iter 171/200  fooling_rate=0.066  |delta|_inf=0.2000  elapsed=39452.6s
    [Trigger] iter 172/200  fooling_rate=0.090  |delta|_inf=0.2000  elapsed=39683.8s
    [Trigger] iter 173/200  fooling_rate=0.084  |delta|_inf=0.2000  elapsed=39913.0s
    [Trigger] iter 174/200  fooling_rate=0.066  |delta|_inf=0.2000  elapsed=40144.8s
    [Trigger] iter 175/200  fooling_rate=0.104  |delta|_inf=0.2000  elapsed=40372.3s
    [Trigger] iter 176/200  fooling_rate=0.094  |delta|_inf=0.2000  elapsed=40603.0s
    [Trigger] iter 177/200  fooling_rate=0.076  |delta|_inf=0.2000  elapsed=40833.2s
    [Trigger] iter 178/200  fooling_rate=0.094  |delta|_inf=0.2000  elapsed=41061.2s
    [Trigger] iter 179/200  fooling_rate=0.100  |delta|_inf=0.2000  elapsed=41289.7s
    [Trigger] iter 180/200  fooling_rate=0.086  |delta|_inf=0.2000  elapsed=41518.2s
    [Trigger] iter 181/200  fooling_rate=0.094  |delta|_inf=0.2000  elapsed=41748.3s
    [Trigger] iter 182/200  fooling_rate=0.064  |delta|_inf=0.2000  elapsed=41979.0s
    [Trigger] iter 183/200  fooling_rate=0.080  |delta|_inf=0.2000  elapsed=42209.4s
    [Trigger] iter 184/200  fooling_rate=0.086  |delta|_inf=0.2000  elapsed=42438.4s
    [Trigger] iter 185/200  fooling_rate=0.100  |delta|_inf=0.2000  elapsed=42668.1s
    [Trigger] iter 186/200  fooling_rate=0.086  |delta|_inf=0.2000  elapsed=42897.4s
    [Trigger] iter 187/200  fooling_rate=0.090  |delta|_inf=0.2000  elapsed=43124.8s
    [Trigger] iter 188/200  fooling_rate=0.064  |delta|_inf=0.2000  elapsed=43355.9s
    [Trigger] iter 189/200  fooling_rate=0.046  |delta|_inf=0.2000  elapsed=43586.9s
    [Trigger] iter 190/200  fooling_rate=0.072  |delta|_inf=0.2000  elapsed=43814.9s
    [Trigger] iter 191/200  fooling_rate=0.096  |delta|_inf=0.2000  elapsed=44046.6s
    [Trigger] iter 192/200  fooling_rate=0.094  |delta|_inf=0.2000  elapsed=44276.0s
    [Trigger] iter 193/200  fooling_rate=0.094  |delta|_inf=0.2000  elapsed=44506.5s
    [Trigger] iter 194/200  fooling_rate=0.058  |delta|_inf=0.2000  elapsed=44737.7s
    [Trigger] iter 195/200  fooling_rate=0.054  |delta|_inf=0.2000  elapsed=44969.2s
    [Trigger] iter 196/200  fooling_rate=0.052  |delta|_inf=0.2000  elapsed=45200.5s
    [Trigger] iter 197/200  fooling_rate=0.088  |delta|_inf=0.2000  elapsed=45434.7s
    [Trigger] iter 198/200  fooling_rate=0.064  |delta|_inf=0.2000  elapsed=45667.0s
    [Trigger] iter 199/200  fooling_rate=0.078  |delta|_inf=0.2000  elapsed=45895.9s
    [Trigger] iter 200/200  fooling_rate=0.066  |delta|_inf=0.2000  elapsed=46125.6s
  Trigger saved.  |delta|_inf=0.2000  |delta|_2=0.4899
  Final proxy fooling rate: 0.066

====================================================================
 PHASE 3 — Victim training across poison ratios
====================================================================

────────────────────────────────────────────────────────────────────
 Poison ratio : 0.1
────────────────────────────────────────────────────────────────────
  [Poison] ratio=0.1  poisoned 70/700 target-class samples

  [Best model] ratio=0.1  CA=48.05%  saved -> huang_az_ang_l10_best_ratio01.pt
  [Ratio 0.1]  CA=48.05+/-0.00%  ASR=0.83+/-0.00%

────────────────────────────────────────────────────────────────────
 Poison ratio : 0.3
────────────────────────────────────────────────────────────────────
  [Poison] ratio=0.3  poisoned 210/700 target-class samples

  [Best model] ratio=0.3  CA=48.02%  saved -> huang_az_ang_l10_best_ratio03.pt
  [Ratio 0.3]  CA=48.02+/-0.00%  ASR=28.32+/-0.00%

────────────────────────────────────────────────────────────────────
 Poison ratio : 0.5
────────────────────────────────────────────────────────────────────
  [Poison] ratio=0.5  poisoned 350/700 target-class samples

  [Best model] ratio=0.5  CA=46.76%  saved -> huang_az_ang_l10_best_ratio05.pt
  [Ratio 0.5]  CA=46.76+/-0.00%  ASR=63.25+/-0.00%

====================================================================
 Experiment complete.  Summary -> runs/huang_az_ang_l10_summary.csv
====================================================================
  Ratio       CA mean   CA std   ASR mean  ASR std
  ────────────────────────────────────────────────
  0.1           48.05     0.00       0.83     0.00
  0.3           48.02     0.00      28.32     0.00
  0.5           46.76     0.00      63.25     0.00
====================================================================

============================================================
 End time  : Fri Mar 20 07:53:29 PM MDT 2026
 Exit code : 0
============================================================
