Python 3.10.19
/home/clalarcon/work/Nowmi/Sok/quid_env/bin/python
========================================
Job ID      : 377505
Node        : cnode006
CPUs        : 1
Start time  : Wed Mar 25 03:49:47 PM MDT 2026
========================================
Changing directory...
Now in: /home/clalarcon/work/Nowmi/Sok/Baseline/MNIST/angle/layer10
Files: baseline_mnist_ang_l10.slurm
baseline_mnist_angle_layer10
depo_baseline_mn_ang_l10.py
dpo_bsl_mn_ang_l10.slurm
logs
NN_baseline_mnist_angle_layer10.py
Running python script...
[Device] cpu
[Config] N_LAYERS=10  DEPO_P=0.01
====================================================================
 Depolarizing Noise Evaluation | Baseline MNIST Angle L10
 Noise backend : default.mixed + DepolarizingChannel (p=0.01)
 Model         : baseline_mnist_angle_layer10/best_model_run1.pt
 No attack — No defense
====================================================================
[Data] Train: (60000, 9)  Test: (10000, 9)
[Model] Loaded baseline weights into noisy architecture.
[Eval] Running noisy inference on 10000 test samples ...

  CA (noisy) : 48.15%
  Accuracy    : 0.4815
  Loss        : 1.7233
  Precision   : 0.5807
  Recall      : 0.4804
  F1          : 0.5258
  Fpr         : 0.0573
  Fnr         : 0.5196
  Roc_auc     : 0.8814
  Pr_auc      : 0.5243
  Metrics  -> depo_baseline_angle/depo_baseline_angle_metrics.csv
  CM       -> depo_baseline_angle/depo_baseline_angle_cm.png

====================================================================
 Done.
 Summary  -> depo_baseline_runs/depo_baseline_mn_ang_l10_summary.csv
 Metrics  -> depo_baseline_angle/
====================================================================
