============================================================
 Job        : hng_az_amp_l10
 Job ID     : 14324
 Node       : hopper002
 CPUs       : 8
 Start      : Wed Mar 18 11:11:20 AM MDT 2026
============================================================

[ENV] Python     : /home/vcadena1/work/Nowmi/Sok/quid_env/bin/python
[ENV] Python ver : Python 3.10.19
[ENV] Working dir: /home/vcadena1/work/Nowmi/Sok/huang-backdoor/AZ/amplitude/layer10
[ENV] CUDA avail : True
[ENV] PennyLane  : 0.42.3

[Data] Checking AZ_23 files...
       FOUND    AZ-Class-Task_23_families_train.npz
       FOUND    AZ-Class-Task_23_families_test.npz

[RUN] Starting at Wed Mar 18 11:11:39 AM MDT 2026
[Config] Main device : cuda
[Config] CPU threads : 8
[Config] N_LAYERS    : 10
[Config] N_CLASSES   : 23
[Config] TARGET_CLASS: 6 (7th class, 0-indexed)
====================================================================
 Huang & Zhang (2023) Backdoor — AZ-23 Amplitude QMLP
 Qubits=9  Layers=10  Classes=23
 Target class=6 (7th class, 0-indexed)
 eps=0.2  (c,sigma)=(1.0,2.0)
 Poison ratios : [0.1, 0.3, 0.5]
 Runs/ratio    : 1   CPU threads: 8
====================================================================
[Data] Train : (184342, 512)   Test : (20482, 512)
[Data] Classes in train: [0, 1, 2, 3, 4, 5, 6, 7, 8, 9, 10, 11, 12, 13, 14, 15, 16, 17, 18, 19, 20, 21, 22]
[Data] Stratified train: (16100, 512)  (700/class x 23 classes)  Test: (20482, 512)

====================================================================
 PHASE 1 — Loading existing proxy from huang_az_amp_proxy_l10_best.pt
====================================================================
  [Proxy] Loaded.  Test CA: 41.77%

====================================================================
 PHASE 2 — Sequential trigger generation (Algorithm 1)
====================================================================
  Using 500 non-target and 500 target samples for trigger generation
    [Trigger] iter   1/200  fooling_rate=0.122  |delta|_inf=0.2000  elapsed=129.6s
    [Trigger] iter   2/200  fooling_rate=0.096  |delta|_inf=0.2000  elapsed=257.3s
    [Trigger] iter   3/200  fooling_rate=0.108  |delta|_inf=0.2000  elapsed=392.5s
    [Trigger] iter   4/200  fooling_rate=0.090  |delta|_inf=0.2000  elapsed=524.6s
    [Trigger] iter   5/200  fooling_rate=0.084  |delta|_inf=0.2000  elapsed=655.4s
    [Trigger] iter   6/200  fooling_rate=0.136  |delta|_inf=0.2000  elapsed=789.7s
    [Trigger] iter   7/200  fooling_rate=0.054  |delta|_inf=0.2000  elapsed=922.0s
    [Trigger] iter   8/200  fooling_rate=0.098  |delta|_inf=0.2000  elapsed=1051.0s
    [Trigger] iter   9/200  fooling_rate=0.106  |delta|_inf=0.2000  elapsed=1181.8s
    [Trigger] iter  10/200  fooling_rate=0.084  |delta|_inf=0.2000  elapsed=1312.4s
    [Trigger] iter  11/200  fooling_rate=0.080  |delta|_inf=0.2000  elapsed=1440.9s
    [Trigger] iter  12/200  fooling_rate=0.110  |delta|_inf=0.2000  elapsed=1571.9s
    [Trigger] iter  13/200  fooling_rate=0.070  |delta|_inf=0.2000  elapsed=1702.3s
    [Trigger] iter  14/200  fooling_rate=0.080  |delta|_inf=0.2000  elapsed=1832.0s
    [Trigger] iter  15/200  fooling_rate=0.088  |delta|_inf=0.2000  elapsed=1960.9s
    [Trigger] iter  16/200  fooling_rate=0.100  |delta|_inf=0.2000  elapsed=2090.0s
    [Trigger] iter  17/200  fooling_rate=0.108  |delta|_inf=0.2000  elapsed=2219.3s
    [Trigger] iter  18/200  fooling_rate=0.192  |delta|_inf=0.2000  elapsed=2348.5s
    [Trigger] iter  19/200  fooling_rate=0.094  |delta|_inf=0.2000  elapsed=2477.1s
    [Trigger] iter  20/200  fooling_rate=0.136  |delta|_inf=0.2000  elapsed=2610.8s
    [Trigger] iter  21/200  fooling_rate=0.152  |delta|_inf=0.2000  elapsed=2738.6s
    [Trigger] iter  22/200  fooling_rate=0.078  |delta|_inf=0.2000  elapsed=2870.8s
    [Trigger] iter  23/200  fooling_rate=0.072  |delta|_inf=0.2000  elapsed=2999.3s
    [Trigger] iter  24/200  fooling_rate=0.124  |delta|_inf=0.2000  elapsed=3127.3s
    [Trigger] iter  25/200  fooling_rate=0.128  |delta|_inf=0.2000  elapsed=3256.1s
    [Trigger] iter  26/200  fooling_rate=0.164  |delta|_inf=0.2000  elapsed=3384.2s
    [Trigger] iter  27/200  fooling_rate=0.118  |delta|_inf=0.2000  elapsed=3513.4s
    [Trigger] iter  28/200  fooling_rate=0.064  |delta|_inf=0.2000  elapsed=3641.3s
    [Trigger] iter  29/200  fooling_rate=0.116  |delta|_inf=0.2000  elapsed=3770.2s
    [Trigger] iter  30/200  fooling_rate=0.090  |delta|_inf=0.2000  elapsed=3899.1s
    [Trigger] iter  31/200  fooling_rate=0.140  |delta|_inf=0.2000  elapsed=4027.6s
    [Trigger] iter  32/200  fooling_rate=0.076  |delta|_inf=0.2000  elapsed=4155.5s
    [Trigger] iter  33/200  fooling_rate=0.150  |delta|_inf=0.2000  elapsed=4283.8s
    [Trigger] iter  34/200  fooling_rate=0.118  |delta|_inf=0.2000  elapsed=4411.5s
    [Trigger] iter  35/200  fooling_rate=0.076  |delta|_inf=0.2000  elapsed=4539.8s
    [Trigger] iter  36/200  fooling_rate=0.088  |delta|_inf=0.2000  elapsed=4669.2s
    [Trigger] iter  37/200  fooling_rate=0.088  |delta|_inf=0.2000  elapsed=4795.4s
    [Trigger] iter  38/200  fooling_rate=0.102  |delta|_inf=0.2000  elapsed=4923.1s
    [Trigger] iter  39/200  fooling_rate=0.046  |delta|_inf=0.2000  elapsed=5052.2s
    [Trigger] iter  40/200  fooling_rate=0.150  |delta|_inf=0.2000  elapsed=5179.0s
    [Trigger] iter  41/200  fooling_rate=0.084  |delta|_inf=0.2000  elapsed=5304.3s
    [Trigger] iter  42/200  fooling_rate=0.074  |delta|_inf=0.2000  elapsed=5424.2s
    [Trigger] iter  43/200  fooling_rate=0.200  |delta|_inf=0.2000  elapsed=5547.5s
    [Trigger] iter  44/200  fooling_rate=0.094  |delta|_inf=0.2000  elapsed=5668.9s
    [Trigger] iter  45/200  fooling_rate=0.090  |delta|_inf=0.2000  elapsed=5791.6s
    [Trigger] iter  46/200  fooling_rate=0.100  |delta|_inf=0.2000  elapsed=5913.3s
    [Trigger] iter  47/200  fooling_rate=0.066  |delta|_inf=0.2000  elapsed=6035.2s
    [Trigger] iter  48/200  fooling_rate=0.062  |delta|_inf=0.2000  elapsed=6159.3s
    [Trigger] iter  49/200  fooling_rate=0.078  |delta|_inf=0.2000  elapsed=6281.0s
    [Trigger] iter  50/200  fooling_rate=0.100  |delta|_inf=0.2000  elapsed=6402.1s
    [Trigger] iter  51/200  fooling_rate=0.122  |delta|_inf=0.2000  elapsed=6523.5s
    [Trigger] iter  52/200  fooling_rate=0.076  |delta|_inf=0.2000  elapsed=6644.7s
    [Trigger] iter  53/200  fooling_rate=0.078  |delta|_inf=0.2000  elapsed=6766.4s
    [Trigger] iter  54/200  fooling_rate=0.088  |delta|_inf=0.2000  elapsed=6888.5s
    [Trigger] iter  55/200  fooling_rate=0.086  |delta|_inf=0.2000  elapsed=7010.2s
    [Trigger] iter  56/200  fooling_rate=0.144  |delta|_inf=0.2000  elapsed=7131.4s
    [Trigger] iter  57/200  fooling_rate=0.078  |delta|_inf=0.2000  elapsed=7252.6s
    [Trigger] iter  58/200  fooling_rate=0.080  |delta|_inf=0.2000  elapsed=7374.4s
    [Trigger] iter  59/200  fooling_rate=0.090  |delta|_inf=0.2000  elapsed=7497.1s
    [Trigger] iter  60/200  fooling_rate=0.074  |delta|_inf=0.2000  elapsed=7620.7s
    [Trigger] iter  61/200  fooling_rate=0.058  |delta|_inf=0.2000  elapsed=7742.1s
    [Trigger] iter  62/200  fooling_rate=0.120  |delta|_inf=0.2000  elapsed=7863.2s
    [Trigger] iter  63/200  fooling_rate=0.076  |delta|_inf=0.2000  elapsed=7983.6s
    [Trigger] iter  64/200  fooling_rate=0.084  |delta|_inf=0.2000  elapsed=8104.7s
    [Trigger] iter  65/200  fooling_rate=0.068  |delta|_inf=0.2000  elapsed=8225.7s
    [Trigger] iter  66/200  fooling_rate=0.116  |delta|_inf=0.2000  elapsed=8347.3s
    [Trigger] iter  67/200  fooling_rate=0.080  |delta|_inf=0.2000  elapsed=8469.5s
    [Trigger] iter  68/200  fooling_rate=0.104  |delta|_inf=0.2000  elapsed=8589.8s
    [Trigger] iter  69/200  fooling_rate=0.096  |delta|_inf=0.2000  elapsed=8711.6s
    [Trigger] iter  70/200  fooling_rate=0.086  |delta|_inf=0.2000  elapsed=8833.5s
    [Trigger] iter  71/200  fooling_rate=0.098  |delta|_inf=0.2000  elapsed=8955.6s
    [Trigger] iter  72/200  fooling_rate=0.062  |delta|_inf=0.2000  elapsed=9078.4s
    [Trigger] iter  73/200  fooling_rate=0.112  |delta|_inf=0.2000  elapsed=9200.1s
    [Trigger] iter  74/200  fooling_rate=0.076  |delta|_inf=0.2000  elapsed=9319.1s
    [Trigger] iter  75/200  fooling_rate=0.106  |delta|_inf=0.2000  elapsed=9441.2s
    [Trigger] iter  76/200  fooling_rate=0.090  |delta|_inf=0.2000  elapsed=9561.4s
    [Trigger] iter  77/200  fooling_rate=0.078  |delta|_inf=0.2000  elapsed=9681.9s
    [Trigger] iter  78/200  fooling_rate=0.082  |delta|_inf=0.2000  elapsed=9803.5s
    [Trigger] iter  79/200  fooling_rate=0.090  |delta|_inf=0.2000  elapsed=9926.1s
    [Trigger] iter  80/200  fooling_rate=0.154  |delta|_inf=0.2000  elapsed=10046.1s
    [Trigger] iter  81/200  fooling_rate=0.082  |delta|_inf=0.2000  elapsed=10169.2s
    [Trigger] iter  82/200  fooling_rate=0.070  |delta|_inf=0.2000  elapsed=10290.5s
    [Trigger] iter  83/200  fooling_rate=0.106  |delta|_inf=0.2000  elapsed=10413.8s
    [Trigger] iter  84/200  fooling_rate=0.122  |delta|_inf=0.2000  elapsed=10533.5s
    [Trigger] iter  85/200  fooling_rate=0.056  |delta|_inf=0.2000  elapsed=10655.4s
    [Trigger] iter  86/200  fooling_rate=0.212  |delta|_inf=0.2000  elapsed=10776.8s
    [Trigger] iter  87/200  fooling_rate=0.214  |delta|_inf=0.2000  elapsed=10899.7s
    [Trigger] iter  88/200  fooling_rate=0.078  |delta|_inf=0.2000  elapsed=11020.0s
    [Trigger] iter  89/200  fooling_rate=0.084  |delta|_inf=0.2000  elapsed=11140.7s
    [Trigger] iter  90/200  fooling_rate=0.070  |delta|_inf=0.2000  elapsed=11263.1s
    [Trigger] iter  91/200  fooling_rate=0.080  |delta|_inf=0.2000  elapsed=11385.1s
    [Trigger] iter  92/200  fooling_rate=0.084  |delta|_inf=0.2000  elapsed=11506.2s
    [Trigger] iter  93/200  fooling_rate=0.068  |delta|_inf=0.2000  elapsed=11630.5s
    [Trigger] iter  94/200  fooling_rate=0.064  |delta|_inf=0.2000  elapsed=11752.8s
    [Trigger] iter  95/200  fooling_rate=0.062  |delta|_inf=0.2000  elapsed=11875.1s
    [Trigger] iter  96/200  fooling_rate=0.126  |delta|_inf=0.2000  elapsed=11997.8s
    [Trigger] iter  97/200  fooling_rate=0.248  |delta|_inf=0.2000  elapsed=12119.9s
    [Trigger] iter  98/200  fooling_rate=0.162  |delta|_inf=0.2000  elapsed=12240.8s
    [Trigger] iter  99/200  fooling_rate=0.078  |delta|_inf=0.2000  elapsed=12362.6s
    [Trigger] iter 100/200  fooling_rate=0.074  |delta|_inf=0.2000  elapsed=12484.6s
    [Trigger] iter 101/200  fooling_rate=0.088  |delta|_inf=0.2000  elapsed=12606.2s
    [Trigger] iter 102/200  fooling_rate=0.102  |delta|_inf=0.2000  elapsed=12727.4s
    [Trigger] iter 103/200  fooling_rate=0.116  |delta|_inf=0.2000  elapsed=12847.9s
    [Trigger] iter 104/200  fooling_rate=0.058  |delta|_inf=0.2000  elapsed=12969.1s
    [Trigger] iter 105/200  fooling_rate=0.084  |delta|_inf=0.2000  elapsed=13090.1s
    [Trigger] iter 106/200  fooling_rate=0.088  |delta|_inf=0.2000  elapsed=13212.3s
    [Trigger] iter 107/200  fooling_rate=0.086  |delta|_inf=0.2000  elapsed=13333.4s
    [Trigger] iter 108/200  fooling_rate=0.062  |delta|_inf=0.2000  elapsed=13455.1s
    [Trigger] iter 109/200  fooling_rate=0.104  |delta|_inf=0.2000  elapsed=13576.3s
    [Trigger] iter 110/200  fooling_rate=0.110  |delta|_inf=0.2000  elapsed=13697.9s
    [Trigger] iter 111/200  fooling_rate=0.098  |delta|_inf=0.2000  elapsed=13820.1s
    [Trigger] iter 112/200  fooling_rate=0.052  |delta|_inf=0.2000  elapsed=13942.8s
    [Trigger] iter 113/200  fooling_rate=0.126  |delta|_inf=0.2000  elapsed=14064.1s
    [Trigger] iter 114/200  fooling_rate=0.084  |delta|_inf=0.2000  elapsed=14186.5s
    [Trigger] iter 115/200  fooling_rate=0.070  |delta|_inf=0.2000  elapsed=14308.8s
    [Trigger] iter 116/200  fooling_rate=0.138  |delta|_inf=0.2000  elapsed=14430.7s
    [Trigger] iter 117/200  fooling_rate=0.092  |delta|_inf=0.2000  elapsed=14553.2s
    [Trigger] iter 118/200  fooling_rate=0.108  |delta|_inf=0.2000  elapsed=14674.3s
    [Trigger] iter 119/200  fooling_rate=0.078  |delta|_inf=0.2000  elapsed=14795.4s
    [Trigger] iter 120/200  fooling_rate=0.072  |delta|_inf=0.2000  elapsed=14918.6s
    [Trigger] iter 121/200  fooling_rate=0.088  |delta|_inf=0.2000  elapsed=15041.3s
    [Trigger] iter 122/200  fooling_rate=0.088  |delta|_inf=0.2000  elapsed=15163.3s
    [Trigger] iter 123/200  fooling_rate=0.108  |delta|_inf=0.2000  elapsed=15284.5s
    [Trigger] iter 124/200  fooling_rate=0.068  |delta|_inf=0.2000  elapsed=15405.3s
    [Trigger] iter 125/200  fooling_rate=0.088  |delta|_inf=0.2000  elapsed=15527.5s
    [Trigger] iter 126/200  fooling_rate=0.104  |delta|_inf=0.2000  elapsed=15647.4s
    [Trigger] iter 127/200  fooling_rate=0.136  |delta|_inf=0.2000  elapsed=15769.1s
    [Trigger] iter 128/200  fooling_rate=0.182  |delta|_inf=0.2000  elapsed=15890.5s
    [Trigger] iter 129/200  fooling_rate=0.066  |delta|_inf=0.2000  elapsed=16012.2s
    [Trigger] iter 130/200  fooling_rate=0.080  |delta|_inf=0.2000  elapsed=16134.0s
    [Trigger] iter 131/200  fooling_rate=0.114  |delta|_inf=0.2000  elapsed=16255.4s
    [Trigger] iter 132/200  fooling_rate=0.100  |delta|_inf=0.2000  elapsed=16375.4s
    [Trigger] iter 133/200  fooling_rate=0.080  |delta|_inf=0.2000  elapsed=16497.1s
    [Trigger] iter 134/200  fooling_rate=0.106  |delta|_inf=0.2000  elapsed=16619.6s
    [Trigger] iter 135/200  fooling_rate=0.080  |delta|_inf=0.2000  elapsed=16740.7s
    [Trigger] iter 136/200  fooling_rate=0.062  |delta|_inf=0.2000  elapsed=16862.5s
    [Trigger] iter 137/200  fooling_rate=0.216  |delta|_inf=0.2000  elapsed=16985.0s
    [Trigger] iter 138/200  fooling_rate=0.076  |delta|_inf=0.2000  elapsed=17107.6s
    [Trigger] iter 139/200  fooling_rate=0.108  |delta|_inf=0.2000  elapsed=17230.7s
    [Trigger] iter 140/200  fooling_rate=0.100  |delta|_inf=0.2000  elapsed=17352.2s
    [Trigger] iter 141/200  fooling_rate=0.076  |delta|_inf=0.2000  elapsed=17475.5s
    [Trigger] iter 142/200  fooling_rate=0.128  |delta|_inf=0.2000  elapsed=17599.4s
    [Trigger] iter 143/200  fooling_rate=0.102  |delta|_inf=0.2000  elapsed=17720.9s
    [Trigger] iter 144/200  fooling_rate=0.108  |delta|_inf=0.2000  elapsed=17839.9s
    [Trigger] iter 145/200  fooling_rate=0.166  |delta|_inf=0.2000  elapsed=17961.6s
    [Trigger] iter 146/200  fooling_rate=0.100  |delta|_inf=0.2000  elapsed=18083.5s
    [Trigger] iter 147/200  fooling_rate=0.072  |delta|_inf=0.2000  elapsed=18205.7s
    [Trigger] iter 148/200  fooling_rate=0.076  |delta|_inf=0.2000  elapsed=18325.7s
    [Trigger] iter 149/200  fooling_rate=0.078  |delta|_inf=0.2000  elapsed=18448.4s
    [Trigger] iter 150/200  fooling_rate=0.088  |delta|_inf=0.2000  elapsed=18571.0s
    [Trigger] iter 151/200  fooling_rate=0.064  |delta|_inf=0.2000  elapsed=18692.8s
    [Trigger] iter 152/200  fooling_rate=0.080  |delta|_inf=0.2000  elapsed=18813.6s
    [Trigger] iter 153/200  fooling_rate=0.090  |delta|_inf=0.2000  elapsed=18936.1s
    [Trigger] iter 154/200  fooling_rate=0.082  |delta|_inf=0.2000  elapsed=19057.6s
    [Trigger] iter 155/200  fooling_rate=0.146  |delta|_inf=0.2000  elapsed=19178.7s
    [Trigger] iter 156/200  fooling_rate=0.056  |delta|_inf=0.2000  elapsed=19300.0s
    [Trigger] iter 157/200  fooling_rate=0.118  |delta|_inf=0.2000  elapsed=19421.1s
    [Trigger] iter 158/200  fooling_rate=0.150  |delta|_inf=0.2000  elapsed=19541.8s
    [Trigger] iter 159/200  fooling_rate=0.088  |delta|_inf=0.2000  elapsed=19664.9s
    [Trigger] iter 160/200  fooling_rate=0.138  |delta|_inf=0.2000  elapsed=19783.1s
    [Trigger] iter 161/200  fooling_rate=0.104  |delta|_inf=0.2000  elapsed=19905.6s
    [Trigger] iter 162/200  fooling_rate=0.090  |delta|_inf=0.2000  elapsed=20028.4s
    [Trigger] iter 163/200  fooling_rate=0.108  |delta|_inf=0.2000  elapsed=20150.9s
    [Trigger] iter 164/200  fooling_rate=0.092  |delta|_inf=0.2000  elapsed=20272.1s
    [Trigger] iter 165/200  fooling_rate=0.194  |delta|_inf=0.2000  elapsed=20393.4s
    [Trigger] iter 166/200  fooling_rate=0.064  |delta|_inf=0.2000  elapsed=20516.0s
    [Trigger] iter 167/200  fooling_rate=0.080  |delta|_inf=0.2000  elapsed=20636.8s
    [Trigger] iter 168/200  fooling_rate=0.130  |delta|_inf=0.2000  elapsed=20759.5s
    [Trigger] iter 169/200  fooling_rate=0.070  |delta|_inf=0.2000  elapsed=20880.6s
    [Trigger] iter 170/200  fooling_rate=0.110  |delta|_inf=0.2000  elapsed=21002.8s
    [Trigger] iter 171/200  fooling_rate=0.096  |delta|_inf=0.2000  elapsed=21125.4s
    [Trigger] iter 172/200  fooling_rate=0.092  |delta|_inf=0.2000  elapsed=21247.1s
    [Trigger] iter 173/200  fooling_rate=0.066  |delta|_inf=0.2000  elapsed=21370.3s
    [Trigger] iter 174/200  fooling_rate=0.072  |delta|_inf=0.2000  elapsed=21492.4s
    [Trigger] iter 175/200  fooling_rate=0.088  |delta|_inf=0.2000  elapsed=21613.6s
    [Trigger] iter 176/200  fooling_rate=0.074  |delta|_inf=0.2000  elapsed=21734.0s
    [Trigger] iter 177/200  fooling_rate=0.108  |delta|_inf=0.2000  elapsed=21856.2s
    [Trigger] iter 178/200  fooling_rate=0.074  |delta|_inf=0.2000  elapsed=21977.8s
    [Trigger] iter 179/200  fooling_rate=0.080  |delta|_inf=0.2000  elapsed=22099.7s
    [Trigger] iter 180/200  fooling_rate=0.174  |delta|_inf=0.2000  elapsed=22224.9s
    [Trigger] iter 181/200  fooling_rate=0.100  |delta|_inf=0.2000  elapsed=22346.6s
    [Trigger] iter 182/200  fooling_rate=0.082  |delta|_inf=0.2000  elapsed=22468.2s
    [Trigger] iter 183/200  fooling_rate=0.102  |delta|_inf=0.2000  elapsed=22589.1s
    [Trigger] iter 184/200  fooling_rate=0.100  |delta|_inf=0.2000  elapsed=22711.8s
    [Trigger] iter 185/200  fooling_rate=0.086  |delta|_inf=0.2000  elapsed=22834.4s
    [Trigger] iter 186/200  fooling_rate=0.100  |delta|_inf=0.2000  elapsed=22958.2s
    [Trigger] iter 187/200  fooling_rate=0.070  |delta|_inf=0.2000  elapsed=23081.0s
    [Trigger] iter 188/200  fooling_rate=0.222  |delta|_inf=0.2000  elapsed=23203.5s
    [Trigger] iter 189/200  fooling_rate=0.094  |delta|_inf=0.2000  elapsed=23326.2s
    [Trigger] iter 190/200  fooling_rate=0.102  |delta|_inf=0.2000  elapsed=23447.6s
    [Trigger] iter 191/200  fooling_rate=0.056  |delta|_inf=0.2000  elapsed=23570.9s
    [Trigger] iter 192/200  fooling_rate=0.088  |delta|_inf=0.2000  elapsed=23692.6s
    [Trigger] iter 193/200  fooling_rate=0.102  |delta|_inf=0.2000  elapsed=23815.6s
    [Trigger] iter 194/200  fooling_rate=0.064  |delta|_inf=0.2000  elapsed=23937.8s
    [Trigger] iter 195/200  fooling_rate=0.098  |delta|_inf=0.2000  elapsed=24059.4s
    [Trigger] iter 196/200  fooling_rate=0.114  |delta|_inf=0.2000  elapsed=24181.8s
    [Trigger] iter 197/200  fooling_rate=0.164  |delta|_inf=0.2000  elapsed=24303.0s
    [Trigger] iter 198/200  fooling_rate=0.098  |delta|_inf=0.2000  elapsed=24424.6s
    [Trigger] iter 199/200  fooling_rate=0.098  |delta|_inf=0.2000  elapsed=24544.9s
    [Trigger] iter 200/200  fooling_rate=0.166  |delta|_inf=0.2000  elapsed=24664.1s
  Trigger saved.  |delta|_inf=0.2000  |delta|_2=3.8987
  Final proxy fooling rate: 0.166

====================================================================
 PHASE 3 — Victim training across poison ratios
====================================================================

────────────────────────────────────────────────────────────────────
 Poison ratio : 0.1
────────────────────────────────────────────────────────────────────
  [Poison] ratio=0.1  poisoned 70/700 target-class samples

  [Best model] ratio=0.1  CA=44.62%  saved -> huang_az_amp_l10_best_ratio01.pt
  [Ratio 0.1]  CA=44.62+/-0.00%  ASR=45.27+/-0.00%

────────────────────────────────────────────────────────────────────
 Poison ratio : 0.3
────────────────────────────────────────────────────────────────────
  [Poison] ratio=0.3  poisoned 210/700 target-class samples

  [Best model] ratio=0.3  CA=43.94%  saved -> huang_az_amp_l10_best_ratio03.pt
  [Ratio 0.3]  CA=43.94+/-0.00%  ASR=96.66+/-0.00%

────────────────────────────────────────────────────────────────────
 Poison ratio : 0.5
────────────────────────────────────────────────────────────────────
  [Poison] ratio=0.5  poisoned 350/700 target-class samples

  [Best model] ratio=0.5  CA=43.87%  saved -> huang_az_amp_l10_best_ratio05.pt
  [Ratio 0.5]  CA=43.87+/-0.00%  ASR=99.51+/-0.00%

====================================================================
 Experiment complete.  Summary -> runs/huang_az_amp_l10_summary.csv
====================================================================
  Ratio       CA mean   CA std   ASR mean  ASR std
  ────────────────────────────────────────────────
  0.1           44.62     0.00      45.27     0.00
  0.3           43.94     0.00      96.66     0.00
  0.5           43.87     0.00      99.51     0.00
====================================================================

============================================================
 End time  : Wed Mar 18 10:42:10 PM MDT 2026
 Exit code : 0
============================================================
