============================================================
 Job        : hng_mn_ang_l10
 Job ID     : 14264
 Node       : hopper002
 CPUs       : 16
 Start      : Sun Mar 15 06:51:31 PM MDT 2026
============================================================

[ENV] Python     : /home/msrahman3/work/Nowmi/Sok/quid_env/bin/python
[ENV] Python ver : Python 3.10.19
[ENV] Working dir: /home/msrahman3/work/Nowmi/Sok/huang-backdoor/MNIST/angle/layer10
[ENV] CUDA avail : True
[ENV] GPU info   : 
[ENV] PennyLane  : 0.42.3

[Data] Checking MNIST files in /home/msrahman3/work/Nowmi/Sok/huang-backdoor/MNIST/MNIST ...
       FOUND    train-images-idx3-ubyte
       FOUND    train-labels-idx1-ubyte
       FOUND    t10k-images-idx3-ubyte
       FOUND    t10k-labels-idx1-ubyte

[RUN] Starting at Sun Mar 15 06:51:57 PM MDT 2026

[Config] Main device : cuda
[Config] CPU threads : 16
[Config] N_LAYERS    : 10
====================================================================
 Huang & Zhang (2023) Backdoor — Angle QMLP Replication
 Qubits=9  Layers=10  Encoding=Angle
 Target=7  eps=0.2  (c,sigma)=(1.0,2.0)
 Poison ratios : [0.1, 0.3, 0.5]
 Runs/ratio    : 1   CPU threads: 16
====================================================================
[Data] Full train : (60000, 9)   Test : (10000, 9)
[Data] Stratified train: (7000, 9)  Test: (10000, 9)

====================================================================
 PHASE 1 — Proxy model training (clean, seed=42)
====================================================================
[PennyLane] lightning.qubit active
  Epoch  1 | Batch   10 | Acc:   9.84%  Loss: 2.3252
  Epoch  1 | Batch   20 | Acc:   9.69%  Loss: 2.3247
  Epoch  1 | Batch   30 | Acc:   9.95%  Loss: 2.3102
  Epoch  1 | Batch   40 | Acc:  10.08%  Loss: 2.3022
  Epoch  1 | Batch   50 | Acc:   9.56%  Loss: 2.3046
  Epoch  1 | Batch   60 | Acc:   9.64%  Loss: 2.2856
  Epoch  1 | Batch   70 | Acc:   9.84%  Loss: 2.2759
  Epoch  1 | Batch   80 | Acc:   9.73%  Loss: 2.2772
  Epoch  1 | Batch   90 | Acc:   9.69%  Loss: 2.2684
  Epoch  1 | Batch  100 | Acc:   9.88%  Loss: 2.2536
  Epoch  1 | Batch  110 | Acc:  10.16%  Loss: 2.2411
  [Proxy] Epoch  1  tr_loss=2.2881  tr_acc=10.16%  te_loss=2.2421  te_acc=12.60%
  Epoch  2 | Batch   10 | Acc:  15.62%  Loss: 2.2384
  Epoch  2 | Batch   20 | Acc:  14.30%  Loss: 2.2368
  Epoch  2 | Batch   30 | Acc:  15.10%  Loss: 2.2233
  Epoch  2 | Batch   40 | Acc:  15.66%  Loss: 2.2066
  Epoch  2 | Batch   50 | Acc:  15.88%  Loss: 2.2030
  Epoch  2 | Batch   60 | Acc:  16.25%  Loss: 2.1962
  Epoch  2 | Batch   70 | Acc:  16.94%  Loss: 2.1787
  Epoch  2 | Batch   80 | Acc:  18.05%  Loss: 2.1655
  Epoch  2 | Batch   90 | Acc:  18.98%  Loss: 2.1566
  Epoch  2 | Batch  100 | Acc:  19.45%  Loss: 2.1600
  Epoch  2 | Batch  110 | Acc:  20.07%  Loss: 2.1378
  [Proxy] Epoch  2  tr_loss=2.1912  tr_acc=20.07%  te_loss=2.1278  te_acc=28.06%
  Epoch  3 | Batch   10 | Acc:  27.19%  Loss: 2.1248
  Epoch  3 | Batch   20 | Acc:  26.41%  Loss: 2.1336
  Epoch  3 | Batch   30 | Acc:  27.86%  Loss: 2.1161
  Epoch  3 | Batch   40 | Acc:  28.12%  Loss: 2.0946
  Epoch  3 | Batch   50 | Acc:  29.38%  Loss: 2.0661
  Epoch  3 | Batch   60 | Acc:  29.58%  Loss: 2.0821
  Epoch  3 | Batch   70 | Acc:  29.69%  Loss: 2.0753
  Epoch  3 | Batch   80 | Acc:  29.96%  Loss: 2.0638
  Epoch  3 | Batch   90 | Acc:  30.16%  Loss: 2.0455
  Epoch  3 | Batch  100 | Acc:  30.28%  Loss: 2.0401
  Epoch  3 | Batch  110 | Acc:  30.54%  Loss: 1.9999
  [Proxy] Epoch  3  tr_loss=2.0765  tr_acc=30.54%  te_loss=2.0108  te_acc=35.10%
  Epoch  4 | Batch   10 | Acc:  34.69%  Loss: 2.0111
  Epoch  4 | Batch   20 | Acc:  35.23%  Loss: 1.9879
  Epoch  4 | Batch   30 | Acc:  33.28%  Loss: 2.0290
  Epoch  4 | Batch   40 | Acc:  33.36%  Loss: 2.0004
  Epoch  4 | Batch   50 | Acc:  33.84%  Loss: 1.9626
  Epoch  4 | Batch   60 | Acc:  34.64%  Loss: 1.9544
  Epoch  4 | Batch   70 | Acc:  34.24%  Loss: 1.9823
  Epoch  4 | Batch   80 | Acc:  34.86%  Loss: 1.9385
  Epoch  4 | Batch   90 | Acc:  35.21%  Loss: 1.9290
  Epoch  4 | Batch  100 | Acc:  35.17%  Loss: 1.9476
  Epoch  4 | Batch  110 | Acc:  35.14%  Loss: 1.9136
  [Proxy] Epoch  4  tr_loss=1.9688  tr_acc=35.14%  te_loss=1.9013  te_acc=38.93%
  Epoch  5 | Batch   10 | Acc:  36.09%  Loss: 1.9071
  Epoch  5 | Batch   20 | Acc:  36.56%  Loss: 1.8908
  Epoch  5 | Batch   30 | Acc:  36.82%  Loss: 1.8942
  Epoch  5 | Batch   40 | Acc:  36.41%  Loss: 1.8947
  Epoch  5 | Batch   50 | Acc:  36.69%  Loss: 1.8936
  Epoch  5 | Batch   60 | Acc:  36.90%  Loss: 1.8578
  Epoch  5 | Batch   70 | Acc:  37.17%  Loss: 1.8696
  Epoch  5 | Batch   80 | Acc:  37.05%  Loss: 1.8621
  Epoch  5 | Batch   90 | Acc:  37.05%  Loss: 1.8381
  Epoch  5 | Batch  100 | Acc:  37.53%  Loss: 1.8043
  Epoch  5 | Batch  110 | Acc:  37.53%  Loss: 1.8359
  [Proxy] Epoch  5  tr_loss=1.8680  tr_acc=37.53%  te_loss=1.8001  te_acc=40.56%
  Epoch  6 | Batch   10 | Acc:  38.28%  Loss: 1.8203
  Epoch  6 | Batch   20 | Acc:  37.19%  Loss: 1.8363
  Epoch  6 | Batch   30 | Acc:  37.76%  Loss: 1.8045
  Epoch  6 | Batch   40 | Acc:  38.36%  Loss: 1.8010
  Epoch  6 | Batch   50 | Acc:  38.06%  Loss: 1.8117
  Epoch  6 | Batch   60 | Acc:  38.57%  Loss: 1.7892
  Epoch  6 | Batch   70 | Acc:  39.06%  Loss: 1.7289
  Epoch  6 | Batch   80 | Acc:  39.63%  Loss: 1.7422
  Epoch  6 | Batch   90 | Acc:  40.09%  Loss: 1.7509
  Epoch  6 | Batch  100 | Acc:  40.22%  Loss: 1.7530
  Epoch  6 | Batch  110 | Acc:  40.46%  Loss: 1.7488
  [Proxy] Epoch  6  tr_loss=1.7806  tr_acc=40.46%  te_loss=1.7139  te_acc=43.19%
  Epoch  7 | Batch   10 | Acc:  41.09%  Loss: 1.7223
  Epoch  7 | Batch   20 | Acc:  41.02%  Loss: 1.7576
  Epoch  7 | Batch   30 | Acc:  41.93%  Loss: 1.7074
  Epoch  7 | Batch   40 | Acc:  42.50%  Loss: 1.7314
  Epoch  7 | Batch   50 | Acc:  42.06%  Loss: 1.7326
  Epoch  7 | Batch   60 | Acc:  41.93%  Loss: 1.7139
  Epoch  7 | Batch   70 | Acc:  41.85%  Loss: 1.7135
  Epoch  7 | Batch   80 | Acc:  41.93%  Loss: 1.6879
  Epoch  7 | Batch   90 | Acc:  42.07%  Loss: 1.6916
  Epoch  7 | Batch  100 | Acc:  42.12%  Loss: 1.6727
  Epoch  7 | Batch  110 | Acc:  42.37%  Loss: 1.6435
  [Proxy] Epoch  7  tr_loss=1.7068  tr_acc=42.37%  te_loss=1.6462  te_acc=44.87%
  Epoch  8 | Batch   10 | Acc:  45.00%  Loss: 1.6587
  Epoch  8 | Batch   20 | Acc:  44.53%  Loss: 1.6411
  Epoch  8 | Batch   30 | Acc:  44.43%  Loss: 1.6366
  Epoch  8 | Batch   40 | Acc:  43.55%  Loss: 1.6784
  Epoch  8 | Batch   50 | Acc:  43.75%  Loss: 1.6549
  Epoch  8 | Batch   60 | Acc:  43.67%  Loss: 1.6592
  Epoch  8 | Batch   70 | Acc:  43.53%  Loss: 1.6372
  Epoch  8 | Batch   80 | Acc:  43.42%  Loss: 1.6502
  Epoch  8 | Batch   90 | Acc:  43.37%  Loss: 1.6402
  Epoch  8 | Batch  100 | Acc:  43.31%  Loss: 1.6516
  Epoch  8 | Batch  110 | Acc:  43.21%  Loss: 1.6558
  [Proxy] Epoch  8  tr_loss=1.6513  tr_acc=43.21%  te_loss=1.5911  te_acc=47.11%
  Epoch  9 | Batch   10 | Acc:  45.16%  Loss: 1.6416
  Epoch  9 | Batch   20 | Acc:  46.72%  Loss: 1.5929
  Epoch  9 | Batch   30 | Acc:  47.24%  Loss: 1.5923
  Epoch  9 | Batch   40 | Acc:  46.41%  Loss: 1.6564
  Epoch  9 | Batch   50 | Acc:  46.12%  Loss: 1.6091
  Epoch  9 | Batch   60 | Acc:  46.07%  Loss: 1.6127
  Epoch  9 | Batch   70 | Acc:  46.27%  Loss: 1.5755
  Epoch  9 | Batch   80 | Acc:  45.96%  Loss: 1.5741
  Epoch  9 | Batch   90 | Acc:  45.59%  Loss: 1.5912
  Epoch  9 | Batch  100 | Acc:  45.53%  Loss: 1.6125
  Epoch  9 | Batch  110 | Acc:  45.41%  Loss: 1.6029
  [Proxy] Epoch  9  tr_loss=1.6056  tr_acc=45.41%  te_loss=1.5481  te_acc=49.43%
  Epoch 10 | Batch   10 | Acc:  51.88%  Loss: 1.5522
  Epoch 10 | Batch   20 | Acc:  49.30%  Loss: 1.5582
  Epoch 10 | Batch   30 | Acc:  47.76%  Loss: 1.5998
  Epoch 10 | Batch   40 | Acc:  48.67%  Loss: 1.5098
  Epoch 10 | Batch   50 | Acc:  48.16%  Loss: 1.5582
  Epoch 10 | Batch   60 | Acc:  48.15%  Loss: 1.5834
  Epoch 10 | Batch   70 | Acc:  48.28%  Loss: 1.5719
  Epoch 10 | Batch   80 | Acc:  48.30%  Loss: 1.5493
  Epoch 10 | Batch   90 | Acc:  48.18%  Loss: 1.5994
  Epoch 10 | Batch  100 | Acc:  47.94%  Loss: 1.5850
  Epoch 10 | Batch  110 | Acc:  47.87%  Loss: 1.5427
  [Proxy] Epoch 10  tr_loss=1.5645  tr_acc=47.87%  te_loss=1.5139  te_acc=49.35%
  Epoch 11 | Batch   10 | Acc:  46.72%  Loss: 1.5587
  Epoch 11 | Batch   20 | Acc:  47.19%  Loss: 1.5330
  Epoch 11 | Batch   30 | Acc:  47.60%  Loss: 1.5295
  Epoch 11 | Batch   40 | Acc:  47.46%  Loss: 1.5677
  Epoch 11 | Batch   50 | Acc:  47.62%  Loss: 1.5333
  Epoch 11 | Batch   60 | Acc:  48.10%  Loss: 1.5071
  Epoch 11 | Batch   70 | Acc:  48.10%  Loss: 1.5332
  Epoch 11 | Batch   80 | Acc:  47.87%  Loss: 1.5621
  Epoch 11 | Batch   90 | Acc:  48.39%  Loss: 1.4672
  Epoch 11 | Batch  100 | Acc:  48.70%  Loss: 1.5232
  Epoch 11 | Batch  110 | Acc:  48.93%  Loss: 1.4899
  [Proxy] Epoch 11  tr_loss=1.5277  tr_acc=48.93%  te_loss=1.4723  te_acc=52.10%
  Epoch 12 | Batch   10 | Acc:  51.25%  Loss: 1.5080
  Epoch 12 | Batch   20 | Acc:  50.70%  Loss: 1.4954
  Epoch 12 | Batch   30 | Acc:  49.58%  Loss: 1.5146
  Epoch 12 | Batch   40 | Acc:  49.49%  Loss: 1.4762
  Epoch 12 | Batch   50 | Acc:  49.50%  Loss: 1.5038
  Epoch 12 | Batch   60 | Acc:  49.27%  Loss: 1.5103
  Epoch 12 | Batch   70 | Acc:  49.40%  Loss: 1.5201
  Epoch 12 | Batch   80 | Acc:  49.43%  Loss: 1.5173
  Epoch 12 | Batch   90 | Acc:  49.97%  Loss: 1.4187
  Epoch 12 | Batch  100 | Acc:  49.80%  Loss: 1.4987
  Epoch 12 | Batch  110 | Acc:  49.83%  Loss: 1.5183
  [Proxy] Epoch 12  tr_loss=1.4983  tr_acc=49.83%  te_loss=1.4409  te_acc=53.52%
  Epoch 13 | Batch   10 | Acc:  50.31%  Loss: 1.4938
  Epoch 13 | Batch   20 | Acc:  51.17%  Loss: 1.4737
  Epoch 13 | Batch   30 | Acc:  50.62%  Loss: 1.5205
  Epoch 13 | Batch   40 | Acc:  50.23%  Loss: 1.5041
  Epoch 13 | Batch   50 | Acc:  50.81%  Loss: 1.4674
  Epoch 13 | Batch   60 | Acc:  51.22%  Loss: 1.4512
  Epoch 13 | Batch   70 | Acc:  51.70%  Loss: 1.4598
  Epoch 13 | Batch   80 | Acc:  51.76%  Loss: 1.4331
  Epoch 13 | Batch   90 | Acc:  51.79%  Loss: 1.4438
  Epoch 13 | Batch  100 | Acc:  51.52%  Loss: 1.5035
  Epoch 13 | Batch  110 | Acc:  51.70%  Loss: 1.4026
  [Proxy] Epoch 13  tr_loss=1.4685  tr_acc=51.70%  te_loss=1.4154  te_acc=53.90%
  Epoch 14 | Batch   10 | Acc:  53.44%  Loss: 1.4157
  Epoch 14 | Batch   20 | Acc:  53.52%  Loss: 1.4246
  Epoch 14 | Batch   30 | Acc:  52.40%  Loss: 1.4982
  Epoch 14 | Batch   40 | Acc:  52.23%  Loss: 1.4344
  Epoch 14 | Batch   50 | Acc:  52.03%  Loss: 1.4410
  Epoch 14 | Batch   60 | Acc:  51.95%  Loss: 1.4357
  Epoch 14 | Batch   70 | Acc:  52.12%  Loss: 1.4411
  Epoch 14 | Batch   80 | Acc:  51.80%  Loss: 1.4979
  Epoch 14 | Batch   90 | Acc:  51.72%  Loss: 1.4661
  Epoch 14 | Batch  100 | Acc:  52.00%  Loss: 1.4211
  Epoch 14 | Batch  110 | Acc:  52.23%  Loss: 1.3797
  [Proxy] Epoch 14  tr_loss=1.4414  tr_acc=52.23%  te_loss=1.3922  te_acc=54.87%
  Epoch 15 | Batch   10 | Acc:  53.91%  Loss: 1.3871
  Epoch 15 | Batch   20 | Acc:  53.91%  Loss: 1.4219
  Epoch 15 | Batch   30 | Acc:  53.18%  Loss: 1.4351
  Epoch 15 | Batch   40 | Acc:  52.89%  Loss: 1.4271
  Epoch 15 | Batch   50 | Acc:  52.25%  Loss: 1.4345
  Epoch 15 | Batch   60 | Acc:  52.58%  Loss: 1.3751
  Epoch 15 | Batch   70 | Acc:  52.43%  Loss: 1.4710
  Epoch 15 | Batch   80 | Acc:  52.93%  Loss: 1.4146
  Epoch 15 | Batch   90 | Acc:  52.74%  Loss: 1.4475
  Epoch 15 | Batch  100 | Acc:  52.95%  Loss: 1.3907
  Epoch 15 | Batch  110 | Acc:  52.76%  Loss: 1.4234
  [Proxy] Epoch 15  tr_loss=1.4207  tr_acc=52.76%  te_loss=1.3734  te_acc=54.80%
  Epoch 16 | Batch   10 | Acc:  54.84%  Loss: 1.3860
  Epoch 16 | Batch   20 | Acc:  53.28%  Loss: 1.4231
  Epoch 16 | Batch   30 | Acc:  53.18%  Loss: 1.4373
  Epoch 16 | Batch   40 | Acc:  54.10%  Loss: 1.3811
  Epoch 16 | Batch   50 | Acc:  53.84%  Loss: 1.4029
  Epoch 16 | Batch   60 | Acc:  53.33%  Loss: 1.4125
  Epoch 16 | Batch   70 | Acc:  53.48%  Loss: 1.3876
  Epoch 16 | Batch   80 | Acc:  53.54%  Loss: 1.3829
  Epoch 16 | Batch   90 | Acc:  53.75%  Loss: 1.3683
  Epoch 16 | Batch  100 | Acc:  53.30%  Loss: 1.4274
  Epoch 16 | Batch  110 | Acc:  53.07%  Loss: 1.4187
  [Proxy] Epoch 16  tr_loss=1.4025  tr_acc=53.07%  te_loss=1.3549  te_acc=56.57%
  Epoch 17 | Batch   10 | Acc:  56.88%  Loss: 1.3778
  Epoch 17 | Batch   20 | Acc:  54.77%  Loss: 1.4068
  Epoch 17 | Batch   30 | Acc:  53.44%  Loss: 1.4229
  Epoch 17 | Batch   40 | Acc:  53.09%  Loss: 1.3860
  Epoch 17 | Batch   50 | Acc:  52.97%  Loss: 1.4256
  Epoch 17 | Batch   60 | Acc:  53.28%  Loss: 1.3371
  Epoch 17 | Batch   70 | Acc:  53.10%  Loss: 1.3732
  Epoch 17 | Batch   80 | Acc:  53.61%  Loss: 1.3322
  Epoch 17 | Batch   90 | Acc:  54.15%  Loss: 1.3663
  Epoch 17 | Batch  100 | Acc:  54.23%  Loss: 1.3640
  Epoch 17 | Batch  110 | Acc:  53.99%  Loss: 1.4320
  [Proxy] Epoch 17  tr_loss=1.3840  tr_acc=53.99%  te_loss=1.3379  te_acc=56.24%
  Epoch 18 | Batch   10 | Acc:  54.22%  Loss: 1.3908
  Epoch 18 | Batch   20 | Acc:  55.55%  Loss: 1.3564
  Epoch 18 | Batch   30 | Acc:  55.57%  Loss: 1.3491
  Epoch 18 | Batch   40 | Acc:  56.17%  Loss: 1.3290
  Epoch 18 | Batch   50 | Acc:  55.62%  Loss: 1.3513
  Epoch 18 | Batch   60 | Acc:  54.69%  Loss: 1.4100
  Epoch 18 | Batch   70 | Acc:  54.49%  Loss: 1.3544
  Epoch 18 | Batch   80 | Acc:  54.75%  Loss: 1.3761
  Epoch 18 | Batch   90 | Acc:  54.84%  Loss: 1.3312
  Epoch 18 | Batch  100 | Acc:  54.67%  Loss: 1.3675
  Epoch 18 | Batch  110 | Acc:  54.44%  Loss: 1.4176
  [Proxy] Epoch 18  tr_loss=1.3667  tr_acc=54.44%  te_loss=1.3213  te_acc=57.08%
  Epoch 19 | Batch   10 | Acc:  54.84%  Loss: 1.3119
  Epoch 19 | Batch   20 | Acc:  55.08%  Loss: 1.3398
  Epoch 19 | Batch   30 | Acc:  55.31%  Loss: 1.3804
  Epoch 19 | Batch   40 | Acc:  54.80%  Loss: 1.3838
  Epoch 19 | Batch   50 | Acc:  55.16%  Loss: 1.3134
  Epoch 19 | Batch   60 | Acc:  54.38%  Loss: 1.3785
  Epoch 19 | Batch   70 | Acc:  54.53%  Loss: 1.3579
  Epoch 19 | Batch   80 | Acc:  54.73%  Loss: 1.3529
  Epoch 19 | Batch   90 | Acc:  54.51%  Loss: 1.3685
  Epoch 19 | Batch  100 | Acc:  54.69%  Loss: 1.3101
  Epoch 19 | Batch  110 | Acc:  54.69%  Loss: 1.3689
  [Proxy] Epoch 19  tr_loss=1.3515  tr_acc=54.69%  te_loss=1.3076  te_acc=57.73%
  Epoch 20 | Batch   10 | Acc:  55.31%  Loss: 1.3584
  Epoch 20 | Batch   20 | Acc:  55.39%  Loss: 1.3370
  Epoch 20 | Batch   30 | Acc:  54.69%  Loss: 1.3353
  Epoch 20 | Batch   40 | Acc:  54.80%  Loss: 1.3831
  Epoch 20 | Batch   50 | Acc:  55.12%  Loss: 1.3000
  Epoch 20 | Batch   60 | Acc:  55.47%  Loss: 1.3331
  Epoch 20 | Batch   70 | Acc:  55.47%  Loss: 1.3358
  Epoch 20 | Batch   80 | Acc:  55.62%  Loss: 1.3468
  Epoch 20 | Batch   90 | Acc:  55.33%  Loss: 1.3552
  Epoch 20 | Batch  100 | Acc:  55.23%  Loss: 1.3206
  Epoch 20 | Batch  110 | Acc:  55.14%  Loss: 1.3250
  [Proxy] Epoch 20  tr_loss=1.3391  tr_acc=55.14%  te_loss=1.2945  te_acc=57.85%
  Epoch 21 | Batch   10 | Acc:  53.59%  Loss: 1.3672
  Epoch 21 | Batch   20 | Acc:  54.84%  Loss: 1.3134
  Epoch 21 | Batch   30 | Acc:  54.01%  Loss: 1.3865
  Epoch 21 | Batch   40 | Acc:  55.04%  Loss: 1.3465
  Epoch 21 | Batch   50 | Acc:  54.94%  Loss: 1.3055
  Epoch 21 | Batch   60 | Acc:  55.03%  Loss: 1.3081
  Epoch 21 | Batch   70 | Acc:  54.93%  Loss: 1.3618
  Epoch 21 | Batch   80 | Acc:  55.06%  Loss: 1.3407
  Epoch 21 | Batch   90 | Acc:  55.50%  Loss: 1.2741
  Epoch 21 | Batch  100 | Acc:  55.77%  Loss: 1.3077
  Epoch 21 | Batch  110 | Acc:  55.83%  Loss: 1.2889
  [Proxy] Epoch 21  tr_loss=1.3273  tr_acc=55.83%  te_loss=1.2822  te_acc=57.84%
  Epoch 22 | Batch   10 | Acc:  55.62%  Loss: 1.2953
  Epoch 22 | Batch   20 | Acc:  56.41%  Loss: 1.2826
  Epoch 22 | Batch   30 | Acc:  55.73%  Loss: 1.3466
  Epoch 22 | Batch   40 | Acc:  56.21%  Loss: 1.3202
  Epoch 22 | Batch   50 | Acc:  56.66%  Loss: 1.2883
  Epoch 22 | Batch   60 | Acc:  56.64%  Loss: 1.2804
  Epoch 22 | Batch   70 | Acc:  56.58%  Loss: 1.3400
  Epoch 22 | Batch   80 | Acc:  56.39%  Loss: 1.3225
  Epoch 22 | Batch   90 | Acc:  55.99%  Loss: 1.3610
  Epoch 22 | Batch  100 | Acc:  55.70%  Loss: 1.3425
  Epoch 22 | Batch  110 | Acc:  55.86%  Loss: 1.3008
  [Proxy] Epoch 22  tr_loss=1.3164  tr_acc=55.86%  te_loss=1.2720  te_acc=58.61%
  Epoch 23 | Batch   10 | Acc:  55.00%  Loss: 1.3611
  Epoch 23 | Batch   20 | Acc:  55.31%  Loss: 1.3065
  Epoch 23 | Batch   30 | Acc:  55.68%  Loss: 1.3129
  Epoch 23 | Batch   40 | Acc:  55.16%  Loss: 1.3583
  Epoch 23 | Batch   50 | Acc:  55.38%  Loss: 1.2737
  Epoch 23 | Batch   60 | Acc:  55.91%  Loss: 1.2566
  Epoch 23 | Batch   70 | Acc:  55.62%  Loss: 1.3180
  Epoch 23 | Batch   80 | Acc:  55.66%  Loss: 1.3395
  Epoch 23 | Batch   90 | Acc:  55.95%  Loss: 1.2927
  Epoch 23 | Batch  100 | Acc:  56.05%  Loss: 1.3072
  Epoch 23 | Batch  110 | Acc:  56.24%  Loss: 1.2602
  [Proxy] Epoch 23  tr_loss=1.3079  tr_acc=56.24%  te_loss=1.2616  te_acc=58.25%
  Epoch 24 | Batch   10 | Acc:  59.06%  Loss: 1.2380
  Epoch 24 | Batch   20 | Acc:  55.70%  Loss: 1.3415
  Epoch 24 | Batch   30 | Acc:  56.25%  Loss: 1.3064
  Epoch 24 | Batch   40 | Acc:  56.25%  Loss: 1.3075
  Epoch 24 | Batch   50 | Acc:  56.09%  Loss: 1.3162
  Epoch 24 | Batch   60 | Acc:  56.22%  Loss: 1.2496
  Epoch 24 | Batch   70 | Acc:  56.03%  Loss: 1.3242
  Epoch 24 | Batch   80 | Acc:  56.21%  Loss: 1.3029
  Epoch 24 | Batch   90 | Acc:  56.16%  Loss: 1.2721
  Epoch 24 | Batch  100 | Acc:  56.42%  Loss: 1.2780
  Epoch 24 | Batch  110 | Acc:  56.16%  Loss: 1.3332
  [Proxy] Epoch 24  tr_loss=1.2972  tr_acc=56.16%  te_loss=1.2523  te_acc=58.96%
  Epoch 25 | Batch   10 | Acc:  56.88%  Loss: 1.2861
  Epoch 25 | Batch   20 | Acc:  57.58%  Loss: 1.2586
  Epoch 25 | Batch   30 | Acc:  57.34%  Loss: 1.2652
  Epoch 25 | Batch   40 | Acc:  57.66%  Loss: 1.2849
  Epoch 25 | Batch   50 | Acc:  57.00%  Loss: 1.3269
  Epoch 25 | Batch   60 | Acc:  57.14%  Loss: 1.2522
  Epoch 25 | Batch   70 | Acc:  57.50%  Loss: 1.2490
  Epoch 25 | Batch   80 | Acc:  57.19%  Loss: 1.3434
  Epoch 25 | Batch   90 | Acc:  56.89%  Loss: 1.3069
  Epoch 25 | Batch  100 | Acc:  56.72%  Loss: 1.2972
  Epoch 25 | Batch  110 | Acc:  56.54%  Loss: 1.3049
  [Proxy] Epoch 25  tr_loss=1.2887  tr_acc=56.54%  te_loss=1.2457  te_acc=58.86%
  Epoch 26 | Batch   10 | Acc:  56.72%  Loss: 1.2736
  Epoch 26 | Batch   20 | Acc:  57.34%  Loss: 1.2614
  Epoch 26 | Batch   30 | Acc:  58.18%  Loss: 1.2313
  Epoch 26 | Batch   40 | Acc:  57.34%  Loss: 1.3368
  Epoch 26 | Batch   50 | Acc:  57.00%  Loss: 1.3159
  Epoch 26 | Batch   60 | Acc:  56.90%  Loss: 1.2851
  Epoch 26 | Batch   70 | Acc:  56.54%  Loss: 1.3117
  Epoch 26 | Batch   80 | Acc:  56.41%  Loss: 1.2677
  Epoch 26 | Batch   90 | Acc:  56.60%  Loss: 1.2688
  Epoch 26 | Batch  100 | Acc:  56.53%  Loss: 1.2741
  Epoch 26 | Batch  110 | Acc:  56.74%  Loss: 1.2614
  [Proxy] Epoch 26  tr_loss=1.2807  tr_acc=56.74%  te_loss=1.2394  te_acc=59.17%
  Epoch 27 | Batch   10 | Acc:  57.19%  Loss: 1.2420
  Epoch 27 | Batch   20 | Acc:  55.47%  Loss: 1.2988
  Epoch 27 | Batch   30 | Acc:  56.82%  Loss: 1.2366
  Epoch 27 | Batch   40 | Acc:  57.34%  Loss: 1.2322
  Epoch 27 | Batch   50 | Acc:  57.28%  Loss: 1.2708
  Epoch 27 | Batch   60 | Acc:  56.80%  Loss: 1.2941
  Epoch 27 | Batch   70 | Acc:  56.90%  Loss: 1.2708
  Epoch 27 | Batch   80 | Acc:  56.78%  Loss: 1.3161
  Epoch 27 | Batch   90 | Acc:  56.74%  Loss: 1.2975
  Epoch 27 | Batch  100 | Acc:  56.80%  Loss: 1.2962
  Epoch 27 | Batch  110 | Acc:  56.99%  Loss: 1.2648
  [Proxy] Epoch 27  tr_loss=1.2745  tr_acc=56.99%  te_loss=1.2287  te_acc=59.60%
  Epoch 28 | Batch   10 | Acc:  56.56%  Loss: 1.3292
  Epoch 28 | Batch   20 | Acc:  57.11%  Loss: 1.2367
  Epoch 28 | Batch   30 | Acc:  56.72%  Loss: 1.2805
  Epoch 28 | Batch   40 | Acc:  57.85%  Loss: 1.2121
  Epoch 28 | Batch   50 | Acc:  57.59%  Loss: 1.2568
  Epoch 28 | Batch   60 | Acc:  57.16%  Loss: 1.2701
  Epoch 28 | Batch   70 | Acc:  57.34%  Loss: 1.2601
  Epoch 28 | Batch   80 | Acc:  57.30%  Loss: 1.2862
  Epoch 28 | Batch   90 | Acc:  57.22%  Loss: 1.2841
  Epoch 28 | Batch  100 | Acc:  57.28%  Loss: 1.2402
  Epoch 28 | Batch  110 | Acc:  57.40%  Loss: 1.2520
  [Proxy] Epoch 28  tr_loss=1.2644  tr_acc=57.40%  te_loss=1.2226  te_acc=59.36%
  Epoch 29 | Batch   10 | Acc:  58.12%  Loss: 1.2648
  Epoch 29 | Batch   20 | Acc:  56.02%  Loss: 1.2966
  Epoch 29 | Batch   30 | Acc:  56.35%  Loss: 1.2599
  Epoch 29 | Batch   40 | Acc:  56.88%  Loss: 1.2590
  Epoch 29 | Batch   50 | Acc:  56.44%  Loss: 1.2553
  Epoch 29 | Batch   60 | Acc:  56.59%  Loss: 1.2209
  Epoch 29 | Batch   70 | Acc:  56.52%  Loss: 1.3009
  Epoch 29 | Batch   80 | Acc:  56.37%  Loss: 1.3101
  Epoch 29 | Batch   90 | Acc:  56.72%  Loss: 1.2410
  Epoch 29 | Batch  100 | Acc:  57.06%  Loss: 1.2201
  Epoch 29 | Batch  110 | Acc:  57.30%  Loss: 1.2068
  [Proxy] Epoch 29  tr_loss=1.2578  tr_acc=57.30%  te_loss=1.2152  te_acc=60.23%
  Epoch 30 | Batch   10 | Acc:  58.12%  Loss: 1.2567
  Epoch 30 | Batch   20 | Acc:  56.64%  Loss: 1.3333
  Epoch 30 | Batch   30 | Acc:  56.35%  Loss: 1.2859
  Epoch 30 | Batch   40 | Acc:  57.30%  Loss: 1.1837
  Epoch 30 | Batch   50 | Acc:  57.09%  Loss: 1.2695
  Epoch 30 | Batch   60 | Acc:  57.16%  Loss: 1.2662
  Epoch 30 | Batch   70 | Acc:  57.37%  Loss: 1.2121
  Epoch 30 | Batch   80 | Acc:  57.58%  Loss: 1.2257
  Epoch 30 | Batch   90 | Acc:  57.74%  Loss: 1.2119
  Epoch 30 | Batch  100 | Acc:  57.70%  Loss: 1.2516
  Epoch 30 | Batch  110 | Acc:  57.70%  Loss: 1.2912
  [Proxy] Epoch 30  tr_loss=1.2534  tr_acc=57.70%  te_loss=1.2067  te_acc=59.94%
  Epoch metrics  -> runs/huang_proxy_epoch_metrics.csv
  [Proxy] Best test CA: 60.23%

====================================================================
 PHASE 2 — Sequential trigger generation (Algorithm 1)
====================================================================
    [Trigger] iter   1/200  fooling_rate=0.952  |delta|_inf=0.2000  elapsed=76.1s
    [Trigger] Converged at iter 1  fooling_rate=0.952
  Trigger saved.  |delta|_inf=0.2000  |delta|_2=0.5292
  Final proxy fooling rate: 0.952

====================================================================
 PHASE 3 — Victim training across poison ratios
====================================================================

────────────────────────────────────────────────────────────────────
 Poison ratio : 0.1
────────────────────────────────────────────────────────────────────
  [Poison] ratio=0.1  poisoned 70/700 target-class samples

  [Best model] ratio=0.1  CA=59.47%  saved -> huang_angle_best_ratio01.pt
  [Ratio 0.1]  CA=59.47+/-0.00%  ASR=60.88+/-0.00%

────────────────────────────────────────────────────────────────────
 Poison ratio : 0.3
────────────────────────────────────────────────────────────────────
  [Poison] ratio=0.3  poisoned 210/700 target-class samples

  [Best model] ratio=0.3  CA=59.96%  saved -> huang_angle_best_ratio03.pt
  [Ratio 0.3]  CA=59.96+/-0.00%  ASR=75.58+/-0.00%

────────────────────────────────────────────────────────────────────
 Poison ratio : 0.5
────────────────────────────────────────────────────────────────────
  [Poison] ratio=0.5  poisoned 350/700 target-class samples

  [Best model] ratio=0.5  CA=57.33%  saved -> huang_angle_best_ratio05.pt
  [Ratio 0.5]  CA=57.33+/-0.00%  ASR=78.64+/-0.00%

====================================================================
 Experiment complete.  Summary -> runs/huang_angle_l10_summary.csv
====================================================================
  Ratio       CA mean   CA std   ASR mean  ASR std
  ────────────────────────────────────────────────
  0.1           59.47     0.00      60.88     0.00
  0.3           59.96     0.00      75.58     0.00
  0.5           57.33     0.00      78.64     0.00
====================================================================

============================================================
 End time  : Tue Mar 17 11:47:35 AM MDT 2026
 Exit code : 0
============================================================
