Python 3.10.19
/home/clalarcon/work/Nowmi/Sok/quid_env/bin/python
Python 3.10.19
========================================
Job ID      : 14374
Node        : hopper001
GPUs        : 0
CPUs        : 8
Start time  : Mon Mar 23 02:39:25 AM MDT 2026
========================================
Mon Mar 23 02:39:26 2026       
+-----------------------------------------------------------------------------------------+
| NVIDIA-SMI 575.51.03              Driver Version: 575.51.03      CUDA Version: 12.9     |
|-----------------------------------------+------------------------+----------------------+
| GPU  Name                 Persistence-M | Bus-Id          Disp.A | Volatile Uncorr. ECC |
| Fan  Temp   Perf          Pwr:Usage/Cap |           Memory-Usage | GPU-Util  Compute M. |
|                                         |                        |               MIG M. |
|=========================================+========================+======================|
|   0  NVIDIA H100 80GB HBM3          Off |   00000000:9D:00.0 Off |                    0 |
| N/A   30C    P0             71W /  700W |       0MiB /  81559MiB |      0%      Default |
|                                         |                        |             Disabled |
+-----------------------------------------+------------------------+----------------------+
                                                                                         
+-----------------------------------------------------------------------------------------+
| Processes:                                                                              |
|  GPU   GI   CI              PID   Type   Process name                        GPU Memory |
|        ID   ID                                                               Usage      |
|=========================================================================================|
|  No running processes found                                                             |
+-----------------------------------------------------------------------------------------+
Changing directory...
Now in: /work/clalarcon/Nowmi/Sok/Baseline/MNIST/amplitude/layer50
Files: baseline_mnist_amp_l50.slurm
logs
NN_baseline_mnist_amplitude_layer50.py
Running python script...
============================================================
  Baseline | MNIST 10-class | 9-qubit | AmplitudeEmbedding | 50 layers
  Runs: 1  Epochs: 30  Patience: 5
  No attack — No defense
============================================================
[GPU] 1 CUDA device(s) visible to PyTorch
  cuda:0 -> NVIDIA H100 80GB HBM3
[WARN] Only 1 CUDA device visible — workers will use cuda:0.
[Data] Classes : 10  Train : (60000, 512)  Test : (10000, 512)

[Main] Task schedule:
  Run  cuda-device
  ---  -----------
  1    cuda:0
============================================================
  [MNIST|Amp|L50|R1|GPU0] Starting
============================================================
  [MNIST|Amp|L50|R1|GPU0] Subset: 7000 samples (700/class from 60000 total)
  [MNIST|Amp|L50|R1|GPU0] Epoch   TrainAcc%   TrainLoss   TestAcc%  Patience
  [MNIST|Amp|L50|R1|GPU0] -----  ----------  ----------   --------  --------
  [MNIST|Amp|L50|R1|GPU0]     1     20.8571    2.268184    31.3500         0/5
  [MNIST|Amp|L50|R1|GPU0]     2     33.4429    2.175265    38.6500         0/5
  [MNIST|Amp|L50|R1|GPU0]     3     43.0286    2.088152    51.5800         0/5
  [MNIST|Amp|L50|R1|GPU0]     4     55.6714    2.009419    60.7100         0/5
  [MNIST|Amp|L50|R1|GPU0]     5     62.8143    1.938497    65.5200         0/5
  [MNIST|Amp|L50|R1|GPU0]     6     66.0143    1.873815    68.4200         0/5
  [MNIST|Amp|L50|R1|GPU0]     7     68.5429    1.812615    70.9400         0/5
  [MNIST|Amp|L50|R1|GPU0]     8     70.3429    1.754695    71.9800         0/5
  [MNIST|Amp|L50|R1|GPU0]     9     71.1714    1.699981    72.9500         0/5
  [MNIST|Amp|L50|R1|GPU0]    10     72.7000    1.648405    73.2800         0/5
  [MNIST|Amp|L50|R1|GPU0]    11     73.7429    1.598283    74.6000         0/5
  [MNIST|Amp|L50|R1|GPU0]    12     74.6143    1.550370    75.7100         0/5
  [MNIST|Amp|L50|R1|GPU0]    13     75.2571    1.505005    76.9700         0/5
  [MNIST|Amp|L50|R1|GPU0]    14     76.5286    1.461656    77.9700         0/5
  [MNIST|Amp|L50|R1|GPU0]    15     76.9286    1.420396    78.7200         0/5
  [MNIST|Amp|L50|R1|GPU0]    16     77.9857    1.380876    79.3400         0/5
  [MNIST|Amp|L50|R1|GPU0]    17     78.6143    1.342868    79.7200         0/5
  [MNIST|Amp|L50|R1|GPU0]    18     79.2571    1.306651    80.3100         0/5
  [MNIST|Amp|L50|R1|GPU0]    19     79.9429    1.271348    80.6300         0/5
  [MNIST|Amp|L50|R1|GPU0]    20     80.3286    1.238513    80.9500         0/5
  [MNIST|Amp|L50|R1|GPU0]    21     80.9143    1.206743    81.5600         0/5
  [MNIST|Amp|L50|R1|GPU0]    22     81.4857    1.175703    81.7700         0/5
  [MNIST|Amp|L50|R1|GPU0]    23     81.7429    1.147466    82.3200         0/5
  [MNIST|Amp|L50|R1|GPU0]    24     82.2143    1.119978    82.7300         0/5
  [MNIST|Amp|L50|R1|GPU0]    25     82.6714    1.094363    82.8300         0/5
  [MNIST|Amp|L50|R1|GPU0]    26     83.0571    1.069015    83.0700         0/5
  [MNIST|Amp|L50|R1|GPU0]    27     82.9714    1.045305    83.5800         0/5
  [MNIST|Amp|L50|R1|GPU0]    28     83.5000    1.021624    83.7700         0/5
  [MNIST|Amp|L50|R1|GPU0]    29     84.2000    0.999368    84.0500         0/5
  [MNIST|Amp|L50|R1|GPU0]    30     84.3286    0.978416    84.3000         0/5

  [MNIST|Amp|L50|R1|GPU0] Training time: 179019.63s  Best test acc: 84.3000%
  [R1] Epoch CSV    -> baseline_mnist_amplitude_layer50/baseline_mnist_amplitude_layer50_run1_epoch_metrics.csv
  [R1] Model saved  -> baseline_mnist_amplitude_layer50/best_model_run1.pt
  [R1] Per-run CSV  -> baseline_mnist_amplitude_layer50/baseline_mnist_amplitude_layer50_run1_metrics.csv

  [MNIST|Amp|L50|R1|GPU0] Final metrics:
  [MNIST|Amp|L50|R1|GPU0]   Test Accuracy % : 84.299999
  [MNIST|Amp|L50|R1|GPU0]   Loss            : 0.957881
  [MNIST|Amp|L50|R1|GPU0]   FNR             : 0.159657
  [MNIST|Amp|L50|R1|GPU0]   FPR             : 0.017427
  [MNIST|Amp|L50|R1|GPU0]   ROC-AUC         : 0.978404
  [MNIST|Amp|L50|R1|GPU0]   PR-AUC          : 0.897732
  [MNIST|Amp|L50|R1|GPU0]   Precision       : 0.840230
  [MNIST|Amp|L50|R1|GPU0]   Recall          : 0.840343
  [MNIST|Amp|L50|R1|GPU0]   F1              : 0.840286
  [MNIST|Amp|L50|R1|GPU0] Done.
============================================================
  All runs complete in 3015.0 min
============================================================
  MNIST Amplitude | Layer 50 — mean ± std across 1 runs:
  Test Accuracy : 84.3000% ± 0.0000%
  ROC-AUC       : 0.978404 ± 0.000000
  PR-AUC        : 0.897732 ± 0.000000
  FNR           : 0.159657 ± 0.000000
  FPR           : 0.017427 ± 0.000000

  Summary CSV  -> baseline_mnist_amplitude_layer50/baseline_mnist_amplitude_layer50_summary.csv
  Epoch CSVs   -> baseline_mnist_amplitude_layer50/baseline_mnist_amplitude_layer50_run*_epoch_metrics.csv
  Per-run CSVs -> baseline_mnist_amplitude_layer50/baseline_mnist_amplitude_layer50_run*_metrics.csv
============================================================
