Python 3.10.19
/home/vcadena1/work/Nowmi/Sok/quid_env/bin/python
Python 3.10.19
========================================
Job ID      : 14365
Node        : hopper002
GPUs        : MIG-f605ee0e-9e81-5b4f-8e7d-6120fe61bae9
CPUs        : 4
Start time  : Sun Mar 22 01:56:59 PM MDT 2026
========================================
Sun Mar 22 13:56:59 2026       
+-----------------------------------------------------------------------------------------+
| NVIDIA-SMI 575.51.03              Driver Version: 575.51.03      CUDA Version: 12.9     |
|-----------------------------------------+------------------------+----------------------+
| GPU  Name                 Persistence-M | Bus-Id          Disp.A | Volatile Uncorr. ECC |
| Fan  Temp   Perf          Pwr:Usage/Cap |           Memory-Usage | GPU-Util  Compute M. |
|                                         |                        |               MIG M. |
|=========================================+========================+======================|
|   0  NVIDIA H100 80GB HBM3          Off |   00000000:1C:00.0 Off |                   On |
| N/A   29C    P0             70W /  700W |     107MiB /  81559MiB |     N/A      Default |
|                                         |                        |              Enabled |
+-----------------------------------------+------------------------+----------------------+
|   1  NVIDIA H100 80GB HBM3          Off |   00000000:2B:00.0 Off |                   On |
| N/A   28C    P0             71W /  700W |     102MiB /  81559MiB |     N/A      Default |
|                                         |                        |              Enabled |
+-----------------------------------------+------------------------+----------------------+
|   2  NVIDIA H100 80GB HBM3          Off |   00000000:AC:00.0 Off |                   On |
| N/A   25C    P0             71W /  700W |     102MiB /  81559MiB |     N/A      Default |
|                                         |                        |              Enabled |
+-----------------------------------------+------------------------+----------------------+
|   3  NVIDIA H100 80GB HBM3          Off |   00000000:BC:00.0 Off |                   On |
| N/A   26C    P0             69W /  700W |     102MiB /  81559MiB |     N/A      Default |
|                                         |                        |              Enabled |
+-----------------------------------------+------------------------+----------------------+

+-----------------------------------------------------------------------------------------+
| MIG devices:                                                                            |
+------------------+----------------------------------+-----------+-----------------------+
| GPU  GI  CI  MIG |                     Memory-Usage |        Vol|        Shared         |
|      ID  ID  Dev |                       BAR1-Usage | SM     Unc| CE ENC  DEC  OFA  JPG |
|                  |                                  |        ECC|                       |
|==================+==================================+===========+=======================|
|  0   10   0   0  |              15MiB /  9984MiB    | 16      0 |  1   0    1    0    1 |
|                  |                 0MiB / 16383MiB  |           |                       |
+------------------+----------------------------------+-----------+-----------------------+
                                                                                         
+-----------------------------------------------------------------------------------------+
| Processes:                                                                              |
|  GPU   GI   CI              PID   Type   Process name                        GPU Memory |
|        ID   ID                                                               Usage      |
|=========================================================================================|
|  No running processes found                                                             |
+-----------------------------------------------------------------------------------------+
Changing directory...
Now in: /work/vcadena1/Nowmi/Sok/Baseline/AZ/angle/layer10
Files: baseline_ang_l10.slurm
logs
NN_baseline_az_angle_layer10.py
Running python script...
============================================================
  Baseline | AZ-Class 23-family | 9-qubit | 10 layers
  Runs: 1  Epochs: 30  MIG slices per job: 2 (QOS limit: 2)
  No attack — No defense
============================================================
[GPU] 1 CUDA device(s) visible to PyTorch
  cuda:0 -> NVIDIA H100 80GB HBM3 MIG 1g.10gb
[WARN] Only 1 CUDA device visible — both workers will use cuda:0 sequentially.
[Data] Classes : 23  Train : (184342, 9)  Test : (20482, 9)

[Main] Task schedule (2 concurrent, then 1):
  Run  cuda-device
  ---  -----------
  1    cuda:0
============================================================
  [L10|R1|GPU0] Starting
============================================================
  [L10|R1|GPU0] Subset: 16100 samples (700/class from 184342 total)
  [L10|R1|GPU0] Epoch   TrainAcc%   TrainLoss   TestAcc%  Patience
  [L10|R1|GPU0] -----  ----------  ----------   --------  --------
  [L10|R1|GPU0]     1      9.1118    3.093592    18.2355         0/5
  [L10|R1|GPU0]     2     23.6708    2.905028    26.7406         0/5
  [L10|R1|GPU0]     3     29.5714    2.606185    30.3730         0/5
  [L10|R1|GPU0]     4     33.6708    2.370674    34.0836         0/5
  [L10|R1|GPU0]     5     37.4224    2.207884    36.5248         0/5
  [L10|R1|GPU0]     6     39.6708    2.094103    39.2686         0/5
  [L10|R1|GPU0]     7     41.5280    2.014813    40.6113         0/5
  [L10|R1|GPU0]     8     42.8571    1.956143    41.5926         0/5
  [L10|R1|GPU0]     9     43.5839    1.910906    42.7888         0/5
  [L10|R1|GPU0]    10     44.8199    1.874294    43.4430         0/5
  [L10|R1|GPU0]    11     45.7267    1.843323    44.2095         0/5
  [L10|R1|GPU0]    12     45.9130    1.816772    44.5806         0/5
  [L10|R1|GPU0]    13     46.4099    1.793254    44.6587         0/5
  [L10|R1|GPU0]    14     46.3665    1.773162    44.9126         0/5
  [L10|R1|GPU0]    15     46.5280    1.755437    45.1811         0/5
  [L10|R1|GPU0]    16     46.8571    1.740328    45.6205         0/5
  [L10|R1|GPU0]    17     47.1615    1.726329    46.1722         0/5
  [L10|R1|GPU0]    18     47.4720    1.714261    46.2211         0/5
  [L10|R1|GPU0]    19     47.7702    1.702901    46.6410         0/5
  [L10|R1|GPU0]    20     47.8758    1.693072    46.8118         0/5
  [L10|R1|GPU0]    21     48.2422    1.683275    47.0022         0/5
  [L10|R1|GPU0]    22     48.4720    1.674772    47.1878         0/5
  [L10|R1|GPU0]    23     48.6211    1.666012    47.2610         0/5
  [L10|R1|GPU0]    24     48.9814    1.658946    47.4172         0/5
  [L10|R1|GPU0]    25     48.9938    1.651827    47.5979         0/5
  [L10|R1|GPU0]    26     49.2484    1.644642    48.2228         0/5
  [L10|R1|GPU0]    27     49.3851    1.637927    48.4523         0/5
  [L10|R1|GPU0]    28     49.8199    1.631943    48.1057         1/5
  [L10|R1|GPU0]    29     49.7267    1.626400    48.7306         0/5
  [L10|R1|GPU0]    30     50.0186    1.620821    48.7111         1/5

  [L10|R1|GPU0] Training time: 2879.01s  Best test acc: 48.7306%
  [R1] Epoch CSV    -> baseline_layer10/baseline_layer10_run1_epoch_metrics.csv
  [R1] Model saved  -> baseline_layer10/best_model_run1.pt
  [R1] Per-run CSV  -> baseline_layer10/baseline_layer10_run1_metrics.csv

  [L10|R1|GPU0] Final metrics:
  [L10|R1|GPU0]   Test Accuracy % : 48.730591
  [L10|R1|GPU0]   Loss            : 1.639412
  [L10|R1|GPU0]   FNR             : 0.503963
  [L10|R1|GPU0]   FPR             : 0.023279
  [L10|R1|GPU0]   ROC-AUC         : 0.918585
  [L10|R1|GPU0]   PR-AUC          : 0.474062
  [L10|R1|GPU0]   Precision       : 0.463116
  [L10|R1|GPU0]   Recall          : 0.496037
  [L10|R1|GPU0]   F1              : 0.479011
  [L10|R1|GPU0] Done.
============================================================
  All 3 runs complete in 48.7 min
============================================================
  Layer 10 — mean ± std across 1 runs:
  Test Accuracy : 48.7306% ± 0.0000%
  FNR           : 0.503963 ± 0.000000
  FPR           : 0.023279 ± 0.000000
  ROC-AUC       : 0.918585 ± 0.000000
  PR-AUC        : 0.474062 ± 0.000000

  Summary CSV  -> baseline_layer10/baseline_layer10_summary.csv
  Epoch CSVs   -> baseline_layer10/baseline_layer10_run*_epoch_metrics.csv
  Per-run CSVs -> baseline_layer10/baseline_layer10_run*_metrics.csv
============================================================
