Python 3.10.19
/home/clalarcon/work/Nowmi/Sok/quid_env/bin/python
Python 3.10.19
========================================
Job ID      : 376607
Node        : cnode006
CPUs        : 8
Start time  : Sun Mar 22 04:57:11 PM MDT 2026
========================================
Changing directory...
Now in: /home/clalarcon/work/Nowmi/Sok/QUID/MNIST/Angle/layer2
Files: depo_job_mnist_ang_l2.slurm
depo_logs
depo_quid_mnist_angle_l2.py
eps0.1
eps0.3
eps0.5
logs
NN_quid_mnist_angle_l2.py
quid_mnist_angle_l2_job.slurm
rho_proto_cache_mnist_angle.npy
runs
Running python script...
[Device] Torch device: cpu
====================================================================
 Depolarizing Noise Evaluation | QUID MNIST-Angle L2 | p=0.01
 Noise backend : default.mixed + DepolarizingChannel (exact, no shots)
 Batch size    : 256
 Models        : 3 runs × 3 eps × 2 attacks × 2 defenses = 36 total
====================================================================
[Data] Train: (60000, 9)  Test: (10000, 9)
[ProtoCache] Loaded 10 prototypes from rho_proto_cache_mnist_angle.npy

--------------------------------------------------------------------
 [Run 1 | eps=0.1 | quid | none]
  Model: eps0.1/qmlp-mnist-quid-run1-layer2-noiseless-Angle_eps0.1_quid_none.pt
  Poisoned replay: 700 samples
  Weights loaded. Running noisy inference ...
  Accuracy    : 0.2040
  Loss        : 2.1145
  Precision   : 0.1195
  Recall      : 0.1927
  F1          : 0.1476
  Fpr         : 0.0891
  Fnr         : 0.8073
  Roc_auc     : 0.7620
  Pr_auc      : 0.3088
  Asr         : 2.7143
  Metrics saved → depo_eps0.1/depo-qmlp-mnist-quid-run1-layer2_quid_eps0.1_quid_none.csv
  Confusion matrix saved → depo_eps0.1/depo-qmlp-mnist-quid-run1-layer2_quid_eps0.1_quid_none_cm.png

--------------------------------------------------------------------
 [Run 1 | eps=0.1 | quid | q-detection]
  Model: eps0.1/qmlp-mnist-quid-run1-layer2-noiseless-Angle_eps0.1_quid_qdetection.pt
  Poisoned replay: 700 samples
  Weights loaded. Running noisy inference ...
  Accuracy    : 0.2182
  Loss        : 2.1757
  Precision   : 0.2559
  Recall      : 0.2242
  F1          : 0.2390
  Fpr         : 0.0865
  Fnr         : 0.7758
  Roc_auc     : 0.7427
  Pr_auc      : 0.2767
  Asr         : 0.0000
  Metrics saved → depo_eps0.1/depo-qmlp-mnist-quid-run1-layer2_quid_eps0.1_quid_qdetection.csv
  Confusion matrix saved → depo_eps0.1/depo-qmlp-mnist-quid-run1-layer2_quid_eps0.1_quid_qdetection_cm.png

--------------------------------------------------------------------
 [Run 1 | eps=0.1 | random | none]
  Model: eps0.1/qmlp-mnist-quid-run1-layer2-noiseless-Angle_eps0.1_random_none.pt
  Poisoned replay: 700 samples
  Weights loaded. Running noisy inference ...
  Accuracy    : 0.3334
  Loss        : 2.0740
  Precision   : 0.2942
  Recall      : 0.3244
  F1          : 0.3086
  Fpr         : 0.0742
  Fnr         : 0.6756
  Roc_auc     : 0.7554
  Pr_auc      : 0.2851
  Asr         : 8.0000
  Metrics saved → depo_eps0.1/depo-qmlp-mnist-quid-run1-layer2_quid_eps0.1_random_none.csv
  Confusion matrix saved → depo_eps0.1/depo-qmlp-mnist-quid-run1-layer2_quid_eps0.1_random_none_cm.png

--------------------------------------------------------------------
 [Run 1 | eps=0.1 | random | q-detection]
  Model: eps0.1/qmlp-mnist-quid-run1-layer2-noiseless-Angle_eps0.1_random_qdetection.pt
  Poisoned replay: 700 samples
  Weights loaded. Running noisy inference ...
  Accuracy    : 0.2512
  Loss        : 2.2401
  Precision   : 0.1423
  Recall      : 0.2394
  F1          : 0.1785
  Fpr         : 0.0834
  Fnr         : 0.7606
  Roc_auc     : 0.6710
  Pr_auc      : 0.2312
  Asr         : 7.2857
  Metrics saved → depo_eps0.1/depo-qmlp-mnist-quid-run1-layer2_quid_eps0.1_random_qdetection.csv
  Confusion matrix saved → depo_eps0.1/depo-qmlp-mnist-quid-run1-layer2_quid_eps0.1_random_qdetection_cm.png

--------------------------------------------------------------------
 [Run 1 | eps=0.3 | quid | none]
  Model: eps0.3/qmlp-mnist-quid-run1-layer2-noiseless-Angle_eps0.3_quid_none.pt
  Poisoned replay: 2100 samples
  Weights loaded. Running noisy inference ...
  Accuracy    : 0.1135
  Loss        : 2.3328
  Precision   : 0.0113
  Recall      : 0.1000
  F1          : 0.0204
  Fpr         : 0.1000
  Fnr         : 0.9000
  Roc_auc     : 0.5072
  Pr_auc      : 0.1117
  Asr         : 44.8571
  Metrics saved → depo_eps0.3/depo-qmlp-mnist-quid-run1-layer2_quid_eps0.3_quid_none.csv
  Confusion matrix saved → depo_eps0.3/depo-qmlp-mnist-quid-run1-layer2_quid_eps0.3_quid_none_cm.png

--------------------------------------------------------------------
 [Run 1 | eps=0.3 | quid | q-detection]
  Model: eps0.3/qmlp-mnist-quid-run1-layer2-noiseless-Angle_eps0.3_quid_qdetection.pt
  Poisoned replay: 2100 samples
  Weights loaded. Running noisy inference ...
  Accuracy    : 0.1625
  Loss        : 2.2566
  Precision   : 0.1463
  Recall      : 0.1617
  F1          : 0.1536
  Fpr         : 0.0933
  Fnr         : 0.8383
  Roc_auc     : 0.6247
  Pr_auc      : 0.1749
  Asr         : 29.0000
  Metrics saved → depo_eps0.3/depo-qmlp-mnist-quid-run1-layer2_quid_eps0.3_quid_qdetection.csv
  Confusion matrix saved → depo_eps0.3/depo-qmlp-mnist-quid-run1-layer2_quid_eps0.3_quid_qdetection_cm.png

--------------------------------------------------------------------
 [Run 1 | eps=0.3 | random | none]
  Model: eps0.3/qmlp-mnist-quid-run1-layer2-noiseless-Angle_eps0.3_random_none.pt
  Poisoned replay: 2100 samples
  Weights loaded. Running noisy inference ...
  Accuracy    : 0.2737
  Loss        : 2.1208
  Precision   : 0.2291
  Recall      : 0.2637
  F1          : 0.2452
  Fpr         : 0.0811
  Fnr         : 0.7363
  Roc_auc     : 0.7305
  Pr_auc      : 0.2641
  Asr         : 8.6667
  Metrics saved → depo_eps0.3/depo-qmlp-mnist-quid-run1-layer2_quid_eps0.3_random_none.csv
  Confusion matrix saved → depo_eps0.3/depo-qmlp-mnist-quid-run1-layer2_quid_eps0.3_random_none_cm.png

--------------------------------------------------------------------
 [Run 1 | eps=0.3 | random | q-detection]
  Model: eps0.3/qmlp-mnist-quid-run1-layer2-noiseless-Angle_eps0.3_random_qdetection.pt
  Poisoned replay: 2100 samples
  Weights loaded. Running noisy inference ...
  Accuracy    : 0.2206
  Loss        : 2.1908
  Precision   : 0.1362
  Recall      : 0.2092
  F1          : 0.1650
  Fpr         : 0.0872
  Fnr         : 0.7908
  Roc_auc     : 0.6779
  Pr_auc      : 0.2302
  Asr         : 9.0476
  Metrics saved → depo_eps0.3/depo-qmlp-mnist-quid-run1-layer2_quid_eps0.3_random_qdetection.csv
  Confusion matrix saved → depo_eps0.3/depo-qmlp-mnist-quid-run1-layer2_quid_eps0.3_random_qdetection_cm.png

--------------------------------------------------------------------
 [Run 1 | eps=0.5 | quid | none]
  Model: eps0.5/qmlp-mnist-quid-run1-layer2-noiseless-Angle_eps0.5_quid_none.pt
  Poisoned replay: 3500 samples
  Weights loaded. Running noisy inference ...
  Accuracy    : 0.1135
  Loss        : 2.3661
  Precision   : 0.0113
  Recall      : 0.1000
  F1          : 0.0204
  Fpr         : 0.1000
  Fnr         : 0.9000
  Roc_auc     : 0.4625
  Pr_auc      : 0.1017
  Asr         : 45.1143
  Metrics saved → depo_eps0.5/depo-qmlp-mnist-quid-run1-layer2_quid_eps0.5_quid_none.csv
  Confusion matrix saved → depo_eps0.5/depo-qmlp-mnist-quid-run1-layer2_quid_eps0.5_quid_none_cm.png

--------------------------------------------------------------------
 [Run 1 | eps=0.5 | quid | q-detection]
  Model: eps0.5/qmlp-mnist-quid-run1-layer2-noiseless-Angle_eps0.5_quid_qdetection.pt
  Poisoned replay: 3500 samples
  Weights loaded. Running noisy inference ...
  Accuracy    : 0.1135
  Loss        : 2.3833
  Precision   : 0.0113
  Recall      : 0.1000
  F1          : 0.0204
  Fpr         : 0.1000
  Fnr         : 0.9000
  Roc_auc     : 0.4630
  Pr_auc      : 0.1021
  Asr         : 45.1143
  Metrics saved → depo_eps0.5/depo-qmlp-mnist-quid-run1-layer2_quid_eps0.5_quid_qdetection.csv
  Confusion matrix saved → depo_eps0.5/depo-qmlp-mnist-quid-run1-layer2_quid_eps0.5_quid_qdetection_cm.png

--------------------------------------------------------------------
 [Run 1 | eps=0.5 | random | none]
  Model: eps0.5/qmlp-mnist-quid-run1-layer2-noiseless-Angle_eps0.5_random_none.pt
  Poisoned replay: 3500 samples
  Weights loaded. Running noisy inference ...
  Accuracy    : 0.2338
  Loss        : 2.1852
  Precision   : 0.1548
  Recall      : 0.2217
  F1          : 0.1824
  Fpr         : 0.0856
  Fnr         : 0.7783
  Roc_auc     : 0.7054
  Pr_auc      : 0.2491
  Asr         : 8.3714
  Metrics saved → depo_eps0.5/depo-qmlp-mnist-quid-run1-layer2_quid_eps0.5_random_none.csv
  Confusion matrix saved → depo_eps0.5/depo-qmlp-mnist-quid-run1-layer2_quid_eps0.5_random_none_cm.png

--------------------------------------------------------------------
 [Run 1 | eps=0.5 | random | q-detection]
  Model: eps0.5/qmlp-mnist-quid-run1-layer2-noiseless-Angle_eps0.5_random_qdetection.pt
  Poisoned replay: 3500 samples
  Weights loaded. Running noisy inference ...
  Accuracy    : 0.2495
  Loss        : 2.2536
  Precision   : 0.1225
  Recall      : 0.2364
  F1          : 0.1614
  Fpr         : 0.0837
  Fnr         : 0.7636
  Roc_auc     : 0.6429
  Pr_auc      : 0.2252
  Asr         : 7.6857
  Metrics saved → depo_eps0.5/depo-qmlp-mnist-quid-run1-layer2_quid_eps0.5_random_qdetection.csv
  Confusion matrix saved → depo_eps0.5/depo-qmlp-mnist-quid-run1-layer2_quid_eps0.5_random_qdetection_cm.png

--------------------------------------------------------------------
 [Run 2 | eps=0.1 | quid | none]
  Model: eps0.1/qmlp-mnist-quid-run2-layer2-noiseless-Angle_eps0.1_quid_none.pt
  Poisoned replay: 700 samples
  Weights loaded. Running noisy inference ...
  Accuracy    : 0.3275
  Loss        : 1.9938
  Precision   : 0.2635
  Recall      : 0.3177
  F1          : 0.2881
  Fpr         : 0.0750
  Fnr         : 0.6823
  Roc_auc     : 0.8019
  Pr_auc      : 0.3519
  Asr         : 5.7143
  Metrics saved → depo_eps0.1/depo-qmlp-mnist-quid-run2-layer2_quid_eps0.1_quid_none.csv
  Confusion matrix saved → depo_eps0.1/depo-qmlp-mnist-quid-run2-layer2_quid_eps0.1_quid_none_cm.png

--------------------------------------------------------------------
 [Run 2 | eps=0.1 | quid | q-detection]
  Model: eps0.1/qmlp-mnist-quid-run2-layer2-noiseless-Angle_eps0.1_quid_qdetection.pt
  Poisoned replay: 700 samples
  Weights loaded. Running noisy inference ...
  Accuracy    : 0.2836
  Loss        : 2.1699
  Precision   : 0.2314
  Recall      : 0.2782
  F1          : 0.2526
  Fpr         : 0.0798
  Fnr         : 0.7218
  Roc_auc     : 0.7523
  Pr_auc      : 0.2915
  Asr         : 7.8571
  Metrics saved → depo_eps0.1/depo-qmlp-mnist-quid-run2-layer2_quid_eps0.1_quid_qdetection.csv
  Confusion matrix saved → depo_eps0.1/depo-qmlp-mnist-quid-run2-layer2_quid_eps0.1_quid_qdetection_cm.png

--------------------------------------------------------------------
 [Run 2 | eps=0.1 | random | none]
  Model: eps0.1/qmlp-mnist-quid-run2-layer2-noiseless-Angle_eps0.1_random_none.pt
  Poisoned replay: 700 samples
  Weights loaded. Running noisy inference ...
  Accuracy    : 0.4024
  Loss        : 1.9538
  Precision   : 0.3994
  Recall      : 0.3930
  F1          : 0.3962
  Fpr         : 0.0665
  Fnr         : 0.6070
  Roc_auc     : 0.8010
  Pr_auc      : 0.3571
  Asr         : 7.2857
  Metrics saved → depo_eps0.1/depo-qmlp-mnist-quid-run2-layer2_quid_eps0.1_random_none.csv
  Confusion matrix saved → depo_eps0.1/depo-qmlp-mnist-quid-run2-layer2_quid_eps0.1_random_none_cm.png

--------------------------------------------------------------------
 [Run 2 | eps=0.1 | random | q-detection]
  Model: eps0.1/qmlp-mnist-quid-run2-layer2-noiseless-Angle_eps0.1_random_qdetection.pt
  Poisoned replay: 700 samples
  Weights loaded. Running noisy inference ...
  Accuracy    : 0.2915
  Loss        : 2.0376
  Precision   : 0.2216
  Recall      : 0.2923
  F1          : 0.2521
  Fpr         : 0.0788
  Fnr         : 0.7077
  Roc_auc     : 0.7750
  Pr_auc      : 0.3409
  Asr         : 8.8571
  Metrics saved → depo_eps0.1/depo-qmlp-mnist-quid-run2-layer2_quid_eps0.1_random_qdetection.csv
  Confusion matrix saved → depo_eps0.1/depo-qmlp-mnist-quid-run2-layer2_quid_eps0.1_random_qdetection_cm.png

--------------------------------------------------------------------
 [Run 2 | eps=0.3 | quid | none]
  Model: eps0.3/qmlp-mnist-quid-run2-layer2-noiseless-Angle_eps0.3_quid_none.pt
  Poisoned replay: 2100 samples
  Weights loaded. Running noisy inference ...
  Accuracy    : 0.0983
  Loss        : 2.3296
  Precision   : 0.1098
  Recall      : 0.1003
  F1          : 0.1048
  Fpr         : 0.1000
  Fnr         : 0.8997
  Roc_auc     : 0.5107
  Pr_auc      : 0.1149
  Asr         : 53.6667
  Metrics saved → depo_eps0.3/depo-qmlp-mnist-quid-run2-layer2_quid_eps0.3_quid_none.csv
  Confusion matrix saved → depo_eps0.3/depo-qmlp-mnist-quid-run2-layer2_quid_eps0.3_quid_none_cm.png

--------------------------------------------------------------------
 [Run 2 | eps=0.3 | quid | q-detection]
  Model: eps0.3/qmlp-mnist-quid-run2-layer2-noiseless-Angle_eps0.3_quid_qdetection.pt
  Poisoned replay: 2100 samples
  Weights loaded. Running noisy inference ...
  Accuracy    : 0.0987
  Loss        : 2.3482
  Precision   : 0.1098
  Recall      : 0.1007
  F1          : 0.1051
  Fpr         : 0.0999
  Fnr         : 0.8993
  Roc_auc     : 0.5122
  Pr_auc      : 0.1182
  Asr         : 53.6667
  Metrics saved → depo_eps0.3/depo-qmlp-mnist-quid-run2-layer2_quid_eps0.3_quid_qdetection.csv
  Confusion matrix saved → depo_eps0.3/depo-qmlp-mnist-quid-run2-layer2_quid_eps0.3_quid_qdetection_cm.png

--------------------------------------------------------------------
 [Run 2 | eps=0.3 | random | none]
  Model: eps0.3/qmlp-mnist-quid-run2-layer2-noiseless-Angle_eps0.3_random_none.pt
  Poisoned replay: 2100 samples
  Weights loaded. Running noisy inference ...
  Accuracy    : 0.3956
  Loss        : 2.0446
  Precision   : 0.3129
  Recall      : 0.3859
  F1          : 0.3456
  Fpr         : 0.0673
  Fnr         : 0.6141
  Roc_auc     : 0.7908
  Pr_auc      : 0.3557
  Asr         : 8.0000
  Metrics saved → depo_eps0.3/depo-qmlp-mnist-quid-run2-layer2_quid_eps0.3_random_none.csv
  Confusion matrix saved → depo_eps0.3/depo-qmlp-mnist-quid-run2-layer2_quid_eps0.3_random_none_cm.png

--------------------------------------------------------------------
 [Run 2 | eps=0.3 | random | q-detection]
  Model: eps0.3/qmlp-mnist-quid-run2-layer2-noiseless-Angle_eps0.3_random_qdetection.pt
  Poisoned replay: 2100 samples
  Weights loaded. Running noisy inference ...
  Accuracy    : 0.2575
  Loss        : 2.1550
  Precision   : 0.2268
  Recall      : 0.2595
  F1          : 0.2420
  Fpr         : 0.0825
  Fnr         : 0.7405
  Roc_auc     : 0.7658
  Pr_auc      : 0.3371
  Asr         : 7.3810
  Metrics saved → depo_eps0.3/depo-qmlp-mnist-quid-run2-layer2_quid_eps0.3_random_qdetection.csv
  Confusion matrix saved → depo_eps0.3/depo-qmlp-mnist-quid-run2-layer2_quid_eps0.3_random_qdetection_cm.png

--------------------------------------------------------------------
 [Run 2 | eps=0.5 | quid | none]
  Model: eps0.5/qmlp-mnist-quid-run2-layer2-noiseless-Angle_eps0.5_quid_none.pt
  Poisoned replay: 3500 samples
  Weights loaded. Running noisy inference ...
  Accuracy    : 0.0982
  Loss        : 2.3561
  Precision   : 0.1098
  Recall      : 0.1002
  F1          : 0.1048
  Fpr         : 0.1000
  Fnr         : 0.8998
  Roc_auc     : 0.4906
  Pr_auc      : 0.1058
  Asr         : 54.6000
  Metrics saved → depo_eps0.5/depo-qmlp-mnist-quid-run2-layer2_quid_eps0.5_quid_none.csv
  Confusion matrix saved → depo_eps0.5/depo-qmlp-mnist-quid-run2-layer2_quid_eps0.5_quid_none_cm.png

--------------------------------------------------------------------
 [Run 2 | eps=0.5 | quid | q-detection]
  Model: eps0.5/qmlp-mnist-quid-run2-layer2-noiseless-Angle_eps0.5_quid_qdetection.pt
  Poisoned replay: 3500 samples
  Weights loaded. Running noisy inference ...
  Accuracy    : 0.0982
  Loss        : 2.3736
  Precision   : 0.1098
  Recall      : 0.1002
  F1          : 0.1048
  Fpr         : 0.1000
  Fnr         : 0.8998
  Roc_auc     : 0.4871
  Pr_auc      : 0.1058
  Asr         : 54.8000
  Metrics saved → depo_eps0.5/depo-qmlp-mnist-quid-run2-layer2_quid_eps0.5_quid_qdetection.csv
  Confusion matrix saved → depo_eps0.5/depo-qmlp-mnist-quid-run2-layer2_quid_eps0.5_quid_qdetection_cm.png

--------------------------------------------------------------------
 [Run 2 | eps=0.5 | random | none]
  Model: eps0.5/qmlp-mnist-quid-run2-layer2-noiseless-Angle_eps0.5_random_none.pt
  Poisoned replay: 3500 samples
  Weights loaded. Running noisy inference ...
  Accuracy    : 0.3658
  Loss        : 2.1398
  Precision   : 0.3037
  Recall      : 0.3565
  F1          : 0.3280
  Fpr         : 0.0707
  Fnr         : 0.6435
  Roc_auc     : 0.7661
  Pr_auc      : 0.3386
  Asr         : 8.0571
  Metrics saved → depo_eps0.5/depo-qmlp-mnist-quid-run2-layer2_quid_eps0.5_random_none.csv
  Confusion matrix saved → depo_eps0.5/depo-qmlp-mnist-quid-run2-layer2_quid_eps0.5_random_none_cm.png

--------------------------------------------------------------------
 [Run 2 | eps=0.5 | random | q-detection]
  Model: eps0.5/qmlp-mnist-quid-run2-layer2-noiseless-Angle_eps0.5_random_qdetection.pt
  Poisoned replay: 3500 samples
  Weights loaded. Running noisy inference ...
  Accuracy    : 0.2178
  Loss        : 2.2263
  Precision   : 0.3429
  Recall      : 0.2198
  F1          : 0.2679
  Fpr         : 0.0869
  Fnr         : 0.7802
  Roc_auc     : 0.7509
  Pr_auc      : 0.3238
  Asr         : 8.2571
  Metrics saved → depo_eps0.5/depo-qmlp-mnist-quid-run2-layer2_quid_eps0.5_random_qdetection.csv
  Confusion matrix saved → depo_eps0.5/depo-qmlp-mnist-quid-run2-layer2_quid_eps0.5_random_qdetection_cm.png

--------------------------------------------------------------------
 [Run 3 | eps=0.1 | quid | none]
  Model: eps0.1/qmlp-mnist-quid-run3-layer2-noiseless-Angle_eps0.1_quid_none.pt
  Poisoned replay: 700 samples
  Weights loaded. Running noisy inference ...
  Accuracy    : 0.3083
  Loss        : 2.0143
  Precision   : 0.2485
  Recall      : 0.2980
  F1          : 0.2710
  Fpr         : 0.0773
  Fnr         : 0.7020
  Roc_auc     : 0.7874
  Pr_auc      : 0.3561
  Asr         : 3.2857
  Metrics saved → depo_eps0.1/depo-qmlp-mnist-quid-run3-layer2_quid_eps0.1_quid_none.csv
  Confusion matrix saved → depo_eps0.1/depo-qmlp-mnist-quid-run3-layer2_quid_eps0.1_quid_none_cm.png

--------------------------------------------------------------------
 [Run 3 | eps=0.1 | quid | q-detection]
  Model: eps0.1/qmlp-mnist-quid-run3-layer2-noiseless-Angle_eps0.1_quid_qdetection.pt
  Poisoned replay: 700 samples
  Weights loaded. Running noisy inference ...
  Accuracy    : 0.2967
  Loss        : 2.0997
  Precision   : 0.3825
  Recall      : 0.2918
  F1          : 0.3311
  Fpr         : 0.0785
  Fnr         : 0.7082
  Roc_auc     : 0.7788
  Pr_auc      : 0.3472
  Asr         : 3.7143
  Metrics saved → depo_eps0.1/depo-qmlp-mnist-quid-run3-layer2_quid_eps0.1_quid_qdetection.csv
  Confusion matrix saved → depo_eps0.1/depo-qmlp-mnist-quid-run3-layer2_quid_eps0.1_quid_qdetection_cm.png

--------------------------------------------------------------------
 [Run 3 | eps=0.1 | random | none]
  Model: eps0.1/qmlp-mnist-quid-run3-layer2-noiseless-Angle_eps0.1_random_none.pt
  Poisoned replay: 700 samples
  Weights loaded. Running noisy inference ...
  Accuracy    : 0.3832
  Loss        : 1.9884
  Precision   : 0.3629
  Recall      : 0.3756
  F1          : 0.3692
  Fpr         : 0.0687
  Fnr         : 0.6244
  Roc_auc     : 0.7805
  Pr_auc      : 0.3498
  Asr         : 7.4286
  Metrics saved → depo_eps0.1/depo-qmlp-mnist-quid-run3-layer2_quid_eps0.1_random_none.csv
  Confusion matrix saved → depo_eps0.1/depo-qmlp-mnist-quid-run3-layer2_quid_eps0.1_random_none_cm.png

--------------------------------------------------------------------
 [Run 3 | eps=0.1 | random | q-detection]
  Model: eps0.1/qmlp-mnist-quid-run3-layer2-noiseless-Angle_eps0.1_random_qdetection.pt
  Poisoned replay: 700 samples
  Weights loaded. Running noisy inference ...
  Accuracy    : 0.3109
  Loss        : 2.0460
  Precision   : 0.3417
  Recall      : 0.3035
  F1          : 0.3215
  Fpr         : 0.0767
  Fnr         : 0.6965
  Roc_auc     : 0.7920
  Pr_auc      : 0.3495
  Asr         : 7.5714
  Metrics saved → depo_eps0.1/depo-qmlp-mnist-quid-run3-layer2_quid_eps0.1_random_qdetection.csv
  Confusion matrix saved → depo_eps0.1/depo-qmlp-mnist-quid-run3-layer2_quid_eps0.1_random_qdetection_cm.png

--------------------------------------------------------------------
 [Run 3 | eps=0.3 | quid | none]
  Model: eps0.3/qmlp-mnist-quid-run3-layer2-noiseless-Angle_eps0.3_quid_none.pt
  Poisoned replay: 2100 samples
  Weights loaded. Running noisy inference ...
  Accuracy    : 0.0713
  Loss        : 2.3595
  Precision   : 0.0074
  Recall      : 0.0728
  F1          : 0.0135
  Fpr         : 0.1030
  Fnr         : 0.9272
  Roc_auc     : 0.4938
  Pr_auc      : 0.1279
  Asr         : 58.1905
  Metrics saved → depo_eps0.3/depo-qmlp-mnist-quid-run3-layer2_quid_eps0.3_quid_none.csv
  Confusion matrix saved → depo_eps0.3/depo-qmlp-mnist-quid-run3-layer2_quid_eps0.3_quid_none_cm.png

--------------------------------------------------------------------
 [Run 3 | eps=0.3 | quid | q-detection]
  Model: eps0.3/qmlp-mnist-quid-run3-layer2-noiseless-Angle_eps0.3_quid_qdetection.pt
  Poisoned replay: 2100 samples
  Weights loaded. Running noisy inference ...
  Accuracy    : 0.1536
  Loss        : 2.2406
  Precision   : 0.1948
  Recall      : 0.1543
  F1          : 0.1722
  Fpr         : 0.0945
  Fnr         : 0.8457
  Roc_auc     : 0.5927
  Pr_auc      : 0.1668
  Asr         : 43.5714
  Metrics saved → depo_eps0.3/depo-qmlp-mnist-quid-run3-layer2_quid_eps0.3_quid_qdetection.csv
  Confusion matrix saved → depo_eps0.3/depo-qmlp-mnist-quid-run3-layer2_quid_eps0.3_quid_qdetection_cm.png

--------------------------------------------------------------------
 [Run 3 | eps=0.3 | random | none]
  Model: eps0.3/qmlp-mnist-quid-run3-layer2-noiseless-Angle_eps0.3_random_none.pt
  Poisoned replay: 2100 samples
  Weights loaded. Running noisy inference ...
  Accuracy    : 0.3600
  Loss        : 2.0621
  Precision   : 0.3875
  Recall      : 0.3515
  F1          : 0.3686
  Fpr         : 0.0714
  Fnr         : 0.6485
  Roc_auc     : 0.7727
  Pr_auc      : 0.3367
  Asr         : 7.2381
  Metrics saved → depo_eps0.3/depo-qmlp-mnist-quid-run3-layer2_quid_eps0.3_random_none.csv
  Confusion matrix saved → depo_eps0.3/depo-qmlp-mnist-quid-run3-layer2_quid_eps0.3_random_none_cm.png

--------------------------------------------------------------------
 [Run 3 | eps=0.3 | random | q-detection]
  Model: eps0.3/qmlp-mnist-quid-run3-layer2-noiseless-Angle_eps0.3_random_qdetection.pt
  Poisoned replay: 2100 samples
  Weights loaded. Running noisy inference ...
  Accuracy    : 0.2917
  Loss        : 2.1963
  Precision   : 0.1799
  Recall      : 0.2844
  F1          : 0.2204
  Fpr         : 0.0788
  Fnr         : 0.7156
  Roc_auc     : 0.7365
  Pr_auc      : 0.2907
  Asr         : 8.1905
  Metrics saved → depo_eps0.3/depo-qmlp-mnist-quid-run3-layer2_quid_eps0.3_random_qdetection.csv
  Confusion matrix saved → depo_eps0.3/depo-qmlp-mnist-quid-run3-layer2_quid_eps0.3_random_qdetection_cm.png

--------------------------------------------------------------------
 [Run 3 | eps=0.5 | quid | none]
  Model: eps0.5/qmlp-mnist-quid-run3-layer2-noiseless-Angle_eps0.5_quid_none.pt
  Poisoned replay: 3500 samples
  Weights loaded. Running noisy inference ...
  Accuracy    : 0.0767
  Loss        : 2.4971
  Precision   : 0.0079
  Recall      : 0.0783
  F1          : 0.0144
  Fpr         : 0.1024
  Fnr         : 0.9217
  Roc_auc     : 0.4379
  Pr_auc      : 0.1015
  Asr         : 56.5429
  Metrics saved → depo_eps0.5/depo-qmlp-mnist-quid-run3-layer2_quid_eps0.5_quid_none.csv
  Confusion matrix saved → depo_eps0.5/depo-qmlp-mnist-quid-run3-layer2_quid_eps0.5_quid_none_cm.png

--------------------------------------------------------------------
 [Run 3 | eps=0.5 | quid | q-detection]
  Model: eps0.5/qmlp-mnist-quid-run3-layer2-noiseless-Angle_eps0.5_quid_qdetection.pt
  Poisoned replay: 3500 samples
  Weights loaded. Running noisy inference ...
  Accuracy    : 0.0744
  Loss        : 2.5882
  Precision   : 0.0077
  Recall      : 0.0759
  F1          : 0.0140
  Fpr         : 0.1027
  Fnr         : 0.9241
  Roc_auc     : 0.4291
  Pr_auc      : 0.0950
  Asr         : 56.7429
  Metrics saved → depo_eps0.5/depo-qmlp-mnist-quid-run3-layer2_quid_eps0.5_quid_qdetection.csv
  Confusion matrix saved → depo_eps0.5/depo-qmlp-mnist-quid-run3-layer2_quid_eps0.5_quid_qdetection_cm.png

--------------------------------------------------------------------
 [Run 3 | eps=0.5 | random | none]
  Model: eps0.5/qmlp-mnist-quid-run3-layer2-noiseless-Angle_eps0.5_random_none.pt
  Poisoned replay: 3500 samples
  Weights loaded. Running noisy inference ...
  Accuracy    : 0.3574
  Loss        : 2.1148
  Precision   : 0.3353
  Recall      : 0.3483
  F1          : 0.3417
  Fpr         : 0.0717
  Fnr         : 0.6517
  Roc_auc     : 0.7806
  Pr_auc      : 0.3408
  Asr         : 7.6000
  Metrics saved → depo_eps0.5/depo-qmlp-mnist-quid-run3-layer2_quid_eps0.5_random_none.csv
  Confusion matrix saved → depo_eps0.5/depo-qmlp-mnist-quid-run3-layer2_quid_eps0.5_random_none_cm.png

--------------------------------------------------------------------
 [Run 3 | eps=0.5 | random | q-detection]
  Model: eps0.5/qmlp-mnist-quid-run3-layer2-noiseless-Angle_eps0.5_random_qdetection.pt
  Poisoned replay: 3500 samples
  Weights loaded. Running noisy inference ...
  Accuracy    : 0.2436
  Loss        : 2.2341
  Precision   : 0.2265
  Recall      : 0.2353
  F1          : 0.2308
  Fpr         : 0.0841
  Fnr         : 0.7647
  Roc_auc     : 0.7245
  Pr_auc      : 0.2808
  Asr         : 8.4571
  Metrics saved → depo_eps0.5/depo-qmlp-mnist-quid-run3-layer2_quid_eps0.5_random_qdetection.csv
  Confusion matrix saved → depo_eps0.5/depo-qmlp-mnist-quid-run3-layer2_quid_eps0.5_random_qdetection_cm.png

====================================================================
 Done. Evaluated 36 model(s), skipped 0.
 Summary → depo_runs/depo_quid_qdetection_MNIST_angle_l2_summary.csv
====================================================================
