============================================================
 Job        : hng_mn_ang_l2
 Job ID     : 14262
 Node       : hopper002
 CPUs       : 16
 Start      : Sat Mar 14 01:15:22 PM MDT 2026
============================================================

[ENV] Python     : /home/msrahman3/work/Nowmi/Sok/quid_env/bin/python
[ENV] Python ver : Python 3.10.19
[ENV] Working dir: /home/msrahman3/work/Nowmi/Sok/huang-backdoor/MNIST/angle/layer2
[ENV] CUDA avail : True
[ENV] GPU info   : 
[ENV] PennyLane  : 0.42.3

[Data] Checking MNIST files in /home/msrahman3/work/Nowmi/Sok/huang-backdoor/MNIST/MNIST ...
       FOUND    train-images-idx3-ubyte
       FOUND    train-labels-idx1-ubyte
       FOUND    t10k-images-idx3-ubyte
       FOUND    t10k-labels-idx1-ubyte

[RUN] Starting at Sat Mar 14 01:15:32 PM MDT 2026

[Config] Main device : cuda
[Config] CPU threads : 16
[Config] N_LAYERS    : 2
====================================================================
 Huang & Zhang (2023) Backdoor — Angle QMLP Replication
 Qubits=9  Layers=2  Encoding=Angle
 Target=7  eps=0.2  (c,sigma)=(1.0,2.0)
 Poison ratios : [0.1, 0.3, 0.5]
 Runs/ratio    : 1   CPU threads: 16
====================================================================
[Data] Full train : (60000, 9)   Test : (10000, 9)
[Data] Stratified train: (7000, 9)  Test: (10000, 9)

====================================================================
 PHASE 1 — Proxy model training (clean, seed=42)
====================================================================
[PennyLane] lightning.qubit active
  Epoch  1 | Batch   10 | Acc:   9.38%  Loss: 2.3207
  Epoch  1 | Batch   20 | Acc:  10.47%  Loss: 2.3218
  Epoch  1 | Batch   30 | Acc:  10.05%  Loss: 2.3161
  Epoch  1 | Batch   40 | Acc:   9.80%  Loss: 2.3093
  Epoch  1 | Batch   50 | Acc:   9.56%  Loss: 2.3091
  Epoch  1 | Batch   60 | Acc:   9.74%  Loss: 2.2981
  Epoch  1 | Batch   70 | Acc:   9.82%  Loss: 2.2955
  Epoch  1 | Batch   80 | Acc:  10.21%  Loss: 2.2927
  Epoch  1 | Batch   90 | Acc:  10.23%  Loss: 2.2981
  Epoch  1 | Batch  100 | Acc:  10.09%  Loss: 2.2992
  Epoch  1 | Batch  110 | Acc:   9.99%  Loss: 2.2983
  [Proxy] Epoch  1  tr_loss=2.3054  tr_acc=9.99%  te_loss=2.2909  te_acc=8.98%
  Epoch  2 | Batch   10 | Acc:   8.91%  Loss: 2.2880
  Epoch  2 | Batch   20 | Acc:  10.16%  Loss: 2.2838
  Epoch  2 | Batch   30 | Acc:   9.79%  Loss: 2.2854
  Epoch  2 | Batch   40 | Acc:  10.16%  Loss: 2.2777
  Epoch  2 | Batch   50 | Acc:  10.03%  Loss: 2.2801
  Epoch  2 | Batch   60 | Acc:  10.23%  Loss: 2.2754
  Epoch  2 | Batch   70 | Acc:  10.31%  Loss: 2.2739
  Epoch  2 | Batch   80 | Acc:  10.57%  Loss: 2.2694
  Epoch  2 | Batch   90 | Acc:  10.66%  Loss: 2.2636
  Epoch  2 | Batch  100 | Acc:  10.81%  Loss: 2.2601
  Epoch  2 | Batch  110 | Acc:  11.26%  Loss: 2.2615
  [Proxy] Epoch  2  tr_loss=2.2744  tr_acc=11.26%  te_loss=2.2597  te_acc=16.13%
  Epoch  3 | Batch   10 | Acc:  15.31%  Loss: 2.2628
  Epoch  3 | Batch   20 | Acc:  16.95%  Loss: 2.2592
  Epoch  3 | Batch   30 | Acc:  18.59%  Loss: 2.2497
  Epoch  3 | Batch   40 | Acc:  19.26%  Loss: 2.2462
  Epoch  3 | Batch   50 | Acc:  19.41%  Loss: 2.2493
  Epoch  3 | Batch   60 | Acc:  19.51%  Loss: 2.2430
  Epoch  3 | Batch   70 | Acc:  19.93%  Loss: 2.2382
  Epoch  3 | Batch   80 | Acc:  20.35%  Loss: 2.2322
  Epoch  3 | Batch   90 | Acc:  20.52%  Loss: 2.2314
  Epoch  3 | Batch  100 | Acc:  20.89%  Loss: 2.2226
  Epoch  3 | Batch  110 | Acc:  20.84%  Loss: 2.2315
  [Proxy] Epoch  3  tr_loss=2.2424  tr_acc=20.84%  te_loss=2.2218  te_acc=22.53%
  Epoch  4 | Batch   10 | Acc:  21.88%  Loss: 2.2207
  Epoch  4 | Batch   20 | Acc:  22.27%  Loss: 2.2188
  Epoch  4 | Batch   30 | Acc:  21.09%  Loss: 2.2216
  Epoch  4 | Batch   40 | Acc:  21.84%  Loss: 2.2118
  Epoch  4 | Batch   50 | Acc:  22.19%  Loss: 2.2079
  Epoch  4 | Batch   60 | Acc:  22.42%  Loss: 2.1999
  Epoch  4 | Batch   70 | Acc:  22.63%  Loss: 2.1927
  Epoch  4 | Batch   80 | Acc:  22.85%  Loss: 2.1823
  Epoch  4 | Batch   90 | Acc:  22.40%  Loss: 2.1970
  Epoch  4 | Batch  100 | Acc:  22.38%  Loss: 2.1824
  Epoch  4 | Batch  110 | Acc:  22.36%  Loss: 2.1671
  [Proxy] Epoch  4  tr_loss=2.2002  tr_acc=22.36%  te_loss=2.1731  te_acc=24.09%
  Epoch  5 | Batch   10 | Acc:  25.16%  Loss: 2.1683
  Epoch  5 | Batch   20 | Acc:  23.59%  Loss: 2.1730
  Epoch  5 | Batch   30 | Acc:  22.92%  Loss: 2.1665
  Epoch  5 | Batch   40 | Acc:  22.66%  Loss: 2.1745
  Epoch  5 | Batch   50 | Acc:  23.25%  Loss: 2.1485
  Epoch  5 | Batch   60 | Acc:  23.26%  Loss: 2.1506
  Epoch  5 | Batch   70 | Acc:  23.59%  Loss: 2.1454
  Epoch  5 | Batch   80 | Acc:  23.44%  Loss: 2.1501
  Epoch  5 | Batch   90 | Acc:  24.03%  Loss: 2.1277
  Epoch  5 | Batch  100 | Acc:  24.11%  Loss: 2.1295
  Epoch  5 | Batch  110 | Acc:  24.41%  Loss: 2.1068
  [Proxy] Epoch  5  tr_loss=2.1492  tr_acc=24.41%  te_loss=2.1196  te_acc=26.86%
  Epoch  6 | Batch   10 | Acc:  24.84%  Loss: 2.1186
  Epoch  6 | Batch   20 | Acc:  27.66%  Loss: 2.0955
  Epoch  6 | Batch   30 | Acc:  26.88%  Loss: 2.1214
  Epoch  6 | Batch   40 | Acc:  26.13%  Loss: 2.1165
  Epoch  6 | Batch   50 | Acc:  26.53%  Loss: 2.1045
  Epoch  6 | Batch   60 | Acc:  26.30%  Loss: 2.1017
  Epoch  6 | Batch   70 | Acc:  26.29%  Loss: 2.0993
  Epoch  6 | Batch   80 | Acc:  26.41%  Loss: 2.1084
  Epoch  6 | Batch   90 | Acc:  26.51%  Loss: 2.0820
  Epoch  6 | Batch  100 | Acc:  27.00%  Loss: 2.0623
  Epoch  6 | Batch  110 | Acc:  27.06%  Loss: 2.0941
  [Proxy] Epoch  6  tr_loss=2.1004  tr_acc=27.06%  te_loss=2.0730  te_acc=29.11%
  Epoch  7 | Batch   10 | Acc:  25.78%  Loss: 2.0875
  Epoch  7 | Batch   20 | Acc:  27.89%  Loss: 2.0663
  Epoch  7 | Batch   30 | Acc:  27.86%  Loss: 2.0691
  Epoch  7 | Batch   40 | Acc:  28.05%  Loss: 2.0444
  Epoch  7 | Batch   50 | Acc:  27.94%  Loss: 2.0566
  Epoch  7 | Batch   60 | Acc:  27.97%  Loss: 2.0499
  Epoch  7 | Batch   70 | Acc:  27.70%  Loss: 2.0642
  Epoch  7 | Batch   80 | Acc:  27.44%  Loss: 2.0756
  Epoch  7 | Batch   90 | Acc:  27.62%  Loss: 2.0522
  Epoch  7 | Batch  100 | Acc:  27.89%  Loss: 2.0597
  Epoch  7 | Batch  110 | Acc:  27.96%  Loss: 2.0150
  [Proxy] Epoch  7  tr_loss=2.0582  tr_acc=27.96%  te_loss=2.0352  te_acc=30.25%
  Epoch  8 | Batch   10 | Acc:  30.78%  Loss: 2.0443
  Epoch  8 | Batch   20 | Acc:  32.03%  Loss: 2.0096
  Epoch  8 | Batch   30 | Acc:  31.20%  Loss: 2.0454
  Epoch  8 | Batch   40 | Acc:  30.74%  Loss: 2.0121
  Epoch  8 | Batch   50 | Acc:  30.62%  Loss: 2.0345
  Epoch  8 | Batch   60 | Acc:  30.31%  Loss: 2.0411
  Epoch  8 | Batch   70 | Acc:  30.27%  Loss: 2.0241
  Epoch  8 | Batch   80 | Acc:  30.51%  Loss: 2.0248
  Epoch  8 | Batch   90 | Acc:  30.33%  Loss: 2.0244
  Epoch  8 | Batch  100 | Acc:  30.31%  Loss: 2.0166
  Epoch  8 | Batch  110 | Acc:  30.20%  Loss: 2.0139
  [Proxy] Epoch  8  tr_loss=2.0264  tr_acc=30.20%  te_loss=2.0057  te_acc=31.22%
  Epoch  9 | Batch   10 | Acc:  28.44%  Loss: 2.0184
  Epoch  9 | Batch   20 | Acc:  29.61%  Loss: 2.0080
  Epoch  9 | Batch   30 | Acc:  30.52%  Loss: 2.0047
  Epoch  9 | Batch   40 | Acc:  30.23%  Loss: 2.0031
  Epoch  9 | Batch   50 | Acc:  30.19%  Loss: 2.0052
  Epoch  9 | Batch   60 | Acc:  30.13%  Loss: 2.0169
  Epoch  9 | Batch   70 | Acc:  30.47%  Loss: 1.9961
  Epoch  9 | Batch   80 | Acc:  30.70%  Loss: 2.0097
  Epoch  9 | Batch   90 | Acc:  30.94%  Loss: 1.9805
  Epoch  9 | Batch  100 | Acc:  31.19%  Loss: 1.9583
  Epoch  9 | Batch  110 | Acc:  31.00%  Loss: 1.9872
  [Proxy] Epoch  9  tr_loss=1.9989  tr_acc=31.00%  te_loss=1.9804  te_acc=33.38%
  Epoch 10 | Batch   10 | Acc:  31.41%  Loss: 1.9877
  Epoch 10 | Batch   20 | Acc:  30.62%  Loss: 1.9938
  Epoch 10 | Batch   30 | Acc:  30.68%  Loss: 2.0073
  Epoch 10 | Batch   40 | Acc:  31.52%  Loss: 1.9768
  Epoch 10 | Batch   50 | Acc:  31.81%  Loss: 1.9684
  Epoch 10 | Batch   60 | Acc:  31.98%  Loss: 1.9508
  Epoch 10 | Batch   70 | Acc:  31.92%  Loss: 1.9699
  Epoch 10 | Batch   80 | Acc:  31.91%  Loss: 1.9738
  Epoch 10 | Batch   90 | Acc:  32.20%  Loss: 1.9565
  Epoch 10 | Batch  100 | Acc:  32.33%  Loss: 1.9821
  Epoch 10 | Batch  110 | Acc:  32.34%  Loss: 1.9676
  [Proxy] Epoch 10  tr_loss=1.9759  tr_acc=32.34%  te_loss=1.9562  te_acc=33.95%
  Epoch 11 | Batch   10 | Acc:  37.34%  Loss: 1.9347
  Epoch 11 | Batch   20 | Acc:  35.47%  Loss: 1.9725
  Epoch 11 | Batch   30 | Acc:  34.64%  Loss: 1.9462
  Epoch 11 | Batch   40 | Acc:  33.71%  Loss: 1.9510
  Epoch 11 | Batch   50 | Acc:  33.41%  Loss: 1.9395
  Epoch 11 | Batch   60 | Acc:  33.02%  Loss: 1.9777
  Epoch 11 | Batch   70 | Acc:  32.75%  Loss: 1.9700
  Epoch 11 | Batch   80 | Acc:  32.54%  Loss: 1.9613
  Epoch 11 | Batch   90 | Acc:  32.53%  Loss: 1.9519
  Epoch 11 | Batch  100 | Acc:  32.53%  Loss: 1.9558
  Epoch 11 | Batch  110 | Acc:  32.60%  Loss: 1.9234
  [Proxy] Epoch 11  tr_loss=1.9531  tr_acc=32.60%  te_loss=1.9351  te_acc=35.26%
  Epoch 12 | Batch   10 | Acc:  35.00%  Loss: 1.9563
  Epoch 12 | Batch   20 | Acc:  36.48%  Loss: 1.9462
  Epoch 12 | Batch   30 | Acc:  35.42%  Loss: 1.9278
  Epoch 12 | Batch   40 | Acc:  35.04%  Loss: 1.9300
  Epoch 12 | Batch   50 | Acc:  35.06%  Loss: 1.9278
  Epoch 12 | Batch   60 | Acc:  34.79%  Loss: 1.9162
  Epoch 12 | Batch   70 | Acc:  34.46%  Loss: 1.9346
  Epoch 12 | Batch   80 | Acc:  34.55%  Loss: 1.9184
  Epoch 12 | Batch   90 | Acc:  34.69%  Loss: 1.9305
  Epoch 12 | Batch  100 | Acc:  34.72%  Loss: 1.9230
  Epoch 12 | Batch  110 | Acc:  34.61%  Loss: 1.9559
  [Proxy] Epoch 12  tr_loss=1.9333  tr_acc=34.61%  te_loss=1.9143  te_acc=36.15%
  Epoch 13 | Batch   10 | Acc:  37.34%  Loss: 1.8848
  Epoch 13 | Batch   20 | Acc:  35.86%  Loss: 1.9067
  Epoch 13 | Batch   30 | Acc:  36.30%  Loss: 1.9113
  Epoch 13 | Batch   40 | Acc:  36.17%  Loss: 1.9157
  Epoch 13 | Batch   50 | Acc:  35.66%  Loss: 1.9221
  Epoch 13 | Batch   60 | Acc:  35.86%  Loss: 1.9026
  Epoch 13 | Batch   70 | Acc:  35.83%  Loss: 1.9123
  Epoch 13 | Batch   80 | Acc:  35.39%  Loss: 1.9372
  Epoch 13 | Batch   90 | Acc:  35.36%  Loss: 1.9157
  Epoch 13 | Batch  100 | Acc:  35.47%  Loss: 1.9194
  Epoch 13 | Batch  110 | Acc:  35.64%  Loss: 1.9004
  [Proxy] Epoch 13  tr_loss=1.9117  tr_acc=35.64%  te_loss=1.8934  te_acc=36.72%
  Epoch 14 | Batch   10 | Acc:  34.84%  Loss: 1.8900
  Epoch 14 | Batch   20 | Acc:  34.61%  Loss: 1.9273
  Epoch 14 | Batch   30 | Acc:  35.05%  Loss: 1.8905
  Epoch 14 | Batch   40 | Acc:  35.51%  Loss: 1.9072
  Epoch 14 | Batch   50 | Acc:  35.91%  Loss: 1.8727
  Epoch 14 | Batch   60 | Acc:  36.20%  Loss: 1.8829
  Epoch 14 | Batch   70 | Acc:  36.09%  Loss: 1.8958
  Epoch 14 | Batch   80 | Acc:  36.02%  Loss: 1.8840
  Epoch 14 | Batch   90 | Acc:  35.71%  Loss: 1.8927
  Epoch 14 | Batch  100 | Acc:  36.03%  Loss: 1.8830
  Epoch 14 | Batch  110 | Acc:  36.01%  Loss: 1.8758
  [Proxy] Epoch 14  tr_loss=1.8911  tr_acc=36.01%  te_loss=1.8715  te_acc=38.05%
  Epoch 15 | Batch   10 | Acc:  35.31%  Loss: 1.8811
  Epoch 15 | Batch   20 | Acc:  35.55%  Loss: 1.8992
  Epoch 15 | Batch   30 | Acc:  36.51%  Loss: 1.8746
  Epoch 15 | Batch   40 | Acc:  36.64%  Loss: 1.8736
  Epoch 15 | Batch   50 | Acc:  37.19%  Loss: 1.8574
  Epoch 15 | Batch   60 | Acc:  37.40%  Loss: 1.8335
  Epoch 15 | Batch   70 | Acc:  36.92%  Loss: 1.9168
  Epoch 15 | Batch   80 | Acc:  37.38%  Loss: 1.8624
  Epoch 15 | Batch   90 | Acc:  37.38%  Loss: 1.8526
  Epoch 15 | Batch  100 | Acc:  37.34%  Loss: 1.8802
  Epoch 15 | Batch  110 | Acc:  37.31%  Loss: 1.8714
  [Proxy] Epoch 15  tr_loss=1.8730  tr_acc=37.31%  te_loss=1.8509  te_acc=38.81%
  Epoch 16 | Batch   10 | Acc:  39.06%  Loss: 1.8511
  Epoch 16 | Batch   20 | Acc:  37.89%  Loss: 1.8466
  Epoch 16 | Batch   30 | Acc:  38.07%  Loss: 1.8723
  Epoch 16 | Batch   40 | Acc:  37.77%  Loss: 1.8643
  Epoch 16 | Batch   50 | Acc:  37.75%  Loss: 1.8577
  Epoch 16 | Batch   60 | Acc:  37.19%  Loss: 1.8678
  Epoch 16 | Batch   70 | Acc:  37.43%  Loss: 1.8363
  Epoch 16 | Batch   80 | Acc:  37.50%  Loss: 1.8447
  Epoch 16 | Batch   90 | Acc:  37.36%  Loss: 1.8517
  Epoch 16 | Batch  100 | Acc:  37.70%  Loss: 1.8477
  Epoch 16 | Batch  110 | Acc:  37.70%  Loss: 1.8489
  [Proxy] Epoch 16  tr_loss=1.8536  tr_acc=37.70%  te_loss=1.8319  te_acc=39.64%
  Epoch 17 | Batch   10 | Acc:  37.50%  Loss: 1.8711
  Epoch 17 | Batch   20 | Acc:  37.42%  Loss: 1.8464
  Epoch 17 | Batch   30 | Acc:  37.97%  Loss: 1.8295
  Epoch 17 | Batch   40 | Acc:  39.38%  Loss: 1.7882
  Epoch 17 | Batch   50 | Acc:  39.41%  Loss: 1.8363
  Epoch 17 | Batch   60 | Acc:  39.04%  Loss: 1.8566
  Epoch 17 | Batch   70 | Acc:  38.91%  Loss: 1.8176
  Epoch 17 | Batch   80 | Acc:  38.63%  Loss: 1.8492
  Epoch 17 | Batch   90 | Acc:  38.51%  Loss: 1.8398
  Epoch 17 | Batch  100 | Acc:  38.50%  Loss: 1.8087
  Epoch 17 | Batch  110 | Acc:  38.26%  Loss: 1.8143
  [Proxy] Epoch 17  tr_loss=1.8325  tr_acc=38.26%  te_loss=1.8108  te_acc=40.79%
  Epoch 18 | Batch   10 | Acc:  42.34%  Loss: 1.8016
  Epoch 18 | Batch   20 | Acc:  41.25%  Loss: 1.8187
  Epoch 18 | Batch   30 | Acc:  39.90%  Loss: 1.8257
  Epoch 18 | Batch   40 | Acc:  39.88%  Loss: 1.8087
  Epoch 18 | Batch   50 | Acc:  39.59%  Loss: 1.8215
  Epoch 18 | Batch   60 | Acc:  39.17%  Loss: 1.8359
  Epoch 18 | Batch   70 | Acc:  38.84%  Loss: 1.8251
  Epoch 18 | Batch   80 | Acc:  38.67%  Loss: 1.8126
  Epoch 18 | Batch   90 | Acc:  38.96%  Loss: 1.7986
  Epoch 18 | Batch  100 | Acc:  39.23%  Loss: 1.7960
  Epoch 18 | Batch  110 | Acc:  39.31%  Loss: 1.7941
  [Proxy] Epoch 18  tr_loss=1.8126  tr_acc=39.31%  te_loss=1.7917  te_acc=41.28%
  Epoch 19 | Batch   10 | Acc:  42.34%  Loss: 1.8013
  Epoch 19 | Batch   20 | Acc:  41.56%  Loss: 1.8199
  Epoch 19 | Batch   30 | Acc:  40.83%  Loss: 1.8008
  Epoch 19 | Batch   40 | Acc:  40.35%  Loss: 1.8039
  Epoch 19 | Batch   50 | Acc:  40.19%  Loss: 1.8223
  Epoch 19 | Batch   60 | Acc:  39.97%  Loss: 1.7786
  Epoch 19 | Batch   70 | Acc:  40.20%  Loss: 1.7372
  Epoch 19 | Batch   80 | Acc:  40.16%  Loss: 1.8143
  Epoch 19 | Batch   90 | Acc:  40.50%  Loss: 1.7795
  Epoch 19 | Batch  100 | Acc:  40.36%  Loss: 1.8107
  Epoch 19 | Batch  110 | Acc:  40.46%  Loss: 1.7786
  [Proxy] Epoch 19  tr_loss=1.7952  tr_acc=40.46%  te_loss=1.7734  te_acc=41.97%
  Epoch 20 | Batch   10 | Acc:  36.09%  Loss: 1.8414
  Epoch 20 | Batch   20 | Acc:  36.72%  Loss: 1.8138
  Epoch 20 | Batch   30 | Acc:  38.07%  Loss: 1.7682
  Epoch 20 | Batch   40 | Acc:  39.26%  Loss: 1.7382
  Epoch 20 | Batch   50 | Acc:  39.97%  Loss: 1.7683
  Epoch 20 | Batch   60 | Acc:  40.60%  Loss: 1.7821
  Epoch 20 | Batch   70 | Acc:  40.33%  Loss: 1.8212
  Epoch 20 | Batch   80 | Acc:  40.12%  Loss: 1.7479
  Epoch 20 | Batch   90 | Acc:  40.33%  Loss: 1.7328
  Epoch 20 | Batch  100 | Acc:  40.41%  Loss: 1.7614
  Epoch 20 | Batch  110 | Acc:  40.21%  Loss: 1.7807
  [Proxy] Epoch 20  tr_loss=1.7778  tr_acc=40.21%  te_loss=1.7539  te_acc=42.63%
  Epoch 21 | Batch   10 | Acc:  41.72%  Loss: 1.7598
  Epoch 21 | Batch   20 | Acc:  40.23%  Loss: 1.7832
  Epoch 21 | Batch   30 | Acc:  40.05%  Loss: 1.7691
  Epoch 21 | Batch   40 | Acc:  40.27%  Loss: 1.7774
  Epoch 21 | Batch   50 | Acc:  40.03%  Loss: 1.7660
  Epoch 21 | Batch   60 | Acc:  41.20%  Loss: 1.7311
  Epoch 21 | Batch   70 | Acc:  41.16%  Loss: 1.7412
  Epoch 21 | Batch   80 | Acc:  40.88%  Loss: 1.8029
  Epoch 21 | Batch   90 | Acc:  40.89%  Loss: 1.7519
  Epoch 21 | Batch  100 | Acc:  41.08%  Loss: 1.7136
  Epoch 21 | Batch  110 | Acc:  41.16%  Loss: 1.7610
  [Proxy] Epoch 21  tr_loss=1.7597  tr_acc=41.16%  te_loss=1.7344  te_acc=43.38%
  Epoch 22 | Batch   10 | Acc:  40.94%  Loss: 1.7571
  Epoch 22 | Batch   20 | Acc:  41.64%  Loss: 1.7505
  Epoch 22 | Batch   30 | Acc:  42.55%  Loss: 1.7357
  Epoch 22 | Batch   40 | Acc:  42.19%  Loss: 1.7684
  Epoch 22 | Batch   50 | Acc:  42.22%  Loss: 1.7341
  Epoch 22 | Batch   60 | Acc:  42.47%  Loss: 1.7045
  Epoch 22 | Batch   70 | Acc:  42.50%  Loss: 1.7463
  Epoch 22 | Batch   80 | Acc:  42.29%  Loss: 1.7556
  Epoch 22 | Batch   90 | Acc:  42.20%  Loss: 1.7313
  Epoch 22 | Batch  100 | Acc:  41.81%  Loss: 1.7454
  Epoch 22 | Batch  110 | Acc:  42.16%  Loss: 1.7408
  [Proxy] Epoch 22  tr_loss=1.7427  tr_acc=42.16%  te_loss=1.7176  te_acc=43.80%
  Epoch 23 | Batch   10 | Acc:  45.47%  Loss: 1.7303
  Epoch 23 | Batch   20 | Acc:  43.05%  Loss: 1.7608
  Epoch 23 | Batch   30 | Acc:  42.66%  Loss: 1.7170
  Epoch 23 | Batch   40 | Acc:  42.73%  Loss: 1.7050
  Epoch 23 | Batch   50 | Acc:  42.59%  Loss: 1.7402
  Epoch 23 | Batch   60 | Acc:  42.86%  Loss: 1.7153
  Epoch 23 | Batch   70 | Acc:  42.88%  Loss: 1.6836
  Epoch 23 | Batch   80 | Acc:  42.71%  Loss: 1.7082
  Epoch 23 | Batch   90 | Acc:  42.52%  Loss: 1.7277
  Epoch 23 | Batch  100 | Acc:  42.72%  Loss: 1.7510
  Epoch 23 | Batch  110 | Acc:  42.47%  Loss: 1.7447
  [Proxy] Epoch 23  tr_loss=1.7258  tr_acc=42.47%  te_loss=1.7018  te_acc=44.47%
  Epoch 24 | Batch   10 | Acc:  44.84%  Loss: 1.7158
  Epoch 24 | Batch   20 | Acc:  43.67%  Loss: 1.7426
  Epoch 24 | Batch   30 | Acc:  44.79%  Loss: 1.6913
  Epoch 24 | Batch   40 | Acc:  44.57%  Loss: 1.6998
  Epoch 24 | Batch   50 | Acc:  44.00%  Loss: 1.7255
  Epoch 24 | Batch   60 | Acc:  44.06%  Loss: 1.6862
  Epoch 24 | Batch   70 | Acc:  43.95%  Loss: 1.7131
  Epoch 24 | Batch   80 | Acc:  43.52%  Loss: 1.7439
  Epoch 24 | Batch   90 | Acc:  43.54%  Loss: 1.6899
  Epoch 24 | Batch  100 | Acc:  43.39%  Loss: 1.6983
  Epoch 24 | Batch  110 | Acc:  43.14%  Loss: 1.6939
  [Proxy] Epoch 24  tr_loss=1.7091  tr_acc=43.14%  te_loss=1.6846  te_acc=45.06%
  Epoch 25 | Batch   10 | Acc:  43.12%  Loss: 1.6875
  Epoch 25 | Batch   20 | Acc:  42.73%  Loss: 1.7273
  Epoch 25 | Batch   30 | Acc:  43.07%  Loss: 1.6853
  Epoch 25 | Batch   40 | Acc:  42.85%  Loss: 1.7073
  Epoch 25 | Batch   50 | Acc:  43.09%  Loss: 1.7006
  Epoch 25 | Batch   60 | Acc:  43.23%  Loss: 1.6826
  Epoch 25 | Batch   70 | Acc:  43.57%  Loss: 1.7066
  Epoch 25 | Batch   80 | Acc:  43.91%  Loss: 1.6764
  Epoch 25 | Batch   90 | Acc:  43.68%  Loss: 1.7082
  Epoch 25 | Batch  100 | Acc:  43.73%  Loss: 1.6989
  Epoch 25 | Batch  110 | Acc:  43.73%  Loss: 1.6544
  [Proxy] Epoch 25  tr_loss=1.6941  tr_acc=43.73%  te_loss=1.6685  te_acc=45.52%
  Epoch 26 | Batch   10 | Acc:  45.00%  Loss: 1.6801
  Epoch 26 | Batch   20 | Acc:  43.98%  Loss: 1.7061
  Epoch 26 | Batch   30 | Acc:  42.55%  Loss: 1.7044
  Epoch 26 | Batch   40 | Acc:  43.24%  Loss: 1.6440
  Epoch 26 | Batch   50 | Acc:  43.66%  Loss: 1.6740
  Epoch 26 | Batch   60 | Acc:  44.40%  Loss: 1.6520
  Epoch 26 | Batch   70 | Acc:  44.35%  Loss: 1.6798
  Epoch 26 | Batch   80 | Acc:  44.18%  Loss: 1.6776
  Epoch 26 | Batch   90 | Acc:  44.18%  Loss: 1.6728
  Epoch 26 | Batch  100 | Acc:  44.23%  Loss: 1.6843
  Epoch 26 | Batch  110 | Acc:  43.99%  Loss: 1.7050
  [Proxy] Epoch 26  tr_loss=1.6800  tr_acc=43.99%  te_loss=1.6552  te_acc=46.43%
  Epoch 27 | Batch   10 | Acc:  45.00%  Loss: 1.6489
  Epoch 27 | Batch   20 | Acc:  44.38%  Loss: 1.6923
  Epoch 27 | Batch   30 | Acc:  44.38%  Loss: 1.6508
  Epoch 27 | Batch   40 | Acc:  44.10%  Loss: 1.6781
  Epoch 27 | Batch   50 | Acc:  44.81%  Loss: 1.6381
  Epoch 27 | Batch   60 | Acc:  44.95%  Loss: 1.6944
  Epoch 27 | Batch   70 | Acc:  45.27%  Loss: 1.6714
  Epoch 27 | Batch   80 | Acc:  45.20%  Loss: 1.6776
  Epoch 27 | Batch   90 | Acc:  44.97%  Loss: 1.6662
  Epoch 27 | Batch  100 | Acc:  44.88%  Loss: 1.6561
  Epoch 27 | Batch  110 | Acc:  44.97%  Loss: 1.6700
  [Proxy] Epoch 27  tr_loss=1.6676  tr_acc=44.97%  te_loss=1.6395  te_acc=46.58%
  Epoch 28 | Batch   10 | Acc:  48.12%  Loss: 1.6663
  Epoch 28 | Batch   20 | Acc:  46.88%  Loss: 1.6543
  Epoch 28 | Batch   30 | Acc:  45.68%  Loss: 1.6937
  Epoch 28 | Batch   40 | Acc:  46.05%  Loss: 1.6294
  Epoch 28 | Batch   50 | Acc:  45.03%  Loss: 1.6652
  Epoch 28 | Batch   60 | Acc:  45.57%  Loss: 1.6427
  Epoch 28 | Batch   70 | Acc:  45.54%  Loss: 1.6227
  Epoch 28 | Batch   80 | Acc:  45.31%  Loss: 1.6572
  Epoch 28 | Batch   90 | Acc:  45.49%  Loss: 1.6359
  Epoch 28 | Batch  100 | Acc:  45.33%  Loss: 1.6392
  Epoch 28 | Batch  110 | Acc:  45.09%  Loss: 1.6720
  [Proxy] Epoch 28  tr_loss=1.6526  tr_acc=45.09%  te_loss=1.6258  te_acc=47.15%
  Epoch 29 | Batch   10 | Acc:  45.00%  Loss: 1.6529
  Epoch 29 | Batch   20 | Acc:  43.52%  Loss: 1.6555
  Epoch 29 | Batch   30 | Acc:  45.00%  Loss: 1.6280
  Epoch 29 | Batch   40 | Acc:  44.88%  Loss: 1.6786
  Epoch 29 | Batch   50 | Acc:  44.91%  Loss: 1.6298
  Epoch 29 | Batch   60 | Acc:  44.74%  Loss: 1.6369
  Epoch 29 | Batch   70 | Acc:  44.84%  Loss: 1.6227
  Epoch 29 | Batch   80 | Acc:  45.18%  Loss: 1.6594
  Epoch 29 | Batch   90 | Acc:  45.26%  Loss: 1.6444
  Epoch 29 | Batch  100 | Acc:  45.20%  Loss: 1.6105
  Epoch 29 | Batch  110 | Acc:  45.49%  Loss: 1.6027
  [Proxy] Epoch 29  tr_loss=1.6383  tr_acc=45.49%  te_loss=1.6125  te_acc=48.10%
  Epoch 30 | Batch   10 | Acc:  46.56%  Loss: 1.5978
  Epoch 30 | Batch   20 | Acc:  47.27%  Loss: 1.6049
  Epoch 30 | Batch   30 | Acc:  45.73%  Loss: 1.6355
  Epoch 30 | Batch   40 | Acc:  45.66%  Loss: 1.6454
  Epoch 30 | Batch   50 | Acc:  46.34%  Loss: 1.6149
  Epoch 30 | Batch   60 | Acc:  46.17%  Loss: 1.6034
  Epoch 30 | Batch   70 | Acc:  46.29%  Loss: 1.6503
  Epoch 30 | Batch   80 | Acc:  46.11%  Loss: 1.6283
  Epoch 30 | Batch   90 | Acc:  45.92%  Loss: 1.6653
  Epoch 30 | Batch  100 | Acc:  45.83%  Loss: 1.6510
  Epoch 30 | Batch  110 | Acc:  46.04%  Loss: 1.5882
  [Proxy] Epoch 30  tr_loss=1.6259  tr_acc=46.04%  te_loss=1.6008  te_acc=48.05%
  Epoch metrics  -> runs/huang_proxy_epoch_metrics.csv
  [Proxy] Best test CA: 48.10%

====================================================================
 PHASE 2 — Sequential trigger generation (Algorithm 1)
====================================================================
    [Trigger] iter   1/200  fooling_rate=0.674  |delta|_inf=0.2000  elapsed=39.3s
    [Trigger] Converged at iter 1  fooling_rate=0.674
  Trigger saved.  |delta|_inf=0.2000  |delta|_2=0.5657
  Final proxy fooling rate: 0.674

====================================================================
 PHASE 3 — Victim training across poison ratios
====================================================================

────────────────────────────────────────────────────────────────────
 Poison ratio : 0.1
────────────────────────────────────────────────────────────────────
  [Poison] ratio=0.1  poisoned 70/700 target-class samples

  [Best model] ratio=0.1  CA=48.29%  saved -> huang_angle_best_ratio01.pt
  [Ratio 0.1]  CA=48.29+/-0.00%  ASR=0.00+/-0.00%

────────────────────────────────────────────────────────────────────
 Poison ratio : 0.3
────────────────────────────────────────────────────────────────────
  [Poison] ratio=0.3  poisoned 210/700 target-class samples

  [Best model] ratio=0.3  CA=48.62%  saved -> huang_angle_best_ratio03.pt
  [Ratio 0.3]  CA=48.62+/-0.00%  ASR=34.42+/-0.00%

────────────────────────────────────────────────────────────────────
 Poison ratio : 0.5
────────────────────────────────────────────────────────────────────
  [Poison] ratio=0.5  poisoned 350/700 target-class samples

  [Best model] ratio=0.5  CA=43.51%  saved -> huang_angle_best_ratio05.pt
  [Ratio 0.5]  CA=43.51+/-0.00%  ASR=97.50+/-0.00%

====================================================================
 Experiment complete.  Summary -> runs/huang_angle_l2_summary.csv
====================================================================
  Ratio       CA mean   CA std   ASR mean  ASR std
  ────────────────────────────────────────────────
  0.1           48.29     0.00       0.00     0.00
  0.3           48.62     0.00      34.42     0.00
  0.5           43.51     0.00      97.50     0.00
====================================================================

============================================================
 End time  : Sat Mar 14 09:55:25 PM MDT 2026
 Exit code : 0
============================================================
