Python 3.10.19
/home/clalarcon/work/Nowmi/Sok/quid_env/bin/python
Python 3.10.19
========================================
Job ID      : 376609
Node        : cnode006
CPUs        : 8
Start time  : Sun Mar 22 04:58:04 PM MDT 2026
========================================
Changing directory...
Now in: /home/clalarcon/work/Nowmi/Sok/QUID/MNIST/Angle/layer10
Files: depo_job_mnist_ang_l10.slurm
depo_logs
depo_quid_mnist_angle_l10.py
eps0.1
eps0.3
eps0.5
logs
NN_quid_mnist_angle_l10.py
quid_mnist_angle_l10_job.slurm
rho_proto_cache_mnist_angle.npy
runs
Running python script...
[Device] Torch device: cpu
====================================================================
 Depolarizing Noise Evaluation | QUID MNIST-Angle L10 | p=0.01
 Noise backend : default.mixed + DepolarizingChannel (exact, no shots)
 Batch size    : 256
 Models        : 3 runs × 3 eps × 2 attacks × 2 defenses = 36 total
====================================================================
[Data] Train: (60000, 9)  Test: (10000, 9)
[ProtoCache] Loaded 10 prototypes from rho_proto_cache_mnist_angle.npy

--------------------------------------------------------------------
 [Run 1 | eps=0.1 | quid | none]
  Model: eps0.1/qmlp-mnist-quid-run1-layer10-noiseless-Angle_eps0.1_quid_none.pt
  Poisoned replay: 700 samples
  Weights loaded. Running noisy inference ...
  Accuracy    : 0.3754
  Loss        : 2.0967
  Precision   : 0.3566
  Recall      : 0.3657
  F1          : 0.3611
  Fpr         : 0.0697
  Fnr         : 0.6343
  Roc_auc     : 0.8382
  Pr_auc      : 0.4299
  Asr         : 6.2857
  Metrics saved → depo_eps0.1/depo-qmlp-mnist-quid-run1-layer10_quid_eps0.1_quid_none.csv
  Confusion matrix saved → depo_eps0.1/depo-qmlp-mnist-quid-run1-layer10_quid_eps0.1_quid_none_cm.png

--------------------------------------------------------------------
 [Run 1 | eps=0.1 | quid | q-detection]
  Model: eps0.1/qmlp-mnist-quid-run1-layer10-noiseless-Angle_eps0.1_quid_qdetection.pt
  Poisoned replay: 700 samples
  Weights loaded. Running noisy inference ...
  Accuracy    : 0.3014
  Loss        : 2.1957
  Precision   : 0.3461
  Recall      : 0.2922
  F1          : 0.3169
  Fpr         : 0.0779
  Fnr         : 0.7078
  Roc_auc     : 0.7991
  Pr_auc      : 0.3673
  Asr         : 2.4286
  Metrics saved → depo_eps0.1/depo-qmlp-mnist-quid-run1-layer10_quid_eps0.1_quid_qdetection.csv
  Confusion matrix saved → depo_eps0.1/depo-qmlp-mnist-quid-run1-layer10_quid_eps0.1_quid_qdetection_cm.png

--------------------------------------------------------------------
 [Run 1 | eps=0.1 | random | none]
  Model: eps0.1/qmlp-mnist-quid-run1-layer10-noiseless-Angle_eps0.1_random_none.pt
  Poisoned replay: 700 samples
  Weights loaded. Running noisy inference ...
  Accuracy    : 0.4320
  Loss        : 2.0197
  Precision   : 0.4459
  Recall      : 0.4284
  F1          : 0.4370
  Fpr         : 0.0630
  Fnr         : 0.5716
  Roc_auc     : 0.8489
  Pr_auc      : 0.4251
  Asr         : 6.7143
  Metrics saved → depo_eps0.1/depo-qmlp-mnist-quid-run1-layer10_quid_eps0.1_random_none.csv
  Confusion matrix saved → depo_eps0.1/depo-qmlp-mnist-quid-run1-layer10_quid_eps0.1_random_none_cm.png

--------------------------------------------------------------------
 [Run 1 | eps=0.1 | random | q-detection]
  Model: eps0.1/qmlp-mnist-quid-run1-layer10-noiseless-Angle_eps0.1_random_qdetection.pt
  Poisoned replay: 700 samples
  Weights loaded. Running noisy inference ...
  Accuracy    : 0.2650
  Loss        : 2.1181
  Precision   : 0.4522
  Recall      : 0.2774
  F1          : 0.3439
  Fpr         : 0.0809
  Fnr         : 0.7226
  Roc_auc     : 0.8393
  Pr_auc      : 0.4141
  Asr         : 9.2857
  Metrics saved → depo_eps0.1/depo-qmlp-mnist-quid-run1-layer10_quid_eps0.1_random_qdetection.csv
  Confusion matrix saved → depo_eps0.1/depo-qmlp-mnist-quid-run1-layer10_quid_eps0.1_random_qdetection_cm.png

--------------------------------------------------------------------
 [Run 1 | eps=0.3 | quid | none]
  Model: eps0.3/qmlp-mnist-quid-run1-layer10-noiseless-Angle_eps0.3_quid_none.pt
  Poisoned replay: 2100 samples
  Weights loaded. Running noisy inference ...
  Accuracy    : 0.0980
  Loss        : 2.3061
  Precision   : 0.0098
  Recall      : 0.1000
  F1          : 0.0179
  Fpr         : 0.1000
  Fnr         : 0.9000
  Roc_auc     : 0.7124
  Pr_auc      : 0.2405
  Asr         : 54.1905
  Metrics saved → depo_eps0.3/depo-qmlp-mnist-quid-run1-layer10_quid_eps0.3_quid_none.csv
  Confusion matrix saved → depo_eps0.3/depo-qmlp-mnist-quid-run1-layer10_quid_eps0.3_quid_none_cm.png

--------------------------------------------------------------------
 [Run 1 | eps=0.3 | quid | q-detection]
  Model: eps0.3/qmlp-mnist-quid-run1-layer10-noiseless-Angle_eps0.3_quid_qdetection.pt
  Poisoned replay: 2100 samples
  Weights loaded. Running noisy inference ...
  Accuracy    : 0.0747
  Loss        : 2.2653
  Precision   : 0.1315
  Recall      : 0.0717
  F1          : 0.0928
  Fpr         : 0.1037
  Fnr         : 0.9283
  Roc_auc     : 0.7233
  Pr_auc      : 0.2339
  Asr         : 58.9524
  Metrics saved → depo_eps0.3/depo-qmlp-mnist-quid-run1-layer10_quid_eps0.3_quid_qdetection.csv
  Confusion matrix saved → depo_eps0.3/depo-qmlp-mnist-quid-run1-layer10_quid_eps0.3_quid_qdetection_cm.png

--------------------------------------------------------------------
 [Run 1 | eps=0.3 | random | none]
  Model: eps0.3/qmlp-mnist-quid-run1-layer10-noiseless-Angle_eps0.3_random_none.pt
  Poisoned replay: 2100 samples
  Weights loaded. Running noisy inference ...
  Accuracy    : 0.4149
  Loss        : 2.0999
  Precision   : 0.4381
  Recall      : 0.4076
  F1          : 0.4223
  Fpr         : 0.0651
  Fnr         : 0.5924
  Roc_auc     : 0.8447
  Pr_auc      : 0.4278
  Asr         : 7.3810
  Metrics saved → depo_eps0.3/depo-qmlp-mnist-quid-run1-layer10_quid_eps0.3_random_none.csv
  Confusion matrix saved → depo_eps0.3/depo-qmlp-mnist-quid-run1-layer10_quid_eps0.3_random_none_cm.png

--------------------------------------------------------------------
 [Run 1 | eps=0.3 | random | q-detection]
  Model: eps0.3/qmlp-mnist-quid-run1-layer10-noiseless-Angle_eps0.3_random_qdetection.pt
  Poisoned replay: 2100 samples
  Weights loaded. Running noisy inference ...
  Accuracy    : 0.2605
  Loss        : 2.1984
  Precision   : 0.4329
  Recall      : 0.2694
  F1          : 0.3321
  Fpr         : 0.0816
  Fnr         : 0.7306
  Roc_auc     : 0.7970
  Pr_auc      : 0.3612
  Asr         : 8.7143
  Metrics saved → depo_eps0.3/depo-qmlp-mnist-quid-run1-layer10_quid_eps0.3_random_qdetection.csv
  Confusion matrix saved → depo_eps0.3/depo-qmlp-mnist-quid-run1-layer10_quid_eps0.3_random_qdetection_cm.png

--------------------------------------------------------------------
 [Run 1 | eps=0.5 | quid | none]
  Model: eps0.5/qmlp-mnist-quid-run1-layer10-noiseless-Angle_eps0.5_quid_none.pt
  Poisoned replay: 3500 samples
  Weights loaded. Running noisy inference ...
  Accuracy    : 0.0980
  Loss        : 2.3435
  Precision   : 0.0098
  Recall      : 0.1000
  F1          : 0.0179
  Fpr         : 0.1000
  Fnr         : 0.9000
  Roc_auc     : 0.3998
  Pr_auc      : 0.0891
  Asr         : 54.1714
  Metrics saved → depo_eps0.5/depo-qmlp-mnist-quid-run1-layer10_quid_eps0.5_quid_none.csv
  Confusion matrix saved → depo_eps0.5/depo-qmlp-mnist-quid-run1-layer10_quid_eps0.5_quid_none_cm.png

--------------------------------------------------------------------
 [Run 1 | eps=0.5 | quid | q-detection]
  Model: eps0.5/qmlp-mnist-quid-run1-layer10-noiseless-Angle_eps0.5_quid_qdetection.pt
  Poisoned replay: 3500 samples
  Weights loaded. Running noisy inference ...
  Accuracy    : 0.0980
  Loss        : 2.3525
  Precision   : 0.0098
  Recall      : 0.1000
  F1          : 0.0179
  Fpr         : 0.1000
  Fnr         : 0.9000
  Roc_auc     : 0.3947
  Pr_auc      : 0.0860
  Asr         : 54.1714
  Metrics saved → depo_eps0.5/depo-qmlp-mnist-quid-run1-layer10_quid_eps0.5_quid_qdetection.csv
  Confusion matrix saved → depo_eps0.5/depo-qmlp-mnist-quid-run1-layer10_quid_eps0.5_quid_qdetection_cm.png

--------------------------------------------------------------------
 [Run 1 | eps=0.5 | random | none]
  Model: eps0.5/qmlp-mnist-quid-run1-layer10-noiseless-Angle_eps0.5_random_none.pt
  Poisoned replay: 3500 samples
  Weights loaded. Running noisy inference ...
  Accuracy    : 0.3858
  Loss        : 2.2075
  Precision   : 0.3495
  Recall      : 0.3792
  F1          : 0.3638
  Fpr         : 0.0683
  Fnr         : 0.6208
  Roc_auc     : 0.8187
  Pr_auc      : 0.3681
  Asr         : 7.0286
  Metrics saved → depo_eps0.5/depo-qmlp-mnist-quid-run1-layer10_quid_eps0.5_random_none.csv
  Confusion matrix saved → depo_eps0.5/depo-qmlp-mnist-quid-run1-layer10_quid_eps0.5_random_none_cm.png

--------------------------------------------------------------------
 [Run 1 | eps=0.5 | random | q-detection]
  Model: eps0.5/qmlp-mnist-quid-run1-layer10-noiseless-Angle_eps0.5_random_qdetection.pt
  Poisoned replay: 3500 samples
  Weights loaded. Running noisy inference ...
  Accuracy    : 0.2829
  Loss        : 2.2499
  Precision   : 0.2259
  Recall      : 0.2707
  F1          : 0.2463
  Fpr         : 0.0801
  Fnr         : 0.7293
  Roc_auc     : 0.7392
  Pr_auc      : 0.2932
  Asr         : 6.8286
  Metrics saved → depo_eps0.5/depo-qmlp-mnist-quid-run1-layer10_quid_eps0.5_random_qdetection.csv
  Confusion matrix saved → depo_eps0.5/depo-qmlp-mnist-quid-run1-layer10_quid_eps0.5_random_qdetection_cm.png

--------------------------------------------------------------------
 [Run 2 | eps=0.1 | quid | none]
  Model: eps0.1/qmlp-mnist-quid-run2-layer10-noiseless-Angle_eps0.1_quid_none.pt
  Poisoned replay: 700 samples
  Weights loaded. Running noisy inference ...
  Accuracy    : 0.3437
  Loss        : 1.9911
  Precision   : 0.5663
  Recall      : 0.3319
  F1          : 0.4185
  Fpr         : 0.0734
  Fnr         : 0.6681
  Roc_auc     : 0.8533
  Pr_auc      : 0.4414
  Asr         : 14.1429
  Metrics saved → depo_eps0.1/depo-qmlp-mnist-quid-run2-layer10_quid_eps0.1_quid_none.csv
  Confusion matrix saved → depo_eps0.1/depo-qmlp-mnist-quid-run2-layer10_quid_eps0.1_quid_none_cm.png

--------------------------------------------------------------------
 [Run 2 | eps=0.1 | quid | q-detection]
  Model: eps0.1/qmlp-mnist-quid-run2-layer10-noiseless-Angle_eps0.1_quid_qdetection.pt
  Poisoned replay: 700 samples
  Weights loaded. Running noisy inference ...
  Accuracy    : 0.3451
  Loss        : 2.0623
  Precision   : 0.4494
  Recall      : 0.3334
  F1          : 0.3828
  Fpr         : 0.0730
  Fnr         : 0.6666
  Roc_auc     : 0.8442
  Pr_auc      : 0.4201
  Asr         : 20.5714
  Metrics saved → depo_eps0.1/depo-qmlp-mnist-quid-run2-layer10_quid_eps0.1_quid_qdetection.csv
  Confusion matrix saved → depo_eps0.1/depo-qmlp-mnist-quid-run2-layer10_quid_eps0.1_quid_qdetection_cm.png

--------------------------------------------------------------------
 [Run 2 | eps=0.1 | random | none]
  Model: eps0.1/qmlp-mnist-quid-run2-layer10-noiseless-Angle_eps0.1_random_none.pt
  Poisoned replay: 700 samples
  Weights loaded. Running noisy inference ...
  Accuracy    : 0.4432
  Loss        : 1.9495
  Precision   : 0.5589
  Recall      : 0.4375
  F1          : 0.4908
  Fpr         : 0.0618
  Fnr         : 0.5625
  Roc_auc     : 0.8535
  Pr_auc      : 0.4444
  Asr         : 6.2857
  Metrics saved → depo_eps0.1/depo-qmlp-mnist-quid-run2-layer10_quid_eps0.1_random_none.csv
  Confusion matrix saved → depo_eps0.1/depo-qmlp-mnist-quid-run2-layer10_quid_eps0.1_random_none_cm.png

--------------------------------------------------------------------
 [Run 2 | eps=0.1 | random | q-detection]
  Model: eps0.1/qmlp-mnist-quid-run2-layer10-noiseless-Angle_eps0.1_random_qdetection.pt
  Poisoned replay: 700 samples
  Weights loaded. Running noisy inference ...
  Accuracy    : 0.3812
  Loss        : 2.0663
  Precision   : 0.5252
  Recall      : 0.3842
  F1          : 0.4438
  Fpr         : 0.0684
  Fnr         : 0.6158
  Roc_auc     : 0.8463
  Pr_auc      : 0.4112
  Asr         : 6.8571
  Metrics saved → depo_eps0.1/depo-qmlp-mnist-quid-run2-layer10_quid_eps0.1_random_qdetection.csv
  Confusion matrix saved → depo_eps0.1/depo-qmlp-mnist-quid-run2-layer10_quid_eps0.1_random_qdetection_cm.png

--------------------------------------------------------------------
 [Run 2 | eps=0.3 | quid | none]
  Model: eps0.3/qmlp-mnist-quid-run2-layer10-noiseless-Angle_eps0.3_quid_none.pt
  Poisoned replay: 2100 samples
  Weights loaded. Running noisy inference ...
  Accuracy    : 0.1344
  Loss        : 2.1345
  Precision   : 0.0686
  Recall      : 0.1222
  F1          : 0.0879
  Fpr         : 0.0968
  Fnr         : 0.8778
  Roc_auc     : 0.7693
  Pr_auc      : 0.2887
  Asr         : 70.7619
  Metrics saved → depo_eps0.3/depo-qmlp-mnist-quid-run2-layer10_quid_eps0.3_quid_none.csv
  Confusion matrix saved → depo_eps0.3/depo-qmlp-mnist-quid-run2-layer10_quid_eps0.3_quid_none_cm.png

--------------------------------------------------------------------
 [Run 2 | eps=0.3 | quid | q-detection]
  Model: eps0.3/qmlp-mnist-quid-run2-layer10-noiseless-Angle_eps0.3_quid_qdetection.pt
  Poisoned replay: 2100 samples
  Weights loaded. Running noisy inference ...
  Accuracy    : 0.2301
  Loss        : 2.1740
  Precision   : 0.1296
  Recall      : 0.2295
  F1          : 0.1657
  Fpr         : 0.0855
  Fnr         : 0.7705
  Roc_auc     : 0.7626
  Pr_auc      : 0.2691
  Asr         : 22.3333
  Metrics saved → depo_eps0.3/depo-qmlp-mnist-quid-run2-layer10_quid_eps0.3_quid_qdetection.csv
  Confusion matrix saved → depo_eps0.3/depo-qmlp-mnist-quid-run2-layer10_quid_eps0.3_quid_qdetection_cm.png

--------------------------------------------------------------------
 [Run 2 | eps=0.3 | random | none]
  Model: eps0.3/qmlp-mnist-quid-run2-layer10-noiseless-Angle_eps0.3_random_none.pt
  Poisoned replay: 2100 samples
  Weights loaded. Running noisy inference ...
  Accuracy    : 0.3981
  Loss        : 2.0751
  Precision   : 0.4216
  Recall      : 0.3919
  F1          : 0.4062
  Fpr         : 0.0669
  Fnr         : 0.6081
  Roc_auc     : 0.8308
  Pr_auc      : 0.3968
  Asr         : 7.3333
  Metrics saved → depo_eps0.3/depo-qmlp-mnist-quid-run2-layer10_quid_eps0.3_random_none.csv
  Confusion matrix saved → depo_eps0.3/depo-qmlp-mnist-quid-run2-layer10_quid_eps0.3_random_none_cm.png

--------------------------------------------------------------------
 [Run 2 | eps=0.3 | random | q-detection]
  Model: eps0.3/qmlp-mnist-quid-run2-layer10-noiseless-Angle_eps0.3_random_qdetection.pt
  Poisoned replay: 2100 samples
  Weights loaded. Running noisy inference ...
  Accuracy    : 0.3724
  Loss        : 2.1463
  Precision   : 0.4318
  Recall      : 0.3646
  F1          : 0.3954
  Fpr         : 0.0697
  Fnr         : 0.6354
  Roc_auc     : 0.8179
  Pr_auc      : 0.3667
  Asr         : 8.0000
  Metrics saved → depo_eps0.3/depo-qmlp-mnist-quid-run2-layer10_quid_eps0.3_random_qdetection.csv
  Confusion matrix saved → depo_eps0.3/depo-qmlp-mnist-quid-run2-layer10_quid_eps0.3_random_qdetection_cm.png

--------------------------------------------------------------------
 [Run 2 | eps=0.5 | quid | none]
  Model: eps0.5/qmlp-mnist-quid-run2-layer10-noiseless-Angle_eps0.5_quid_none.pt
  Poisoned replay: 3500 samples
  Weights loaded. Running noisy inference ...
  Accuracy    : 0.1135
  Loss        : 2.3281
  Precision   : 0.0113
  Recall      : 0.1000
  F1          : 0.0204
  Fpr         : 0.1000
  Fnr         : 0.9000
  Roc_auc     : 0.5201
  Pr_auc      : 0.1295
  Asr         : 44.8857
  Metrics saved → depo_eps0.5/depo-qmlp-mnist-quid-run2-layer10_quid_eps0.5_quid_none.csv
  Confusion matrix saved → depo_eps0.5/depo-qmlp-mnist-quid-run2-layer10_quid_eps0.5_quid_none_cm.png

--------------------------------------------------------------------
 [Run 2 | eps=0.5 | quid | q-detection]
  Model: eps0.5/qmlp-mnist-quid-run2-layer10-noiseless-Angle_eps0.5_quid_qdetection.pt
  Poisoned replay: 3500 samples
  Weights loaded. Running noisy inference ...
  Accuracy    : 0.1135
  Loss        : 2.3347
  Precision   : 0.0113
  Recall      : 0.1000
  F1          : 0.0204
  Fpr         : 0.1000
  Fnr         : 0.9000
  Roc_auc     : 0.4995
  Pr_auc      : 0.1212
  Asr         : 44.8857
  Metrics saved → depo_eps0.5/depo-qmlp-mnist-quid-run2-layer10_quid_eps0.5_quid_qdetection.csv
  Confusion matrix saved → depo_eps0.5/depo-qmlp-mnist-quid-run2-layer10_quid_eps0.5_quid_qdetection_cm.png

--------------------------------------------------------------------
 [Run 2 | eps=0.5 | random | none]
  Model: eps0.5/qmlp-mnist-quid-run2-layer10-noiseless-Angle_eps0.5_random_none.pt
  Poisoned replay: 3500 samples
  Weights loaded. Running noisy inference ...
  Accuracy    : 0.3597
  Loss        : 2.1787
  Precision   : 0.3498
  Recall      : 0.3526
  F1          : 0.3512
  Fpr         : 0.0713
  Fnr         : 0.6474
  Roc_auc     : 0.8212
  Pr_auc      : 0.3851
  Asr         : 7.8286
  Metrics saved → depo_eps0.5/depo-qmlp-mnist-quid-run2-layer10_quid_eps0.5_random_none.csv
  Confusion matrix saved → depo_eps0.5/depo-qmlp-mnist-quid-run2-layer10_quid_eps0.5_random_none_cm.png

--------------------------------------------------------------------
 [Run 2 | eps=0.5 | random | q-detection]
  Model: eps0.5/qmlp-mnist-quid-run2-layer10-noiseless-Angle_eps0.5_random_qdetection.pt
  Poisoned replay: 3500 samples
  Weights loaded. Running noisy inference ...
  Accuracy    : 0.3201
  Loss        : 2.2280
  Precision   : 0.2941
  Recall      : 0.3112
  F1          : 0.3024
  Fpr         : 0.0757
  Fnr         : 0.6888
  Roc_auc     : 0.7983
  Pr_auc      : 0.3525
  Asr         : 8.0286
  Metrics saved → depo_eps0.5/depo-qmlp-mnist-quid-run2-layer10_quid_eps0.5_random_qdetection.csv
  Confusion matrix saved → depo_eps0.5/depo-qmlp-mnist-quid-run2-layer10_quid_eps0.5_random_qdetection_cm.png

--------------------------------------------------------------------
 [Run 3 | eps=0.1 | quid | none]
  Model: eps0.1/qmlp-mnist-quid-run3-layer10-noiseless-Angle_eps0.1_quid_none.pt
  Poisoned replay: 700 samples
  Weights loaded. Running noisy inference ...
  Accuracy    : 0.2687
  Loss        : 2.0696
  Precision   : 0.3418
  Recall      : 0.2591
  F1          : 0.2948
  Fpr         : 0.0814
  Fnr         : 0.7409
  Roc_auc     : 0.8187
  Pr_auc      : 0.3719
  Asr         : 20.8571
  Metrics saved → depo_eps0.1/depo-qmlp-mnist-quid-run3-layer10_quid_eps0.1_quid_none.csv
  Confusion matrix saved → depo_eps0.1/depo-qmlp-mnist-quid-run3-layer10_quid_eps0.1_quid_none_cm.png

--------------------------------------------------------------------
 [Run 3 | eps=0.1 | quid | q-detection]
  Model: eps0.1/qmlp-mnist-quid-run3-layer10-noiseless-Angle_eps0.1_quid_qdetection.pt
  Poisoned replay: 700 samples
  Weights loaded. Running noisy inference ...
  Accuracy    : 0.3080
  Loss        : 2.1263
  Precision   : 0.2851
  Recall      : 0.2989
  F1          : 0.2918
  Fpr         : 0.0770
  Fnr         : 0.7011
  Roc_auc     : 0.8102
  Pr_auc      : 0.3578
  Asr         : 11.4286
  Metrics saved → depo_eps0.1/depo-qmlp-mnist-quid-run3-layer10_quid_eps0.1_quid_qdetection.csv
  Confusion matrix saved → depo_eps0.1/depo-qmlp-mnist-quid-run3-layer10_quid_eps0.1_quid_qdetection_cm.png

--------------------------------------------------------------------
 [Run 3 | eps=0.1 | random | none]
  Model: eps0.1/qmlp-mnist-quid-run3-layer10-noiseless-Angle_eps0.1_random_none.pt
  Poisoned replay: 700 samples
  Weights loaded. Running noisy inference ...
  Accuracy    : 0.3305
  Loss        : 2.0432
  Precision   : 0.3997
  Recall      : 0.3281
  F1          : 0.3604
  Fpr         : 0.0741
  Fnr         : 0.6719
  Roc_auc     : 0.8185
  Pr_auc      : 0.3857
  Asr         : 7.8571
  Metrics saved → depo_eps0.1/depo-qmlp-mnist-quid-run3-layer10_quid_eps0.1_random_none.csv
  Confusion matrix saved → depo_eps0.1/depo-qmlp-mnist-quid-run3-layer10_quid_eps0.1_random_none_cm.png

--------------------------------------------------------------------
 [Run 3 | eps=0.1 | random | q-detection]
  Model: eps0.1/qmlp-mnist-quid-run3-layer10-noiseless-Angle_eps0.1_random_qdetection.pt
  Poisoned replay: 700 samples
  Weights loaded. Running noisy inference ...
  Accuracy    : 0.2715
  Loss        : 2.1085
  Precision   : 0.3627
  Recall      : 0.2705
  F1          : 0.3099
  Fpr         : 0.0804
  Fnr         : 0.7295
  Roc_auc     : 0.8096
  Pr_auc      : 0.3588
  Asr         : 9.0000
  Metrics saved → depo_eps0.1/depo-qmlp-mnist-quid-run3-layer10_quid_eps0.1_random_qdetection.csv
  Confusion matrix saved → depo_eps0.1/depo-qmlp-mnist-quid-run3-layer10_quid_eps0.1_random_qdetection_cm.png

--------------------------------------------------------------------
 [Run 3 | eps=0.3 | quid | none]
  Model: eps0.3/qmlp-mnist-quid-run3-layer10-noiseless-Angle_eps0.3_quid_none.pt
  Poisoned replay: 2100 samples
  Weights loaded. Running noisy inference ...
  Accuracy    : 0.0255
  Loss        : 2.3091
  Precision   : 0.0048
  Recall      : 0.0252
  F1          : 0.0080
  Fpr         : 0.1088
  Fnr         : 0.9748
  Roc_auc     : 0.6201
  Pr_auc      : 0.1829
  Asr         : 87.8095
  Metrics saved → depo_eps0.3/depo-qmlp-mnist-quid-run3-layer10_quid_eps0.3_quid_none.csv
  Confusion matrix saved → depo_eps0.3/depo-qmlp-mnist-quid-run3-layer10_quid_eps0.3_quid_none_cm.png

--------------------------------------------------------------------
 [Run 3 | eps=0.3 | quid | q-detection]
  Model: eps0.3/qmlp-mnist-quid-run3-layer10-noiseless-Angle_eps0.3_quid_qdetection.pt
  Poisoned replay: 2100 samples
  Weights loaded. Running noisy inference ...
  Accuracy    : 0.1706
  Loss        : 2.2344
  Precision   : 0.1350
  Recall      : 0.1719
  F1          : 0.1512
  Fpr         : 0.0922
  Fnr         : 0.8281
  Roc_auc     : 0.6994
  Pr_auc      : 0.2291
  Asr         : 19.5238
  Metrics saved → depo_eps0.3/depo-qmlp-mnist-quid-run3-layer10_quid_eps0.3_quid_qdetection.csv
  Confusion matrix saved → depo_eps0.3/depo-qmlp-mnist-quid-run3-layer10_quid_eps0.3_quid_qdetection_cm.png

--------------------------------------------------------------------
 [Run 3 | eps=0.3 | random | none]
  Model: eps0.3/qmlp-mnist-quid-run3-layer10-noiseless-Angle_eps0.3_random_none.pt
  Poisoned replay: 2100 samples
  Weights loaded. Running noisy inference ...
  Accuracy    : 0.3864
  Loss        : 2.1067
  Precision   : 0.4197
  Recall      : 0.3809
  F1          : 0.3993
  Fpr         : 0.0681
  Fnr         : 0.6191
  Roc_auc     : 0.8186
  Pr_auc      : 0.3802
  Asr         : 7.0000
  Metrics saved → depo_eps0.3/depo-qmlp-mnist-quid-run3-layer10_quid_eps0.3_random_none.csv
  Confusion matrix saved → depo_eps0.3/depo-qmlp-mnist-quid-run3-layer10_quid_eps0.3_random_none_cm.png

--------------------------------------------------------------------
 [Run 3 | eps=0.3 | random | q-detection]
  Model: eps0.3/qmlp-mnist-quid-run3-layer10-noiseless-Angle_eps0.3_random_qdetection.pt
  Poisoned replay: 2100 samples
  Weights loaded. Running noisy inference ...
  Accuracy    : 0.2349
  Loss        : 2.1982
  Precision   : 0.2603
  Recall      : 0.2378
  F1          : 0.2485
  Fpr         : 0.0843
  Fnr         : 0.7622
  Roc_auc     : 0.8102
  Pr_auc      : 0.3681
  Asr         : 8.7619
  Metrics saved → depo_eps0.3/depo-qmlp-mnist-quid-run3-layer10_quid_eps0.3_random_qdetection.csv
  Confusion matrix saved → depo_eps0.3/depo-qmlp-mnist-quid-run3-layer10_quid_eps0.3_random_qdetection_cm.png

--------------------------------------------------------------------
 [Run 3 | eps=0.5 | quid | none]
  Model: eps0.5/qmlp-mnist-quid-run3-layer10-noiseless-Angle_eps0.5_quid_none.pt
  Poisoned replay: 3500 samples
  Weights loaded. Running noisy inference ...
  Accuracy    : 0.1135
  Loss        : 2.3230
  Precision   : 0.0113
  Recall      : 0.1000
  F1          : 0.0204
  Fpr         : 0.1000
  Fnr         : 0.9000
  Roc_auc     : 0.4499
  Pr_auc      : 0.0916
  Asr         : 46.1714
  Metrics saved → depo_eps0.5/depo-qmlp-mnist-quid-run3-layer10_quid_eps0.5_quid_none.csv
  Confusion matrix saved → depo_eps0.5/depo-qmlp-mnist-quid-run3-layer10_quid_eps0.5_quid_none_cm.png

--------------------------------------------------------------------
 [Run 3 | eps=0.5 | quid | q-detection]
  Model: eps0.5/qmlp-mnist-quid-run3-layer10-noiseless-Angle_eps0.5_quid_qdetection.pt
  Poisoned replay: 3500 samples
  Weights loaded. Running noisy inference ...
  Accuracy    : 0.1135
  Loss        : 2.3283
  Precision   : 0.0113
  Recall      : 0.1000
  F1          : 0.0204
  Fpr         : 0.1000
  Fnr         : 0.9000
  Roc_auc     : 0.4467
  Pr_auc      : 0.0907
  Asr         : 46.1714
  Metrics saved → depo_eps0.5/depo-qmlp-mnist-quid-run3-layer10_quid_eps0.5_quid_qdetection.csv
  Confusion matrix saved → depo_eps0.5/depo-qmlp-mnist-quid-run3-layer10_quid_eps0.5_quid_qdetection_cm.png

--------------------------------------------------------------------
 [Run 3 | eps=0.5 | random | none]
  Model: eps0.5/qmlp-mnist-quid-run3-layer10-noiseless-Angle_eps0.5_random_none.pt
  Poisoned replay: 3500 samples
  Weights loaded. Running noisy inference ...
  Accuracy    : 0.3461
  Loss        : 2.1805
  Precision   : 0.3231
  Recall      : 0.3370
  F1          : 0.3299
  Fpr         : 0.0727
  Fnr         : 0.6630
  Roc_auc     : 0.8087
  Pr_auc      : 0.3661
  Asr         : 8.0286
  Metrics saved → depo_eps0.5/depo-qmlp-mnist-quid-run3-layer10_quid_eps0.5_random_none.csv
  Confusion matrix saved → depo_eps0.5/depo-qmlp-mnist-quid-run3-layer10_quid_eps0.5_random_none_cm.png

--------------------------------------------------------------------
 [Run 3 | eps=0.5 | random | q-detection]
  Model: eps0.5/qmlp-mnist-quid-run3-layer10-noiseless-Angle_eps0.5_random_qdetection.pt
  Poisoned replay: 3500 samples
  Weights loaded. Running noisy inference ...
  Accuracy    : 0.2322
  Loss        : 2.2332
  Precision   : 0.2639
  Recall      : 0.2344
  F1          : 0.2483
  Fpr         : 0.0846
  Fnr         : 0.7656
  Roc_auc     : 0.8008
  Pr_auc      : 0.3682
  Asr         : 8.9429
  Metrics saved → depo_eps0.5/depo-qmlp-mnist-quid-run3-layer10_quid_eps0.5_random_qdetection.csv
  Confusion matrix saved → depo_eps0.5/depo-qmlp-mnist-quid-run3-layer10_quid_eps0.5_random_qdetection_cm.png

====================================================================
 Done. Evaluated 36 model(s), skipped 0.
 Summary → depo_runs/depo_quid_qdetection_MNIST_angle_l10_summary.csv
====================================================================
